Run: 2026-04-22_server_run_flat_nested_CV
Config: /data/cbotos/TB-Project/results/2026-04-22_server_run_flat_nested_CV/config_snapshot_hierarchical.yaml
Stage 1: kw_rf (fixed, binary HER2+ vs rest)
Stage 2: en_nmc (HR+ vs Triple Neg)
Repeat seed: 48
Stage 1: fixed KW+RF k=5 (no grid search)
Stage 2 grid size: 200 combinations
Loading data...
Loaded 100 samples, 273 features.
Classes: ['HER2+', 'HR+', 'Triple Neg']
  HER2+: 32 samples
  HR+: 36 samples
  Triple Neg: 32 samples
  Fold 1: s1=1.0000  s2=0.6190  combined=0.7460  auroc=0.8776  s1_k=5  s2_k=20  routed=13/20  (223.0s)
  Fold 2: s1=1.0000  s2=0.8571  combined=0.9048  auroc=0.9466  s1_k=5  s2_k=10  routed=13/20  (211.8s)
  Fold 3: s1=1.0000  s2=0.9167  combined=0.9444  auroc=0.9702  s1_k=5  s2_k=20  routed=14/20  (213.6s)
  Fold 4: s1=1.0000  s2=0.7143  combined=0.8095  auroc=0.8791  s1_k=5  s2_k=10  routed=14/20  (213.4s)
  Fold 5: s1=1.0000  s2=0.7857  combined=0.8571  auroc=0.9560  s1_k=5  s2_k=20  routed=14/20  (213.0s)

Summary for hier_en_nmc repeat 48:
  Stage 1 (HER2+ vs rest):  1.0000 (+/- 0.0000)
  Stage 2 (HR+ vs TN):      0.7786 (+/- 0.1048)
  Combined (3-class):       0.8524 (+/- 0.0698)
  Combined fold scores: [0.746, 0.9048, 0.9444, 0.8095, 0.8571]
  Total time: 1074.8s
Fold results saved to /data/cbotos/TB-Project/results/2026-04-22_server_run_flat_nested_CV/hierarchical_nested_cv_2x2/data/fold_results_en_nmc_r48.csv
Checkpoint removed (job complete).
