Run: 2026-04-22_server_run_flat_nested_CV
Config: /data/cbotos/TB-Project/results/2026-04-22_server_run_flat_nested_CV/config_snapshot_hierarchical.yaml
Stage 1: kw_rf (fixed, binary HER2+ vs rest)
Stage 2: en_rf (HR+ vs Triple Neg)
Repeat seed: 41
Stage 1: fixed KW+RF k=5 (no grid search)
Stage 2 grid size: 800 combinations
Loading data...
Loaded 100 samples, 273 features.
Classes: ['HER2+', 'HR+', 'Triple Neg']
  HER2+: 32 samples
  HR+: 36 samples
  Triple Neg: 32 samples
  Fold 1: s1=1.0000  s2=0.6905  combined=0.7937  auroc=0.8968  s1_k=5  s2_k=20  routed=13/20  (2818.1s)
  Fold 2: s1=1.0000  s2=0.7738  combined=0.8492  auroc=0.9274  s1_k=5  s2_k=50  routed=13/20  (2817.7s)
  Fold 3: s1=1.0000  s2=1.0000  combined=1.0000  auroc=1.0000  s1_k=5  s2_k=50  routed=14/20  (2840.2s)
  Fold 4: s1=1.0000  s2=0.5000  combined=0.6667  auroc=0.8755  s1_k=5  s2_k=20  routed=14/20  (2817.4s)
  Fold 5: s1=1.0000  s2=0.7857  combined=0.8571  auroc=0.9560  s1_k=5  s2_k=50  routed=14/20  (2857.2s)

Summary for hier_en_rf repeat 41:
  Stage 1 (HER2+ vs rest):  1.0000 (+/- 0.0000)
  Stage 2 (HR+ vs TN):      0.7500 (+/- 0.1615)
  Combined (3-class):       0.8333 (+/- 0.1077)
  Combined fold scores: [0.7937, 0.8492, 1.0, 0.6667, 0.8571]
  Total time: 14150.6s
Fold results saved to /data/cbotos/TB-Project/results/2026-04-22_server_run_flat_nested_CV/hierarchical_nested_cv_2x2/data/fold_results_en_rf_r41.csv
Checkpoint removed (job complete).
