Run: 2026-04-22_server_run_flat_nested_CV
Config: /data/cbotos/TB-Project/results/2026-04-22_server_run_flat_nested_CV/config_snapshot_hierarchical.yaml
Stage 1: kw_rf (fixed, binary HER2+ vs rest)
Stage 2: en_rf (HR+ vs Triple Neg)
Repeat seed: 30
Stage 1: fixed KW+RF k=5 (no grid search)
Stage 2 grid size: 800 combinations
Loading data...
Loaded 100 samples, 273 features.
Classes: ['HER2+', 'HR+', 'Triple Neg']
  HER2+: 32 samples
  HR+: 36 samples
  Triple Neg: 32 samples
  Fold 1: s1=1.0000  s2=0.6071  combined=0.7381  auroc=0.9466  s1_k=5  s2_k=50  routed=13/20  (2876.5s)
  Fold 2: s1=1.0000  s2=0.7738  combined=0.8492  auroc=0.9695  s1_k=5  s2_k=50  routed=13/20  (2890.8s)
  Fold 3: s1=1.0000  s2=0.6875  combined=0.7917  auroc=0.9702  s1_k=5  s2_k=50  routed=14/20  (2834.3s)
  Fold 4: s1=1.0000  s2=0.5714  combined=0.7143  auroc=0.8755  s1_k=5  s2_k=20  routed=14/20  (2848.0s)
  Fold 5: s1=1.0000  s2=0.7143  combined=0.8095  auroc=0.8645  s1_k=5  s2_k=20  routed=14/20  (2801.4s)

Summary for hier_en_rf repeat 30:
  Stage 1 (HER2+ vs rest):  1.0000 (+/- 0.0000)
  Stage 2 (HR+ vs TN):      0.6708 (+/- 0.0731)
  Combined (3-class):       0.7806 (+/- 0.0487)
  Combined fold scores: [0.7381, 0.8492, 0.7917, 0.7143, 0.8095]
  Total time: 14251.1s
Fold results saved to /data/cbotos/TB-Project/results/2026-04-22_server_run_flat_nested_CV/hierarchical_nested_cv_2x2/data/fold_results_en_rf_r30.csv
Checkpoint removed (job complete).
