Run: 2026-04-22_server_run_flat_nested_CV
Config: /data/cbotos/TB-Project/results/2026-04-22_server_run_flat_nested_CV/config_snapshot_hierarchical.yaml
Stage 1: kw_rf (fixed, binary HER2+ vs rest)
Stage 2: kw_rf (HR+ vs Triple Neg)
Repeat seed: 15
Stage 1: fixed KW+RF k=5 (no grid search)
Stage 2 grid size: 32 combinations
Loading data...
Loaded 100 samples, 273 features.
Classes: ['HER2+', 'HR+', 'Triple Neg']
  HER2+: 32 samples
  HR+: 36 samples
  Triple Neg: 32 samples
  Fold 1: s1=1.0000  s2=0.8333  combined=0.8889  auroc=0.9008  s1_k=5  s2_k=50  routed=13/20  (101.8s)
  Fold 2: s1=1.0000  s2=0.7619  combined=0.8413  auroc=0.9542  s1_k=5  s2_k=30  routed=13/20  (102.1s)
  Fold 3: s1=1.0000  s2=1.0000  combined=1.0000  auroc=1.0000  s1_k=5  s2_k=50  routed=14/20  (102.2s)
  Fold 4: s1=1.0000  s2=0.5000  combined=0.6667  auroc=0.8242  s1_k=5  s2_k=30  routed=14/20  (102.3s)
  Fold 5: s1=1.0000  s2=0.7143  combined=0.8095  auroc=0.8901  s1_k=5  s2_k=100  routed=14/20  (102.1s)

Summary for hier_kw_rf repeat 15:
  Stage 1 (HER2+ vs rest):  1.0000 (+/- 0.0000)
  Stage 2 (HR+ vs TN):      0.7619 (+/- 0.1629)
  Combined (3-class):       0.8413 (+/- 0.1086)
  Combined fold scores: [0.8889, 0.8413, 1.0, 0.6667, 0.8095]
  Total time: 510.5s
Fold results saved to /data/cbotos/TB-Project/results/2026-04-22_server_run_flat_nested_CV/hierarchical_nested_cv_2x2/data/fold_results_kw_rf_r15.csv
Checkpoint removed (job complete).
