Run: 2026-04-22_server_run_flat_nested_CV
Config: /data/cbotos/TB-Project/results/2026-04-22_server_run_flat_nested_CV/config_snapshot_hierarchical.yaml
Stage 1: kw_rf (fixed, binary HER2+ vs rest)
Stage 2: en_nmc (HR+ vs Triple Neg)
Repeat seed: 44
Stage 1: fixed KW+RF k=5 (no grid search)
Stage 2 grid size: 200 combinations
Loading data...
Loaded 100 samples, 273 features.
Classes: ['HER2+', 'HR+', 'Triple Neg']
  HER2+: 32 samples
  HR+: 36 samples
  Triple Neg: 32 samples
  Fold 1: s1=1.0000  s2=0.8452  combined=0.8968  auroc=0.9692  s1_k=5  s2_k=20  routed=13/20  (216.3s)
  Fold 2: s1=1.0000  s2=0.6667  combined=0.7778  auroc=0.9164  s1_k=5  s2_k=50  routed=13/20  (228.8s)
  Fold 3: s1=1.0000  s2=0.7500  combined=0.8333  auroc=0.9926  s1_k=5  s2_k=20  routed=14/20  (216.9s)
  Fold 4: s1=1.0000  s2=0.5714  combined=0.7143  auroc=0.9048  s1_k=5  s2_k=20  routed=14/20  (204.7s)
  Fold 5: s1=1.0000  s2=0.7857  combined=0.8571  auroc=0.9634  s1_k=5  s2_k=20  routed=14/20  (217.7s)

Summary for hier_en_nmc repeat 44:
  Stage 1 (HER2+ vs rest):  1.0000 (+/- 0.0000)
  Stage 2 (HR+ vs TN):      0.7238 (+/- 0.0957)
  Combined (3-class):       0.8159 (+/- 0.0638)
  Combined fold scores: [0.8968, 0.7778, 0.8333, 0.7143, 0.8571]
  Total time: 1084.4s
Fold results saved to /data/cbotos/TB-Project/results/2026-04-22_server_run_flat_nested_CV/hierarchical_nested_cv_2x2/data/fold_results_en_nmc_r44.csv
Checkpoint removed (job complete).
