Run: 2026-04-22_server_run_flat_nested_CV
Config: /data/cbotos/TB-Project/results/2026-04-22_server_run_flat_nested_CV/config_snapshot_hierarchical.yaml
Stage 1: kw_rf (fixed, binary HER2+ vs rest)
Stage 2: kw_nmc (HR+ vs Triple Neg)
Repeat seed: 7
Stage 1: fixed KW+RF k=5 (no grid search)
Stage 2 grid size: 8 combinations
Loading data...
Loaded 100 samples, 273 features.
Classes: ['HER2+', 'HR+', 'Triple Neg']
  HER2+: 32 samples
  HR+: 36 samples
  Triple Neg: 32 samples
  Fold 1: s1=1.0000  s2=0.7738  combined=0.8492  auroc=0.8779  s1_k=5  s2_k=5  routed=13/20  (7.1s)
  Fold 2: s1=1.0000  s2=0.6667  combined=0.7778  auroc=0.9426  s1_k=5  s2_k=5  routed=13/20  (6.1s)
  Fold 3: s1=1.0000  s2=0.7292  combined=0.8194  auroc=0.9514  s1_k=5  s2_k=30  routed=14/20  (6.1s)
  Fold 4: s1=1.0000  s2=0.7143  combined=0.8095  auroc=0.9011  s1_k=5  s2_k=5  routed=14/20  (6.0s)
  Fold 5: s1=1.0000  s2=0.5714  combined=0.7143  auroc=0.8974  s1_k=5  s2_k=30  routed=14/20  (6.1s)

Summary for hier_kw_nmc repeat 7:
  Stage 1 (HER2+ vs rest):  1.0000 (+/- 0.0000)
  Stage 2 (HR+ vs TN):      0.6911 (+/- 0.0689)
  Combined (3-class):       0.7940 (+/- 0.0459)
  Combined fold scores: [0.8492, 0.7778, 0.8194, 0.8095, 0.7143]
  Total time: 31.4s
Fold results saved to /data/cbotos/TB-Project/results/2026-04-22_server_run_flat_nested_CV/hierarchical_nested_cv_2x2/data/fold_results_kw_nmc_r7.csv
Checkpoint removed (job complete).
