Run: 2026-04-22_server_run_flat_nested_CV
Config: /data/cbotos/TB-Project/results/2026-04-22_server_run_flat_nested_CV/config_snapshot_hierarchical.yaml
Stage 1: kw_rf (fixed, binary HER2+ vs rest)
Stage 2: en_rf (HR+ vs Triple Neg)
Repeat seed: 25
Stage 1: fixed KW+RF k=5 (no grid search)
Stage 2 grid size: 800 combinations
Loading data...
Loaded 100 samples, 273 features.
Classes: ['HER2+', 'HR+', 'Triple Neg']
  HER2+: 32 samples
  HR+: 36 samples
  Triple Neg: 32 samples
  Fold 1: s1=1.0000  s2=0.6905  combined=0.7937  auroc=0.9008  s1_k=5  s2_k=50  routed=13/20  (2843.1s)
  Fold 2: s1=1.0000  s2=0.7738  combined=0.8492  auroc=0.9542  s1_k=5  s2_k=20  routed=13/20  (2832.3s)
  Fold 3: s1=1.0000  s2=0.6042  combined=0.7361  auroc=0.8998  s1_k=5  s2_k=10  routed=14/20  (2838.8s)
  Fold 4: s1=1.0000  s2=0.7143  combined=0.8095  auroc=0.9451  s1_k=5  s2_k=50  routed=14/20  (2817.8s)
  Fold 5: s1=1.0000  s2=0.6429  combined=0.7619  auroc=0.9121  s1_k=5  s2_k=50  routed=14/20  (2865.5s)

Summary for hier_en_rf repeat 25:
  Stage 1 (HER2+ vs rest):  1.0000 (+/- 0.0000)
  Stage 2 (HR+ vs TN):      0.6851 (+/- 0.0585)
  Combined (3-class):       0.7901 (+/- 0.0390)
  Combined fold scores: [0.7937, 0.8492, 0.7361, 0.8095, 0.7619]
  Total time: 14197.5s
Fold results saved to /data/cbotos/TB-Project/results/2026-04-22_server_run_flat_nested_CV/hierarchical_nested_cv_2x2/data/fold_results_en_rf_r25.csv
Checkpoint removed (job complete).
