Run: 2026-04-22_server_run_flat_nested_CV
Config: /data/cbotos/TB-Project/results/2026-04-22_server_run_flat_nested_CV/config_snapshot_hierarchical.yaml
Stage 1: kw_rf (fixed, binary HER2+ vs rest)
Stage 2: en_nmc (HR+ vs Triple Neg)
Repeat seed: 21
Stage 1: fixed KW+RF k=5 (no grid search)
Stage 2 grid size: 200 combinations
Loading data...
Loaded 100 samples, 273 features.
Classes: ['HER2+', 'HR+', 'Triple Neg']
  HER2+: 32 samples
  HR+: 36 samples
  Triple Neg: 32 samples
  Fold 1: s1=1.0000  s2=0.8452  combined=0.8968  auroc=0.9924  s1_k=5  s2_k=50  routed=13/20  (217.4s)
  Fold 2: s1=1.0000  s2=0.6071  combined=0.7381  auroc=0.9008  s1_k=5  s2_k=20  routed=13/20  (218.5s)
  Fold 3: s1=1.0000  s2=0.7708  combined=0.8472  auroc=0.9449  s1_k=5  s2_k=20  routed=14/20  (208.4s)
  Fold 4: s1=1.0000  s2=0.6429  combined=0.7619  auroc=0.8974  s1_k=5  s2_k=10  routed=14/20  (216.4s)
  Fold 5: s1=1.0000  s2=0.9286  combined=0.9524  auroc=0.9780  s1_k=5  s2_k=50  routed=14/20  (208.5s)

Summary for hier_en_nmc repeat 21:
  Stage 1 (HER2+ vs rest):  1.0000 (+/- 0.0000)
  Stage 2 (HR+ vs TN):      0.7589 (+/- 0.1207)
  Combined (3-class):       0.8393 (+/- 0.0805)
  Combined fold scores: [0.8968, 0.7381, 0.8472, 0.7619, 0.9524]
  Total time: 1069.1s
Fold results saved to /data/cbotos/TB-Project/results/2026-04-22_server_run_flat_nested_CV/hierarchical_nested_cv_2x2/data/fold_results_en_nmc_r21.csv
Checkpoint removed (job complete).
