Run: 2026-04-22_server_run_flat_nested_CV
Config: /data/cbotos/TB-Project/results/2026-04-22_server_run_flat_nested_CV/config_snapshot_hierarchical.yaml
Stage 1: kw_rf (fixed, binary HER2+ vs rest)
Stage 2: kw_rf (HR+ vs Triple Neg)
Repeat seed: 41
Stage 1: fixed KW+RF k=5 (no grid search)
Stage 2 grid size: 32 combinations
Loading data...
Loaded 100 samples, 273 features.
Classes: ['HER2+', 'HR+', 'Triple Neg']
  HER2+: 32 samples
  HR+: 36 samples
  Triple Neg: 32 samples
  Fold 1: s1=1.0000  s2=0.6905  combined=0.7937  auroc=0.8816  s1_k=5  s2_k=20  routed=13/20  (102.5s)
  Fold 2: s1=1.0000  s2=0.8571  combined=0.9048  auroc=0.9695  s1_k=5  s2_k=50  routed=13/20  (102.0s)
  Fold 3: s1=1.0000  s2=0.9375  combined=0.9583  auroc=0.9926  s1_k=5  s2_k=75  routed=14/20  (102.3s)
  Fold 4: s1=1.0000  s2=0.5714  combined=0.7143  auroc=0.8828  s1_k=5  s2_k=75  routed=14/20  (102.0s)
  Fold 5: s1=1.0000  s2=0.7143  combined=0.8095  auroc=0.9560  s1_k=5  s2_k=100  routed=14/20  (102.3s)

Summary for hier_kw_rf repeat 41:
  Stage 1 (HER2+ vs rest):  1.0000 (+/- 0.0000)
  Stage 2 (HR+ vs TN):      0.7542 (+/- 0.1290)
  Combined (3-class):       0.8361 (+/- 0.0860)
  Combined fold scores: [0.7937, 0.9048, 0.9583, 0.7143, 0.8095]
  Total time: 511.1s
Fold results saved to /data/cbotos/TB-Project/results/2026-04-22_server_run_flat_nested_CV/hierarchical_nested_cv_2x2/data/fold_results_kw_rf_r41.csv
Checkpoint removed (job complete).
