Run: 2026-04-22_server_run_flat_nested_CV
Config: /data/cbotos/TB-Project/results/2026-04-22_server_run_flat_nested_CV/config_snapshot_hierarchical.yaml
Stage 1: kw_rf (fixed, binary HER2+ vs rest)
Stage 2: kw_nmc (HR+ vs Triple Neg)
Repeat seed: 4
Stage 1: fixed KW+RF k=5 (no grid search)
Stage 2 grid size: 8 combinations
Loading data...
Loaded 100 samples, 273 features.
Classes: ['HER2+', 'HR+', 'Triple Neg']
  HER2+: 32 samples
  HR+: 36 samples
  Triple Neg: 32 samples
  Fold 1: s1=1.0000  s2=0.8452  combined=0.8968  auroc=0.9695  s1_k=5  s2_k=30  routed=13/20  (7.7s)
  Fold 2: s1=1.0000  s2=0.7738  combined=0.8492  auroc=0.9771  s1_k=5  s2_k=30  routed=13/20  (6.2s)
  Fold 3: s1=1.0000  s2=0.6042  combined=0.7361  auroc=0.9028  s1_k=5  s2_k=50  routed=14/20  (6.2s)
  Fold 4: s1=1.0000  s2=0.6429  combined=0.7619  auroc=0.8901  s1_k=5  s2_k=5  routed=14/20  (6.1s)
  Fold 5: s1=1.0000  s2=0.6429  combined=0.7619  auroc=0.9231  s1_k=5  s2_k=75  routed=14/20  (6.4s)

Summary for hier_kw_nmc repeat 4:
  Stage 1 (HER2+ vs rest):  1.0000 (+/- 0.0000)
  Stage 2 (HR+ vs TN):      0.7018 (+/- 0.0919)
  Combined (3-class):       0.8012 (+/- 0.0613)
  Combined fold scores: [0.8968, 0.8492, 0.7361, 0.7619, 0.7619]
  Total time: 32.6s
Fold results saved to /data/cbotos/TB-Project/results/2026-04-22_server_run_flat_nested_CV/hierarchical_nested_cv_2x2/data/fold_results_kw_nmc_r4.csv
Checkpoint removed (job complete).
