Run: 2026-04-22_server_run_flat_nested_CV
Config: /data/cbotos/TB-Project/results/2026-04-22_server_run_flat_nested_CV/config_snapshot_hierarchical.yaml
Stage 1: kw_rf (fixed, binary HER2+ vs rest)
Stage 2: kw_rf (HR+ vs Triple Neg)
Repeat seed: 48
Stage 1: fixed KW+RF k=5 (no grid search)
Stage 2 grid size: 32 combinations
Loading data...
Loaded 100 samples, 273 features.
Classes: ['HER2+', 'HR+', 'Triple Neg']
  HER2+: 32 samples
  HR+: 36 samples
  Triple Neg: 32 samples
  Fold 1: s1=1.0000  s2=0.7024  combined=0.8016  auroc=0.8808  s1_k=5  s2_k=20  routed=13/20  (105.7s)
  Fold 2: s1=1.0000  s2=0.8452  combined=0.8968  auroc=0.9542  s1_k=5  s2_k=30  routed=13/20  (106.0s)
  Fold 3: s1=1.0000  s2=0.8333  combined=0.8889  auroc=0.9554  s1_k=5  s2_k=30  routed=14/20  (106.1s)
  Fold 4: s1=1.0000  s2=0.5714  combined=0.7143  auroc=0.8864  s1_k=5  s2_k=10  routed=14/20  (106.0s)
  Fold 5: s1=1.0000  s2=0.3571  combined=0.5714  auroc=0.7106  s1_k=5  s2_k=5  routed=14/20  (89.1s)

Summary for hier_kw_rf repeat 48:
  Stage 1 (HER2+ vs rest):  1.0000 (+/- 0.0000)
  Stage 2 (HR+ vs TN):      0.6619 (+/- 0.1820)
  Combined (3-class):       0.7746 (+/- 0.1214)
  Combined fold scores: [0.8016, 0.8968, 0.8889, 0.7143, 0.5714]
  Total time: 513.0s
Fold results saved to /data/cbotos/TB-Project/results/2026-04-22_server_run_flat_nested_CV/hierarchical_nested_cv_2x2/data/fold_results_kw_rf_r48.csv
Checkpoint removed (job complete).
