Run: 2026-04-22_server_run_flat_nested_CV
Config: /data/cbotos/TB-Project/results/2026-04-22_server_run_flat_nested_CV/config_snapshot_hierarchical.yaml
Stage 1: kw_rf (fixed, binary HER2+ vs rest)
Stage 2: en_rf (HR+ vs Triple Neg)
Repeat seed: 4
Stage 1: fixed KW+RF k=5 (no grid search)
Stage 2 grid size: 800 combinations
Loading data...
Loaded 100 samples, 273 features.
Classes: ['HER2+', 'HR+', 'Triple Neg']
  HER2+: 32 samples
  HR+: 36 samples
  Triple Neg: 32 samples
  Fold 1: s1=1.0000  s2=0.6071  combined=0.7381  auroc=0.8581  s1_k=5  s2_k=5  routed=13/20  (2952.2s)
  Fold 2: s1=1.0000  s2=0.9167  combined=0.9444  auroc=0.9771  s1_k=5  s2_k=50  routed=13/20  (2867.1s)
  Fold 3: s1=1.0000  s2=0.6667  combined=0.7778  auroc=0.8844  s1_k=5  s2_k=50  routed=14/20  (2938.3s)
  Fold 4: s1=1.0000  s2=0.7143  combined=0.8095  auroc=0.9707  s1_k=5  s2_k=50  routed=14/20  (2887.7s)
  Fold 5: s1=1.0000  s2=0.7143  combined=0.8095  auroc=0.9451  s1_k=5  s2_k=20  routed=14/20  (2408.7s)

Summary for hier_en_rf repeat 4:
  Stage 1 (HER2+ vs rest):  1.0000 (+/- 0.0000)
  Stage 2 (HR+ vs TN):      0.7238 (+/- 0.1042)
  Combined (3-class):       0.8159 (+/- 0.0694)
  Combined fold scores: [0.7381, 0.9444, 0.7778, 0.8095, 0.8095]
  Total time: 14054.1s
Fold results saved to /data/cbotos/TB-Project/results/2026-04-22_server_run_flat_nested_CV/hierarchical_nested_cv_2x2/data/fold_results_en_rf_r4.csv
Checkpoint removed (job complete).
