Run: 2026-04-22_server_run_flat_nested_CV
Config: /data/cbotos/TB-Project/results/2026-04-22_server_run_flat_nested_CV/config_snapshot_hierarchical.yaml
Stage 1: kw_rf (fixed, binary HER2+ vs rest)
Stage 2: kw_rf (HR+ vs Triple Neg)
Repeat seed: 8
Stage 1: fixed KW+RF k=5 (no grid search)
Stage 2 grid size: 32 combinations
Loading data...
Loaded 100 samples, 273 features.
Classes: ['HER2+', 'HR+', 'Triple Neg']
  HER2+: 32 samples
  HR+: 36 samples
  Triple Neg: 32 samples
  Fold 1: s1=1.0000  s2=0.7738  combined=0.8492  auroc=0.9579  s1_k=5  s2_k=15  routed=13/20  (85.9s)
  Fold 2: s1=1.0000  s2=0.7024  combined=0.8016  auroc=0.9237  s1_k=5  s2_k=100  routed=13/20  (85.4s)
  Fold 3: s1=1.0000  s2=0.6875  combined=0.7917  auroc=0.9325  s1_k=5  s2_k=15  routed=14/20  (85.8s)
  Fold 4: s1=1.0000  s2=0.4286  combined=0.6190  auroc=0.7527  s1_k=5  s2_k=5  routed=14/20  (71.8s)
  Fold 5: s1=1.0000  s2=0.7857  combined=0.8571  auroc=0.9194  s1_k=5  s2_k=50  routed=14/20  (86.1s)

Summary for hier_kw_rf repeat 8:
  Stage 1 (HER2+ vs rest):  1.0000 (+/- 0.0000)
  Stage 2 (HR+ vs TN):      0.6756 (+/- 0.1293)
  Combined (3-class):       0.7837 (+/- 0.0862)
  Combined fold scores: [0.8492, 0.8016, 0.7917, 0.619, 0.8571]
  Total time: 415.1s
Fold results saved to /data/cbotos/TB-Project/results/2026-04-22_server_run_flat_nested_CV/hierarchical_nested_cv_2x2/data/fold_results_kw_rf_r8.csv
Checkpoint removed (job complete).
