Run: 2026-04-22_server_run_flat_nested_CV
Config: /data/cbotos/TB-Project/results/2026-04-22_server_run_flat_nested_CV/config_snapshot_hierarchical.yaml
Stage 1: kw_rf (fixed, binary HER2+ vs rest)
Stage 2: en_nmc (HR+ vs Triple Neg)
Repeat seed: 23
Stage 1: fixed KW+RF k=5 (no grid search)
Stage 2 grid size: 200 combinations
Loading data...
Loaded 100 samples, 273 features.
Classes: ['HER2+', 'HR+', 'Triple Neg']
  HER2+: 32 samples
  HR+: 36 samples
  Triple Neg: 32 samples
  Fold 1: s1=1.0000  s2=1.0000  combined=1.0000  auroc=1.0000  s1_k=5  s2_k=50  routed=13/20  (212.8s)
  Fold 2: s1=1.0000  s2=0.7143  combined=0.8095  auroc=0.9315  s1_k=5  s2_k=5  routed=13/20  (209.1s)
  Fold 3: s1=1.0000  s2=0.6875  combined=0.7917  auroc=0.8958  s1_k=5  s2_k=50  routed=14/20  (210.8s)
  Fold 4: s1=1.0000  s2=0.6429  combined=0.7619  auroc=0.9414  s1_k=5  s2_k=20  routed=14/20  (198.8s)
  Fold 5: s1=1.0000  s2=0.7143  combined=0.8095  auroc=0.9634  s1_k=5  s2_k=20  routed=14/20  (206.8s)

Summary for hier_en_nmc repeat 23:
  Stage 1 (HER2+ vs rest):  1.0000 (+/- 0.0000)
  Stage 2 (HR+ vs TN):      0.7518 (+/- 0.1268)
  Combined (3-class):       0.8345 (+/- 0.0845)
  Combined fold scores: [1.0, 0.8095, 0.7917, 0.7619, 0.8095]
  Total time: 1038.4s
Fold results saved to /data/cbotos/TB-Project/results/2026-04-22_server_run_flat_nested_CV/hierarchical_nested_cv_2x2/data/fold_results_en_nmc_r23.csv
Checkpoint removed (job complete).
