Run: 2026-04-22_server_run_flat_nested_CV
Config: /data/cbotos/TB-Project/results/2026-04-22_server_run_flat_nested_CV/config_snapshot_hierarchical.yaml
Stage 1: kw_rf (fixed, binary HER2+ vs rest)
Stage 2: en_rf (HR+ vs Triple Neg)
Repeat seed: 3
Stage 1: fixed KW+RF k=5 (no grid search)
Stage 2 grid size: 800 combinations
Loading data...
Loaded 100 samples, 273 features.
Classes: ['HER2+', 'HR+', 'Triple Neg']
  HER2+: 32 samples
  HR+: 36 samples
  Triple Neg: 32 samples
  Fold 1: s1=1.0000  s2=0.7738  combined=0.8492  auroc=0.9847  s1_k=5  s2_k=50  routed=13/20  (2925.2s)
  Fold 2: s1=1.0000  s2=0.4405  combined=0.6270  auroc=0.8932  s1_k=5  s2_k=50  routed=13/20  (2912.0s)
  Fold 3: s1=1.0000  s2=0.9167  combined=0.9444  auroc=0.9926  s1_k=5  s2_k=50  routed=14/20  (2884.9s)
  Fold 4: s1=1.0000  s2=0.7143  combined=0.8095  auroc=0.9487  s1_k=5  s2_k=50  routed=14/20  (2874.6s)
  Fold 5: s1=1.0000  s2=0.5000  combined=0.6667  auroc=0.8315  s1_k=5  s2_k=50  routed=14/20  (2414.9s)

Summary for hier_en_rf repeat 3:
  Stage 1 (HER2+ vs rest):  1.0000 (+/- 0.0000)
  Stage 2 (HR+ vs TN):      0.6690 (+/- 0.1762)
  Combined (3-class):       0.7794 (+/- 0.1174)
  Combined fold scores: [0.8492, 0.627, 0.9444, 0.8095, 0.6667]
  Total time: 14011.7s
Fold results saved to /data/cbotos/TB-Project/results/2026-04-22_server_run_flat_nested_CV/hierarchical_nested_cv_2x2/data/fold_results_en_rf_r3.csv
Checkpoint removed (job complete).
