Run: 2026-04-22_server_run_flat_nested_CV
Config: /data/cbotos/TB-Project/results/2026-04-22_server_run_flat_nested_CV/config_snapshot_hierarchical.yaml
Stage 1: kw_rf (fixed, binary HER2+ vs rest)
Stage 2: en_nmc (HR+ vs Triple Neg)
Repeat seed: 41
Stage 1: fixed KW+RF k=5 (no grid search)
Stage 2 grid size: 200 combinations
Loading data...
Loaded 100 samples, 273 features.
Classes: ['HER2+', 'HR+', 'Triple Neg']
  HER2+: 32 samples
  HR+: 36 samples
  Triple Neg: 32 samples
  Fold 1: s1=1.0000  s2=0.6190  combined=0.7460  auroc=0.9008  s1_k=5  s2_k=10  routed=13/20  (206.1s)
  Fold 2: s1=1.0000  s2=0.8333  combined=0.8889  auroc=0.9582  s1_k=5  s2_k=50  routed=13/20  (201.1s)
  Fold 3: s1=1.0000  s2=0.7500  combined=0.8333  auroc=1.0000  s1_k=5  s2_k=50  routed=14/20  (214.7s)
  Fold 4: s1=1.0000  s2=0.5000  combined=0.6667  auroc=0.8791  s1_k=5  s2_k=50  routed=14/20  (208.2s)
  Fold 5: s1=1.0000  s2=0.7143  combined=0.8095  auroc=0.9524  s1_k=5  s2_k=50  routed=14/20  (218.2s)

Summary for hier_en_nmc repeat 41:
  Stage 1 (HER2+ vs rest):  1.0000 (+/- 0.0000)
  Stage 2 (HR+ vs TN):      0.6833 (+/- 0.1146)
  Combined (3-class):       0.7889 (+/- 0.0764)
  Combined fold scores: [0.746, 0.8889, 0.8333, 0.6667, 0.8095]
  Total time: 1048.3s
Fold results saved to /data/cbotos/TB-Project/results/2026-04-22_server_run_flat_nested_CV/hierarchical_nested_cv_2x2/data/fold_results_en_nmc_r41.csv
Checkpoint removed (job complete).
