Run: 2026-04-22_server_run_flat_nested_CV
Config: /data/cbotos/TB-Project/results/2026-04-22_server_run_flat_nested_CV/config_snapshot_hierarchical.yaml
Stage 1: kw_rf (fixed, binary HER2+ vs rest)
Stage 2: en_nmc (HR+ vs Triple Neg)
Repeat seed: 37
Stage 1: fixed KW+RF k=5 (no grid search)
Stage 2 grid size: 200 combinations
Loading data...
Loaded 100 samples, 273 features.
Classes: ['HER2+', 'HR+', 'Triple Neg']
  HER2+: 32 samples
  HR+: 36 samples
  Triple Neg: 32 samples
  Fold 1: s1=1.0000  s2=0.6905  combined=0.7937  auroc=0.9275  s1_k=5  s2_k=5  routed=13/20  (202.5s)
  Fold 2: s1=1.0000  s2=0.4524  combined=0.6349  auroc=0.8700  s1_k=5  s2_k=50  routed=13/20  (221.9s)
  Fold 3: s1=1.0000  s2=0.8333  combined=0.8889  auroc=0.9732  s1_k=5  s2_k=10  routed=14/20  (215.3s)
  Fold 4: s1=1.0000  s2=0.7143  combined=0.8095  auroc=0.9139  s1_k=5  s2_k=5  routed=14/20  (210.7s)
  Fold 5: s1=1.0000  s2=0.6429  combined=0.7619  auroc=0.8608  s1_k=5  s2_k=5  routed=14/20  (207.1s)

Summary for hier_en_nmc repeat 37:
  Stage 1 (HER2+ vs rest):  1.0000 (+/- 0.0000)
  Stage 2 (HR+ vs TN):      0.6667 (+/- 0.1242)
  Combined (3-class):       0.7778 (+/- 0.0828)
  Combined fold scores: [0.7937, 0.6349, 0.8889, 0.8095, 0.7619]
  Total time: 1057.6s
Fold results saved to /data/cbotos/TB-Project/results/2026-04-22_server_run_flat_nested_CV/hierarchical_nested_cv_2x2/data/fold_results_en_nmc_r37.csv
Checkpoint removed (job complete).
