Run: 2026-04-22_server_run_flat_nested_CV
Config: /data/cbotos/TB-Project/results/2026-04-22_server_run_flat_nested_CV/config_snapshot_hierarchical.yaml
Stage 1: kw_rf (fixed, binary HER2+ vs rest)
Stage 2: kw_nmc (HR+ vs Triple Neg)
Repeat seed: 16
Stage 1: fixed KW+RF k=5 (no grid search)
Stage 2 grid size: 8 combinations
Loading data...
Loaded 100 samples, 273 features.
Classes: ['HER2+', 'HR+', 'Triple Neg']
  HER2+: 32 samples
  HR+: 36 samples
  Triple Neg: 32 samples
  Fold 1: s1=1.0000  s2=0.8452  combined=0.8968  auroc=0.9808  s1_k=5  s2_k=30  routed=13/20  (6.9s)
  Fold 2: s1=1.0000  s2=0.9167  combined=0.9444  auroc=1.0000  s1_k=5  s2_k=50  routed=13/20  (5.8s)
  Fold 3: s1=1.0000  s2=0.7083  combined=0.8056  auroc=0.9033  s1_k=5  s2_k=20  routed=14/20  (5.8s)
  Fold 4: s1=1.0000  s2=0.6429  combined=0.7619  auroc=0.9267  s1_k=5  s2_k=30  routed=14/20  (5.9s)
  Fold 5: s1=1.0000  s2=0.8571  combined=0.9048  auroc=0.9817  s1_k=5  s2_k=50  routed=14/20  (5.9s)

Summary for hier_kw_nmc repeat 16:
  Stage 1 (HER2+ vs rest):  1.0000 (+/- 0.0000)
  Stage 2 (HR+ vs TN):      0.7940 (+/- 0.1018)
  Combined (3-class):       0.8627 (+/- 0.0679)
  Combined fold scores: [0.8968, 0.9444, 0.8056, 0.7619, 0.9048]
  Total time: 30.3s
Fold results saved to /data/cbotos/TB-Project/results/2026-04-22_server_run_flat_nested_CV/hierarchical_nested_cv_2x2/data/fold_results_kw_nmc_r16.csv
Checkpoint removed (job complete).
