Run: 2026-04-22_server_run_flat_nested_CV
Config: /data/cbotos/TB-Project/results/2026-04-22_server_run_flat_nested_CV/config_snapshot_hierarchical.yaml
Stage 1: kw_rf (fixed, binary HER2+ vs rest)
Stage 2: en_rf (HR+ vs Triple Neg)
Repeat seed: 11
Stage 1: fixed KW+RF k=5 (no grid search)
Stage 2 grid size: 800 combinations
Loading data...
Loaded 100 samples, 273 features.
Classes: ['HER2+', 'HR+', 'Triple Neg']
  HER2+: 32 samples
  HR+: 36 samples
  Triple Neg: 32 samples
  Fold 1: s1=1.0000  s2=0.9286  combined=0.9524  auroc=0.9924  s1_k=5  s2_k=50  routed=13/20  (2874.7s)
  Fold 2: s1=1.0000  s2=0.6786  combined=0.7857  auroc=0.9389  s1_k=5  s2_k=50  routed=13/20  (2864.9s)
  Fold 3: s1=1.0000  s2=0.6458  combined=0.7639  auroc=0.9340  s1_k=5  s2_k=10  routed=14/20  (2881.1s)
  Fold 4: s1=1.0000  s2=0.6429  combined=0.7619  auroc=0.9231  s1_k=5  s2_k=50  routed=14/20  (2863.6s)
  Fold 5: s1=1.0000  s2=0.7143  combined=0.8095  auroc=0.9744  s1_k=5  s2_k=20  routed=14/20  (2800.4s)

Summary for hier_en_rf repeat 11:
  Stage 1 (HER2+ vs rest):  1.0000 (+/- 0.0000)
  Stage 2 (HR+ vs TN):      0.7220 (+/- 0.1065)
  Combined (3-class):       0.8147 (+/- 0.0710)
  Combined fold scores: [0.9524, 0.7857, 0.7639, 0.7619, 0.8095]
  Total time: 14284.7s
Fold results saved to /data/cbotos/TB-Project/results/2026-04-22_server_run_flat_nested_CV/hierarchical_nested_cv_2x2/data/fold_results_en_rf_r11.csv
Checkpoint removed (job complete).
