Run: 2026-04-22_server_run_flat_nested_CV
Config: /data/cbotos/TB-Project/results/2026-04-22_server_run_flat_nested_CV/config_snapshot_hierarchical.yaml
Stage 1: kw_rf (fixed, binary HER2+ vs rest)
Stage 2: kw_nmc (HR+ vs Triple Neg)
Repeat seed: 26
Stage 1: fixed KW+RF k=5 (no grid search)
Stage 2 grid size: 8 combinations
Loading data...
Loaded 100 samples, 273 features.
Classes: ['HER2+', 'HR+', 'Triple Neg']
  HER2+: 32 samples
  HR+: 36 samples
  Triple Neg: 32 samples
  Fold 1: s1=1.0000  s2=0.7619  combined=0.8413  auroc=0.9389  s1_k=5  s2_k=30  routed=13/20  (7.5s)
  Fold 2: s1=1.0000  s2=0.8452  combined=0.8968  auroc=0.9771  s1_k=5  s2_k=20  routed=13/20  (6.0s)
  Fold 3: s1=1.0000  s2=0.6667  combined=0.7778  auroc=0.9216  s1_k=5  s2_k=30  routed=14/20  (5.9s)
  Fold 4: s1=1.0000  s2=0.8571  combined=0.9048  auroc=0.9853  s1_k=5  s2_k=50  routed=14/20  (6.0s)
  Fold 5: s1=1.0000  s2=0.5714  combined=0.7143  auroc=0.9194  s1_k=5  s2_k=30  routed=14/20  (5.9s)

Summary for hier_kw_nmc repeat 26:
  Stage 1 (HER2+ vs rest):  1.0000 (+/- 0.0000)
  Stage 2 (HR+ vs TN):      0.7405 (+/- 0.1087)
  Combined (3-class):       0.8270 (+/- 0.0725)
  Combined fold scores: [0.8413, 0.8968, 0.7778, 0.9048, 0.7143]
  Total time: 31.3s
Fold results saved to /data/cbotos/TB-Project/results/2026-04-22_server_run_flat_nested_CV/hierarchical_nested_cv_2x2/data/fold_results_kw_nmc_r26.csv
Checkpoint removed (job complete).
