Run: 2026-04-22_server_run_flat_nested_CV
Config: /data/cbotos/TB-Project/results/2026-04-22_server_run_flat_nested_CV/config_snapshot_hierarchical.yaml
Stage 1: kw_rf (fixed, binary HER2+ vs rest)
Stage 2: kw_rf (HR+ vs Triple Neg)
Repeat seed: 33
Stage 1: fixed KW+RF k=5 (no grid search)
Stage 2 grid size: 32 combinations
Loading data...
Loaded 100 samples, 273 features.
Classes: ['HER2+', 'HR+', 'Triple Neg']
  HER2+: 32 samples
  HR+: 36 samples
  Triple Neg: 32 samples
  Fold 1: s1=1.0000  s2=0.5357  combined=0.6905  auroc=0.8892  s1_k=5  s2_k=50  routed=13/20  (101.6s)
  Fold 2: s1=1.0000  s2=0.7738  combined=0.8492  auroc=0.9770  s1_k=5  s2_k=100  routed=13/20  (101.4s)
  Fold 3: s1=1.0000  s2=0.6458  combined=0.7639  auroc=0.9479  s1_k=5  s2_k=15  routed=14/20  (101.6s)
  Fold 4: s1=1.0000  s2=0.7857  combined=0.8571  auroc=0.9744  s1_k=5  s2_k=75  routed=14/20  (101.6s)
  Fold 5: s1=1.0000  s2=0.7143  combined=0.8095  auroc=0.9377  s1_k=5  s2_k=50  routed=14/20  (101.9s)

Summary for hier_kw_rf repeat 33:
  Stage 1 (HER2+ vs rest):  1.0000 (+/- 0.0000)
  Stage 2 (HR+ vs TN):      0.6911 (+/- 0.0922)
  Combined (3-class):       0.7940 (+/- 0.0615)
  Combined fold scores: [0.6905, 0.8492, 0.7639, 0.8571, 0.8095]
  Total time: 508.1s
Fold results saved to /data/cbotos/TB-Project/results/2026-04-22_server_run_flat_nested_CV/hierarchical_nested_cv_2x2/data/fold_results_kw_rf_r33.csv
Checkpoint removed (job complete).
