Run: 2026-04-22_server_run_flat_nested_CV
Config: /data/cbotos/TB-Project/results/2026-04-22_server_run_flat_nested_CV/config_snapshot_hierarchical.yaml
Stage 1: kw_rf (fixed, binary HER2+ vs rest)
Stage 2: kw_nmc (HR+ vs Triple Neg)
Repeat seed: 33
Stage 1: fixed KW+RF k=5 (no grid search)
Stage 2 grid size: 8 combinations
Loading data...
Loaded 100 samples, 273 features.
Classes: ['HER2+', 'HR+', 'Triple Neg']
  HER2+: 32 samples
  HR+: 36 samples
  Triple Neg: 32 samples
  Fold 1: s1=1.0000  s2=0.6071  combined=0.7381  auroc=0.9084  s1_k=5  s2_k=20  routed=13/20  (7.2s)
  Fold 2: s1=1.0000  s2=0.7857  combined=0.8571  auroc=0.9654  s1_k=5  s2_k=15  routed=13/20  (6.0s)
  Fold 3: s1=1.0000  s2=0.8333  combined=0.8889  auroc=0.9251  s1_k=5  s2_k=75  routed=14/20  (6.1s)
  Fold 4: s1=1.0000  s2=0.7143  combined=0.8095  auroc=0.9341  s1_k=5  s2_k=50  routed=14/20  (6.1s)
  Fold 5: s1=1.0000  s2=0.7857  combined=0.8571  auroc=0.9194  s1_k=5  s2_k=50  routed=14/20  (6.1s)

Summary for hier_kw_nmc repeat 33:
  Stage 1 (HER2+ vs rest):  1.0000 (+/- 0.0000)
  Stage 2 (HR+ vs TN):      0.7452 (+/- 0.0788)
  Combined (3-class):       0.8302 (+/- 0.0525)
  Combined fold scores: [0.7381, 0.8571, 0.8889, 0.8095, 0.8571]
  Total time: 31.5s
Fold results saved to /data/cbotos/TB-Project/results/2026-04-22_server_run_flat_nested_CV/hierarchical_nested_cv_2x2/data/fold_results_kw_nmc_r33.csv
Checkpoint removed (job complete).
