Run: 2026-04-22_server_run_flat_nested_CV
Config: /data/cbotos/TB-Project/results/2026-04-22_server_run_flat_nested_CV/config_snapshot_hierarchical.yaml
Stage 1: kw_rf (fixed, binary HER2+ vs rest)
Stage 2: kw_rf (HR+ vs Triple Neg)
Repeat seed: 38
Stage 1: fixed KW+RF k=5 (no grid search)
Stage 2 grid size: 32 combinations
Loading data...
Loaded 100 samples, 273 features.
Classes: ['HER2+', 'HR+', 'Triple Neg']
  HER2+: 32 samples
  HR+: 36 samples
  Triple Neg: 32 samples
  Fold 1: s1=1.0000  s2=0.6190  combined=0.7460  auroc=0.8739  s1_k=5  s2_k=50  routed=13/20  (105.2s)
  Fold 2: s1=1.0000  s2=0.7738  combined=0.8492  auroc=0.9277  s1_k=5  s2_k=50  routed=13/20  (106.2s)
  Fold 3: s1=1.0000  s2=0.8333  combined=0.8889  auroc=0.9782  s1_k=5  s2_k=20  routed=14/20  (105.7s)
  Fold 4: s1=1.0000  s2=0.6429  combined=0.7619  auroc=0.8938  s1_k=5  s2_k=100  routed=14/20  (105.5s)
  Fold 5: s1=1.0000  s2=0.7143  combined=0.8095  auroc=0.9487  s1_k=5  s2_k=50  routed=14/20  (105.7s)

Summary for hier_kw_rf repeat 38:
  Stage 1 (HER2+ vs rest):  1.0000 (+/- 0.0000)
  Stage 2 (HR+ vs TN):      0.7167 (+/- 0.0798)
  Combined (3-class):       0.8111 (+/- 0.0532)
  Combined fold scores: [0.746, 0.8492, 0.8889, 0.7619, 0.8095]
  Total time: 528.2s
Fold results saved to /data/cbotos/TB-Project/results/2026-04-22_server_run_flat_nested_CV/hierarchical_nested_cv_2x2/data/fold_results_kw_rf_r38.csv
Checkpoint removed (job complete).
