Run: 2026-04-22_server_run_flat_nested_CV
Config: /data/cbotos/TB-Project/results/2026-04-22_server_run_flat_nested_CV/config_snapshot_hierarchical.yaml
Stage 1: kw_rf (fixed, binary HER2+ vs rest)
Stage 2: kw_rf (HR+ vs Triple Neg)
Repeat seed: 29
Stage 1: fixed KW+RF k=5 (no grid search)
Stage 2 grid size: 32 combinations
Loading data...
Loaded 100 samples, 273 features.
Classes: ['HER2+', 'HR+', 'Triple Neg']
  HER2+: 32 samples
  HR+: 36 samples
  Triple Neg: 32 samples
  Fold 1: s1=1.0000  s2=0.7024  combined=0.8016  auroc=0.9542  s1_k=5  s2_k=30  routed=13/20  (103.7s)
  Fold 2: s1=1.0000  s2=0.5238  combined=0.6825  auroc=0.7972  s1_k=5  s2_k=5  routed=13/20  (86.1s)
  Fold 3: s1=1.0000  s2=0.6250  combined=0.7500  auroc=0.9144  s1_k=5  s2_k=10  routed=14/20  (103.1s)
  Fold 4: s1=1.0000  s2=0.6429  combined=0.7619  auroc=0.8755  s1_k=5  s2_k=100  routed=14/20  (102.6s)
  Fold 5: s1=1.0000  s2=0.7857  combined=0.8571  auroc=0.9780  s1_k=5  s2_k=75  routed=14/20  (103.3s)

Summary for hier_kw_rf repeat 29:
  Stage 1 (HER2+ vs rest):  1.0000 (+/- 0.0000)
  Stage 2 (HR+ vs TN):      0.6560 (+/- 0.0867)
  Combined (3-class):       0.7706 (+/- 0.0578)
  Combined fold scores: [0.8016, 0.6825, 0.75, 0.7619, 0.8571]
  Total time: 498.8s
Fold results saved to /data/cbotos/TB-Project/results/2026-04-22_server_run_flat_nested_CV/hierarchical_nested_cv_2x2/data/fold_results_kw_rf_r29.csv
Checkpoint removed (job complete).
