Run: 2026-04-22_server_run_flat_nested_CV
Config: /data/cbotos/TB-Project/results/2026-04-22_server_run_flat_nested_CV/config_snapshot_hierarchical.yaml
Stage 1: kw_rf (fixed, binary HER2+ vs rest)
Stage 2: en_rf (HR+ vs Triple Neg)
Repeat seed: 36
Stage 1: fixed KW+RF k=5 (no grid search)
Stage 2 grid size: 800 combinations
Loading data...
Loaded 100 samples, 273 features.
Classes: ['HER2+', 'HR+', 'Triple Neg']
  HER2+: 32 samples
  HR+: 36 samples
  Triple Neg: 32 samples
  Fold 1: s1=1.0000  s2=0.7500  combined=0.8333  auroc=0.9274  s1_k=5  s2_k=50  routed=13/20  (2849.7s)
  Fold 2: s1=1.0000  s2=0.7738  combined=0.8492  auroc=0.9579  s1_k=5  s2_k=50  routed=13/20  (2829.9s)
  Fold 3: s1=1.0000  s2=0.8542  combined=0.9028  auroc=0.9444  s1_k=5  s2_k=50  routed=14/20  (2840.8s)
  Fold 4: s1=1.0000  s2=0.5000  combined=0.6667  auroc=0.7766  s1_k=5  s2_k=5  routed=14/20  (2846.3s)
  Fold 5: s1=1.0000  s2=0.5714  combined=0.7143  auroc=0.8571  s1_k=5  s2_k=5  routed=14/20  (2836.1s)

Summary for hier_en_rf repeat 36:
  Stage 1 (HER2+ vs rest):  1.0000 (+/- 0.0000)
  Stage 2 (HR+ vs TN):      0.6899 (+/- 0.1325)
  Combined (3-class):       0.7933 (+/- 0.0883)
  Combined fold scores: [0.8333, 0.8492, 0.9028, 0.6667, 0.7143]
  Total time: 14202.8s
Fold results saved to /data/cbotos/TB-Project/results/2026-04-22_server_run_flat_nested_CV/hierarchical_nested_cv_2x2/data/fold_results_en_rf_r36.csv
Checkpoint removed (job complete).
