Run: 2026-04-22_server_run_flat_nested_CV
Config: /data/cbotos/TB-Project/results/2026-04-22_server_run_flat_nested_CV/config_snapshot_hierarchical.yaml
Stage 1: kw_rf (fixed, binary HER2+ vs rest)
Stage 2: kw_rf (HR+ vs Triple Neg)
Repeat seed: 28
Stage 1: fixed KW+RF k=5 (no grid search)
Stage 2 grid size: 32 combinations
Loading data...
Loaded 100 samples, 273 features.
Classes: ['HER2+', 'HR+', 'Triple Neg']
  HER2+: 32 samples
  HR+: 36 samples
  Triple Neg: 32 samples
  Fold 1: s1=1.0000  s2=0.6071  combined=0.7381  auroc=0.9005  s1_k=5  s2_k=100  routed=13/20  (103.3s)
  Fold 2: s1=1.0000  s2=0.8452  combined=0.8968  auroc=0.9389  s1_k=5  s2_k=100  routed=13/20  (102.9s)
  Fold 3: s1=1.0000  s2=0.7708  combined=0.8472  auroc=0.9554  s1_k=5  s2_k=30  routed=14/20  (102.7s)
  Fold 4: s1=1.0000  s2=0.8571  combined=0.9048  auroc=0.9304  s1_k=5  s2_k=20  routed=14/20  (102.6s)
  Fold 5: s1=1.0000  s2=0.6429  combined=0.7619  auroc=0.8864  s1_k=5  s2_k=20  routed=14/20  (102.8s)

Summary for hier_kw_rf repeat 28:
  Stage 1 (HER2+ vs rest):  1.0000 (+/- 0.0000)
  Stage 2 (HR+ vs TN):      0.7446 (+/- 0.1027)
  Combined (3-class):       0.8298 (+/- 0.0685)
  Combined fold scores: [0.7381, 0.8968, 0.8472, 0.9048, 0.7619]
  Total time: 514.3s
Fold results saved to /data/cbotos/TB-Project/results/2026-04-22_server_run_flat_nested_CV/hierarchical_nested_cv_2x2/data/fold_results_kw_rf_r28.csv
Checkpoint removed (job complete).
