Run: 2026-04-22_server_run_flat_nested_CV
Config: /data/cbotos/TB-Project/results/2026-04-22_server_run_flat_nested_CV/config_snapshot_hierarchical.yaml
Stage 1: kw_rf (fixed, binary HER2+ vs rest)
Stage 2: kw_rf (HR+ vs Triple Neg)
Repeat seed: 11
Stage 1: fixed KW+RF k=5 (no grid search)
Stage 2 grid size: 32 combinations
Loading data...
Loaded 100 samples, 273 features.
Classes: ['HER2+', 'HR+', 'Triple Neg']
  HER2+: 32 samples
  HR+: 36 samples
  Triple Neg: 32 samples
  Fold 1: s1=1.0000  s2=0.6905  combined=0.7937  auroc=0.9658  s1_k=5  s2_k=20  routed=13/20  (86.0s)
  Fold 2: s1=1.0000  s2=0.6786  combined=0.7857  auroc=0.9466  s1_k=5  s2_k=30  routed=13/20  (85.6s)
  Fold 3: s1=1.0000  s2=0.8333  combined=0.8889  auroc=0.9628  s1_k=5  s2_k=50  routed=14/20  (85.9s)
  Fold 4: s1=1.0000  s2=0.7857  combined=0.8571  auroc=0.9267  s1_k=5  s2_k=15  routed=14/20  (85.9s)
  Fold 5: s1=1.0000  s2=0.7857  combined=0.8571  auroc=0.8974  s1_k=5  s2_k=5  routed=14/20  (72.4s)

Summary for hier_kw_rf repeat 11:
  Stage 1 (HER2+ vs rest):  1.0000 (+/- 0.0000)
  Stage 2 (HR+ vs TN):      0.7548 (+/- 0.0600)
  Combined (3-class):       0.8365 (+/- 0.0400)
  Combined fold scores: [0.7937, 0.7857, 0.8889, 0.8571, 0.8571]
  Total time: 415.8s
Fold results saved to /data/cbotos/TB-Project/results/2026-04-22_server_run_flat_nested_CV/hierarchical_nested_cv_2x2/data/fold_results_kw_rf_r11.csv
Checkpoint removed (job complete).
