Run: 2026-04-22_server_run_flat_nested_CV
Config: /data/cbotos/TB-Project/results/2026-04-22_server_run_flat_nested_CV/config_snapshot_hierarchical.yaml
Stage 1: kw_rf (fixed, binary HER2+ vs rest)
Stage 2: kw_nmc (HR+ vs Triple Neg)
Repeat seed: 40
Stage 1: fixed KW+RF k=5 (no grid search)
Stage 2 grid size: 8 combinations
Loading data...
Loaded 100 samples, 273 features.
Classes: ['HER2+', 'HR+', 'Triple Neg']
  HER2+: 32 samples
  HR+: 36 samples
  Triple Neg: 32 samples
  Fold 1: s1=1.0000  s2=0.6905  combined=0.7937  auroc=0.9237  s1_k=5  s2_k=20  routed=13/20  (7.1s)
  Fold 2: s1=1.0000  s2=0.9286  combined=0.9524  auroc=0.9924  s1_k=5  s2_k=20  routed=13/20  (5.9s)
  Fold 3: s1=1.0000  s2=0.6875  combined=0.7917  auroc=0.9591  s1_k=5  s2_k=5  routed=14/20  (5.8s)
  Fold 4: s1=1.0000  s2=0.7857  combined=0.8571  auroc=0.9560  s1_k=5  s2_k=75  routed=14/20  (6.0s)
  Fold 5: s1=1.0000  s2=0.6429  combined=0.7619  auroc=0.8608  s1_k=5  s2_k=75  routed=14/20  (6.0s)

Summary for hier_kw_nmc repeat 40:
  Stage 1 (HER2+ vs rest):  1.0000 (+/- 0.0000)
  Stage 2 (HR+ vs TN):      0.7470 (+/- 0.1020)
  Combined (3-class):       0.8313 (+/- 0.0680)
  Combined fold scores: [0.7937, 0.9524, 0.7917, 0.8571, 0.7619]
  Total time: 30.9s
Fold results saved to /data/cbotos/TB-Project/results/2026-04-22_server_run_flat_nested_CV/hierarchical_nested_cv_2x2/data/fold_results_kw_nmc_r40.csv
Checkpoint removed (job complete).
