Run: 2026-04-22_server_run_flat_nested_CV
Config: /data/cbotos/TB-Project/results/2026-04-22_server_run_flat_nested_CV/config_snapshot_hierarchical.yaml
Stage 1: kw_rf (fixed, binary HER2+ vs rest)
Stage 2: en_rf (HR+ vs Triple Neg)
Repeat seed: 10
Stage 1: fixed KW+RF k=5 (no grid search)
Stage 2 grid size: 800 combinations
Loading data...
Loaded 100 samples, 273 features.
Classes: ['HER2+', 'HR+', 'Triple Neg']
  HER2+: 32 samples
  HR+: 36 samples
  Triple Neg: 32 samples
  Fold 1: s1=1.0000  s2=0.7619  combined=0.8413  auroc=0.9466  s1_k=5  s2_k=20  routed=13/20  (2845.9s)
  Fold 2: s1=1.0000  s2=0.6905  combined=0.7937  auroc=0.9502  s1_k=5  s2_k=50  routed=13/20  (2829.3s)
  Fold 3: s1=1.0000  s2=0.5625  combined=0.7083  auroc=0.8814  s1_k=5  s2_k=5  routed=14/20  (2837.5s)
  Fold 4: s1=1.0000  s2=0.5714  combined=0.7143  auroc=0.8462  s1_k=5  s2_k=50  routed=14/20  (2875.5s)
  Fold 5: s1=1.0000  s2=0.2143  combined=0.4762  auroc=0.7399  s1_k=5  s2_k=5  routed=14/20  (2889.9s)

Summary for hier_en_rf repeat 10:
  Stage 1 (HER2+ vs rest):  1.0000 (+/- 0.0000)
  Stage 2 (HR+ vs TN):      0.5601 (+/- 0.1884)
  Combined (3-class):       0.7067 (+/- 0.1256)
  Combined fold scores: [0.8413, 0.7937, 0.7083, 0.7143, 0.4762]
  Total time: 14278.0s
Fold results saved to /data/cbotos/TB-Project/results/2026-04-22_server_run_flat_nested_CV/hierarchical_nested_cv_2x2/data/fold_results_en_rf_r10.csv
Checkpoint removed (job complete).
