Run: 2026-04-22_server_run_flat_nested_CV
Config: /data/cbotos/TB-Project/results/2026-04-22_server_run_flat_nested_CV/config_snapshot_hierarchical.yaml
Stage 1: kw_rf (fixed, binary HER2+ vs rest)
Stage 2: kw_nmc (HR+ vs Triple Neg)
Repeat seed: 39
Stage 1: fixed KW+RF k=5 (no grid search)
Stage 2 grid size: 8 combinations
Loading data...
Loaded 100 samples, 273 features.
Classes: ['HER2+', 'HR+', 'Triple Neg']
  HER2+: 32 samples
  HR+: 36 samples
  Triple Neg: 32 samples
  Fold 1: s1=1.0000  s2=0.8452  combined=0.8968  auroc=0.9695  s1_k=5  s2_k=20  routed=13/20  (6.9s)
  Fold 2: s1=1.0000  s2=0.6905  combined=0.7937  auroc=0.9426  s1_k=5  s2_k=50  routed=13/20  (5.9s)
  Fold 3: s1=1.0000  s2=0.8125  combined=0.8750  auroc=0.9851  s1_k=5  s2_k=50  routed=14/20  (5.9s)
  Fold 4: s1=1.0000  s2=0.6429  combined=0.7619  auroc=0.8462  s1_k=5  s2_k=15  routed=14/20  (5.9s)
  Fold 5: s1=1.0000  s2=0.6429  combined=0.7619  auroc=0.9341  s1_k=5  s2_k=30  routed=14/20  (6.0s)

Summary for hier_kw_nmc repeat 39:
  Stage 1 (HER2+ vs rest):  1.0000 (+/- 0.0000)
  Stage 2 (HR+ vs TN):      0.7268 (+/- 0.0858)
  Combined (3-class):       0.8179 (+/- 0.0572)
  Combined fold scores: [0.8968, 0.7937, 0.875, 0.7619, 0.7619]
  Total time: 30.5s
Fold results saved to /data/cbotos/TB-Project/results/2026-04-22_server_run_flat_nested_CV/hierarchical_nested_cv_2x2/data/fold_results_kw_nmc_r39.csv
Checkpoint removed (job complete).
