Run: 2026-04-22_server_run_flat_nested_CV
Config: /data/cbotos/TB-Project/results/2026-04-22_server_run_flat_nested_CV/config_snapshot_hierarchical.yaml
Stage 1: kw_rf (fixed, binary HER2+ vs rest)
Stage 2: kw_nmc (HR+ vs Triple Neg)
Repeat seed: 25
Stage 1: fixed KW+RF k=5 (no grid search)
Stage 2 grid size: 8 combinations
Loading data...
Loaded 100 samples, 273 features.
Classes: ['HER2+', 'HR+', 'Triple Neg']
  HER2+: 32 samples
  HR+: 36 samples
  Triple Neg: 32 samples
  Fold 1: s1=1.0000  s2=0.6786  combined=0.7857  auroc=0.9161  s1_k=5  s2_k=75  routed=13/20  (7.1s)
  Fold 2: s1=1.0000  s2=0.6190  combined=0.7460  auroc=0.8971  s1_k=5  s2_k=5  routed=13/20  (5.8s)
  Fold 3: s1=1.0000  s2=0.7917  combined=0.8611  auroc=0.9221  s1_k=5  s2_k=10  routed=14/20  (5.9s)
  Fold 4: s1=1.0000  s2=0.7143  combined=0.8095  auroc=0.9341  s1_k=5  s2_k=50  routed=14/20  (5.9s)
  Fold 5: s1=1.0000  s2=0.7143  combined=0.8095  auroc=0.9560  s1_k=5  s2_k=50  routed=14/20  (5.9s)

Summary for hier_kw_nmc repeat 25:
  Stage 1 (HER2+ vs rest):  1.0000 (+/- 0.0000)
  Stage 2 (HR+ vs TN):      0.7036 (+/- 0.0561)
  Combined (3-class):       0.8024 (+/- 0.0374)
  Combined fold scores: [0.7857, 0.746, 0.8611, 0.8095, 0.8095]
  Total time: 30.7s
Fold results saved to /data/cbotos/TB-Project/results/2026-04-22_server_run_flat_nested_CV/hierarchical_nested_cv_2x2/data/fold_results_kw_nmc_r25.csv
Checkpoint removed (job complete).
