========================================
Job 113 of 200
Pipeline: en_nmc
Repeat:   13 / 50
Config:   /data/cbotos/TB-Project-Server/results/2026-04-22_default_run/config_snapshot.yaml
Run:      default_run
Node:     node2
CPUs:     1
Memory:   4096MB
Work dir: /data/cbotos/TB-Project-Server
Start:    2026-04-22 21:01:27
========================================
Running: python3 /data/cbotos/TB-Project-Server/code/nested_cv_2x2_runner.py --pipeline en_nmc --repeat 13 --config /data/cbotos/TB-Project-Server/results/2026-04-22_default_run/config_snapshot.yaml --name default_run
INFO     Run: 2026-04-22_default_run                                            
INFO     Config:                                                                
         /data/cbotos/TB-Project-Server/results/2026-04-22_default_run/config_sn
         apshot.yaml                                                            
INFO     Pipeline: en_nmc                                                       
INFO     Repeat seed: 13                                                        
INFO     Grid size: 200 combinations                                            
INFO     Loading data...                                                        
INFO     Loaded 100 samples, 273 features.                                      
INFO     Classes: ['HER2+', 'HR+', 'Triple Neg']                                
INFO       Fold 1: bal_acc=0.8968  auroc=0.9429  inner_best=0.7933  n_features=5
         (495.3s)                                                               
INFO       Fold 2: bal_acc=0.8016  auroc=0.8971  inner_best=0.8289              
         n_features=50  (511.9s)                                                
INFO       Fold 3: bal_acc=0.7222  auroc=0.8636  inner_best=0.7933  n_features=5
         (504.6s)                                                               
INFO       Fold 4: bal_acc=0.9048  auroc=0.9377  inner_best=0.8089              
         n_features=10  (496.0s)                                                
INFO       Fold 5: bal_acc=0.5635  auroc=0.7152  inner_best=0.8489              
         n_features=20  (498.1s)                                                
  en_nmc repeat 13 outer folds ━━━━━━━━━━━━━━━━━━━━━━━━━━━━━━━━━━━━ 100% 0:41:45
INFO                                                                            
INFO     Summary for en_nmc repeat 13:                                          
INFO       Fold scores: [0.8968, 0.8016, 0.7222, 0.9048, 0.5635]                
INFO       Mean balanced accuracy: 0.7778 (+/- 0.1264)                          
INFO       Total time: 2505.9s                                                  
INFO     Fold results saved to                                                  
         /data/cbotos/TB-Project-Server/results/2026-04-22_default_run/nested_cv
         _2x2/data/fold_results_en_nmc_r13.csv                                  
INFO     Checkpoint removed (job complete).                                     
========================================
Finished: 2026-04-22 21:43:16
Elapsed:  0h 41m 49s
Exit:     0
========================================
[NCV-TASK-DONE] array=13456 task=112 pipeline=en_nmc repeat=13 exit=0 elapsed=2509s
