========================================
Job 196 of 200
Pipeline: en_rf
Repeat:   46 / 50
Config:   /data/cbotos/TB-Project-Server/results/2026-04-22_default_run/config_snapshot.yaml
Run:      default_run
Node:     node1
CPUs:     1
Memory:   4096MB
Work dir: /data/cbotos/TB-Project-Server
Start:    2026-04-22 21:43:49
========================================
Running: python3 /data/cbotos/TB-Project-Server/code/nested_cv_2x2_runner.py --pipeline en_rf --repeat 46 --config /data/cbotos/TB-Project-Server/results/2026-04-22_default_run/config_snapshot.yaml --name default_run
INFO     Run: 2026-04-22_default_run                                            
INFO     Config:                                                                
         /data/cbotos/TB-Project-Server/results/2026-04-22_default_run/config_sn
         apshot.yaml                                                            
INFO     Pipeline: en_rf                                                        
INFO     Repeat seed: 46                                                        
INFO     Grid size: 800 combinations                                            
INFO     Loading data...                                                        
INFO     Loaded 100 samples, 273 features.                                      
INFO     Classes: ['HER2+', 'HR+', 'Triple Neg']                                
INFO       Fold 1: bal_acc=0.8413  auroc=0.9582  inner_best=0.8089              
         n_features=20  (4105.5s)                                               
INFO       Fold 2: bal_acc=0.7857  auroc=0.9579  inner_best=0.8178              
         n_features=50  (4090.6s)                                               
INFO       Fold 3: bal_acc=0.7639  auroc=0.9313  inner_best=0.8578              
         n_features=50  (4061.9s)                                               
INFO       Fold 4: bal_acc=0.6667  auroc=0.8278  inner_best=0.8600              
         n_features=50  (4228.3s)                                               
INFO       Fold 5: bal_acc=0.7619  auroc=0.8901  inner_best=0.8800              
         n_features=20  (4111.9s)                                               
  en_rf repeat 46 outer folds ━━━━━━━━━━━━━━━━━━━━━━━━━━━━━━━━━━━━━ 100% 5:43:18
INFO                                                                            
INFO     Summary for en_rf repeat 46:                                           
INFO       Fold scores: [0.8413, 0.7857, 0.7639, 0.6667, 0.7619]                
INFO       Mean balanced accuracy: 0.7639 (+/- 0.0564)                          
INFO       Total time: 20598.3s                                                 
INFO     Fold results saved to                                                  
         /data/cbotos/TB-Project-Server/results/2026-04-22_default_run/nested_cv
         _2x2/data/fold_results_en_rf_r46.csv                                   
INFO     Checkpoint removed (job complete).                                     
========================================
Finished: 2026-04-23 03:27:09
Elapsed:  5h 43m 20s
Exit:     0
========================================
[NCV-TASK-DONE] array=13456 task=195 pipeline=en_rf repeat=46 exit=0 elapsed=20600s
