========================================
Job 177 of 200
Pipeline: en_rf
Repeat:   27 / 50
Config:   /data/cbotos/TB-Project-Server/results/2026-04-22_default_run/config_snapshot.yaml
Run:      default_run
Node:     node2
CPUs:     1
Memory:   4096MB
Work dir: /data/cbotos/TB-Project-Server
Start:    2026-04-22 21:43:21
========================================
Running: python3 /data/cbotos/TB-Project-Server/code/nested_cv_2x2_runner.py --pipeline en_rf --repeat 27 --config /data/cbotos/TB-Project-Server/results/2026-04-22_default_run/config_snapshot.yaml --name default_run
INFO     Run: 2026-04-22_default_run                                            
INFO     Config:                                                                
         /data/cbotos/TB-Project-Server/results/2026-04-22_default_run/config_sn
         apshot.yaml                                                            
INFO     Pipeline: en_rf                                                        
INFO     Repeat seed: 27                                                        
INFO     Grid size: 800 combinations                                            
INFO     Loading data...                                                        
INFO     Loaded 100 samples, 273 features.                                      
INFO     Classes: ['HER2+', 'HR+', 'Triple Neg']                                
INFO       Fold 1: bal_acc=0.7381  auroc=0.8834  inner_best=0.8800              
         n_features=20  (3951.9s)                                               
INFO       Fold 2: bal_acc=0.8968  auroc=0.9771  inner_best=0.7978              
         n_features=50  (3982.1s)                                               
INFO       Fold 3: bal_acc=0.6944  auroc=0.7706  inner_best=0.8156  n_features=5
         (3998.5s)                                                              
INFO       Fold 4: bal_acc=0.7619  auroc=0.8315  inner_best=0.8733              
         n_features=50  (4154.4s)                                               
INFO       Fold 5: bal_acc=0.8571  auroc=0.9396  inner_best=0.8156              
         n_features=50  (4004.1s)                                               
  en_rf repeat 27 outer folds ━━━━━━━━━━━━━━━━━━━━━━━━━━━━━━━━━━━━━ 100% 5:34:51
INFO                                                                            
INFO     Summary for en_rf repeat 27:                                           
INFO       Fold scores: [0.7381, 0.8968, 0.6944, 0.7619, 0.8571]                
INFO       Mean balanced accuracy: 0.7897 (+/- 0.0755)                          
INFO       Total time: 20091.1s                                                 
INFO     Fold results saved to                                                  
         /data/cbotos/TB-Project-Server/results/2026-04-22_default_run/nested_cv
         _2x2/data/fold_results_en_rf_r27.csv                                   
INFO     Checkpoint removed (job complete).                                     
========================================
Finished: 2026-04-23 03:18:14
Elapsed:  5h 34m 53s
Exit:     0
========================================
[NCV-TASK-DONE] array=13456 task=176 pipeline=en_rf repeat=27 exit=0 elapsed=20093s
