========================================
Job 91 of 200
Pipeline: kw_rf
Repeat:   41 / 50
Config:   /data/cbotos/TB-Project-Server/results/2026-04-22_default_run/config_snapshot.yaml
Run:      default_run
Node:     node3
CPUs:     1
Memory:   4096MB
Work dir: /data/cbotos/TB-Project-Server
Start:    2026-04-22 20:52:55
========================================
Running: python3 /data/cbotos/TB-Project-Server/code/nested_cv_2x2_runner.py --pipeline kw_rf --repeat 41 --config /data/cbotos/TB-Project-Server/results/2026-04-22_default_run/config_snapshot.yaml --name default_run
INFO     Run: 2026-04-22_default_run                                            
INFO     Config:                                                                
         /data/cbotos/TB-Project-Server/results/2026-04-22_default_run/config_sn
         apshot.yaml                                                            
INFO     Pipeline: kw_rf                                                        
INFO     Repeat seed: 41                                                        
INFO     Grid size: 32 combinations                                             
INFO     Loading data...                                                        
INFO     Loaded 100 samples, 273 features.                                      
INFO     Classes: ['HER2+', 'HR+', 'Triple Neg']                                
INFO       Fold 1: bal_acc=0.7857  auroc=0.8468  inner_best=0.8378              
         n_features=15  (105.3s)                                                
INFO       Fold 2: bal_acc=0.8571  auroc=0.9426  inner_best=0.8378              
         n_features=100  (104.6s)                                               
INFO       Fold 3: bal_acc=0.9028  auroc=0.9410  inner_best=0.7622              
         n_features=30  (104.5s)                                                
INFO       Fold 4: bal_acc=0.6667  auroc=0.8718  inner_best=0.8511              
         n_features=30  (104.0s)                                                
INFO       Fold 5: bal_acc=0.7619  auroc=0.9084  inner_best=0.8311              
         n_features=75  (104.5s)                                                
  kw_rf repeat 41 outer folds ━━━━━━━━━━━━━━━━━━━━━━━━━━━━━━━━━━━━━ 100% 0:08:42
INFO                                                                            
INFO     Summary for kw_rf repeat 41:                                           
INFO       Fold scores: [0.7857, 0.8571, 0.9028, 0.6667, 0.7619]                
INFO       Mean balanced accuracy: 0.7948 (+/- 0.0814)                          
INFO       Total time: 522.9s                                                   
INFO     Fold results saved to                                                  
         /data/cbotos/TB-Project-Server/results/2026-04-22_default_run/nested_cv
         _2x2/data/fold_results_kw_rf_r41.csv                                   
INFO     Checkpoint removed (job complete).                                     
========================================
Finished: 2026-04-22 21:01:40
Elapsed:  0h 8m 45s
Exit:     0
========================================
[NCV-TASK-DONE] array=13456 task=90 pipeline=kw_rf repeat=41 exit=0 elapsed=525s
