========================================
Job 166 of 200
Pipeline: en_rf
Repeat:   16 / 50
Config:   /data/cbotos/TB-Project-Server/results/2026-04-22_default_run/config_snapshot.yaml
Run:      default_run
Node:     node3
CPUs:     1
Memory:   4096MB
Work dir: /data/cbotos/TB-Project-Server
Start:    2026-04-22 21:43:13
========================================
Running: python3 /data/cbotos/TB-Project-Server/code/nested_cv_2x2_runner.py --pipeline en_rf --repeat 16 --config /data/cbotos/TB-Project-Server/results/2026-04-22_default_run/config_snapshot.yaml --name default_run
INFO     Run: 2026-04-22_default_run                                            
INFO     Config:                                                                
         /data/cbotos/TB-Project-Server/results/2026-04-22_default_run/config_sn
         apshot.yaml                                                            
INFO     Pipeline: en_rf                                                        
INFO     Repeat seed: 16                                                        
INFO     Grid size: 800 combinations                                            
INFO     Loading data...                                                        
INFO     Loaded 100 samples, 273 features.                                      
INFO     Classes: ['HER2+', 'HR+', 'Triple Neg']                                
INFO       Fold 1: bal_acc=0.8413  auroc=0.9237  inner_best=0.8156              
         n_features=20  (4038.6s)                                               
INFO       Fold 2: bal_acc=0.8413  auroc=0.8971  inner_best=0.7889              
         n_features=10  (3963.3s)                                               
INFO       Fold 3: bal_acc=0.6667  auroc=0.8552  inner_best=0.8622              
         n_features=20  (3968.7s)                                               
INFO       Fold 4: bal_acc=0.7143  auroc=0.8791  inner_best=0.8622              
         n_features=50  (4002.5s)                                               
INFO       Fold 5: bal_acc=0.6667  auroc=0.8278  inner_best=0.8867  n_features=5
         (4078.4s)                                                              
  en_rf repeat 16 outer folds ━━━━━━━━━━━━━━━━━━━━━━━━━━━━━━━━━━━━━ 100% 5:34:11
INFO                                                                            
INFO     Summary for en_rf repeat 16:                                           
INFO       Fold scores: [0.8413, 0.8413, 0.6667, 0.7143, 0.6667]                
INFO       Mean balanced accuracy: 0.7460 (+/- 0.0797)                          
INFO       Total time: 20051.5s                                                 
INFO     Fold results saved to                                                  
         /data/cbotos/TB-Project-Server/results/2026-04-22_default_run/nested_cv
         _2x2/data/fold_results_en_rf_r16.csv                                   
INFO     Checkpoint removed (job complete).                                     
========================================
Finished: 2026-04-23 03:17:26
Elapsed:  5h 34m 13s
Exit:     0
========================================
[NCV-TASK-DONE] array=13456 task=165 pipeline=en_rf repeat=16 exit=0 elapsed=20053s
