========================================
Job 151 of 200
Pipeline: en_rf
Repeat:   1 / 50
Config:   /data/cbotos/TB-Project-Server/results/2026-04-22_default_run/config_snapshot.yaml
Run:      default_run
Node:     node2
CPUs:     1
Memory:   4096MB
Work dir: /data/cbotos/TB-Project-Server
Start:    2026-04-22 21:36:21
========================================
Running: python3 /data/cbotos/TB-Project-Server/code/nested_cv_2x2_runner.py --pipeline en_rf --repeat 1 --config /data/cbotos/TB-Project-Server/results/2026-04-22_default_run/config_snapshot.yaml --name default_run
INFO     Run: 2026-04-22_default_run                                            
INFO     Config:                                                                
         /data/cbotos/TB-Project-Server/results/2026-04-22_default_run/config_sn
         apshot.yaml                                                            
INFO     Pipeline: en_rf                                                        
INFO     Repeat seed: 1                                                         
INFO     Grid size: 800 combinations                                            
INFO     Loading data...                                                        
INFO     Loaded 100 samples, 273 features.                                      
INFO     Classes: ['HER2+', 'HR+', 'Triple Neg']                                
INFO       Fold 1: bal_acc=0.7937  auroc=0.9194  inner_best=0.8400  n_features=5
         (3364.7s)                                                              
INFO       Fold 2: bal_acc=0.6825  auroc=0.8648  inner_best=0.8689              
         n_features=20  (3458.4s)                                               
INFO       Fold 3: bal_acc=0.6389  auroc=0.8859  inner_best=0.8711              
         n_features=20  (3377.1s)                                               
INFO       Fold 4: bal_acc=0.7619  auroc=0.8864  inner_best=0.8311  n_features=5
         (3387.9s)                                                              
INFO       Fold 5: bal_acc=0.7619  auroc=0.8864  inner_best=0.8156              
         n_features=10  (3402.7s)                                               
  en_rf repeat 1 outer folds ━━━━━━━━━━━━━━━━━━━━━━━━━━━━━━━━━━━━━━ 100% 4:43:10
INFO                                                                            
INFO     Summary for en_rf repeat 1:                                            
INFO       Fold scores: [0.7937, 0.6825, 0.6389, 0.7619, 0.7619]                
INFO       Mean balanced accuracy: 0.7278 (+/- 0.0576)                          
INFO       Total time: 16990.8s                                                 
INFO     Fold results saved to                                                  
         /data/cbotos/TB-Project-Server/results/2026-04-22_default_run/nested_cv
         _2x2/data/fold_results_en_rf_r1.csv                                    
INFO     Checkpoint removed (job complete).                                     
========================================
Finished: 2026-04-23 02:19:35
Elapsed:  4h 43m 14s
Exit:     0
========================================
[NCV-TASK-DONE] array=13456 task=150 pipeline=en_rf repeat=1 exit=0 elapsed=16994s
