========================================
Job 99 of 200
Pipeline: kw_rf
Repeat:   49 / 50
Config:   /data/cbotos/TB-Project-Server/results/2026-04-22_default_run/config_snapshot.yaml
Run:      default_run
Node:     node1
CPUs:     1
Memory:   4096MB
Work dir: /data/cbotos/TB-Project-Server
Start:    2026-04-22 20:53:02
========================================
Running: python3 /data/cbotos/TB-Project-Server/code/nested_cv_2x2_runner.py --pipeline kw_rf --repeat 49 --config /data/cbotos/TB-Project-Server/results/2026-04-22_default_run/config_snapshot.yaml --name default_run
INFO     Run: 2026-04-22_default_run                                            
INFO     Config:                                                                
         /data/cbotos/TB-Project-Server/results/2026-04-22_default_run/config_sn
         apshot.yaml                                                            
INFO     Pipeline: kw_rf                                                        
INFO     Repeat seed: 49                                                        
INFO     Grid size: 32 combinations                                             
INFO     Loading data...                                                        
INFO     Loaded 100 samples, 273 features.                                      
INFO     Classes: ['HER2+', 'HR+', 'Triple Neg']                                
INFO       Fold 1: bal_acc=0.8492  auroc=0.9347  inner_best=0.8289              
         n_features=75  (108.7s)                                                
INFO       Fold 2: bal_acc=0.8016  auroc=0.9466  inner_best=0.8444              
         n_features=50  (108.4s)                                                
INFO       Fold 3: bal_acc=0.6667  auroc=0.8621  inner_best=0.8489              
         n_features=75  (123.4s)                                                
INFO       Fold 4: bal_acc=0.7143  auroc=0.8352  inner_best=0.7489              
         n_features=30  (123.2s)                                                
INFO       Fold 5: bal_acc=0.7619  auroc=0.8755  inner_best=0.7956              
         n_features=75  (123.8s)                                                
  kw_rf repeat 49 outer folds ━━━━━━━━━━━━━━━━━━━━━━━━━━━━━━━━━━━━━ 100% 0:09:47
INFO                                                                            
INFO     Summary for kw_rf repeat 49:                                           
INFO       Fold scores: [0.8492, 0.8016, 0.6667, 0.7143, 0.7619]                
INFO       Mean balanced accuracy: 0.7587 (+/- 0.0640)                          
INFO       Total time: 587.6s                                                   
INFO     Fold results saved to                                                  
         /data/cbotos/TB-Project-Server/results/2026-04-22_default_run/nested_cv
         _2x2/data/fold_results_kw_rf_r49.csv                                   
INFO     Checkpoint removed (job complete).                                     
========================================
Finished: 2026-04-22 21:02:52
Elapsed:  0h 9m 50s
Exit:     0
========================================
[NCV-TASK-DONE] array=13456 task=98 pipeline=kw_rf repeat=49 exit=0 elapsed=590s
