========================================
Job 68 of 200
Pipeline: kw_rf
Repeat:   18 / 50
Config:   /data/cbotos/TB-Project-Server/results/2026-04-22_default_run/config_snapshot.yaml
Run:      default_run
Node:     node3
CPUs:     1
Memory:   4096MB
Work dir: /data/cbotos/TB-Project-Server
Start:    2026-04-22 20:52:53
========================================
Running: python3 /data/cbotos/TB-Project-Server/code/nested_cv_2x2_runner.py --pipeline kw_rf --repeat 18 --config /data/cbotos/TB-Project-Server/results/2026-04-22_default_run/config_snapshot.yaml --name default_run
INFO     Run: 2026-04-22_default_run                                            
INFO     Config:                                                                
         /data/cbotos/TB-Project-Server/results/2026-04-22_default_run/config_sn
         apshot.yaml                                                            
INFO     Pipeline: kw_rf                                                        
INFO     Repeat seed: 18                                                        
INFO     Grid size: 32 combinations                                             
INFO     Loading data...                                                        
INFO     Loaded 100 samples, 273 features.                                      
INFO     Classes: ['HER2+', 'HR+', 'Triple Neg']                                
INFO       Fold 1: bal_acc=0.6905  auroc=0.8813  inner_best=0.8422              
         n_features=75  (104.9s)                                                
INFO       Fold 2: bal_acc=0.8968  auroc=0.9313  inner_best=0.8689              
         n_features=30  (105.7s)                                                
INFO       Fold 3: bal_acc=0.7778  auroc=0.9489  inner_best=0.8089              
         n_features=50  (105.2s)                                                
INFO       Fold 4: bal_acc=0.8571  auroc=0.9597  inner_best=0.8356              
         n_features=50  (105.5s)                                                
INFO       Fold 5: bal_acc=0.6667  auroc=0.9121  inner_best=0.8133              
         n_features=75  (105.7s)                                                
  kw_rf repeat 18 outer folds ━━━━━━━━━━━━━━━━━━━━━━━━━━━━━━━━━━━━━ 100% 0:08:47
INFO                                                                            
INFO     Summary for kw_rf repeat 18:                                           
INFO       Fold scores: [0.6905, 0.8968, 0.7778, 0.8571, 0.6667]                
INFO       Mean balanced accuracy: 0.7778 (+/- 0.0899)                          
INFO       Total time: 527.1s                                                   
INFO     Fold results saved to                                                  
         /data/cbotos/TB-Project-Server/results/2026-04-22_default_run/nested_cv
         _2x2/data/fold_results_kw_rf_r18.csv                                   
INFO     Checkpoint removed (job complete).                                     
========================================
Finished: 2026-04-22 21:01:42
Elapsed:  0h 8m 49s
Exit:     0
========================================
[NCV-TASK-DONE] array=13456 task=67 pipeline=kw_rf repeat=18 exit=0 elapsed=529s
