========================================
Job 96 of 200
Pipeline: kw_rf
Repeat:   46 / 50
Config:   /data/cbotos/TB-Project-Server/results/2026-04-22_default_run/config_snapshot.yaml
Run:      default_run
Node:     node1
CPUs:     1
Memory:   4096MB
Work dir: /data/cbotos/TB-Project-Server
Start:    2026-04-22 20:52:56
========================================
Running: python3 /data/cbotos/TB-Project-Server/code/nested_cv_2x2_runner.py --pipeline kw_rf --repeat 46 --config /data/cbotos/TB-Project-Server/results/2026-04-22_default_run/config_snapshot.yaml --name default_run
INFO     Run: 2026-04-22_default_run                                            
INFO     Config:                                                                
         /data/cbotos/TB-Project-Server/results/2026-04-22_default_run/config_sn
         apshot.yaml                                                            
INFO     Pipeline: kw_rf                                                        
INFO     Repeat seed: 46                                                        
INFO     Grid size: 32 combinations                                             
INFO     Loading data...                                                        
INFO     Loaded 100 samples, 273 features.                                      
INFO     Classes: ['HER2+', 'HR+', 'Triple Neg']                                
INFO       Fold 1: bal_acc=0.9444  auroc=0.9811  inner_best=0.7933              
         n_features=100  (103.3s)                                               
INFO       Fold 2: bal_acc=0.8413  auroc=0.9753  inner_best=0.8000              
         n_features=50  (103.2s)                                                
INFO       Fold 3: bal_acc=0.8611  auroc=0.9415  inner_best=0.8178              
         n_features=75  (109.8s)                                                
INFO       Fold 4: bal_acc=0.6587  auroc=0.7802  inner_best=0.8178              
         n_features=75  (109.9s)                                                
INFO       Fold 5: bal_acc=0.8095  auroc=0.9304  inner_best=0.8467              
         n_features=75  (110.1s)                                                
  kw_rf repeat 46 outer folds ━━━━━━━━━━━━━━━━━━━━━━━━━━━━━━━━━━━━━ 100% 0:08:56
INFO                                                                            
INFO     Summary for kw_rf repeat 46:                                           
INFO       Fold scores: [0.9444, 0.8413, 0.8611, 0.6587, 0.8095]                
INFO       Mean balanced accuracy: 0.8230 (+/- 0.0935)                          
INFO       Total time: 536.4s                                                   
INFO     Fold results saved to                                                  
         /data/cbotos/TB-Project-Server/results/2026-04-22_default_run/nested_cv
         _2x2/data/fold_results_kw_rf_r46.csv                                   
INFO     Checkpoint removed (job complete).                                     
========================================
Finished: 2026-04-22 21:01:54
Elapsed:  0h 8m 58s
Exit:     0
========================================
[NCV-TASK-DONE] array=13456 task=95 pipeline=kw_rf repeat=46 exit=0 elapsed=538s
