========================================
Job 155 of 200
Pipeline: en_rf
Repeat:   5 / 50
Config:   /data/cbotos/TB-Project-Server/results/2026-04-22_default_run/config_snapshot.yaml
Run:      default_run
Node:     node2
CPUs:     1
Memory:   4096MB
Work dir: /data/cbotos/TB-Project-Server
Start:    2026-04-22 21:36:32
========================================
Running: python3 /data/cbotos/TB-Project-Server/code/nested_cv_2x2_runner.py --pipeline en_rf --repeat 5 --config /data/cbotos/TB-Project-Server/results/2026-04-22_default_run/config_snapshot.yaml --name default_run
INFO     Run: 2026-04-22_default_run                                            
INFO     Config:                                                                
         /data/cbotos/TB-Project-Server/results/2026-04-22_default_run/config_sn
         apshot.yaml                                                            
INFO     Pipeline: en_rf                                                        
INFO     Repeat seed: 5                                                         
INFO     Grid size: 800 combinations                                            
INFO     Loading data...                                                        
INFO     Loaded 100 samples, 273 features.                                      
INFO     Classes: ['HER2+', 'HR+', 'Triple Neg']                                
INFO       Fold 1: bal_acc=0.6905  auroc=0.8098  inner_best=0.8933              
         n_features=20  (3393.9s)                                               
INFO       Fold 2: bal_acc=0.8016  auroc=0.9237  inner_best=0.8044              
         n_features=50  (3389.7s)                                               
INFO       Fold 3: bal_acc=0.8611  auroc=0.9457  inner_best=0.8622              
         n_features=50  (3373.3s)                                               
INFO       Fold 4: bal_acc=0.8095  auroc=0.9451  inner_best=0.8711              
         n_features=50  (3387.8s)                                               
INFO       Fold 5: bal_acc=0.8095  auroc=0.9084  inner_best=0.8311              
         n_features=50  (3399.8s)                                               
  en_rf repeat 5 outer folds ━━━━━━━━━━━━━━━━━━━━━━━━━━━━━━━━━━━━━━ 100% 4:42:24
INFO                                                                            
INFO     Summary for en_rf repeat 5:                                            
INFO       Fold scores: [0.6905, 0.8016, 0.8611, 0.8095, 0.8095]                
INFO       Mean balanced accuracy: 0.7944 (+/- 0.0561)                          
INFO       Total time: 16944.5s                                                 
INFO     Fold results saved to                                                  
         /data/cbotos/TB-Project-Server/results/2026-04-22_default_run/nested_cv
         _2x2/data/fold_results_en_rf_r5.csv                                    
INFO     Checkpoint removed (job complete).                                     
========================================
Finished: 2026-04-23 02:18:58
Elapsed:  4h 42m 26s
Exit:     0
========================================
[NCV-TASK-DONE] array=13456 task=154 pipeline=en_rf repeat=5 exit=0 elapsed=16946s
