========================================
Job 59 of 200
Pipeline: kw_rf
Repeat:   9 / 50
Config:   /data/cbotos/TB-Project-Server/results/2026-04-22_default_run/config_snapshot.yaml
Run:      default_run
Node:     node3
CPUs:     1
Memory:   4096MB
Work dir: /data/cbotos/TB-Project-Server
Start:    2026-04-22 20:52:52
========================================
Running: python3 /data/cbotos/TB-Project-Server/code/nested_cv_2x2_runner.py --pipeline kw_rf --repeat 9 --config /data/cbotos/TB-Project-Server/results/2026-04-22_default_run/config_snapshot.yaml --name default_run
INFO     Run: 2026-04-22_default_run                                            
INFO     Config:                                                                
         /data/cbotos/TB-Project-Server/results/2026-04-22_default_run/config_sn
         apshot.yaml                                                            
INFO     Pipeline: kw_rf                                                        
INFO     Repeat seed: 9                                                         
INFO     Grid size: 32 combinations                                             
INFO     Loading data...                                                        
INFO     Loaded 100 samples, 273 features.                                      
INFO     Classes: ['HER2+', 'HR+', 'Triple Neg']                                
INFO       Fold 1: bal_acc=0.7857  auroc=0.9460  inner_best=0.8200              
         n_features=20  (105.0s)                                                
INFO       Fold 2: bal_acc=0.6905  auroc=0.9011  inner_best=0.8667              
         n_features=100  (105.5s)                                               
INFO       Fold 3: bal_acc=0.7222  auroc=0.9204  inner_best=0.8578              
         n_features=100  (105.2s)                                               
INFO       Fold 4: bal_acc=0.8571  auroc=0.9212  inner_best=0.7089              
         n_features=100  (105.4s)                                               
INFO       Fold 5: bal_acc=0.8571  auroc=0.9560  inner_best=0.8000              
         n_features=100  (105.4s)                                               
  kw_rf repeat 9 outer folds ━━━━━━━━━━━━━━━━━━━━━━━━━━━━━━━━━━━━━━ 100% 0:08:46
INFO                                                                            
INFO     Summary for kw_rf repeat 9:                                            
INFO       Fold scores: [0.7857, 0.6905, 0.7222, 0.8571, 0.8571]                
INFO       Mean balanced accuracy: 0.7825 (+/- 0.0682)                          
INFO       Total time: 526.5s                                                   
INFO     Fold results saved to                                                  
         /data/cbotos/TB-Project-Server/results/2026-04-22_default_run/nested_cv
         _2x2/data/fold_results_kw_rf_r9.csv                                    
INFO     Checkpoint removed (job complete).                                     
========================================
Finished: 2026-04-22 21:01:40
Elapsed:  0h 8m 48s
Exit:     0
========================================
[NCV-TASK-DONE] array=13456 task=58 pipeline=kw_rf repeat=9 exit=0 elapsed=528s
