========================================
Job 110 of 200
Pipeline: en_nmc
Repeat:   10 / 50
Config:   /data/cbotos/TB-Project-Server/results/2026-04-22_default_run/config_snapshot.yaml
Run:      default_run
Node:     node2
CPUs:     1
Memory:   4096MB
Work dir: /data/cbotos/TB-Project-Server
Start:    2026-04-22 21:01:27
========================================
Running: python3 /data/cbotos/TB-Project-Server/code/nested_cv_2x2_runner.py --pipeline en_nmc --repeat 10 --config /data/cbotos/TB-Project-Server/results/2026-04-22_default_run/config_snapshot.yaml --name default_run
INFO     Run: 2026-04-22_default_run                                            
INFO     Config:                                                                
         /data/cbotos/TB-Project-Server/results/2026-04-22_default_run/config_sn
         apshot.yaml                                                            
INFO     Pipeline: en_nmc                                                       
INFO     Repeat seed: 10                                                        
INFO     Grid size: 200 combinations                                            
INFO     Loading data...                                                        
INFO     Loaded 100 samples, 273 features.                                      
INFO     Classes: ['HER2+', 'HR+', 'Triple Neg']                                
INFO       Fold 1: bal_acc=0.6349  auroc=0.9051  inner_best=0.7689              
         n_features=50  (501.3s)                                                
INFO       Fold 2: bal_acc=0.6270  auroc=0.7328  inner_best=0.7378  n_features=5
         (489.1s)                                                               
INFO       Fold 3: bal_acc=0.8194  auroc=0.8621  inner_best=0.7822              
         n_features=10  (500.6s)                                                
INFO       Fold 4: bal_acc=0.7619  auroc=0.8828  inner_best=0.8244              
         n_features=10  (520.7s)                                                
INFO       Fold 5: bal_acc=0.7540  auroc=0.8629  inner_best=0.8200              
         n_features=50  (487.0s)                                                
  en_nmc repeat 10 outer folds ━━━━━━━━━━━━━━━━━━━━━━━━━━━━━━━━━━━━ 100% 0:41:38
INFO                                                                            
INFO     Summary for en_nmc repeat 10:                                          
INFO       Fold scores: [0.6349, 0.627, 0.8194, 0.7619, 0.754]                  
INFO       Mean balanced accuracy: 0.7194 (+/- 0.0757)                          
INFO       Total time: 2498.7s                                                  
INFO     Fold results saved to                                                  
         /data/cbotos/TB-Project-Server/results/2026-04-22_default_run/nested_cv
         _2x2/data/fold_results_en_nmc_r10.csv                                  
INFO     Checkpoint removed (job complete).                                     
========================================
Finished: 2026-04-22 21:43:09
Elapsed:  0h 41m 42s
Exit:     0
========================================
[NCV-TASK-DONE] array=13456 task=109 pipeline=en_nmc repeat=10 exit=0 elapsed=2502s
