========================================
Job 132 of 200
Pipeline: en_nmc
Repeat:   32 / 50
Config:   /data/cbotos/TB-Project-Server/results/2026-04-22_default_run/config_snapshot.yaml
Run:      default_run
Node:     node3
CPUs:     1
Memory:   4096MB
Work dir: /data/cbotos/TB-Project-Server
Start:    2026-04-22 21:01:42
========================================
Running: python3 /data/cbotos/TB-Project-Server/code/nested_cv_2x2_runner.py --pipeline en_nmc --repeat 32 --config /data/cbotos/TB-Project-Server/results/2026-04-22_default_run/config_snapshot.yaml --name default_run
INFO     Run: 2026-04-22_default_run                                            
INFO     Config:                                                                
         /data/cbotos/TB-Project-Server/results/2026-04-22_default_run/config_sn
         apshot.yaml                                                            
INFO     Pipeline: en_nmc                                                       
INFO     Repeat seed: 32                                                        
INFO     Grid size: 200 combinations                                            
INFO     Loading data...                                                        
INFO     Loaded 100 samples, 273 features.                                      
INFO     Classes: ['HER2+', 'HR+', 'Triple Neg']                                
INFO       Fold 1: bal_acc=0.7381  auroc=0.9084  inner_best=0.7733              
         n_features=20  (498.7s)                                                
INFO       Fold 2: bal_acc=0.8968  auroc=0.9542  inner_best=0.8556              
         n_features=20  (496.7s)                                                
INFO       Fold 3: bal_acc=0.7083  auroc=0.8919  inner_best=0.8133              
         n_features=10  (508.8s)                                                
INFO       Fold 4: bal_acc=0.6667  auroc=0.7766  inner_best=0.8289  n_features=5
         (501.7s)                                                               
INFO       Fold 5: bal_acc=0.8492  auroc=0.9194  inner_best=0.8267              
         n_features=20  (488.9s)                                                
  en_nmc repeat 32 outer folds ━━━━━━━━━━━━━━━━━━━━━━━━━━━━━━━━━━━━ 100% 0:41:34
INFO                                                                            
INFO     Summary for en_nmc repeat 32:                                          
INFO       Fold scores: [0.7381, 0.8968, 0.7083, 0.6667, 0.8492]                
INFO       Mean balanced accuracy: 0.7718 (+/- 0.0870)                          
INFO       Total time: 2494.9s                                                  
INFO     Fold results saved to                                                  
         /data/cbotos/TB-Project-Server/results/2026-04-22_default_run/nested_cv
         _2x2/data/fold_results_en_nmc_r32.csv                                  
INFO     Checkpoint removed (job complete).                                     
========================================
Finished: 2026-04-22 21:43:19
Elapsed:  0h 41m 37s
Exit:     0
========================================
[NCV-TASK-DONE] array=13456 task=131 pipeline=en_nmc repeat=32 exit=0 elapsed=2497s
