========================================
Job 69 of 200
Pipeline: kw_rf
Repeat:   19 / 50
Config:   /data/cbotos/TB-Project-Server/results/2026-04-22_default_run/config_snapshot.yaml
Run:      default_run
Node:     node2
CPUs:     1
Memory:   4096MB
Work dir: /data/cbotos/TB-Project-Server
Start:    2026-04-22 20:52:54
========================================
Running: python3 /data/cbotos/TB-Project-Server/code/nested_cv_2x2_runner.py --pipeline kw_rf --repeat 19 --config /data/cbotos/TB-Project-Server/results/2026-04-22_default_run/config_snapshot.yaml --name default_run
INFO     Run: 2026-04-22_default_run                                            
INFO     Config:                                                                
         /data/cbotos/TB-Project-Server/results/2026-04-22_default_run/config_sn
         apshot.yaml                                                            
INFO     Pipeline: kw_rf                                                        
INFO     Repeat seed: 19                                                        
INFO     Grid size: 32 combinations                                             
INFO     Loading data...                                                        
INFO     Loaded 100 samples, 273 features.                                      
INFO     Classes: ['HER2+', 'HR+', 'Triple Neg']                                
INFO       Fold 1: bal_acc=0.6905  auroc=0.9161  inner_best=0.8289              
         n_features=50  (100.8s)                                                
INFO       Fold 2: bal_acc=0.8968  auroc=0.9774  inner_best=0.7711              
         n_features=100  (101.7s)                                               
INFO       Fold 3: bal_acc=0.6250  auroc=0.8006  inner_best=0.8267              
         n_features=15  (101.0s)                                                
INFO       Fold 4: bal_acc=0.7619  auroc=0.8864  inner_best=0.8267              
         n_features=50  (101.5s)                                                
INFO       Fold 5: bal_acc=0.7619  auroc=0.8864  inner_best=0.8244              
         n_features=30  (101.4s)                                                
  kw_rf repeat 19 outer folds ━━━━━━━━━━━━━━━━━━━━━━━━━━━━━━━━━━━━━ 100% 0:08:26
INFO                                                                            
INFO     Summary for kw_rf repeat 19:                                           
INFO       Fold scores: [0.6905, 0.8968, 0.625, 0.7619, 0.7619]                 
INFO       Mean balanced accuracy: 0.7472 (+/- 0.0905)                          
INFO       Total time: 506.5s                                                   
INFO     Fold results saved to                                                  
         /data/cbotos/TB-Project-Server/results/2026-04-22_default_run/nested_cv
         _2x2/data/fold_results_kw_rf_r19.csv                                   
INFO     Checkpoint removed (job complete).                                     
========================================
Finished: 2026-04-22 21:01:22
Elapsed:  0h 8m 28s
Exit:     0
========================================
[NCV-TASK-DONE] array=13456 task=68 pipeline=kw_rf repeat=19 exit=0 elapsed=508s
