========================================
Job 52 of 200
Pipeline: kw_rf
Repeat:   2 / 50
Config:   /data/cbotos/TB-Project-Server/results/2026-04-22_default_run/config_snapshot.yaml
Run:      default_run
Node:     node3
CPUs:     1
Memory:   4096MB
Work dir: /data/cbotos/TB-Project-Server
Start:    2026-04-22 20:52:49
========================================
Running: python3 /data/cbotos/TB-Project-Server/code/nested_cv_2x2_runner.py --pipeline kw_rf --repeat 2 --config /data/cbotos/TB-Project-Server/results/2026-04-22_default_run/config_snapshot.yaml --name default_run
INFO     Run: 2026-04-22_default_run                                            
INFO     Config:                                                                
         /data/cbotos/TB-Project-Server/results/2026-04-22_default_run/config_sn
         apshot.yaml                                                            
INFO     Pipeline: kw_rf                                                        
INFO     Repeat seed: 2                                                         
INFO     Grid size: 32 combinations                                             
INFO     Loading data...                                                        
INFO     Loaded 100 samples, 273 features.                                      
INFO     Classes: ['HER2+', 'HR+', 'Triple Neg']                                
INFO       Fold 1: bal_acc=0.6825  auroc=0.8857  inner_best=0.7933              
         n_features=50  (105.0s)                                                
INFO       Fold 2: bal_acc=0.8492  auroc=0.9325  inner_best=0.8022              
         n_features=100  (105.4s)                                               
INFO       Fold 3: bal_acc=0.7500  auroc=0.8061  inner_best=0.8556              
         n_features=30  (105.1s)                                                
INFO       Fold 4: bal_acc=0.7143  auroc=0.8681  inner_best=0.8156              
         n_features=30  (105.3s)                                                
INFO       Fold 5: bal_acc=0.8095  auroc=0.9084  inner_best=0.7756              
         n_features=50  (105.1s)                                                
  kw_rf repeat 2 outer folds ━━━━━━━━━━━━━━━━━━━━━━━━━━━━━━━━━━━━━━ 100% 0:08:45
INFO                                                                            
INFO     Summary for kw_rf repeat 2:                                            
INFO       Fold scores: [0.6825, 0.8492, 0.75, 0.7143, 0.8095]                  
INFO       Mean balanced accuracy: 0.7611 (+/- 0.0610)                          
INFO       Total time: 525.9s                                                   
INFO     Fold results saved to                                                  
         /data/cbotos/TB-Project-Server/results/2026-04-22_default_run/nested_cv
         _2x2/data/fold_results_kw_rf_r2.csv                                    
INFO     Checkpoint removed (job complete).                                     
========================================
Finished: 2026-04-22 21:01:36
Elapsed:  0h 8m 47s
Exit:     0
========================================
[NCV-TASK-DONE] array=13456 task=51 pipeline=kw_rf repeat=2 exit=0 elapsed=527s
