========================================
Job 190 of 200
Pipeline: en_rf
Repeat:   40 / 50
Config:   /data/cbotos/TB-Project-Server/results/2026-04-22_default_run/config_snapshot.yaml
Run:      default_run
Node:     node3
CPUs:     1
Memory:   4096MB
Work dir: /data/cbotos/TB-Project-Server
Start:    2026-04-22 21:43:35
========================================
Running: python3 /data/cbotos/TB-Project-Server/code/nested_cv_2x2_runner.py --pipeline en_rf --repeat 40 --config /data/cbotos/TB-Project-Server/results/2026-04-22_default_run/config_snapshot.yaml --name default_run
INFO     Run: 2026-04-22_default_run                                            
INFO     Config:                                                                
         /data/cbotos/TB-Project-Server/results/2026-04-22_default_run/config_sn
         apshot.yaml                                                            
INFO     Pipeline: en_rf                                                        
INFO     Repeat seed: 40                                                        
INFO     Grid size: 800 combinations                                            
INFO     Loading data...                                                        
INFO     Loaded 100 samples, 273 features.                                      
INFO     Classes: ['HER2+', 'HR+', 'Triple Neg']                                
INFO       Fold 1: bal_acc=0.7937  auroc=0.9316  inner_best=0.8733              
         n_features=50  (4002.3s)                                               
INFO       Fold 2: bal_acc=0.7857  auroc=0.9499  inner_best=0.8156              
         n_features=50  (4019.3s)                                               
INFO       Fold 3: bal_acc=0.8056  auroc=0.9030  inner_best=0.8644              
         n_features=10  (3993.5s)                                               
INFO       Fold 4: bal_acc=0.8095  auroc=0.9139  inner_best=0.8533              
         n_features=20  (4057.5s)                                               
INFO       Fold 5: bal_acc=0.7143  auroc=0.8352  inner_best=0.8756              
         n_features=20  (4031.1s)                                               
  en_rf repeat 40 outer folds ━━━━━━━━━━━━━━━━━━━━━━━━━━━━━━━━━━━━━ 100% 5:35:03
INFO                                                                            
INFO     Summary for en_rf repeat 40:                                           
INFO       Fold scores: [0.7937, 0.7857, 0.8056, 0.8095, 0.7143]                
INFO       Mean balanced accuracy: 0.7817 (+/- 0.0348)                          
INFO       Total time: 20103.7s                                                 
INFO     Fold results saved to                                                  
         /data/cbotos/TB-Project-Server/results/2026-04-22_default_run/nested_cv
         _2x2/data/fold_results_en_rf_r40.csv                                   
INFO     Checkpoint removed (job complete).                                     
========================================
Finished: 2026-04-23 03:18:40
Elapsed:  5h 35m 5s
Exit:     0
========================================
[NCV-TASK-DONE] array=13456 task=189 pipeline=en_rf repeat=40 exit=0 elapsed=20105s
