========================================
Job 16 of 200
Pipeline: kw_nmc
Repeat:   16 / 50
Config:   /data/cbotos/TB-Project-Server/results/2026-04-22_default_run/config_snapshot.yaml
Run:      default_run
Node:     node2
CPUs:     1
Memory:   4096MB
Work dir: /data/cbotos/TB-Project-Server
Start:    2026-04-22 20:52:17
========================================
Running: python3 /data/cbotos/TB-Project-Server/code/nested_cv_2x2_runner.py --pipeline kw_nmc --repeat 16 --config /data/cbotos/TB-Project-Server/results/2026-04-22_default_run/config_snapshot.yaml --name default_run
INFO     Run: 2026-04-22_default_run                                            
INFO     Config:                                                                
         /data/cbotos/TB-Project-Server/results/2026-04-22_default_run/config_sn
         apshot.yaml                                                            
INFO     Pipeline: kw_nmc                                                       
INFO     Repeat seed: 16                                                        
INFO     Grid size: 8 combinations                                              
INFO     Loading data...                                                        
INFO     Loaded 100 samples, 273 features.                                      
INFO     Classes: ['HER2+', 'HR+', 'Triple Neg']                                
INFO       Fold 1: bal_acc=0.5397  auroc=0.7118  inner_best=0.6467              
         n_features=50  (6.9s)                                                  
INFO       Fold 2: bal_acc=0.6587  auroc=0.8816  inner_best=0.6111  n_features=5
         (5.8s)                                                                 
INFO       Fold 3: bal_acc=0.7083  auroc=0.8929  inner_best=0.6867              
         n_features=20  (5.8s)                                                  
INFO       Fold 4: bal_acc=0.5714  auroc=0.8019  inner_best=0.6933  n_features=5
         (5.8s)                                                                 
INFO       Fold 5: bal_acc=0.6587  auroc=0.8043  inner_best=0.6956              
         n_features=10  (5.8s)                                                  
  kw_nmc repeat 16 outer folds ━━━━━━━━━━━━━━━━━━━━━━━━━━━━━━━━━━━━ 100% 0:00:29
INFO                                                                            
INFO     Summary for kw_nmc repeat 16:                                          
INFO       Fold scores: [0.5397, 0.6587, 0.7083, 0.5714, 0.6587]                
INFO       Mean balanced accuracy: 0.6274 (+/- 0.0622)                          
INFO       Total time: 29.9s                                                    
INFO     Fold results saved to                                                  
         /data/cbotos/TB-Project-Server/results/2026-04-22_default_run/nested_cv
         _2x2/data/fold_results_kw_nmc_r16.csv                                  
INFO     Checkpoint removed (job complete).                                     
========================================
Finished: 2026-04-22 20:52:52
Elapsed:  0h 0m 35s
Exit:     0
========================================
[NCV-TASK-DONE] array=13456 task=15 pipeline=kw_nmc repeat=16 exit=0 elapsed=35s
