========================================
Job 199 of 200
Pipeline: en_rf
Repeat:   49 / 50
Config:   /data/cbotos/TB-Project-Server/results/2026-04-22_default_run/config_snapshot.yaml
Run:      default_run
Node:     node1
CPUs:     1
Memory:   4096MB
Work dir: /data/cbotos/TB-Project-Server
Start:    2026-04-22 21:44:44
========================================
Running: python3 /data/cbotos/TB-Project-Server/code/nested_cv_2x2_runner.py --pipeline en_rf --repeat 49 --config /data/cbotos/TB-Project-Server/results/2026-04-22_default_run/config_snapshot.yaml --name default_run
INFO     Run: 2026-04-22_default_run                                            
INFO     Config:                                                                
         /data/cbotos/TB-Project-Server/results/2026-04-22_default_run/config_sn
         apshot.yaml                                                            
INFO     Pipeline: en_rf                                                        
INFO     Repeat seed: 49                                                        
INFO     Grid size: 800 combinations                                            
INFO     Loading data...                                                        
INFO     Loaded 100 samples, 273 features.                                      
INFO     Classes: ['HER2+', 'HR+', 'Triple Neg']                                
INFO       Fold 1: bal_acc=0.8413  auroc=0.9634  inner_best=0.8733              
         n_features=50  (4257.2s)                                               
INFO       Fold 2: bal_acc=0.7460  auroc=0.9460  inner_best=0.8689              
         n_features=50  (4176.8s)                                               
INFO       Fold 3: bal_acc=0.7083  auroc=0.8552  inner_best=0.8778              
         n_features=50  (4143.6s)                                               
INFO       Fold 4: bal_acc=0.5714  auroc=0.8205  inner_best=0.8400              
         n_features=20  (4267.9s)                                               
INFO       Fold 5: bal_acc=0.7619  auroc=0.8022  inner_best=0.8489              
         n_features=50  (4208.4s)                                               
  en_rf repeat 49 outer folds ━━━━━━━━━━━━━━━━━━━━━━━━━━━━━━━━━━━━━ 100% 5:50:53
INFO                                                                            
INFO     Summary for en_rf repeat 49:                                           
INFO       Fold scores: [0.8413, 0.746, 0.7083, 0.5714, 0.7619]                 
INFO       Mean balanced accuracy: 0.7258 (+/- 0.0885)                          
INFO       Total time: 21053.9s                                                 
INFO     Fold results saved to                                                  
         /data/cbotos/TB-Project-Server/results/2026-04-22_default_run/nested_cv
         _2x2/data/fold_results_en_rf_r49.csv                                   
INFO     Checkpoint removed (job complete).                                     
========================================
Finished: 2026-04-23 03:35:39
Elapsed:  5h 50m 55s
Exit:     0
========================================
[NCV-TASK-DONE] array=13456 task=198 pipeline=en_rf repeat=49 exit=0 elapsed=21055s
