========================================
Job 38 of 200
Pipeline: kw_nmc
Repeat:   38 / 50
Config:   /data/cbotos/TB-Project-Server/results/2026-04-22_default_run/config_snapshot.yaml
Run:      default_run
Node:     node3
CPUs:     1
Memory:   4096MB
Work dir: /data/cbotos/TB-Project-Server
Start:    2026-04-22 20:52:17
========================================
Running: python3 /data/cbotos/TB-Project-Server/code/nested_cv_2x2_runner.py --pipeline kw_nmc --repeat 38 --config /data/cbotos/TB-Project-Server/results/2026-04-22_default_run/config_snapshot.yaml --name default_run
INFO     Run: 2026-04-22_default_run                                            
INFO     Config:                                                                
         /data/cbotos/TB-Project-Server/results/2026-04-22_default_run/config_sn
         apshot.yaml                                                            
INFO     Pipeline: kw_nmc                                                       
INFO     Repeat seed: 38                                                        
INFO     Grid size: 8 combinations                                              
INFO     Loading data...                                                        
INFO     Loaded 100 samples, 273 features.                                      
INFO     Classes: ['HER2+', 'HR+', 'Triple Neg']                                
INFO       Fold 1: bal_acc=0.6429  auroc=0.7943  inner_best=0.6889              
         n_features=10  (6.9s)                                                  
INFO       Fold 2: bal_acc=0.7460  auroc=0.8605  inner_best=0.7733              
         n_features=10  (5.8s)                                                  
INFO       Fold 3: bal_acc=0.4583  auroc=0.6815  inner_best=0.6422  n_features=5
         (5.8s)                                                                 
INFO       Fold 4: bal_acc=0.6111  auroc=0.7897  inner_best=0.6400  n_features=5
         (5.8s)                                                                 
INFO       Fold 5: bal_acc=0.5556  auroc=0.8226  inner_best=0.6511              
         n_features=15  (5.8s)                                                  
  kw_nmc repeat 38 outer folds ━━━━━━━━━━━━━━━━━━━━━━━━━━━━━━━━━━━━ 100% 0:00:30
INFO                                                                            
INFO     Summary for kw_nmc repeat 38:                                          
INFO       Fold scores: [0.6429, 0.746, 0.4583, 0.6111, 0.5556]                 
INFO       Mean balanced accuracy: 0.6028 (+/- 0.0952)                          
INFO       Total time: 30.1s                                                    
INFO     Fold results saved to                                                  
         /data/cbotos/TB-Project-Server/results/2026-04-22_default_run/nested_cv
         _2x2/data/fold_results_kw_nmc_r38.csv                                  
INFO     Checkpoint removed (job complete).                                     
========================================
Finished: 2026-04-22 20:52:50
Elapsed:  0h 0m 33s
Exit:     0
========================================
[NCV-TASK-DONE] array=13456 task=37 pipeline=kw_nmc repeat=38 exit=0 elapsed=33s
