========================================
Job 174 of 200
Pipeline: en_rf
Repeat:   24 / 50
Config:   /data/cbotos/TB-Project-Server/results/2026-04-22_default_run/config_snapshot.yaml
Run:      default_run
Node:     node2
CPUs:     1
Memory:   4096MB
Work dir: /data/cbotos/TB-Project-Server
Start:    2026-04-22 21:43:18
========================================
Running: python3 /data/cbotos/TB-Project-Server/code/nested_cv_2x2_runner.py --pipeline en_rf --repeat 24 --config /data/cbotos/TB-Project-Server/results/2026-04-22_default_run/config_snapshot.yaml --name default_run
INFO     Run: 2026-04-22_default_run                                            
INFO     Config:                                                                
         /data/cbotos/TB-Project-Server/results/2026-04-22_default_run/config_sn
         apshot.yaml                                                            
INFO     Pipeline: en_rf                                                        
INFO     Repeat seed: 24                                                        
INFO     Grid size: 800 combinations                                            
INFO     Loading data...                                                        
INFO     Loaded 100 samples, 273 features.                                      
INFO     Classes: ['HER2+', 'HR+', 'Triple Neg']                                
INFO       Fold 1: bal_acc=0.8492  auroc=0.9545  inner_best=0.8556              
         n_features=50  (3974.6s)                                               
INFO       Fold 2: bal_acc=0.7063  auroc=0.9274  inner_best=0.8400              
         n_features=20  (4089.1s)                                               
INFO       Fold 3: bal_acc=0.9444  auroc=0.9782  inner_best=0.8111              
         n_features=50  (4011.8s)                                               
INFO       Fold 4: bal_acc=0.6667  auroc=0.8498  inner_best=0.8267              
         n_features=50  (4022.1s)                                               
INFO       Fold 5: bal_acc=0.7143  auroc=0.8095  inner_best=0.8711              
         n_features=10  (4016.5s)                                               
  en_rf repeat 24 outer folds ━━━━━━━━━━━━━━━━━━━━━━━━━━━━━━━━━━━━━ 100% 5:35:14
INFO                                                                            
INFO     Summary for en_rf repeat 24:                                           
INFO       Fold scores: [0.8492, 0.7063, 0.9444, 0.6667, 0.7143]                
INFO       Mean balanced accuracy: 0.7762 (+/- 0.1043)                          
INFO       Total time: 20114.1s                                                 
INFO     Fold results saved to                                                  
         /data/cbotos/TB-Project-Server/results/2026-04-22_default_run/nested_cv
         _2x2/data/fold_results_en_rf_r24.csv                                   
INFO     Checkpoint removed (job complete).                                     
========================================
Finished: 2026-04-23 03:18:34
Elapsed:  5h 35m 16s
Exit:     0
========================================
[NCV-TASK-DONE] array=13456 task=173 pipeline=en_rf repeat=24 exit=0 elapsed=20116s
