========================================
Job 182 of 200
Pipeline: en_rf
Repeat:   32 / 50
Config:   /data/cbotos/TB-Project-Server/results/2026-04-22_default_run/config_snapshot.yaml
Run:      default_run
Node:     node3
CPUs:     1
Memory:   4096MB
Work dir: /data/cbotos/TB-Project-Server
Start:    2026-04-22 21:43:28
========================================
Running: python3 /data/cbotos/TB-Project-Server/code/nested_cv_2x2_runner.py --pipeline en_rf --repeat 32 --config /data/cbotos/TB-Project-Server/results/2026-04-22_default_run/config_snapshot.yaml --name default_run
INFO     Run: 2026-04-22_default_run                                            
INFO     Config:                                                                
         /data/cbotos/TB-Project-Server/results/2026-04-22_default_run/config_sn
         apshot.yaml                                                            
INFO     Pipeline: en_rf                                                        
INFO     Repeat seed: 32                                                        
INFO     Grid size: 800 combinations                                            
INFO     Loading data...                                                        
INFO     Loaded 100 samples, 273 features.                                      
INFO     Classes: ['HER2+', 'HR+', 'Triple Neg']                                
INFO       Fold 1: bal_acc=0.7381  auroc=0.9412  inner_best=0.8378              
         n_features=50  (3998.5s)                                               
INFO       Fold 2: bal_acc=0.8889  auroc=0.9548  inner_best=0.8600              
         n_features=50  (3994.3s)                                               
INFO       Fold 3: bal_acc=0.8194  auroc=0.9152  inner_best=0.8644  n_features=5
         (4036.8s)                                                              
INFO       Fold 4: bal_acc=0.7619  auroc=0.9359  inner_best=0.8378              
         n_features=20  (4026.1s)                                               
INFO       Fold 5: bal_acc=0.7619  auroc=0.9396  inner_best=0.8222              
         n_features=20  (3974.1s)                                               
  en_rf repeat 32 outer folds ━━━━━━━━━━━━━━━━━━━━━━━━━━━━━━━━━━━━━ 100% 5:33:49
INFO                                                                            
INFO     Summary for en_rf repeat 32:                                           
INFO       Fold scores: [0.7381, 0.8889, 0.8194, 0.7619, 0.7619]                
INFO       Mean balanced accuracy: 0.7940 (+/- 0.0545)                          
INFO       Total time: 20029.9s                                                 
INFO     Fold results saved to                                                  
         /data/cbotos/TB-Project-Server/results/2026-04-22_default_run/nested_cv
         _2x2/data/fold_results_en_rf_r32.csv                                   
INFO     Checkpoint removed (job complete).                                     
========================================
Finished: 2026-04-23 03:17:20
Elapsed:  5h 33m 52s
Exit:     0
========================================
[NCV-TASK-DONE] array=13456 task=181 pipeline=en_rf repeat=32 exit=0 elapsed=20032s
