========================================
Job 62 of 200
Pipeline: kw_rf
Repeat:   12 / 50
Config:   /data/cbotos/TB-Project-Server/results/2026-04-22_default_run/config_snapshot.yaml
Run:      default_run
Node:     node3
CPUs:     1
Memory:   4096MB
Work dir: /data/cbotos/TB-Project-Server
Start:    2026-04-22 20:52:53
========================================
Running: python3 /data/cbotos/TB-Project-Server/code/nested_cv_2x2_runner.py --pipeline kw_rf --repeat 12 --config /data/cbotos/TB-Project-Server/results/2026-04-22_default_run/config_snapshot.yaml --name default_run
INFO     Run: 2026-04-22_default_run                                            
INFO     Config:                                                                
         /data/cbotos/TB-Project-Server/results/2026-04-22_default_run/config_sn
         apshot.yaml                                                            
INFO     Pipeline: kw_rf                                                        
INFO     Repeat seed: 12                                                        
INFO     Grid size: 32 combinations                                             
INFO     Loading data...                                                        
INFO     Loaded 100 samples, 273 features.                                      
INFO     Classes: ['HER2+', 'HR+', 'Triple Neg']                                
INFO       Fold 1: bal_acc=0.7857  auroc=0.9505  inner_best=0.7822              
         n_features=10  (104.7s)                                                
INFO       Fold 2: bal_acc=0.7381  auroc=0.8632  inner_best=0.8156              
         n_features=50  (105.4s)                                                
INFO       Fold 3: bal_acc=0.7083  auroc=0.9221  inner_best=0.8267              
         n_features=50  (104.3s)                                                
INFO       Fold 4: bal_acc=0.8095  auroc=0.8755  inner_best=0.8244              
         n_features=100  (104.7s)                                               
INFO       Fold 5: bal_acc=0.9048  auroc=0.9707  inner_best=0.7978              
         n_features=75  (104.7s)                                                
  kw_rf repeat 12 outer folds ━━━━━━━━━━━━━━━━━━━━━━━━━━━━━━━━━━━━━ 100% 0:08:43
INFO                                                                            
INFO     Summary for kw_rf repeat 12:                                           
INFO       Fold scores: [0.7857, 0.7381, 0.7083, 0.8095, 0.9048]                
INFO       Mean balanced accuracy: 0.7893 (+/- 0.0677)                          
INFO       Total time: 523.7s                                                   
INFO     Fold results saved to                                                  
         /data/cbotos/TB-Project-Server/results/2026-04-22_default_run/nested_cv
         _2x2/data/fold_results_kw_rf_r12.csv                                   
INFO     Checkpoint removed (job complete).                                     
========================================
Finished: 2026-04-22 21:01:38
Elapsed:  0h 8m 45s
Exit:     0
========================================
[NCV-TASK-DONE] array=13456 task=61 pipeline=kw_rf repeat=12 exit=0 elapsed=525s
