========================================
Job 58 of 200
Pipeline: kw_rf
Repeat:   8 / 50
Config:   /data/cbotos/TB-Project-Server/results/2026-04-22_default_run/config_snapshot.yaml
Run:      default_run
Node:     node3
CPUs:     1
Memory:   4096MB
Work dir: /data/cbotos/TB-Project-Server
Start:    2026-04-22 20:52:52
========================================
Running: python3 /data/cbotos/TB-Project-Server/code/nested_cv_2x2_runner.py --pipeline kw_rf --repeat 8 --config /data/cbotos/TB-Project-Server/results/2026-04-22_default_run/config_snapshot.yaml --name default_run
INFO     Run: 2026-04-22_default_run                                            
INFO     Config:                                                                
         /data/cbotos/TB-Project-Server/results/2026-04-22_default_run/config_sn
         apshot.yaml                                                            
INFO     Pipeline: kw_rf                                                        
INFO     Repeat seed: 8                                                         
INFO     Grid size: 32 combinations                                             
INFO     Loading data...                                                        
INFO     Loaded 100 samples, 273 features.                                      
INFO     Classes: ['HER2+', 'HR+', 'Triple Neg']                                
INFO       Fold 1: bal_acc=0.7857  auroc=0.9620  inner_best=0.8333              
         n_features=100  (105.0s)                                               
INFO       Fold 2: bal_acc=0.8492  auroc=0.9386  inner_best=0.7578              
         n_features=100  (105.3s)                                               
INFO       Fold 3: bal_acc=0.8333  auroc=0.8884  inner_best=0.8511              
         n_features=50  (105.1s)                                                
INFO       Fold 4: bal_acc=0.7619  auroc=0.8645  inner_best=0.8533              
         n_features=75  (105.4s)                                                
INFO       Fold 5: bal_acc=0.8095  auroc=0.9487  inner_best=0.8267              
         n_features=100  (105.7s)                                               
  kw_rf repeat 8 outer folds ━━━━━━━━━━━━━━━━━━━━━━━━━━━━━━━━━━━━━━ 100% 0:08:46
INFO                                                                            
INFO     Summary for kw_rf repeat 8:                                            
INFO       Fold scores: [0.7857, 0.8492, 0.8333, 0.7619, 0.8095]                
INFO       Mean balanced accuracy: 0.8079 (+/- 0.0315)                          
INFO       Total time: 526.5s                                                   
INFO     Fold results saved to                                                  
         /data/cbotos/TB-Project-Server/results/2026-04-22_default_run/nested_cv
         _2x2/data/fold_results_kw_rf_r8.csv                                    
INFO     Checkpoint removed (job complete).                                     
========================================
Finished: 2026-04-22 21:01:40
Elapsed:  0h 8m 48s
Exit:     0
========================================
[NCV-TASK-DONE] array=13456 task=57 pipeline=kw_rf repeat=8 exit=0 elapsed=528s
