========================================
Job 80 of 200
Pipeline: kw_rf
Repeat:   30 / 50
Config:   /data/cbotos/TB-Project-Server/results/2026-04-22_default_run/config_snapshot.yaml
Run:      default_run
Node:     node2
CPUs:     1
Memory:   4096MB
Work dir: /data/cbotos/TB-Project-Server
Start:    2026-04-22 20:52:54
========================================
Running: python3 /data/cbotos/TB-Project-Server/code/nested_cv_2x2_runner.py --pipeline kw_rf --repeat 30 --config /data/cbotos/TB-Project-Server/results/2026-04-22_default_run/config_snapshot.yaml --name default_run
INFO     Run: 2026-04-22_default_run                                            
INFO     Config:                                                                
         /data/cbotos/TB-Project-Server/results/2026-04-22_default_run/config_sn
         apshot.yaml                                                            
INFO     Pipeline: kw_rf                                                        
INFO     Repeat seed: 30                                                        
INFO     Grid size: 32 combinations                                             
INFO     Loading data...                                                        
INFO     Loaded 100 samples, 273 features.                                      
INFO     Classes: ['HER2+', 'HR+', 'Triple Neg']                                
INFO       Fold 1: bal_acc=0.8413  auroc=0.9542  inner_best=0.7800              
         n_features=100  (101.7s)                                               
INFO       Fold 2: bal_acc=0.8492  auroc=0.9712  inner_best=0.7911              
         n_features=100  (101.9s)                                               
INFO       Fold 3: bal_acc=0.8472  auroc=0.9658  inner_best=0.8178              
         n_features=75  (101.4s)                                                
INFO       Fold 4: bal_acc=0.8095  auroc=0.9048  inner_best=0.8644              
         n_features=50  (101.4s)                                                
INFO       Fold 5: bal_acc=0.7619  auroc=0.8919  inner_best=0.8378              
         n_features=100  (101.7s)                                               
  kw_rf repeat 30 outer folds ━━━━━━━━━━━━━━━━━━━━━━━━━━━━━━━━━━━━━ 100% 0:08:28
INFO                                                                            
INFO     Summary for kw_rf repeat 30:                                           
INFO       Fold scores: [0.8413, 0.8492, 0.8472, 0.8095, 0.7619]                
INFO       Mean balanced accuracy: 0.8218 (+/- 0.0332)                          
INFO       Total time: 508.2s                                                   
INFO     Fold results saved to                                                  
         /data/cbotos/TB-Project-Server/results/2026-04-22_default_run/nested_cv
         _2x2/data/fold_results_kw_rf_r30.csv                                   
INFO     Checkpoint removed (job complete).                                     
========================================
Finished: 2026-04-22 21:01:24
Elapsed:  0h 8m 30s
Exit:     0
========================================
[NCV-TASK-DONE] array=13456 task=79 pipeline=kw_rf repeat=30 exit=0 elapsed=510s
