========================================
Job 87 of 200
Pipeline: kw_rf
Repeat:   37 / 50
Config:   /data/cbotos/TB-Project-Server/results/2026-04-22_default_run/config_snapshot.yaml
Run:      default_run
Node:     node2
CPUs:     1
Memory:   4096MB
Work dir: /data/cbotos/TB-Project-Server
Start:    2026-04-22 20:52:54
========================================
Running: python3 /data/cbotos/TB-Project-Server/code/nested_cv_2x2_runner.py --pipeline kw_rf --repeat 37 --config /data/cbotos/TB-Project-Server/results/2026-04-22_default_run/config_snapshot.yaml --name default_run
INFO     Run: 2026-04-22_default_run                                            
INFO     Config:                                                                
         /data/cbotos/TB-Project-Server/results/2026-04-22_default_run/config_sn
         apshot.yaml                                                            
INFO     Pipeline: kw_rf                                                        
INFO     Repeat seed: 37                                                        
INFO     Grid size: 32 combinations                                             
INFO     Loading data...                                                        
INFO     Loaded 100 samples, 273 features.                                      
INFO     Classes: ['HER2+', 'HR+', 'Triple Neg']                                
INFO       Fold 1: bal_acc=0.8413  auroc=0.9499  inner_best=0.8378              
         n_features=75  (101.6s)                                                
INFO       Fold 2: bal_acc=0.5952  auroc=0.7875  inner_best=0.8422              
         n_features=30  (101.7s)                                                
INFO       Fold 3: bal_acc=0.8056  auroc=0.9345  inner_best=0.7889              
         n_features=50  (102.0s)                                                
INFO       Fold 4: bal_acc=0.8095  auroc=0.9048  inner_best=0.7956              
         n_features=50  (101.8s)                                                
INFO       Fold 5: bal_acc=0.8095  auroc=0.9560  inner_best=0.8000              
         n_features=30  (101.9s)                                                
  kw_rf repeat 37 outer folds ━━━━━━━━━━━━━━━━━━━━━━━━━━━━━━━━━━━━━ 100% 0:08:29
INFO                                                                            
INFO     Summary for kw_rf repeat 37:                                           
INFO       Fold scores: [0.8413, 0.5952, 0.8056, 0.8095, 0.8095]                
INFO       Mean balanced accuracy: 0.7722 (+/- 0.0894)                          
INFO       Total time: 509.0s                                                   
INFO     Fold results saved to                                                  
         /data/cbotos/TB-Project-Server/results/2026-04-22_default_run/nested_cv
         _2x2/data/fold_results_kw_rf_r37.csv                                   
INFO     Checkpoint removed (job complete).                                     
========================================
Finished: 2026-04-22 21:01:25
Elapsed:  0h 8m 31s
Exit:     0
========================================
[NCV-TASK-DONE] array=13456 task=86 pipeline=kw_rf repeat=37 exit=0 elapsed=511s
