========================================
Job 135 of 200
Pipeline: en_nmc
Repeat:   35 / 50
Config:   /data/cbotos/TB-Project-Server/results/2026-04-22_default_run/config_snapshot.yaml
Run:      default_run
Node:     node3
CPUs:     1
Memory:   4096MB
Work dir: /data/cbotos/TB-Project-Server
Start:    2026-04-22 21:01:43
========================================
Running: python3 /data/cbotos/TB-Project-Server/code/nested_cv_2x2_runner.py --pipeline en_nmc --repeat 35 --config /data/cbotos/TB-Project-Server/results/2026-04-22_default_run/config_snapshot.yaml --name default_run
INFO     Run: 2026-04-22_default_run                                            
INFO     Config:                                                                
         /data/cbotos/TB-Project-Server/results/2026-04-22_default_run/config_sn
         apshot.yaml                                                            
INFO     Pipeline: en_nmc                                                       
INFO     Repeat seed: 35                                                        
INFO     Grid size: 200 combinations                                            
INFO     Loading data...                                                        
INFO     Loaded 100 samples, 273 features.                                      
INFO     Classes: ['HER2+', 'HR+', 'Triple Neg']                                
INFO       Fold 1: bal_acc=0.7619  auroc=0.8913  inner_best=0.7933  n_features=5
         (504.7s)                                                               
INFO       Fold 2: bal_acc=0.7302  auroc=0.8559  inner_best=0.8022              
         n_features=10  (491.8s)                                                
INFO       Fold 3: bal_acc=0.8472  auroc=0.9191  inner_best=0.7978              
         n_features=20  (496.2s)                                                
INFO       Fold 4: bal_acc=0.6587  auroc=0.8559  inner_best=0.8378              
         n_features=20  (501.8s)                                                
INFO       Fold 5: bal_acc=0.7540  auroc=0.8864  inner_best=0.8178  n_features=5
         (513.6s)                                                               
  en_nmc repeat 35 outer folds ━━━━━━━━━━━━━━━━━━━━━━━━━━━━━━━━━━━━ 100% 0:41:48
INFO                                                                            
INFO     Summary for en_nmc repeat 35:                                          
INFO       Fold scores: [0.7619, 0.7302, 0.8472, 0.6587, 0.754]                 
INFO       Mean balanced accuracy: 0.7504 (+/- 0.0606)                          
INFO       Total time: 2508.2s                                                  
INFO     Fold results saved to                                                  
         /data/cbotos/TB-Project-Server/results/2026-04-22_default_run/nested_cv
         _2x2/data/fold_results_en_nmc_r35.csv                                  
INFO     Checkpoint removed (job complete).                                     
========================================
Finished: 2026-04-22 21:43:33
Elapsed:  0h 41m 50s
Exit:     0
========================================
[NCV-TASK-DONE] array=13456 task=134 pipeline=en_nmc repeat=35 exit=0 elapsed=2510s
