========================================
Job 81 of 200
Pipeline: kw_rf
Repeat:   31 / 50
Config:   /data/cbotos/TB-Project-Server/results/2026-04-22_default_run/config_snapshot.yaml
Run:      default_run
Node:     node2
CPUs:     1
Memory:   4096MB
Work dir: /data/cbotos/TB-Project-Server
Start:    2026-04-22 20:52:54
========================================
Running: python3 /data/cbotos/TB-Project-Server/code/nested_cv_2x2_runner.py --pipeline kw_rf --repeat 31 --config /data/cbotos/TB-Project-Server/results/2026-04-22_default_run/config_snapshot.yaml --name default_run
INFO     Run: 2026-04-22_default_run                                            
INFO     Config:                                                                
         /data/cbotos/TB-Project-Server/results/2026-04-22_default_run/config_sn
         apshot.yaml                                                            
INFO     Pipeline: kw_rf                                                        
INFO     Repeat seed: 31                                                        
INFO     Grid size: 32 combinations                                             
INFO     Loading data...                                                        
INFO     Loaded 100 samples, 273 features.                                      
INFO     Classes: ['HER2+', 'HR+', 'Triple Neg']                                
INFO       Fold 1: bal_acc=0.6984  auroc=0.8816  inner_best=0.8800              
         n_features=75  (102.1s)                                                
INFO       Fold 2: bal_acc=0.8968  auroc=0.9582  inner_best=0.8689              
         n_features=50  (102.4s)                                                
INFO       Fold 3: bal_acc=0.7917  auroc=0.9187  inner_best=0.8044              
         n_features=100  (101.9s)                                               
INFO       Fold 4: bal_acc=0.8095  auroc=0.9451  inner_best=0.8267              
         n_features=75  (102.4s)                                                
INFO       Fold 5: bal_acc=0.7619  auroc=0.8407  inner_best=0.8356              
         n_features=75  (102.3s)                                                
  kw_rf repeat 31 outer folds ━━━━━━━━━━━━━━━━━━━━━━━━━━━━━━━━━━━━━ 100% 0:08:31
INFO                                                                            
INFO     Summary for kw_rf repeat 31:                                           
INFO       Fold scores: [0.6984, 0.8968, 0.7917, 0.8095, 0.7619]                
INFO       Mean balanced accuracy: 0.7917 (+/- 0.0647)                          
INFO       Total time: 511.2s                                                   
INFO     Fold results saved to                                                  
         /data/cbotos/TB-Project-Server/results/2026-04-22_default_run/nested_cv
         _2x2/data/fold_results_kw_rf_r31.csv                                   
INFO     Checkpoint removed (job complete).                                     
========================================
Finished: 2026-04-22 21:01:27
Elapsed:  0h 8m 33s
Exit:     0
========================================
[NCV-TASK-DONE] array=13456 task=80 pipeline=kw_rf repeat=31 exit=0 elapsed=513s
