========================================
Job 167 of 200
Pipeline: en_rf
Repeat:   17 / 50
Config:   /data/cbotos/TB-Project-Server/results/2026-04-22_default_run/config_snapshot.yaml
Run:      default_run
Node:     node2
CPUs:     1
Memory:   4096MB
Work dir: /data/cbotos/TB-Project-Server
Start:    2026-04-22 21:43:14
========================================
Running: python3 /data/cbotos/TB-Project-Server/code/nested_cv_2x2_runner.py --pipeline en_rf --repeat 17 --config /data/cbotos/TB-Project-Server/results/2026-04-22_default_run/config_snapshot.yaml --name default_run
INFO     Run: 2026-04-22_default_run                                            
INFO     Config:                                                                
         /data/cbotos/TB-Project-Server/results/2026-04-22_default_run/config_sn
         apshot.yaml                                                            
INFO     Pipeline: en_rf                                                        
INFO     Repeat seed: 17                                                        
INFO     Grid size: 800 combinations                                            
INFO     Loading data...                                                        
INFO     Loaded 100 samples, 273 features.                                      
INFO     Classes: ['HER2+', 'HR+', 'Triple Neg']                                
INFO       Fold 1: bal_acc=0.7460  auroc=0.9087  inner_best=0.8644              
         n_features=20  (4027.1s)                                               
INFO       Fold 2: bal_acc=0.7857  auroc=0.8503  inner_best=0.8711              
         n_features=10  (4002.0s)                                               
INFO       Fold 3: bal_acc=0.7778  auroc=0.8661  inner_best=0.7933  n_features=5
         (4051.9s)                                                              
INFO       Fold 4: bal_acc=0.6190  auroc=0.8059  inner_best=0.8511              
         n_features=50  (4096.2s)                                               
INFO       Fold 5: bal_acc=0.8095  auroc=0.8791  inner_best=0.8644              
         n_features=10  (4011.1s)                                               
  en_rf repeat 17 outer folds ━━━━━━━━━━━━━━━━━━━━━━━━━━━━━━━━━━━━━ 100% 5:36:28
INFO                                                                            
INFO     Summary for en_rf repeat 17:                                           
INFO       Fold scores: [0.746, 0.7857, 0.7778, 0.619, 0.8095]                  
INFO       Mean balanced accuracy: 0.7476 (+/- 0.0674)                          
INFO       Total time: 20188.4s                                                 
INFO     Fold results saved to                                                  
         /data/cbotos/TB-Project-Server/results/2026-04-22_default_run/nested_cv
         _2x2/data/fold_results_en_rf_r17.csv                                   
INFO     Checkpoint removed (job complete).                                     
========================================
Finished: 2026-04-23 03:19:44
Elapsed:  5h 36m 30s
Exit:     0
========================================
[NCV-TASK-DONE] array=13456 task=166 pipeline=en_rf repeat=17 exit=0 elapsed=20190s
