========================================
Job 134 of 200
Pipeline: en_nmc
Repeat:   34 / 50
Config:   /data/cbotos/TB-Project-Server/results/2026-04-22_default_run/config_snapshot.yaml
Run:      default_run
Node:     node3
CPUs:     1
Memory:   4096MB
Work dir: /data/cbotos/TB-Project-Server
Start:    2026-04-22 21:01:42
========================================
Running: python3 /data/cbotos/TB-Project-Server/code/nested_cv_2x2_runner.py --pipeline en_nmc --repeat 34 --config /data/cbotos/TB-Project-Server/results/2026-04-22_default_run/config_snapshot.yaml --name default_run
INFO     Run: 2026-04-22_default_run                                            
INFO     Config:                                                                
         /data/cbotos/TB-Project-Server/results/2026-04-22_default_run/config_sn
         apshot.yaml                                                            
INFO     Pipeline: en_nmc                                                       
INFO     Repeat seed: 34                                                        
INFO     Grid size: 200 combinations                                            
INFO     Loading data...                                                        
INFO     Loaded 100 samples, 273 features.                                      
INFO     Classes: ['HER2+', 'HR+', 'Triple Neg']                                
INFO       Fold 1: bal_acc=0.7460  auroc=0.9087  inner_best=0.8489              
         n_features=10  (517.1s)                                                
INFO       Fold 2: bal_acc=0.8492  auroc=0.9551  inner_best=0.7933              
         n_features=20  (484.3s)                                                
INFO       Fold 3: bal_acc=0.7639  auroc=0.8904  inner_best=0.8089              
         n_features=10  (505.5s)                                                
INFO       Fold 4: bal_acc=0.7540  auroc=0.8568  inner_best=0.8600              
         n_features=10  (496.9s)                                                
INFO       Fold 5: bal_acc=0.7540  auroc=0.8864  inner_best=0.7644  n_features=5
         (500.3s)                                                               
  en_nmc repeat 34 outer folds ━━━━━━━━━━━━━━━━━━━━━━━━━━━━━━━━━━━━ 100% 0:41:44
INFO                                                                            
INFO     Summary for en_nmc repeat 34:                                          
INFO       Fold scores: [0.746, 0.8492, 0.7639, 0.754, 0.754]                   
INFO       Mean balanced accuracy: 0.7734 (+/- 0.0383)                          
INFO       Total time: 2504.1s                                                  
INFO     Fold results saved to                                                  
         /data/cbotos/TB-Project-Server/results/2026-04-22_default_run/nested_cv
         _2x2/data/fold_results_en_nmc_r34.csv                                  
INFO     Checkpoint removed (job complete).                                     
========================================
Finished: 2026-04-22 21:43:28
Elapsed:  0h 41m 46s
Exit:     0
========================================
[NCV-TASK-DONE] array=13456 task=133 pipeline=en_nmc repeat=34 exit=0 elapsed=2506s
