========================================
Job 40 of 200
Pipeline: kw_nmc
Repeat:   40 / 50
Config:   /data/cbotos/TB-Project-Server/results/2026-04-22_default_run/config_snapshot.yaml
Run:      default_run
Node:     node3
CPUs:     1
Memory:   4096MB
Work dir: /data/cbotos/TB-Project-Server
Start:    2026-04-22 20:52:17
========================================
Running: python3 /data/cbotos/TB-Project-Server/code/nested_cv_2x2_runner.py --pipeline kw_nmc --repeat 40 --config /data/cbotos/TB-Project-Server/results/2026-04-22_default_run/config_snapshot.yaml --name default_run
INFO     Run: 2026-04-22_default_run                                            
INFO     Config:                                                                
         /data/cbotos/TB-Project-Server/results/2026-04-22_default_run/config_sn
         apshot.yaml                                                            
INFO     Pipeline: kw_nmc                                                       
INFO     Repeat seed: 40                                                        
INFO     Grid size: 8 combinations                                              
INFO     Loading data...                                                        
INFO     Loaded 100 samples, 273 features.                                      
INFO     Classes: ['HER2+', 'HR+', 'Triple Neg']                                
INFO       Fold 1: bal_acc=0.6825  auroc=0.8520  inner_best=0.6533  n_features=5
         (6.8s)                                                                 
INFO       Fold 2: bal_acc=0.6270  auroc=0.8520  inner_best=0.6689  n_features=5
         (5.8s)                                                                 
INFO       Fold 3: bal_acc=0.6667  auroc=0.8827  inner_best=0.7511              
         n_features=15  (5.8s)                                                  
INFO       Fold 4: bal_acc=0.6984  auroc=0.8800  inner_best=0.7000              
         n_features=15  (5.8s)                                                  
INFO       Fold 5: bal_acc=0.6111  auroc=0.7802  inner_best=0.7111  n_features=5
         (5.8s)                                                                 
  kw_nmc repeat 40 outer folds ━━━━━━━━━━━━━━━━━━━━━━━━━━━━━━━━━━━━ 100% 0:00:29
INFO                                                                            
INFO     Summary for kw_nmc repeat 40:                                          
INFO       Fold scores: [0.6825, 0.627, 0.6667, 0.6984, 0.6111]                 
INFO       Mean balanced accuracy: 0.6571 (+/- 0.0331)                          
INFO       Total time: 29.9s                                                    
INFO     Fold results saved to                                                  
         /data/cbotos/TB-Project-Server/results/2026-04-22_default_run/nested_cv
         _2x2/data/fold_results_kw_nmc_r40.csv                                  
INFO     Checkpoint removed (job complete).                                     
========================================
Finished: 2026-04-22 20:52:50
Elapsed:  0h 0m 33s
Exit:     0
========================================
[NCV-TASK-DONE] array=13456 task=39 pipeline=kw_nmc repeat=40 exit=0 elapsed=33s
