========================================
Job 124 of 200
Pipeline: en_nmc
Repeat:   24 / 50
Config:   /data/cbotos/TB-Project-Server/results/2026-04-22_default_run/config_snapshot.yaml
Run:      default_run
Node:     node3
CPUs:     1
Memory:   4096MB
Work dir: /data/cbotos/TB-Project-Server
Start:    2026-04-22 21:01:39
========================================
Running: python3 /data/cbotos/TB-Project-Server/code/nested_cv_2x2_runner.py --pipeline en_nmc --repeat 24 --config /data/cbotos/TB-Project-Server/results/2026-04-22_default_run/config_snapshot.yaml --name default_run
INFO     Run: 2026-04-22_default_run                                            
INFO     Config:                                                                
         /data/cbotos/TB-Project-Server/results/2026-04-22_default_run/config_sn
         apshot.yaml                                                            
INFO     Pipeline: en_nmc                                                       
INFO     Repeat seed: 24                                                        
INFO     Grid size: 200 combinations                                            
INFO     Loading data...                                                        
INFO     Loaded 100 samples, 273 features.                                      
INFO     Classes: ['HER2+', 'HR+', 'Triple Neg']                                
INFO       Fold 1: bal_acc=0.8492  auroc=0.9579  inner_best=0.8422              
         n_features=20  (489.6s)                                                
INFO       Fold 2: bal_acc=0.5476  auroc=0.8049  inner_best=0.8067              
         n_features=10  (515.7s)                                                
INFO       Fold 3: bal_acc=0.8194  auroc=0.9593  inner_best=0.7889              
         n_features=10  (499.7s)                                                
INFO       Fold 4: bal_acc=0.6667  auroc=0.9121  inner_best=0.7556              
         n_features=20  (500.0s)                                                
INFO       Fold 5: bal_acc=0.7460  auroc=0.8632  inner_best=0.8222              
         n_features=20  (504.4s)                                                
  en_nmc repeat 24 outer folds ━━━━━━━━━━━━━━━━━━━━━━━━━━━━━━━━━━━━ 100% 0:41:49
INFO                                                                            
INFO     Summary for en_nmc repeat 24:                                          
INFO       Fold scores: [0.8492, 0.5476, 0.8194, 0.6667, 0.746]                 
INFO       Mean balanced accuracy: 0.7258 (+/- 0.1092)                          
INFO       Total time: 2509.5s                                                  
INFO     Fold results saved to                                                  
         /data/cbotos/TB-Project-Server/results/2026-04-22_default_run/nested_cv
         _2x2/data/fold_results_en_nmc_r24.csv                                  
INFO     Checkpoint removed (job complete).                                     
========================================
Finished: 2026-04-22 21:43:30
Elapsed:  0h 41m 51s
Exit:     0
========================================
[NCV-TASK-DONE] array=13456 task=123 pipeline=en_nmc repeat=24 exit=0 elapsed=2511s
