========================================
Job 7 of 200
Pipeline: kw_nmc
Repeat:   7 / 50
Config:   /data/cbotos/TB-Project-Server/results/2026-04-22_default_run/config_snapshot.yaml
Run:      default_run
Node:     node1
CPUs:     1
Memory:   4096MB
Work dir: /data/cbotos/TB-Project-Server
Start:    2026-04-22 20:52:17
========================================
Running: python3 /data/cbotos/TB-Project-Server/code/nested_cv_2x2_runner.py --pipeline kw_nmc --repeat 7 --config /data/cbotos/TB-Project-Server/results/2026-04-22_default_run/config_snapshot.yaml --name default_run
INFO     Run: 2026-04-22_default_run                                            
INFO     Config:                                                                
         /data/cbotos/TB-Project-Server/results/2026-04-22_default_run/config_sn
         apshot.yaml                                                            
INFO     Pipeline: kw_nmc                                                       
INFO     Repeat seed: 7                                                         
INFO     Grid size: 8 combinations                                              
INFO     Loading data...                                                        
INFO     Loaded 100 samples, 273 features.                                      
INFO     Classes: ['HER2+', 'HR+', 'Triple Neg']                                
INFO       Fold 1: bal_acc=0.6508  auroc=0.8532  inner_best=0.7467              
         n_features=75  (6.8s)                                                  
INFO       Fold 2: bal_acc=0.7857  auroc=0.9199  inner_best=0.7556              
         n_features=10  (6.0s)                                                  
INFO       Fold 3: bal_acc=0.6944  auroc=0.8824  inner_best=0.6467              
         n_features=10  (6.0s)                                                  
INFO       Fold 4: bal_acc=0.5079  auroc=0.7091  inner_best=0.6333              
         n_features=50  (6.0s)                                                  
INFO       Fold 5: bal_acc=0.4603  auroc=0.7561  inner_best=0.6489              
         n_features=50  (6.0s)                                                  
  kw_nmc repeat 7 outer folds ━━━━━━━━━━━━━━━━━━━━━━━━━━━━━━━━━━━━━ 100% 0:00:30
INFO                                                                            
INFO     Summary for kw_nmc repeat 7:                                           
INFO       Fold scores: [0.6508, 0.7857, 0.6944, 0.5079, 0.4603]                
INFO       Mean balanced accuracy: 0.6198 (+/- 0.1200)                          
INFO       Total time: 31.0s                                                    
INFO     Fold results saved to                                                  
         /data/cbotos/TB-Project-Server/results/2026-04-22_default_run/nested_cv
         _2x2/data/fold_results_kw_nmc_r7.csv                                   
INFO     Checkpoint removed (job complete).                                     
========================================
Finished: 2026-04-22 20:52:53
Elapsed:  0h 0m 36s
Exit:     0
========================================
[NCV-TASK-DONE] array=13456 task=6 pipeline=kw_nmc repeat=7 exit=0 elapsed=36s
