========================================
Job 193 of 200
Pipeline: en_rf
Repeat:   43 / 50
Config:   /data/cbotos/TB-Project-Server/results/2026-04-22_default_run/config_snapshot.yaml
Run:      default_run
Node:     node1
CPUs:     1
Memory:   4096MB
Work dir: /data/cbotos/TB-Project-Server
Start:    2026-04-22 21:43:42
========================================
Running: python3 /data/cbotos/TB-Project-Server/code/nested_cv_2x2_runner.py --pipeline en_rf --repeat 43 --config /data/cbotos/TB-Project-Server/results/2026-04-22_default_run/config_snapshot.yaml --name default_run
INFO     Run: 2026-04-22_default_run                                            
INFO     Config:                                                                
         /data/cbotos/TB-Project-Server/results/2026-04-22_default_run/config_sn
         apshot.yaml                                                            
INFO     Pipeline: en_rf                                                        
INFO     Repeat seed: 43                                                        
INFO     Grid size: 800 combinations                                            
INFO     Loading data...                                                        
INFO     Loaded 100 samples, 273 features.                                      
INFO     Classes: ['HER2+', 'HR+', 'Triple Neg']                                
INFO       Fold 1: bal_acc=0.7381  auroc=0.8471  inner_best=0.8933              
         n_features=20  (4107.3s)                                               
INFO       Fold 2: bal_acc=0.8413  auroc=0.9290  inner_best=0.8511              
         n_features=50  (4143.1s)                                               
INFO       Fold 3: bal_acc=0.8056  auroc=0.8690  inner_best=0.8244              
         n_features=10  (4081.2s)                                               
INFO       Fold 4: bal_acc=0.8095  auroc=0.8608  inner_best=0.8511              
         n_features=50  (4136.6s)                                               
INFO       Fold 5: bal_acc=0.9048  auroc=0.9304  inner_best=0.8556              
         n_features=20  (4125.9s)                                               
  en_rf repeat 43 outer folds ━━━━━━━━━━━━━━━━━━━━━━━━━━━━━━━━━━━━━ 100% 5:43:14
INFO                                                                            
INFO     Summary for en_rf repeat 43:                                           
INFO       Fold scores: [0.7381, 0.8413, 0.8056, 0.8095, 0.9048]                
INFO       Mean balanced accuracy: 0.8198 (+/- 0.0542)                          
INFO       Total time: 20594.1s                                                 
INFO     Fold results saved to                                                  
         /data/cbotos/TB-Project-Server/results/2026-04-22_default_run/nested_cv
         _2x2/data/fold_results_en_rf_r43.csv                                   
INFO     Checkpoint removed (job complete).                                     
========================================
Finished: 2026-04-23 03:27:00
Elapsed:  5h 43m 18s
Exit:     0
========================================
[NCV-TASK-DONE] array=13456 task=192 pipeline=en_rf repeat=43 exit=0 elapsed=20598s
