========================================
Job 4 of 200
Pipeline: kw_nmc
Repeat:   4 / 50
Config:   /data/cbotos/TB-Project-Server/results/2026-04-22_default_run/config_snapshot.yaml
Run:      default_run
Node:     node1
CPUs:     1
Memory:   4096MB
Work dir: /data/cbotos/TB-Project-Server
Start:    2026-04-22 20:52:17
========================================
Running: python3 /data/cbotos/TB-Project-Server/code/nested_cv_2x2_runner.py --pipeline kw_nmc --repeat 4 --config /data/cbotos/TB-Project-Server/results/2026-04-22_default_run/config_snapshot.yaml --name default_run
INFO     Run: 2026-04-22_default_run                                            
INFO     Config:                                                                
         /data/cbotos/TB-Project-Server/results/2026-04-22_default_run/config_sn
         apshot.yaml                                                            
INFO     Pipeline: kw_nmc                                                       
INFO     Repeat seed: 4                                                         
INFO     Grid size: 8 combinations                                              
INFO     Loading data...                                                        
INFO     Loaded 100 samples, 273 features.                                      
INFO     Classes: ['HER2+', 'HR+', 'Triple Neg']                                
INFO       Fold 1: bal_acc=0.4444  auroc=0.7170  inner_best=0.7156              
         n_features=10  (7.0s)                                                  
INFO       Fold 2: bal_acc=0.6032  auroc=0.7302  inner_best=0.6600              
         n_features=15  (6.1s)                                                  
INFO       Fold 3: bal_acc=0.6667  auroc=0.7793  inner_best=0.6467              
         n_features=100  (6.1s)                                                 
INFO       Fold 4: bal_acc=0.5714  auroc=0.7106  inner_best=0.7244  n_features=5
         (6.0s)                                                                 
INFO       Fold 5: bal_acc=0.6111  auroc=0.8211  inner_best=0.6778              
         n_features=30  (6.1s)                                                  
  kw_nmc repeat 4 outer folds ━━━━━━━━━━━━━━━━━━━━━━━━━━━━━━━━━━━━━ 100% 0:00:31
INFO                                                                            
INFO     Summary for kw_nmc repeat 4:                                           
INFO       Fold scores: [0.4444, 0.6032, 0.6667, 0.5714, 0.6111]                
INFO       Mean balanced accuracy: 0.5794 (+/- 0.0741)                          
INFO       Total time: 31.3s                                                    
INFO     Fold results saved to                                                  
         /data/cbotos/TB-Project-Server/results/2026-04-22_default_run/nested_cv
         _2x2/data/fold_results_kw_nmc_r4.csv                                   
INFO     Checkpoint removed (job complete).                                     
========================================
Finished: 2026-04-22 20:52:54
Elapsed:  0h 0m 37s
Exit:     0
========================================
[NCV-TASK-DONE] array=13456 task=3 pipeline=kw_nmc repeat=4 exit=0 elapsed=37s
