========================================
Job 194 of 200
Pipeline: en_rf
Repeat:   44 / 50
Config:   /data/cbotos/TB-Project-Server/results/2026-04-22_default_run/config_snapshot.yaml
Run:      default_run
Node:     node1
CPUs:     1
Memory:   4096MB
Work dir: /data/cbotos/TB-Project-Server
Start:    2026-04-22 21:43:44
========================================
Running: python3 /data/cbotos/TB-Project-Server/code/nested_cv_2x2_runner.py --pipeline en_rf --repeat 44 --config /data/cbotos/TB-Project-Server/results/2026-04-22_default_run/config_snapshot.yaml --name default_run
INFO     Run: 2026-04-22_default_run                                            
INFO     Config:                                                                
         /data/cbotos/TB-Project-Server/results/2026-04-22_default_run/config_sn
         apshot.yaml                                                            
INFO     Pipeline: en_rf                                                        
INFO     Repeat seed: 44                                                        
INFO     Grid size: 800 combinations                                            
INFO     Loading data...                                                        
INFO     Loaded 100 samples, 273 features.                                      
INFO     Classes: ['HER2+', 'HR+', 'Triple Neg']                                
INFO       Fold 1: bal_acc=0.7460  auroc=0.8855  inner_best=0.8822  n_features=5
         (4095.1s)                                                              
INFO       Fold 2: bal_acc=0.6349  auroc=0.7621  inner_best=0.8711              
         n_features=10  (4050.0s)                                               
INFO       Fold 3: bal_acc=0.8750  auroc=0.9571  inner_best=0.8911              
         n_features=50  (4074.6s)                                               
INFO       Fold 4: bal_acc=0.7143  auroc=0.8938  inner_best=0.8622              
         n_features=20  (4169.0s)                                               
INFO       Fold 5: bal_acc=0.7143  auroc=0.8626  inner_best=0.8778  n_features=5
         (4078.4s)                                                              
  en_rf repeat 44 outer folds ━━━━━━━━━━━━━━━━━━━━━━━━━━━━━━━━━━━━━ 100% 5:41:07
INFO                                                                            
INFO     Summary for en_rf repeat 44:                                           
INFO       Fold scores: [0.746, 0.6349, 0.875, 0.7143, 0.7143]                  
INFO       Mean balanced accuracy: 0.7369 (+/- 0.0782)                          
INFO       Total time: 20467.1s                                                 
INFO     Fold results saved to                                                  
         /data/cbotos/TB-Project-Server/results/2026-04-22_default_run/nested_cv
         _2x2/data/fold_results_en_rf_r44.csv                                   
INFO     Checkpoint removed (job complete).                                     
========================================
Finished: 2026-04-23 03:24:53
Elapsed:  5h 41m 9s
Exit:     0
========================================
[NCV-TASK-DONE] array=13456 task=193 pipeline=en_rf repeat=44 exit=0 elapsed=20469s
