========================================
Job 11 of 200
Pipeline: kw_nmc
Repeat:   11 / 50
Config:   /data/cbotos/TB-Project-Server/results/2026-04-22_default_run/config_snapshot.yaml
Run:      default_run
Node:     node2
CPUs:     1
Memory:   4096MB
Work dir: /data/cbotos/TB-Project-Server
Start:    2026-04-22 20:52:17
========================================
Running: python3 /data/cbotos/TB-Project-Server/code/nested_cv_2x2_runner.py --pipeline kw_nmc --repeat 11 --config /data/cbotos/TB-Project-Server/results/2026-04-22_default_run/config_snapshot.yaml --name default_run
INFO     Run: 2026-04-22_default_run                                            
INFO     Config:                                                                
         /data/cbotos/TB-Project-Server/results/2026-04-22_default_run/config_sn
         apshot.yaml                                                            
INFO     Pipeline: kw_nmc                                                       
INFO     Repeat seed: 11                                                        
INFO     Grid size: 8 combinations                                              
INFO     Loading data...                                                        
INFO     Loaded 100 samples, 273 features.                                      
INFO     Classes: ['HER2+', 'HR+', 'Triple Neg']                                
INFO       Fold 1: bal_acc=0.7460  auroc=0.8400  inner_best=0.7067  n_features=5
         (6.7s)                                                                 
INFO       Fold 2: bal_acc=0.7381  auroc=0.8895  inner_best=0.6978              
         n_features=15  (5.8s)                                                  
INFO       Fold 3: bal_acc=0.7917  auroc=0.9065  inner_best=0.6756  n_features=5
         (5.8s)                                                                 
INFO       Fold 4: bal_acc=0.7063  auroc=0.8571  inner_best=0.7311              
         n_features=15  (5.8s)                                                  
INFO       Fold 5: bal_acc=0.5556  auroc=0.7888  inner_best=0.6556  n_features=5
         (5.8s)                                                                 
  kw_nmc repeat 11 outer folds ━━━━━━━━━━━━━━━━━━━━━━━━━━━━━━━━━━━━ 100% 0:00:29
INFO                                                                            
INFO     Summary for kw_nmc repeat 11:                                          
INFO       Fold scores: [0.746, 0.7381, 0.7917, 0.7063, 0.5556]                 
INFO       Mean balanced accuracy: 0.7075 (+/- 0.0807)                          
INFO       Total time: 29.9s                                                    
INFO     Fold results saved to                                                  
         /data/cbotos/TB-Project-Server/results/2026-04-22_default_run/nested_cv
         _2x2/data/fold_results_kw_nmc_r11.csv                                  
INFO     Checkpoint removed (job complete).                                     
========================================
Finished: 2026-04-22 20:52:52
Elapsed:  0h 0m 35s
Exit:     0
========================================
[NCV-TASK-DONE] array=13456 task=10 pipeline=kw_nmc repeat=11 exit=0 elapsed=35s
