========================================
Job 128 of 200
Pipeline: en_nmc
Repeat:   28 / 50
Config:   /data/cbotos/TB-Project-Server/results/2026-04-22_default_run/config_snapshot.yaml
Run:      default_run
Node:     node3
CPUs:     1
Memory:   4096MB
Work dir: /data/cbotos/TB-Project-Server
Start:    2026-04-22 21:01:40
========================================
Running: python3 /data/cbotos/TB-Project-Server/code/nested_cv_2x2_runner.py --pipeline en_nmc --repeat 28 --config /data/cbotos/TB-Project-Server/results/2026-04-22_default_run/config_snapshot.yaml --name default_run
INFO     Run: 2026-04-22_default_run                                            
INFO     Config:                                                                
         /data/cbotos/TB-Project-Server/results/2026-04-22_default_run/config_sn
         apshot.yaml                                                            
INFO     Pipeline: en_nmc                                                       
INFO     Repeat seed: 28                                                        
INFO     Grid size: 200 combinations                                            
INFO     Loading data...                                                        
INFO     Loaded 100 samples, 273 features.                                      
INFO     Classes: ['HER2+', 'HR+', 'Triple Neg']                                
INFO       Fold 1: bal_acc=0.8413  auroc=0.9512  inner_best=0.8511              
         n_features=10  (495.5s)                                                
INFO       Fold 2: bal_acc=0.8016  auroc=0.9463  inner_best=0.7844              
         n_features=20  (496.0s)                                                
INFO       Fold 3: bal_acc=0.8333  auroc=0.9226  inner_best=0.7911              
         n_features=20  (491.5s)                                                
INFO       Fold 4: bal_acc=0.8095  auroc=0.9008  inner_best=0.8289              
         n_features=20  (502.0s)                                                
INFO       Fold 5: bal_acc=0.7143  auroc=0.8242  inner_best=0.8111              
         n_features=10  (515.0s)                                                
  en_nmc repeat 28 outer folds ━━━━━━━━━━━━━━━━━━━━━━━━━━━━━━━━━━━━ 100% 0:41:40
INFO                                                                            
INFO     Summary for en_nmc repeat 28:                                          
INFO       Fold scores: [0.8413, 0.8016, 0.8333, 0.8095, 0.7143]                
INFO       Mean balanced accuracy: 0.8000 (+/- 0.0453)                          
INFO       Total time: 2500.1s                                                  
INFO     Fold results saved to                                                  
         /data/cbotos/TB-Project-Server/results/2026-04-22_default_run/nested_cv
         _2x2/data/fold_results_en_nmc_r28.csv                                  
INFO     Checkpoint removed (job complete).                                     
========================================
Finished: 2026-04-22 21:43:22
Elapsed:  0h 41m 42s
Exit:     0
========================================
[NCV-TASK-DONE] array=13456 task=127 pipeline=en_nmc repeat=28 exit=0 elapsed=2502s
