========================================
Job 36 of 200
Pipeline: kw_nmc
Repeat:   36 / 50
Config:   /data/cbotos/TB-Project-Server/results/2026-04-22_default_run/config_snapshot.yaml
Run:      default_run
Node:     node3
CPUs:     1
Memory:   4096MB
Work dir: /data/cbotos/TB-Project-Server
Start:    2026-04-22 20:52:17
========================================
Running: python3 /data/cbotos/TB-Project-Server/code/nested_cv_2x2_runner.py --pipeline kw_nmc --repeat 36 --config /data/cbotos/TB-Project-Server/results/2026-04-22_default_run/config_snapshot.yaml --name default_run
INFO     Run: 2026-04-22_default_run                                            
INFO     Config:                                                                
         /data/cbotos/TB-Project-Server/results/2026-04-22_default_run/config_sn
         apshot.yaml                                                            
INFO     Pipeline: kw_nmc                                                       
INFO     Repeat seed: 36                                                        
INFO     Grid size: 8 combinations                                              
INFO     Loading data...                                                        
INFO     Loaded 100 samples, 273 features.                                      
INFO     Classes: ['HER2+', 'HR+', 'Triple Neg']                                
INFO       Fold 1: bal_acc=0.4524  auroc=0.6581  inner_best=0.6133              
         n_features=15  (7.3s)                                                  
INFO       Fold 2: bal_acc=0.8016  auroc=0.9286  inner_best=0.6467              
         n_features=50  (5.8s)                                                  
INFO       Fold 3: bal_acc=0.7361  auroc=0.8633  inner_best=0.5867  n_features=5
         (5.8s)                                                                 
INFO       Fold 4: bal_acc=0.5238  auroc=0.6923  inner_best=0.7600  n_features=5
         (5.8s)                                                                 
INFO       Fold 5: bal_acc=0.6508  auroc=0.7949  inner_best=0.6844              
         n_features=20  (5.8s)                                                  
  kw_nmc repeat 36 outer folds ━━━━━━━━━━━━━━━━━━━━━━━━━━━━━━━━━━━━ 100% 0:00:30
INFO                                                                            
INFO     Summary for kw_nmc repeat 36:                                          
INFO       Fold scores: [0.4524, 0.8016, 0.7361, 0.5238, 0.6508]                
INFO       Mean balanced accuracy: 0.6329 (+/- 0.1295)                          
INFO       Total time: 30.4s                                                    
INFO     Fold results saved to                                                  
         /data/cbotos/TB-Project-Server/results/2026-04-22_default_run/nested_cv
         _2x2/data/fold_results_kw_nmc_r36.csv                                  
INFO     Checkpoint removed (job complete).                                     
========================================
Finished: 2026-04-22 20:52:51
Elapsed:  0h 0m 34s
Exit:     0
========================================
[NCV-TASK-DONE] array=13456 task=35 pipeline=kw_nmc repeat=36 exit=0 elapsed=34s
