========================================
Job 86 of 200
Pipeline: kw_rf
Repeat:   36 / 50
Config:   /data/cbotos/TB-Project-Server/results/2026-04-22_default_run/config_snapshot.yaml
Run:      default_run
Node:     node2
CPUs:     1
Memory:   4096MB
Work dir: /data/cbotos/TB-Project-Server
Start:    2026-04-22 20:52:54
========================================
Running: python3 /data/cbotos/TB-Project-Server/code/nested_cv_2x2_runner.py --pipeline kw_rf --repeat 36 --config /data/cbotos/TB-Project-Server/results/2026-04-22_default_run/config_snapshot.yaml --name default_run
INFO     Run: 2026-04-22_default_run                                            
INFO     Config:                                                                
         /data/cbotos/TB-Project-Server/results/2026-04-22_default_run/config_sn
         apshot.yaml                                                            
INFO     Pipeline: kw_rf                                                        
INFO     Repeat seed: 36                                                        
INFO     Grid size: 32 combinations                                             
INFO     Loading data...                                                        
INFO     Loaded 100 samples, 273 features.                                      
INFO     Classes: ['HER2+', 'HR+', 'Triple Neg']                                
INFO       Fold 1: bal_acc=0.7857  auroc=0.9005  inner_best=0.7756              
         n_features=75  (101.5s)                                                
INFO       Fold 2: bal_acc=0.9048  auroc=0.9206  inner_best=0.8511              
         n_features=100  (101.8s)                                               
INFO       Fold 3: bal_acc=0.8611  auroc=0.9425  inner_best=0.7911              
         n_features=75  (101.6s)                                                
INFO       Fold 4: bal_acc=0.7143  auroc=0.8626  inner_best=0.8467              
         n_features=100  (101.7s)                                               
INFO       Fold 5: bal_acc=0.8095  auroc=0.9121  inner_best=0.8267              
         n_features=20  (101.8s)                                                
  kw_rf repeat 36 outer folds ━━━━━━━━━━━━━━━━━━━━━━━━━━━━━━━━━━━━━ 100% 0:08:28
INFO                                                                            
INFO     Summary for kw_rf repeat 36:                                           
INFO       Fold scores: [0.7857, 0.9048, 0.8611, 0.7143, 0.8095]                
INFO       Mean balanced accuracy: 0.8151 (+/- 0.0651)                          
INFO       Total time: 508.4s                                                   
INFO     Fold results saved to                                                  
         /data/cbotos/TB-Project-Server/results/2026-04-22_default_run/nested_cv
         _2x2/data/fold_results_kw_rf_r36.csv                                   
INFO     Checkpoint removed (job complete).                                     
========================================
Finished: 2026-04-22 21:01:24
Elapsed:  0h 8m 30s
Exit:     0
========================================
[NCV-TASK-DONE] array=13456 task=85 pipeline=kw_rf repeat=36 exit=0 elapsed=510s
