Run: 2026-04-24_server_run_v2
Config: /data/cbotos/TB-Project/results/2026-04-24_server_run_v2/config_snapshot_hierarchical_v2.yaml
Stage 1: kw_rf (fixed, binary HER2+ vs rest, threshold calibrated)
Stage 2: kw_nmc_kens (HR+ vs Triple Neg)
Repeat seed: 9
Stage 2: no GridSearchCV (ensemble pipeline)
Loading data...
Loaded 100 samples, 273 features.
Classes: ['HER2+', 'HR+', 'Triple Neg']
  HER2+: 32 samples
  HR+: 36 samples
  Triple Neg: 32 samples
Mislabel indices verified: [(2, 'Array.67'), (4, 'Array.22')]
    Stage 1 threshold: 0.20 (BA=1.0000, range 0.7600-1.0000).
      k=15: mean_max_prob=0.6611
      k=20: mean_max_prob=0.6998
      k=30: mean_max_prob=0.7077
      k=50: mean_max_prob=0.7328
  Fold 1: s1=1.0000 (t=0.20)  s2=0.8452  combined=0.8968  auroc=0.9771  excl=0.8968 (0)  (3.6s)
    Stage 1 threshold: 0.20 (BA=1.0000, range 0.9000-1.0000).
      k=15: mean_max_prob=0.7271
      k=20: mean_max_prob=0.7358
      k=30: mean_max_prob=0.6969
      k=50: mean_max_prob=0.6673
  Fold 2: s1=1.0000 (t=0.20)  s2=0.7024  combined=0.8016  auroc=0.9008  excl=0.8889 (2)  (3.6s)
    Stage 1 threshold: 0.30 (BA=1.0000, range 0.8433-1.0000).
      k=15: mean_max_prob=0.6827
      k=20: mean_max_prob=0.6700
      k=30: mean_max_prob=0.6969
      k=50: mean_max_prob=0.7055
  Fold 3: s1=1.0000 (t=0.30)  s2=0.7708  combined=0.8472  auroc=0.9812  excl=0.8472 (0)  (3.6s)
    Stage 1 threshold: 0.15 (BA=1.0000, range 0.8233-1.0000).
      k=15: mean_max_prob=0.7193
      k=20: mean_max_prob=0.7202
      k=30: mean_max_prob=0.7163
      k=50: mean_max_prob=0.7402
  Fold 4: s1=1.0000 (t=0.15)  s2=0.7857  combined=0.8571  auroc=0.9780  excl=0.8571 (0)  (3.6s)
    Stage 1 threshold: 0.15 (BA=1.0000, range 0.8867-1.0000).
      k=15: mean_max_prob=0.6621
      k=20: mean_max_prob=0.6803
      k=30: mean_max_prob=0.6887
      k=50: mean_max_prob=0.6958
  Fold 5: s1=1.0000 (t=0.15)  s2=0.7143  combined=0.8095  auroc=0.9670  excl=0.8095 (0)  (3.6s)

Summary for v2_kw_nmc_kens repeat 9:
  Stage 1 (HER2+ vs rest):  1.0000 (+/- 0.0000)
  Stage 2 (HR+ vs TN):      0.7637 (+/- 0.0517)
  Combined (3-class):       0.8425 (+/- 0.0345)
  Combined (excl mislabels): 0.8599 (+/- 0.0313)
  Combined fold scores: [0.8968, 0.8016, 0.8472, 0.8571, 0.8095]
  Total time: 18.0s
Fold results saved to /data/cbotos/TB-Project/results/2026-04-24_server_run_v2/hierarchical_nested_cv_v2/data/fold_results_kw_nmc_kens_r9.csv
Checkpoint removed (job complete).
