Run: 2026-04-24_server_run_v2
Config: /data/cbotos/TB-Project/results/2026-04-24_server_run_v2/config_snapshot_hierarchical_v2.yaml
Stage 1: kw_rf (fixed, binary HER2+ vs rest, threshold calibrated)
Stage 2: kw_nmc_kgrid (HR+ vs Triple Neg)
Repeat seed: 31
Stage 2 grid size: 4 combinations
Loading data...
Loaded 100 samples, 273 features.
Classes: ['HER2+', 'HR+', 'Triple Neg']
  HER2+: 32 samples
  HR+: 36 samples
  Triple Neg: 32 samples
Mislabel indices verified: [(2, 'Array.67'), (4, 'Array.22')]
    Stage 1 threshold: 0.25 (BA=1.0000, range 0.8800-1.0000).
  Fold 1: s1=1.0000 (t=0.25)  s2=0.6905  combined=0.7937  auroc=0.9045  excl=0.8381 (1)  (6.5s)
    Stage 1 threshold: 0.15 (BA=1.0000, range 0.8400-1.0000).
  Fold 2: s1=1.0000 (t=0.15)  s2=0.7619  combined=0.8413  auroc=0.9502  excl=0.8889 (1)  (6.5s)
    Stage 1 threshold: 0.25 (BA=1.0000, range 0.9233-1.0000).
  Fold 3: s1=1.0000 (t=0.25)  s2=0.5625  combined=0.7083  auroc=0.8810  excl=0.7083 (0)  (6.5s)
    Stage 1 threshold: 0.25 (BA=1.0000, range 0.8200-1.0000).
  Fold 4: s1=1.0000 (t=0.25)  s2=0.5714  combined=0.7143  auroc=0.9194  excl=0.7143 (0)  (6.5s)
    Stage 1 threshold: 0.10 (BA=1.0000, range 0.8833-1.0000).
  Fold 5: s1=1.0000 (t=0.10)  s2=0.7143  combined=0.8095  auroc=0.8828  excl=0.8095 (0)  (6.5s)

Summary for v2_kw_nmc_kgrid repeat 31:
  Stage 1 (HER2+ vs rest):  1.0000 (+/- 0.0000)
  Stage 2 (HR+ vs TN):      0.6601 (+/- 0.0795)
  Combined (3-class):       0.7734 (+/- 0.0530)
  Combined (excl mislabels): 0.7918 (+/- 0.0705)
  Combined fold scores: [0.7937, 0.8413, 0.7083, 0.7143, 0.8095]
  Total time: 32.4s
Fold results saved to /data/cbotos/TB-Project/results/2026-04-24_server_run_v2/hierarchical_nested_cv_v2/data/fold_results_kw_nmc_kgrid_r31.csv
Checkpoint removed (job complete).
