Run: 2026-04-24_server_run_v2
Config: /data/cbotos/TB-Project/results/2026-04-24_server_run_v2/config_snapshot_hierarchical_v2.yaml
Stage 1: kw_rf (fixed, binary HER2+ vs rest, threshold calibrated)
Stage 2: en_rf (HR+ vs Triple Neg)
Repeat seed: 21
Stage 2 grid size: 800 combinations
Loading data...
Loaded 100 samples, 273 features.
Classes: ['HER2+', 'HR+', 'Triple Neg']
  HER2+: 32 samples
  HR+: 36 samples
  Triple Neg: 32 samples
Mislabel indices verified: [(2, 'Array.67'), (4, 'Array.22')]
    Stage 1 threshold: 0.20 (BA=1.0000, range 0.8200-1.0000).
  Fold 1: s1=1.0000 (t=0.20)  s2=0.8452  combined=0.8968  auroc=0.9731  excl=0.8968 (0)  (2863.9s)
    Stage 1 threshold: 0.15 (BA=1.0000, range 0.8400-1.0000).
  Fold 2: s1=0.9231 (t=0.15)  s2=0.4643  combined=0.5397  auroc=0.8626  excl=0.5556 (1)  (2871.2s)
    Stage 1 threshold: 0.20 (BA=1.0000, range 0.9000-1.0000).
  Fold 3: s1=1.0000 (t=0.20)  s2=0.5417  combined=0.6944  auroc=0.9182  excl=0.7167 (1)  (2834.4s)
    Stage 1 threshold: 0.25 (BA=1.0000, range 0.8500-1.0000).
  Fold 4: s1=1.0000 (t=0.25)  s2=0.5714  combined=0.7143  auroc=0.8755  excl=0.7143 (0)  (2869.4s)
    Stage 1 threshold: 0.15 (BA=1.0000, range 0.9233-1.0000).
  Fold 5: s1=1.0000 (t=0.15)  s2=0.7143  combined=0.8095  auroc=0.9487  excl=0.8095 (0)  (2836.4s)

Summary for v2_en_rf repeat 21:
  Stage 1 (HER2+ vs rest):  0.9846 (+/- 0.0308)
  Stage 2 (HR+ vs TN):      0.6274 (+/- 0.1357)
  Combined (3-class):       0.7310 (+/- 0.1199)
  Combined (excl mislabels): 0.7386 (+/- 0.1137)
  Combined fold scores: [0.8968, 0.5397, 0.6944, 0.7143, 0.8095]
  Total time: 14275.5s
Fold results saved to /data/cbotos/TB-Project/results/2026-04-24_server_run_v2/hierarchical_nested_cv_v2/data/fold_results_en_rf_r21.csv
Checkpoint removed (job complete).
