Run: 2026-04-24_server_run_v2
Config: /data/cbotos/TB-Project/results/2026-04-24_server_run_v2/config_snapshot_hierarchical_v2.yaml
Stage 1: kw_rf (fixed, binary HER2+ vs rest, threshold calibrated)
Stage 2: en_rf (HR+ vs Triple Neg)
Repeat seed: 37
Stage 2 grid size: 800 combinations
Loading data...
Loaded 100 samples, 273 features.
Classes: ['HER2+', 'HR+', 'Triple Neg']
  HER2+: 32 samples
  HR+: 36 samples
  Triple Neg: 32 samples
Mislabel indices verified: [(2, 'Array.67'), (4, 'Array.22')]
    Stage 1 threshold: 0.20 (BA=1.0000, range 0.8400-1.0000).
  Fold 1: s1=1.0000 (t=0.20)  s2=0.8452  combined=0.8968  auroc=0.9695  excl=0.8968 (0)  (2798.8s)
    Stage 1 threshold: 0.20 (BA=1.0000, range 0.8200-1.0000).
  Fold 2: s1=1.0000 (t=0.20)  s2=0.7024  combined=0.8016  auroc=0.8626  excl=0.8333 (1)  (2883.4s)
    Stage 1 threshold: 0.15 (BA=1.0000, range 0.8933-1.0000).
  Fold 3: s1=1.0000 (t=0.15)  s2=0.7083  combined=0.8056  auroc=0.9554  excl=0.8056 (0)  (2858.2s)
    Stage 1 threshold: 0.15 (BA=1.0000, range 0.9233-1.0000).
  Fold 4: s1=1.0000 (t=0.15)  s2=0.6429  combined=0.7619  auroc=0.9084  excl=0.7619 (0)  (2838.4s)
    Stage 1 threshold: 0.25 (BA=1.0000, range 0.9033-1.0000).
  Fold 5: s1=1.0000 (t=0.25)  s2=0.7857  combined=0.8571  auroc=0.9066  excl=0.9048 (1)  (2823.0s)

Summary for v2_en_rf repeat 37:
  Stage 1 (HER2+ vs rest):  1.0000 (+/- 0.0000)
  Stage 2 (HR+ vs TN):      0.7369 (+/- 0.0707)
  Combined (3-class):       0.8246 (+/- 0.0471)
  Combined (excl mislabels): 0.8405 (+/- 0.0543)
  Combined fold scores: [0.8968, 0.8016, 0.8056, 0.7619, 0.8571]
  Total time: 14201.9s
Fold results saved to /data/cbotos/TB-Project/results/2026-04-24_server_run_v2/hierarchical_nested_cv_v2/data/fold_results_en_rf_r37.csv
Checkpoint removed (job complete).
