Run: 2026-04-24_server_run_v2
Config: /data/cbotos/TB-Project/results/2026-04-24_server_run_v2/config_snapshot_hierarchical_v2.yaml
Stage 1: kw_rf (fixed, binary HER2+ vs rest, threshold calibrated)
Stage 2: kw_nmc_kens (HR+ vs Triple Neg)
Repeat seed: 4
Stage 2: no GridSearchCV (ensemble pipeline)
Loading data...
Loaded 100 samples, 273 features.
Classes: ['HER2+', 'HR+', 'Triple Neg']
  HER2+: 32 samples
  HR+: 36 samples
  Triple Neg: 32 samples
Mislabel indices verified: [(2, 'Array.67'), (4, 'Array.22')]
    Stage 1 threshold: 0.25 (BA=1.0000, range 0.8400-1.0000).
      k=15: mean_max_prob=0.6825
      k=20: mean_max_prob=0.6847
      k=30: mean_max_prob=0.6780
      k=50: mean_max_prob=0.6595
  Fold 1: s1=1.0000 (t=0.25)  s2=0.8452  combined=0.8968  auroc=0.9655  excl=0.8968 (0)  (3.7s)
    Stage 1 threshold: 0.15 (BA=1.0000, range 0.9000-1.0000).
      k=15: mean_max_prob=0.7109
      k=20: mean_max_prob=0.7069
      k=30: mean_max_prob=0.7111
      k=50: mean_max_prob=0.7003
  Fold 2: s1=1.0000 (t=0.15)  s2=0.7738  combined=0.8492  auroc=0.9771  excl=0.8492 (0)  (3.6s)
    Stage 1 threshold: 0.15 (BA=1.0000, range 0.9033-1.0000).
      k=15: mean_max_prob=0.6765
      k=20: mean_max_prob=0.6888
      k=30: mean_max_prob=0.7040
      k=50: mean_max_prob=0.7034
  Fold 3: s1=1.0000 (t=0.15)  s2=0.6875  combined=0.7917  auroc=0.9251  excl=0.8095 (1)  (3.7s)
    Stage 1 threshold: 0.20 (BA=1.0000, range 0.8667-1.0000).
      k=15: mean_max_prob=0.7006
      k=20: mean_max_prob=0.6926
      k=30: mean_max_prob=0.7104
      k=50: mean_max_prob=0.7024
  Fold 4: s1=1.0000 (t=0.20)  s2=0.8571  combined=0.9048  auroc=0.9817  excl=0.9524 (1)  (3.6s)
    Stage 1 threshold: 0.10 (BA=1.0000, range 0.8833-1.0000).
      k=15: mean_max_prob=0.7102
      k=20: mean_max_prob=0.7294
      k=30: mean_max_prob=0.7253
      k=50: mean_max_prob=0.7136
  Fold 5: s1=0.9643 (t=0.10)  s2=0.7857  combined=0.8095  auroc=0.8974  excl=0.8095 (0)  (3.6s)

Summary for v2_kw_nmc_kens repeat 4:
  Stage 1 (HER2+ vs rest):  0.9929 (+/- 0.0143)
  Stage 2 (HR+ vs TN):      0.7899 (+/- 0.0606)
  Combined (3-class):       0.8504 (+/- 0.0452)
  Combined (excl mislabels): 0.8635 (+/- 0.0548)
  Combined fold scores: [0.8968, 0.8492, 0.7917, 0.9048, 0.8095]
  Total time: 18.2s
Fold results saved to /data/cbotos/TB-Project/results/2026-04-24_server_run_v2/hierarchical_nested_cv_v2/data/fold_results_kw_nmc_kens_r4.csv
Checkpoint removed (job complete).
