Run: 2026-04-24_server_run_v2
Config: /data/cbotos/TB-Project/results/2026-04-24_server_run_v2/config_snapshot_hierarchical_v2.yaml
Stage 1: kw_rf (fixed, binary HER2+ vs rest, threshold calibrated)
Stage 2: kw_nmc_kgrid (HR+ vs Triple Neg)
Repeat seed: 43
Stage 2 grid size: 4 combinations
Loading data...
Loaded 100 samples, 273 features.
Classes: ['HER2+', 'HR+', 'Triple Neg']
  HER2+: 32 samples
  HR+: 36 samples
  Triple Neg: 32 samples
Mislabel indices verified: [(2, 'Array.67'), (4, 'Array.22')]
    Stage 1 threshold: 0.15 (BA=1.0000, range 0.8400-1.0000).
  Fold 1: s1=1.0000 (t=0.15)  s2=0.6071  combined=0.7381  auroc=0.9200  excl=0.7778 (1)  (6.4s)
    Stage 1 threshold: 0.20 (BA=1.0000, range 0.8600-1.0000).
  Fold 2: s1=1.0000 (t=0.20)  s2=0.7024  combined=0.8016  auroc=0.9008  excl=0.8016 (0)  (6.5s)
    Stage 1 threshold: 0.20 (BA=1.0000, range 0.8300-1.0000).
  Fold 3: s1=1.0000 (t=0.20)  s2=0.8542  combined=0.9028  auroc=0.9479  excl=0.9028 (0)  (6.4s)
    Stage 1 threshold: 0.15 (BA=1.0000, range 0.9233-1.0000).
  Fold 4: s1=0.9643 (t=0.15)  s2=0.7143  combined=0.7619  auroc=0.9487  excl=0.7619 (0)  (6.5s)
    Stage 1 threshold: 0.15 (BA=1.0000, range 0.9200-1.0000).
  Fold 5: s1=1.0000 (t=0.15)  s2=0.7857  combined=0.8571  auroc=0.9084  excl=0.9048 (1)  (6.4s)

Summary for v2_kw_nmc_kgrid repeat 43:
  Stage 1 (HER2+ vs rest):  0.9929 (+/- 0.0143)
  Stage 2 (HR+ vs TN):      0.7327 (+/- 0.0832)
  Combined (3-class):       0.8123 (+/- 0.0606)
  Combined (excl mislabels): 0.8298 (+/- 0.0617)
  Combined fold scores: [0.7381, 0.8016, 0.9028, 0.7619, 0.8571]
  Total time: 32.3s
Fold results saved to /data/cbotos/TB-Project/results/2026-04-24_server_run_v2/hierarchical_nested_cv_v2/data/fold_results_kw_nmc_kgrid_r43.csv
Checkpoint removed (job complete).
