Run: 2026-04-24_server_run_v2
Config: /data/cbotos/TB-Project/results/2026-04-24_server_run_v2/config_snapshot_hierarchical_v2.yaml
Stage 1: kw_rf (fixed, binary HER2+ vs rest, threshold calibrated)
Stage 2: kw_nmc (HR+ vs Triple Neg)
Repeat seed: 42
Stage 2 grid size: 8 combinations
Loading data...
Loaded 100 samples, 273 features.
Classes: ['HER2+', 'HR+', 'Triple Neg']
  HER2+: 32 samples
  HR+: 36 samples
  Triple Neg: 32 samples
Mislabel indices verified: [(2, 'Array.67'), (4, 'Array.22')]
    Stage 1 threshold: 0.15 (BA=1.0000, range 0.7800-1.0000).
  Fold 1: s1=1.0000 (t=0.15)  s2=0.6905  combined=0.7937  auroc=0.8935  excl=0.8381 (1)  (10.3s)
    Stage 1 threshold: 0.15 (BA=1.0000, range 0.8800-1.0000).
  Fold 2: s1=1.0000 (t=0.15)  s2=0.5952  combined=0.7302  auroc=0.9621  excl=0.7302 (0)  (9.1s)
    Stage 1 threshold: 0.20 (BA=1.0000, range 0.8467-1.0000).
  Fold 3: s1=1.0000 (t=0.20)  s2=0.7708  combined=0.8472  auroc=0.9630  excl=0.8472 (0)  (9.1s)
    Stage 1 threshold: 0.25 (BA=1.0000, range 0.9233-1.0000).
  Fold 4: s1=1.0000 (t=0.25)  s2=0.7857  combined=0.8571  auroc=0.9927  excl=0.8571 (0)  (9.1s)
    Stage 1 threshold: 0.15 (BA=1.0000, range 0.8633-1.0000).
  Fold 5: s1=1.0000 (t=0.15)  s2=0.5714  combined=0.7143  auroc=0.8645  excl=0.7460 (1)  (9.1s)

Summary for v2_kw_nmc repeat 42:
  Stage 1 (HER2+ vs rest):  1.0000 (+/- 0.0000)
  Stage 2 (HR+ vs TN):      0.6827 (+/- 0.0877)
  Combined (3-class):       0.7885 (+/- 0.0585)
  Combined (excl mislabels): 0.8037 (+/- 0.0542)
  Combined fold scores: [0.7937, 0.7302, 0.8472, 0.8571, 0.7143]
  Total time: 46.6s
Fold results saved to /data/cbotos/TB-Project/results/2026-04-24_server_run_v2/hierarchical_nested_cv_v2/data/fold_results_kw_nmc_r42.csv
Checkpoint removed (job complete).
