Run: 2026-04-24_server_run_v2
Config: /data/cbotos/TB-Project/results/2026-04-24_server_run_v2/config_snapshot_hierarchical_v2.yaml
Stage 1: kw_rf (fixed, binary HER2+ vs rest, threshold calibrated)
Stage 2: kw_rf (HR+ vs Triple Neg)
Repeat seed: 31
Stage 2 grid size: 32 combinations
Loading data...
Loaded 100 samples, 273 features.
Classes: ['HER2+', 'HR+', 'Triple Neg']
  HER2+: 32 samples
  HR+: 36 samples
  Triple Neg: 32 samples
Mislabel indices verified: [(2, 'Array.67'), (4, 'Array.22')]
    Stage 1 threshold: 0.25 (BA=1.0000, range 0.8800-1.0000).
  Fold 1: s1=1.0000 (t=0.25)  s2=0.6190  combined=0.7460  auroc=0.8892  excl=0.7905 (1)  (105.1s)
    Stage 1 threshold: 0.15 (BA=1.0000, range 0.8400-1.0000).
  Fold 2: s1=1.0000 (t=0.15)  s2=0.8452  combined=0.8968  auroc=0.9771  excl=0.9444 (1)  (105.4s)
    Stage 1 threshold: 0.25 (BA=1.0000, range 0.9233-1.0000).
  Fold 3: s1=1.0000 (t=0.25)  s2=0.5625  combined=0.7083  auroc=0.9107  excl=0.7083 (0)  (105.3s)
    Stage 1 threshold: 0.25 (BA=1.0000, range 0.8200-1.0000).
  Fold 4: s1=1.0000 (t=0.25)  s2=0.7857  combined=0.8571  auroc=0.9451  excl=0.8571 (0)  (105.6s)
    Stage 1 threshold: 0.10 (BA=1.0000, range 0.8833-1.0000).
  Fold 5: s1=1.0000 (t=0.10)  s2=0.5000  combined=0.6667  auroc=0.8352  excl=0.6667 (0)  (105.0s)

Summary for v2_kw_rf repeat 31:
  Stage 1 (HER2+ vs rest):  1.0000 (+/- 0.0000)
  Stage 2 (HR+ vs TN):      0.6625 (+/- 0.1318)
  Combined (3-class):       0.7750 (+/- 0.0879)
  Combined (excl mislabels): 0.7934 (+/- 0.1002)
  Combined fold scores: [0.746, 0.8968, 0.7083, 0.8571, 0.6667]
  Total time: 526.4s
Fold results saved to /data/cbotos/TB-Project/results/2026-04-24_server_run_v2/hierarchical_nested_cv_v2/data/fold_results_kw_rf_r31.csv
Checkpoint removed (job complete).
