Run: 2026-04-24_server_run_v2
Config: /data/cbotos/TB-Project/results/2026-04-24_server_run_v2/config_snapshot_hierarchical_v2.yaml
Stage 1: kw_rf (fixed, binary HER2+ vs rest, threshold calibrated)
Stage 2: kw_nmc_kens (HR+ vs Triple Neg)
Repeat seed: 25
Stage 2: no GridSearchCV (ensemble pipeline)
Loading data...
Loaded 100 samples, 273 features.
Classes: ['HER2+', 'HR+', 'Triple Neg']
  HER2+: 32 samples
  HR+: 36 samples
  Triple Neg: 32 samples
Mislabel indices verified: [(2, 'Array.67'), (4, 'Array.22')]
    Stage 1 threshold: 0.15 (BA=1.0000, range 0.9000-1.0000).
      k=15: mean_max_prob=0.6543
      k=20: mean_max_prob=0.6548
      k=30: mean_max_prob=0.6887
      k=50: mean_max_prob=0.6805
  Fold 1: s1=0.9231 (t=0.15)  s2=0.6905  combined=0.7381  auroc=0.9466  excl=0.7778 (1)  (3.6s)
    Stage 1 threshold: 0.20 (BA=1.0000, range 0.8600-1.0000).
      k=15: mean_max_prob=0.7141
      k=20: mean_max_prob=0.7054
      k=30: mean_max_prob=0.7027
      k=50: mean_max_prob=0.6988
  Fold 2: s1=1.0000 (t=0.20)  s2=0.7738  combined=0.8492  auroc=0.9695  excl=0.8492 (0)  (3.6s)
    Stage 1 threshold: 0.20 (BA=1.0000, range 0.8667-1.0000).
      k=15: mean_max_prob=0.7075
      k=20: mean_max_prob=0.7142
      k=30: mean_max_prob=0.6996
      k=50: mean_max_prob=0.6900
  Fold 3: s1=1.0000 (t=0.20)  s2=0.7917  combined=0.8611  auroc=0.9365  excl=0.9167 (1)  (3.6s)
    Stage 1 threshold: 0.20 (BA=1.0000, range 0.8933-1.0000).
      k=15: mean_max_prob=0.7296
      k=20: mean_max_prob=0.7263
      k=30: mean_max_prob=0.7379
      k=50: mean_max_prob=0.7172
  Fold 4: s1=1.0000 (t=0.20)  s2=0.7143  combined=0.8095  auroc=0.9487  excl=0.8095 (0)  (3.6s)
    Stage 1 threshold: 0.15 (BA=1.0000, range 0.8767-1.0000).
      k=15: mean_max_prob=0.7042
      k=20: mean_max_prob=0.6974
      k=30: mean_max_prob=0.6840
      k=50: mean_max_prob=0.6799
  Fold 5: s1=1.0000 (t=0.15)  s2=0.7143  combined=0.8095  auroc=0.9597  excl=0.8095 (0)  (3.6s)

Summary for v2_kw_nmc_kens repeat 25:
  Stage 1 (HER2+ vs rest):  0.9846 (+/- 0.0308)
  Stage 2 (HR+ vs TN):      0.7369 (+/- 0.0388)
  Combined (3-class):       0.8135 (+/- 0.0430)
  Combined (excl mislabels): 0.8325 (+/- 0.0478)
  Combined fold scores: [0.7381, 0.8492, 0.8611, 0.8095, 0.8095]
  Total time: 18.0s
Fold results saved to /data/cbotos/TB-Project/results/2026-04-24_server_run_v2/hierarchical_nested_cv_v2/data/fold_results_kw_nmc_kens_r25.csv
Checkpoint removed (job complete).
