Run: 2026-04-24_server_run_v2
Config: /data/cbotos/TB-Project/results/2026-04-24_server_run_v2/config_snapshot_hierarchical_v2.yaml
Stage 1: kw_rf (fixed, binary HER2+ vs rest, threshold calibrated)
Stage 2: kw_rf (HR+ vs Triple Neg)
Repeat seed: 39
Stage 2 grid size: 32 combinations
Loading data...
Loaded 100 samples, 273 features.
Classes: ['HER2+', 'HR+', 'Triple Neg']
  HER2+: 32 samples
  HR+: 36 samples
  Triple Neg: 32 samples
Mislabel indices verified: [(2, 'Array.67'), (4, 'Array.22')]
    Stage 1 threshold: 0.15 (BA=1.0000, range 0.9200-1.0000).
  Fold 1: s1=1.0000 (t=0.15)  s2=0.6190  combined=0.7460  auroc=0.9353  excl=0.7460 (0)  (104.5s)
    Stage 1 threshold: 0.20 (BA=1.0000, range 0.9000-1.0000).
  Fold 2: s1=1.0000 (t=0.20)  s2=0.8571  combined=0.9048  auroc=0.9960  excl=0.9048 (0)  (104.7s)
    Stage 1 threshold: 0.15 (BA=1.0000, range 0.8467-1.0000).
  Fold 3: s1=1.0000 (t=0.15)  s2=0.7500  combined=0.8333  auroc=0.9960  excl=0.8571 (1)  (104.5s)
    Stage 1 threshold: 0.30 (BA=1.0000, range 0.8633-1.0000).
  Fold 4: s1=1.0000 (t=0.30)  s2=0.6429  combined=0.7619  auroc=0.8571  excl=0.7619 (0)  (104.9s)
    Stage 1 threshold: 0.20 (BA=1.0000, range 0.9033-1.0000).
  Fold 5: s1=1.0000 (t=0.20)  s2=0.7143  combined=0.8095  auroc=0.9414  excl=0.8492 (1)  (104.8s)

Summary for v2_kw_rf repeat 39:
  Stage 1 (HER2+ vs rest):  1.0000 (+/- 0.0000)
  Stage 2 (HR+ vs TN):      0.7167 (+/- 0.0846)
  Combined (3-class):       0.8111 (+/- 0.0564)
  Combined (excl mislabels): 0.8238 (+/- 0.0603)
  Combined fold scores: [0.746, 0.9048, 0.8333, 0.7619, 0.8095]
  Total time: 523.4s
Fold results saved to /data/cbotos/TB-Project/results/2026-04-24_server_run_v2/hierarchical_nested_cv_v2/data/fold_results_kw_rf_r39.csv
Checkpoint removed (job complete).
