Run: 2026-04-24_server_run_v2
Config: /data/cbotos/TB-Project/results/2026-04-24_server_run_v2/config_snapshot_hierarchical_v2.yaml
Stage 1: kw_rf (fixed, binary HER2+ vs rest, threshold calibrated)
Stage 2: kw_rf (HR+ vs Triple Neg)
Repeat seed: 10
Stage 2 grid size: 32 combinations
Loading data...
Loaded 100 samples, 273 features.
Classes: ['HER2+', 'HR+', 'Triple Neg']
  HER2+: 32 samples
  HR+: 36 samples
  Triple Neg: 32 samples
Mislabel indices verified: [(2, 'Array.67'), (4, 'Array.22')]
    Stage 1 threshold: 0.15 (BA=1.0000, range 0.8600-1.0000).
  Fold 1: s1=0.9615 (t=0.15)  s2=0.7619  combined=0.7857  auroc=0.9389  excl=0.8333 (1)  (106.8s)
    Stage 1 threshold: 0.15 (BA=1.0000, range 0.9200-1.0000).
  Fold 2: s1=1.0000 (t=0.15)  s2=0.7619  combined=0.8413  auroc=0.9618  excl=0.8413 (0)  (104.4s)
    Stage 1 threshold: 0.20 (BA=1.0000, range 0.9233-1.0000).
  Fold 3: s1=1.0000 (t=0.20)  s2=0.7917  combined=0.8611  auroc=0.9737  excl=0.8611 (0)  (104.9s)
    Stage 1 threshold: 0.15 (BA=1.0000, range 0.7900-1.0000).
  Fold 4: s1=1.0000 (t=0.15)  s2=0.6429  combined=0.7619  auroc=0.8681  excl=0.8016 (1)  (104.2s)
    Stage 1 threshold: 0.20 (BA=1.0000, range 0.9067-1.0000).
  Fold 5: s1=1.0000 (t=0.20)  s2=0.5000  combined=0.6667  auroc=0.8022  excl=0.6667 (0)  (104.6s)

Summary for v2_kw_rf repeat 10:
  Stage 1 (HER2+ vs rest):  0.9923 (+/- 0.0154)
  Stage 2 (HR+ vs TN):      0.6917 (+/- 0.1086)
  Combined (3-class):       0.7833 (+/- 0.0685)
  Combined (excl mislabels): 0.8008 (+/- 0.0698)
  Combined fold scores: [0.7857, 0.8413, 0.8611, 0.7619, 0.6667]
  Total time: 524.9s
Fold results saved to /data/cbotos/TB-Project/results/2026-04-24_server_run_v2/hierarchical_nested_cv_v2/data/fold_results_kw_rf_r10.csv
Checkpoint removed (job complete).
