Run: 2026-04-24_server_run_v2
Config: /data/cbotos/TB-Project/results/2026-04-24_server_run_v2/config_snapshot_hierarchical_v2.yaml
Stage 1: kw_rf (fixed, binary HER2+ vs rest, threshold calibrated)
Stage 2: kw_nmc (HR+ vs Triple Neg)
Repeat seed: 5
Stage 2 grid size: 8 combinations
Loading data...
Loaded 100 samples, 273 features.
Classes: ['HER2+', 'HR+', 'Triple Neg']
  HER2+: 32 samples
  HR+: 36 samples
  Triple Neg: 32 samples
Mislabel indices verified: [(2, 'Array.67'), (4, 'Array.22')]
    Stage 1 threshold: 0.20 (BA=1.0000, range 0.9200-1.0000).
  Fold 1: s1=1.0000 (t=0.20)  s2=0.7738  combined=0.8492  auroc=0.9237  excl=0.8492 (0)  (10.6s)
    Stage 1 threshold: 0.20 (BA=1.0000, range 0.8200-1.0000).
  Fold 2: s1=1.0000 (t=0.20)  s2=0.7024  combined=0.8016  auroc=0.9542  excl=0.8016 (0)  (9.0s)
    Stage 1 threshold: 0.10 (BA=1.0000, range 0.8867-1.0000).
  Fold 3: s1=1.0000 (t=0.10)  s2=0.9167  combined=0.9444  auroc=0.9777  excl=0.9444 (0)  (9.0s)
    Stage 1 threshold: 0.15 (BA=1.0000, range 0.8800-1.0000).
  Fold 4: s1=1.0000 (t=0.15)  s2=0.7857  combined=0.8571  auroc=0.9414  excl=0.8968 (1)  (9.0s)
    Stage 1 threshold: 0.10 (BA=1.0000, range 0.8867-1.0000).
  Fold 5: s1=1.0000 (t=0.10)  s2=0.7143  combined=0.8095  auroc=0.9414  excl=0.8413 (1)  (9.0s)

Summary for v2_kw_nmc repeat 5:
  Stage 1 (HER2+ vs rest):  1.0000 (+/- 0.0000)
  Stage 2 (HR+ vs TN):      0.7786 (+/- 0.0763)
  Combined (3-class):       0.8524 (+/- 0.0508)
  Combined (excl mislabels): 0.8667 (+/- 0.0493)
  Combined fold scores: [0.8492, 0.8016, 0.9444, 0.8571, 0.8095]
  Total time: 46.6s
Fold results saved to /data/cbotos/TB-Project/results/2026-04-24_server_run_v2/hierarchical_nested_cv_v2/data/fold_results_kw_nmc_r5.csv
Checkpoint removed (job complete).
