Run: 2026-04-24_server_run_v2
Config: /data/cbotos/TB-Project/results/2026-04-24_server_run_v2/config_snapshot_hierarchical_v2.yaml
Stage 1: kw_rf (fixed, binary HER2+ vs rest, threshold calibrated)
Stage 2: kw_rf (HR+ vs Triple Neg)
Repeat seed: 15
Stage 2 grid size: 32 combinations
Loading data...
Loaded 100 samples, 273 features.
Classes: ['HER2+', 'HR+', 'Triple Neg']
  HER2+: 32 samples
  HR+: 36 samples
  Triple Neg: 32 samples
Mislabel indices verified: [(2, 'Array.67'), (4, 'Array.22')]
    Stage 1 threshold: 0.15 (BA=1.0000, range 0.8400-1.0000).
  Fold 1: s1=1.0000 (t=0.15)  s2=0.8333  combined=0.8889  auroc=0.9008  excl=0.8889 (0)  (90.6s)
    Stage 1 threshold: 0.20 (BA=1.0000, range 0.9000-1.0000).
  Fold 2: s1=1.0000 (t=0.20)  s2=0.7619  combined=0.8413  auroc=0.9542  excl=0.8857 (1)  (87.6s)
    Stage 1 threshold: 0.20 (BA=1.0000, range 0.9200-1.0000).
  Fold 3: s1=1.0000 (t=0.20)  s2=1.0000  combined=1.0000  auroc=1.0000  excl=1.0000 (0)  (87.7s)
    Stage 1 threshold: 0.10 (BA=1.0000, range 0.8833-1.0000).
  Fold 4: s1=1.0000 (t=0.10)  s2=0.5000  combined=0.6667  auroc=0.8242  excl=0.6667 (0)  (87.4s)
    Stage 1 threshold: 0.15 (BA=1.0000, range 0.8867-1.0000).
  Fold 5: s1=1.0000 (t=0.15)  s2=0.7143  combined=0.8095  auroc=0.8901  excl=0.8492 (1)  (87.5s)

Summary for v2_kw_rf repeat 15:
  Stage 1 (HER2+ vs rest):  1.0000 (+/- 0.0000)
  Stage 2 (HR+ vs TN):      0.7619 (+/- 0.1629)
  Combined (3-class):       0.8413 (+/- 0.1086)
  Combined (excl mislabels): 0.8581 (+/- 0.1082)
  Combined fold scores: [0.8889, 0.8413, 1.0, 0.6667, 0.8095]
  Total time: 440.8s
Fold results saved to /data/cbotos/TB-Project/results/2026-04-24_server_run_v2/hierarchical_nested_cv_v2/data/fold_results_kw_rf_r15.csv
Checkpoint removed (job complete).
