Run: 2026-04-24_server_run_v2
Config: /data/cbotos/TB-Project/results/2026-04-24_server_run_v2/config_snapshot_hierarchical_v2.yaml
Stage 1: kw_rf (fixed, binary HER2+ vs rest, threshold calibrated)
Stage 2: kw_nmc_kens (HR+ vs Triple Neg)
Repeat seed: 16
Stage 2: no GridSearchCV (ensemble pipeline)
Loading data...
Loaded 100 samples, 273 features.
Classes: ['HER2+', 'HR+', 'Triple Neg']
  HER2+: 32 samples
  HR+: 36 samples
  Triple Neg: 32 samples
Mislabel indices verified: [(2, 'Array.67'), (4, 'Array.22')]
    Stage 1 threshold: 0.25 (BA=1.0000, range 0.9400-1.0000).
      k=15: mean_max_prob=0.6964
      k=20: mean_max_prob=0.7054
      k=30: mean_max_prob=0.7230
      k=50: mean_max_prob=0.6980
  Fold 1: s1=1.0000 (t=0.25)  s2=0.8452  combined=0.8968  auroc=0.9808  excl=0.9444 (1)  (3.6s)
    Stage 1 threshold: 0.15 (BA=1.0000, range 0.8800-1.0000).
      k=15: mean_max_prob=0.6921
      k=20: mean_max_prob=0.7047
      k=30: mean_max_prob=0.6951
      k=50: mean_max_prob=0.6995
  Fold 2: s1=1.0000 (t=0.15)  s2=0.9167  combined=0.9444  auroc=0.9884  excl=0.9444 (0)  (3.6s)
    Stage 1 threshold: 0.15 (BA=1.0000, range 0.8667-1.0000).
      k=15: mean_max_prob=0.7050
      k=20: mean_max_prob=0.7100
      k=30: mean_max_prob=0.7191
      k=50: mean_max_prob=0.7311
  Fold 3: s1=1.0000 (t=0.15)  s2=0.6250  combined=0.7500  auroc=0.9256  excl=0.7500 (0)  (3.6s)
    Stage 1 threshold: 0.25 (BA=1.0000, range 0.8133-1.0000).
      k=15: mean_max_prob=0.7002
      k=20: mean_max_prob=0.6887
      k=30: mean_max_prob=0.6951
      k=50: mean_max_prob=0.7003
  Fold 4: s1=1.0000 (t=0.25)  s2=0.7143  combined=0.8095  auroc=0.9267  excl=0.8095 (0)  (3.6s)
    Stage 1 threshold: 0.20 (BA=1.0000, range 0.8700-1.0000).
      k=15: mean_max_prob=0.6720
      k=20: mean_max_prob=0.6606
      k=30: mean_max_prob=0.6431
      k=50: mean_max_prob=0.6455
  Fold 5: s1=1.0000 (t=0.20)  s2=0.7857  combined=0.8571  auroc=0.9414  excl=0.8968 (1)  (3.6s)

Summary for v2_kw_nmc_kens repeat 16:
  Stage 1 (HER2+ vs rest):  1.0000 (+/- 0.0000)
  Stage 2 (HR+ vs TN):      0.7774 (+/- 0.1013)
  Combined (3-class):       0.8516 (+/- 0.0675)
  Combined (excl mislabels): 0.8690 (+/- 0.0773)
  Combined fold scores: [0.8968, 0.9444, 0.75, 0.8095, 0.8571]
  Total time: 18.1s
Fold results saved to /data/cbotos/TB-Project/results/2026-04-24_server_run_v2/hierarchical_nested_cv_v2/data/fold_results_kw_nmc_kens_r16.csv
Checkpoint removed (job complete).
