Run: 2026-04-24_server_run_v2
Config: /data/cbotos/TB-Project/results/2026-04-24_server_run_v2/config_snapshot_hierarchical_v2.yaml
Stage 1: kw_rf (fixed, binary HER2+ vs rest, threshold calibrated)
Stage 2: kw_nmc_kens (HR+ vs Triple Neg)
Repeat seed: 50
Stage 2: no GridSearchCV (ensemble pipeline)
Loading data...
Loaded 100 samples, 273 features.
Classes: ['HER2+', 'HR+', 'Triple Neg']
  HER2+: 32 samples
  HR+: 36 samples
  Triple Neg: 32 samples
Mislabel indices verified: [(2, 'Array.67'), (4, 'Array.22')]
    Stage 1 threshold: 0.15 (BA=1.0000, range 0.8200-1.0000).
      k=15: mean_max_prob=0.6586
      k=20: mean_max_prob=0.7028
      k=30: mean_max_prob=0.6988
      k=50: mean_max_prob=0.6744
  Fold 1: s1=0.9615 (t=0.15)  s2=0.6786  combined=0.7302  auroc=0.9618  excl=0.7778 (1)  (3.7s)
    Stage 1 threshold: 0.20 (BA=1.0000, range 0.8200-1.0000).
      k=15: mean_max_prob=0.7185
      k=20: mean_max_prob=0.6700
      k=30: mean_max_prob=0.6573
      k=50: mean_max_prob=0.6512
  Fold 2: s1=1.0000 (t=0.20)  s2=0.7024  combined=0.8016  auroc=0.9389  excl=0.8016 (0)  (3.6s)
    Stage 1 threshold: 0.25 (BA=1.0000, range 0.8733-1.0000).
      k=15: mean_max_prob=0.7058
      k=20: mean_max_prob=0.7218
      k=30: mean_max_prob=0.7565
      k=50: mean_max_prob=0.7472
  Fold 3: s1=1.0000 (t=0.25)  s2=0.6042  combined=0.7361  auroc=0.8586  excl=0.7583 (1)  (3.6s)
    Stage 1 threshold: 0.25 (BA=1.0000, range 0.8133-1.0000).
      k=15: mean_max_prob=0.6816
      k=20: mean_max_prob=0.6882
      k=30: mean_max_prob=0.6970
      k=50: mean_max_prob=0.6962
  Fold 4: s1=1.0000 (t=0.25)  s2=0.9286  combined=0.9524  auroc=1.0000  excl=0.9524 (0)  (3.6s)
    Stage 1 threshold: 0.30 (BA=1.0000, range 0.8633-1.0000).
      k=15: mean_max_prob=0.6742
      k=20: mean_max_prob=0.6724
      k=30: mean_max_prob=0.6783
      k=50: mean_max_prob=0.6701
  Fold 5: s1=1.0000 (t=0.30)  s2=0.6429  combined=0.7619  auroc=0.9560  excl=0.7619 (0)  (3.6s)

Summary for v2_kw_nmc_kens repeat 50:
  Stage 1 (HER2+ vs rest):  0.9923 (+/- 0.0154)
  Stage 2 (HR+ vs TN):      0.7113 (+/- 0.1136)
  Combined (3-class):       0.7964 (+/- 0.0819)
  Combined (excl mislabels): 0.8104 (+/- 0.0726)
  Combined fold scores: [0.7302, 0.8016, 0.7361, 0.9524, 0.7619]
  Total time: 18.0s
Fold results saved to /data/cbotos/TB-Project/results/2026-04-24_server_run_v2/hierarchical_nested_cv_v2/data/fold_results_kw_nmc_kens_r50.csv
Checkpoint removed (job complete).
