Run: 2026-04-24_server_run_v2
Config: /data/cbotos/TB-Project/results/2026-04-24_server_run_v2/config_snapshot_hierarchical_v2.yaml
Stage 1: kw_rf (fixed, binary HER2+ vs rest, threshold calibrated)
Stage 2: en_rf (HR+ vs Triple Neg)
Repeat seed: 24
Stage 2 grid size: 800 combinations
Loading data...
Loaded 100 samples, 273 features.
Classes: ['HER2+', 'HR+', 'Triple Neg']
  HER2+: 32 samples
  HR+: 36 samples
  Triple Neg: 32 samples
Mislabel indices verified: [(2, 'Array.67'), (4, 'Array.22')]
    Stage 1 threshold: 0.10 (BA=1.0000, range 0.8800-1.0000).
  Fold 1: s1=0.9615 (t=0.10)  s2=0.6905  combined=0.7381  auroc=0.8788  excl=0.7381 (0)  (2855.3s)
    Stage 1 threshold: 0.20 (BA=1.0000, range 0.8800-1.0000).
  Fold 2: s1=1.0000 (t=0.20)  s2=0.7143  combined=0.8095  auroc=0.9389  excl=0.8095 (0)  (2831.1s)
    Stage 1 threshold: 0.20 (BA=1.0000, range 0.9000-1.0000).
  Fold 3: s1=1.0000 (t=0.20)  s2=0.7917  combined=0.8611  auroc=0.9628  excl=0.8611 (0)  (2812.3s)
    Stage 1 threshold: 0.20 (BA=1.0000, range 0.8100-1.0000).
  Fold 4: s1=0.9643 (t=0.20)  s2=0.6429  combined=0.7143  auroc=0.8718  excl=0.7222 (2)  (2845.7s)
    Stage 1 threshold: 0.25 (BA=1.0000, range 0.9433-1.0000).
  Fold 5: s1=1.0000 (t=0.25)  s2=0.7143  combined=0.8095  auroc=0.9194  excl=0.8095 (0)  (2887.3s)

Summary for v2_en_rf repeat 24:
  Stage 1 (HER2+ vs rest):  0.9852 (+/- 0.0182)
  Stage 2 (HR+ vs TN):      0.7107 (+/- 0.0482)
  Combined (3-class):       0.7865 (+/- 0.0533)
  Combined (excl mislabels): 0.7881 (+/- 0.0512)
  Combined fold scores: [0.7381, 0.8095, 0.8611, 0.7143, 0.8095]
  Total time: 14231.8s
Fold results saved to /data/cbotos/TB-Project/results/2026-04-24_server_run_v2/hierarchical_nested_cv_v2/data/fold_results_en_rf_r24.csv
Checkpoint removed (job complete).
