Run: 2026-04-24_server_run_v2
Config: /data/cbotos/TB-Project/results/2026-04-24_server_run_v2/config_snapshot_hierarchical_v2.yaml
Stage 1: kw_rf (fixed, binary HER2+ vs rest, threshold calibrated)
Stage 2: kw_nmc_kgrid (HR+ vs Triple Neg)
Repeat seed: 25
Stage 2 grid size: 4 combinations
Loading data...
Loaded 100 samples, 273 features.
Classes: ['HER2+', 'HR+', 'Triple Neg']
  HER2+: 32 samples
  HR+: 36 samples
  Triple Neg: 32 samples
Mislabel indices verified: [(2, 'Array.67'), (4, 'Array.22')]
    Stage 1 threshold: 0.15 (BA=1.0000, range 0.9000-1.0000).
  Fold 1: s1=0.9231 (t=0.15)  s2=0.7738  combined=0.7937  auroc=0.9466  excl=0.8333 (1)  (6.5s)
    Stage 1 threshold: 0.20 (BA=1.0000, range 0.8600-1.0000).
  Fold 2: s1=1.0000 (t=0.20)  s2=0.7738  combined=0.8492  auroc=0.9771  excl=0.8492 (0)  (6.4s)
    Stage 1 threshold: 0.20 (BA=1.0000, range 0.8667-1.0000).
  Fold 3: s1=1.0000 (t=0.20)  s2=0.7917  combined=0.8611  auroc=0.9296  excl=0.9167 (1)  (6.5s)
    Stage 1 threshold: 0.20 (BA=1.0000, range 0.8933-1.0000).
  Fold 4: s1=1.0000 (t=0.20)  s2=0.7143  combined=0.8095  auroc=0.9304  excl=0.8095 (0)  (6.4s)
    Stage 1 threshold: 0.15 (BA=1.0000, range 0.8767-1.0000).
  Fold 5: s1=1.0000 (t=0.15)  s2=0.7143  combined=0.8095  auroc=0.9707  excl=0.8095 (0)  (6.4s)

Summary for v2_kw_nmc_kgrid repeat 25:
  Stage 1 (HER2+ vs rest):  0.9846 (+/- 0.0308)
  Stage 2 (HR+ vs TN):      0.7536 (+/- 0.0327)
  Combined (3-class):       0.8246 (+/- 0.0259)
  Combined (excl mislabels): 0.8437 (+/- 0.0395)
  Combined fold scores: [0.7937, 0.8492, 0.8611, 0.8095, 0.8095]
  Total time: 32.3s
Fold results saved to /data/cbotos/TB-Project/results/2026-04-24_server_run_v2/hierarchical_nested_cv_v2/data/fold_results_kw_nmc_kgrid_r25.csv
Checkpoint removed (job complete).
