Run: 2026-04-24_server_run_v2
Config: /data/cbotos/TB-Project/results/2026-04-24_server_run_v2/config_snapshot_hierarchical_v2.yaml
Stage 1: kw_rf (fixed, binary HER2+ vs rest, threshold calibrated)
Stage 2: kw_rf (HR+ vs Triple Neg)
Repeat seed: 5
Stage 2 grid size: 32 combinations
Loading data...
Loaded 100 samples, 273 features.
Classes: ['HER2+', 'HR+', 'Triple Neg']
  HER2+: 32 samples
  HR+: 36 samples
  Triple Neg: 32 samples
Mislabel indices verified: [(2, 'Array.67'), (4, 'Array.22')]
    Stage 1 threshold: 0.20 (BA=1.0000, range 0.9200-1.0000).
  Fold 1: s1=1.0000 (t=0.20)  s2=0.6310  combined=0.7540  auroc=0.8741  excl=0.7540 (0)  (92.8s)
    Stage 1 threshold: 0.20 (BA=1.0000, range 0.8200-1.0000).
  Fold 2: s1=1.0000 (t=0.20)  s2=0.7738  combined=0.8492  auroc=0.9161  excl=0.8492 (0)  (102.9s)
    Stage 1 threshold: 0.10 (BA=1.0000, range 0.8867-1.0000).
  Fold 3: s1=1.0000 (t=0.10)  s2=0.7917  combined=0.8611  auroc=0.9479  excl=0.8611 (0)  (105.3s)
    Stage 1 threshold: 0.15 (BA=1.0000, range 0.8800-1.0000).
  Fold 4: s1=1.0000 (t=0.15)  s2=0.7143  combined=0.8095  auroc=0.9084  excl=0.8016 (1)  (105.0s)
    Stage 1 threshold: 0.10 (BA=1.0000, range 0.8867-1.0000).
  Fold 5: s1=1.0000 (t=0.10)  s2=0.6429  combined=0.7619  auroc=0.9231  excl=0.7857 (1)  (105.2s)

Summary for v2_kw_rf repeat 5:
  Stage 1 (HER2+ vs rest):  1.0000 (+/- 0.0000)
  Stage 2 (HR+ vs TN):      0.7107 (+/- 0.0656)
  Combined (3-class):       0.8071 (+/- 0.0437)
  Combined (excl mislabels): 0.8103 (+/- 0.0399)
  Combined fold scores: [0.754, 0.8492, 0.8611, 0.8095, 0.7619]
  Total time: 511.4s
Fold results saved to /data/cbotos/TB-Project/results/2026-04-24_server_run_v2/hierarchical_nested_cv_v2/data/fold_results_kw_rf_r5.csv
Checkpoint removed (job complete).
