Run: 2026-04-24_server_run_v2
Config: /data/cbotos/TB-Project/results/2026-04-24_server_run_v2/config_snapshot_hierarchical_v2.yaml
Stage 1: kw_rf (fixed, binary HER2+ vs rest, threshold calibrated)
Stage 2: en_rf (HR+ vs Triple Neg)
Repeat seed: 46
Stage 2 grid size: 800 combinations
Loading data...
Loaded 100 samples, 273 features.
Classes: ['HER2+', 'HR+', 'Triple Neg']
  HER2+: 32 samples
  HR+: 36 samples
  Triple Neg: 32 samples
Mislabel indices verified: [(2, 'Array.67'), (4, 'Array.22')]
    Stage 1 threshold: 0.20 (BA=1.0000, range 0.8800-1.0000).
  Fold 1: s1=1.0000 (t=0.20)  s2=0.5357  combined=0.6905  auroc=0.8968  excl=0.6905 (0)  (2829.1s)
    Stage 1 threshold: 0.15 (BA=1.0000, range 0.9000-1.0000).
  Fold 2: s1=1.0000 (t=0.15)  s2=0.6786  combined=0.7857  auroc=0.9272  excl=0.7857 (0)  (2881.4s)
    Stage 1 threshold: 0.25 (BA=1.0000, range 0.8833-1.0000).
  Fold 3: s1=1.0000 (t=0.25)  s2=0.5625  combined=0.7083  auroc=0.9291  excl=0.7417 (1)  (2839.0s)
    Stage 1 threshold: 0.20 (BA=1.0000, range 0.8233-1.0000).
  Fold 4: s1=1.0000 (t=0.20)  s2=0.5714  combined=0.7143  auroc=0.8645  excl=0.7143 (0)  (2849.0s)
    Stage 1 threshold: 0.15 (BA=1.0000, range 0.8633-1.0000).
  Fold 5: s1=1.0000 (t=0.15)  s2=0.7143  combined=0.8095  auroc=0.9341  excl=0.8413 (1)  (2820.3s)

Summary for v2_en_rf repeat 46:
  Stage 1 (HER2+ vs rest):  1.0000 (+/- 0.0000)
  Stage 2 (HR+ vs TN):      0.6125 (+/- 0.0704)
  Combined (3-class):       0.7417 (+/- 0.0470)
  Combined (excl mislabels): 0.7547 (+/- 0.0536)
  Combined fold scores: [0.6905, 0.7857, 0.7083, 0.7143, 0.8095]
  Total time: 14218.9s
Fold results saved to /data/cbotos/TB-Project/results/2026-04-24_server_run_v2/hierarchical_nested_cv_v2/data/fold_results_en_rf_r46.csv
Checkpoint removed (job complete).
