Run: 2026-04-24_server_run_v2
Config: /data/cbotos/TB-Project/results/2026-04-24_server_run_v2/config_snapshot_hierarchical_v2.yaml
Stage 1: kw_rf (fixed, binary HER2+ vs rest, threshold calibrated)
Stage 2: kw_nmc (HR+ vs Triple Neg)
Repeat seed: 32
Stage 2 grid size: 8 combinations
Loading data...
Loaded 100 samples, 273 features.
Classes: ['HER2+', 'HR+', 'Triple Neg']
  HER2+: 32 samples
  HR+: 36 samples
  Triple Neg: 32 samples
Mislabel indices verified: [(2, 'Array.67'), (4, 'Array.22')]
    Stage 1 threshold: 0.25 (BA=1.0000, range 0.9200-1.0000).
  Fold 1: s1=1.0000 (t=0.25)  s2=0.6786  combined=0.7857  auroc=0.9509  excl=0.8190 (1)  (10.0s)
    Stage 1 threshold: 0.20 (BA=1.0000, range 0.9200-1.0000).
  Fold 2: s1=1.0000 (t=0.20)  s2=0.7500  combined=0.8333  auroc=0.9698  excl=0.8333 (0)  (9.0s)
    Stage 1 threshold: 0.10 (BA=1.0000, range 0.7867-1.0000).
  Fold 3: s1=1.0000 (t=0.10)  s2=0.8125  combined=0.8750  auroc=0.9926  excl=0.8750 (0)  (9.0s)
    Stage 1 threshold: 0.15 (BA=1.0000, range 0.9433-1.0000).
  Fold 4: s1=1.0000 (t=0.15)  s2=0.7857  combined=0.8571  auroc=0.9414  excl=0.8571 (0)  (9.1s)
    Stage 1 threshold: 0.10 (BA=1.0000, range 0.8533-1.0000).
  Fold 5: s1=1.0000 (t=0.10)  s2=0.8571  combined=0.9048  auroc=0.9707  excl=0.9524 (1)  (9.1s)

Summary for v2_kw_nmc repeat 32:
  Stage 1 (HER2+ vs rest):  1.0000 (+/- 0.0000)
  Stage 2 (HR+ vs TN):      0.7768 (+/- 0.0603)
  Combined (3-class):       0.8512 (+/- 0.0402)
  Combined (excl mislabels): 0.8674 (+/- 0.0467)
  Combined fold scores: [0.7857, 0.8333, 0.875, 0.8571, 0.9048]
  Total time: 46.2s
Fold results saved to /data/cbotos/TB-Project/results/2026-04-24_server_run_v2/hierarchical_nested_cv_v2/data/fold_results_kw_nmc_r32.csv
Checkpoint removed (job complete).
