Run: 2026-04-24_server_run_v2
Config: /data/cbotos/TB-Project/results/2026-04-24_server_run_v2/config_snapshot_hierarchical_v2.yaml
Stage 1: kw_rf (fixed, binary HER2+ vs rest, threshold calibrated)
Stage 2: en_nmc (HR+ vs Triple Neg)
Repeat seed: 4
Resuming from checkpoint: 1 folds already completed.
Stage 2 grid size: 200 combinations
Loading data...
Loaded 100 samples, 273 features.
Classes: ['HER2+', 'HR+', 'Triple Neg']
  HER2+: 32 samples
  HR+: 36 samples
  Triple Neg: 32 samples
Mislabel indices verified: [(2, 'Array.67'), (4, 'Array.22')]
    Stage 1 threshold: 0.15 (BA=1.0000, range 0.9000-1.0000).
  Fold 2: s1=1.0000 (t=0.15)  s2=0.6190  combined=0.7460  auroc=0.9200  excl=0.7460 (0)  (204.0s)
    Stage 1 threshold: 0.15 (BA=1.0000, range 0.9033-1.0000).
  Fold 3: s1=1.0000 (t=0.15)  s2=0.6875  combined=0.7917  auroc=0.9033  excl=0.8095 (1)  (221.4s)
    Stage 1 threshold: 0.20 (BA=1.0000, range 0.8667-1.0000).
  Fold 4: s1=1.0000 (t=0.20)  s2=0.8571  combined=0.9048  auroc=0.9670  excl=0.9524 (1)  (218.1s)
    Stage 1 threshold: 0.10 (BA=1.0000, range 0.8833-1.0000).
  Fold 5: s1=0.9643 (t=0.10)  s2=0.6429  combined=0.7143  auroc=0.9158  excl=0.7143 (0)  (215.5s)

Summary for v2_en_nmc repeat 4:
  Stage 1 (HER2+ vs rest):  0.9929 (+/- 0.0143)
  Stage 2 (HR+ vs TN):      0.6994 (+/- 0.0834)
  Combined (3-class):       0.7901 (+/- 0.0646)
  Combined (excl mislabels): 0.8032 (+/- 0.0819)
  Combined fold scores: [0.7937, 0.746, 0.7917, 0.9048, 0.7143]
  Total time: 859.2s
Fold results saved to /data/cbotos/TB-Project/results/2026-04-24_server_run_v2/hierarchical_nested_cv_v2/data/fold_results_en_nmc_r4.csv
Checkpoint removed (job complete).
