Run: 2026-04-24_server_run_v2
Config: /data/cbotos/TB-Project/results/2026-04-24_server_run_v2/config_snapshot_hierarchical_v2.yaml
Stage 1: kw_rf (fixed, binary HER2+ vs rest, threshold calibrated)
Stage 2: kw_rf (HR+ vs Triple Neg)
Repeat seed: 33
Stage 2 grid size: 32 combinations
Loading data...
Loaded 100 samples, 273 features.
Classes: ['HER2+', 'HR+', 'Triple Neg']
  HER2+: 32 samples
  HR+: 36 samples
  Triple Neg: 32 samples
Mislabel indices verified: [(2, 'Array.67'), (4, 'Array.22')]
    Stage 1 threshold: 0.25 (BA=1.0000, range 0.9000-1.0000).
  Fold 1: s1=1.0000 (t=0.25)  s2=0.5357  combined=0.6905  auroc=0.8892  excl=0.7238 (1)  (104.2s)
    Stage 1 threshold: 0.15 (BA=1.0000, range 0.8400-1.0000).
  Fold 2: s1=0.9615 (t=0.15)  s2=0.7738  combined=0.7937  auroc=0.9770  excl=0.7937 (0)  (104.5s)
    Stage 1 threshold: 0.25 (BA=1.0000, range 0.9267-1.0000).
  Fold 3: s1=1.0000 (t=0.25)  s2=0.6458  combined=0.7639  auroc=0.9479  excl=0.7639 (0)  (104.6s)
    Stage 1 threshold: 0.15 (BA=1.0000, range 0.8467-1.0000).
  Fold 4: s1=1.0000 (t=0.15)  s2=0.7857  combined=0.8571  auroc=0.9744  excl=0.8571 (0)  (104.3s)
    Stage 1 threshold: 0.25 (BA=1.0000, range 0.9400-1.0000).
  Fold 5: s1=1.0000 (t=0.25)  s2=0.7143  combined=0.8095  auroc=0.9377  excl=0.8413 (1)  (104.4s)

Summary for v2_kw_rf repeat 33:
  Stage 1 (HER2+ vs rest):  0.9923 (+/- 0.0154)
  Stage 2 (HR+ vs TN):      0.6911 (+/- 0.0922)
  Combined (3-class):       0.7829 (+/- 0.0552)
  Combined (excl mislabels): 0.7960 (+/- 0.0491)
  Combined fold scores: [0.6905, 0.7937, 0.7639, 0.8571, 0.8095]
  Total time: 522.2s
Fold results saved to /data/cbotos/TB-Project/results/2026-04-24_server_run_v2/hierarchical_nested_cv_v2/data/fold_results_kw_rf_r33.csv
Checkpoint removed (job complete).
