Run: 2026-04-24_server_run_v2
Config: /data/cbotos/TB-Project/results/2026-04-24_server_run_v2/config_snapshot_hierarchical_v2.yaml
Stage 1: kw_rf (fixed, binary HER2+ vs rest, threshold calibrated)
Stage 2: en_nmc (HR+ vs Triple Neg)
Repeat seed: 21
Resuming from checkpoint: 1 folds already completed.
Stage 2 grid size: 200 combinations
Loading data...
Loaded 100 samples, 273 features.
Classes: ['HER2+', 'HR+', 'Triple Neg']
  HER2+: 32 samples
  HR+: 36 samples
  Triple Neg: 32 samples
Mislabel indices verified: [(2, 'Array.67'), (4, 'Array.22')]
    Stage 1 threshold: 0.15 (BA=1.0000, range 0.8400-1.0000).
  Fold 2: s1=0.9231 (t=0.15)  s2=0.7024  combined=0.6984  auroc=0.9008  excl=0.7222 (1)  (221.3s)
    Stage 1 threshold: 0.20 (BA=1.0000, range 0.9000-1.0000).
  Fold 3: s1=1.0000 (t=0.20)  s2=0.7083  combined=0.8056  auroc=0.9449  excl=0.8500 (1)  (210.5s)
    Stage 1 threshold: 0.25 (BA=1.0000, range 0.8500-1.0000).
  Fold 4: s1=1.0000 (t=0.25)  s2=0.7857  combined=0.8571  auroc=0.9634  excl=0.8571 (0)  (218.9s)
    Stage 1 threshold: 0.15 (BA=1.0000, range 0.9233-1.0000).
  Fold 5: s1=1.0000 (t=0.15)  s2=0.8571  combined=0.9048  auroc=0.9560  excl=0.9048 (0)  (210.5s)

Summary for v2_en_nmc repeat 21:
  Stage 1 (HER2+ vs rest):  0.9846 (+/- 0.0308)
  Stage 2 (HR+ vs TN):      0.7798 (+/- 0.0654)
  Combined (3-class):       0.8325 (+/- 0.0757)
  Combined (excl mislabels): 0.8462 (+/- 0.0656)
  Combined fold scores: [0.8968, 0.6984, 0.8056, 0.8571, 0.9048]
  Total time: 861.4s
Fold results saved to /data/cbotos/TB-Project/results/2026-04-24_server_run_v2/hierarchical_nested_cv_v2/data/fold_results_en_nmc_r21.csv
Checkpoint removed (job complete).
