Run: 2026-04-24_server_run_v2
Config: /data/cbotos/TB-Project/results/2026-04-24_server_run_v2/config_snapshot_hierarchical_v2.yaml
Stage 1: kw_rf (fixed, binary HER2+ vs rest, threshold calibrated)
Stage 2: kw_nmc (HR+ vs Triple Neg)
Repeat seed: 8
Stage 2 grid size: 8 combinations
Loading data...
Loaded 100 samples, 273 features.
Classes: ['HER2+', 'HR+', 'Triple Neg']
  HER2+: 32 samples
  HR+: 36 samples
  Triple Neg: 32 samples
Mislabel indices verified: [(2, 'Array.67'), (4, 'Array.22')]
    Stage 1 threshold: 0.20 (BA=1.0000, range 0.8800-1.0000).
  Fold 1: s1=1.0000 (t=0.20)  s2=0.6905  combined=0.7937  auroc=0.8932  excl=0.7937 (0)  (10.5s)
    Stage 1 threshold: 0.20 (BA=1.0000, range 0.8800-1.0000).
  Fold 2: s1=1.0000 (t=0.20)  s2=0.5595  combined=0.7063  auroc=0.9618  excl=0.7063 (0)  (8.9s)
    Stage 1 threshold: 0.10 (BA=1.0000, range 0.8667-1.0000).
  Fold 3: s1=1.0000 (t=0.10)  s2=0.6042  combined=0.7361  auroc=0.9554  excl=0.7361 (0)  (8.9s)
    Stage 1 threshold: 0.20 (BA=1.0000, range 0.9000-1.0000).
  Fold 4: s1=1.0000 (t=0.20)  s2=0.4286  combined=0.6190  auroc=0.8242  excl=0.6429 (1)  (8.9s)
    Stage 1 threshold: 0.20 (BA=1.0000, range 0.8433-1.0000).
  Fold 5: s1=1.0000 (t=0.20)  s2=0.7857  combined=0.8571  auroc=0.9267  excl=0.8413 (1)  (8.9s)

Summary for v2_kw_nmc repeat 8:
  Stage 1 (HER2+ vs rest):  1.0000 (+/- 0.0000)
  Stage 2 (HR+ vs TN):      0.6137 (+/- 0.1206)
  Combined (3-class):       0.7425 (+/- 0.0804)
  Combined (excl mislabels): 0.7440 (+/- 0.0688)
  Combined fold scores: [0.7937, 0.7063, 0.7361, 0.619, 0.8571]
  Total time: 46.1s
Fold results saved to /data/cbotos/TB-Project/results/2026-04-24_server_run_v2/hierarchical_nested_cv_v2/data/fold_results_kw_nmc_r8.csv
Checkpoint removed (job complete).
