Run: 2026-04-24_server_run_v2
Config: /data/cbotos/TB-Project/results/2026-04-24_server_run_v2/config_snapshot_hierarchical_v2.yaml
Stage 1: kw_rf (fixed, binary HER2+ vs rest, threshold calibrated)
Stage 2: en_rf (HR+ vs Triple Neg)
Repeat seed: 27
Stage 2 grid size: 800 combinations
Loading data...
Loaded 100 samples, 273 features.
Classes: ['HER2+', 'HR+', 'Triple Neg']
  HER2+: 32 samples
  HR+: 36 samples
  Triple Neg: 32 samples
Mislabel indices verified: [(2, 'Array.67'), (4, 'Array.22')]
    Stage 1 threshold: 0.10 (BA=1.0000, range 0.9000-1.0000).
  Fold 1: s1=1.0000 (t=0.10)  s2=0.3690  combined=0.5794  auroc=0.8321  excl=0.5794 (0)  (2910.0s)
    Stage 1 threshold: 0.20 (BA=1.0000, range 0.9200-1.0000).
  Fold 2: s1=1.0000 (t=0.20)  s2=0.9286  combined=0.9524  auroc=1.0000  excl=0.9524 (0)  (2865.5s)
    Stage 1 threshold: 0.15 (BA=1.0000, range 0.8867-1.0000).
  Fold 3: s1=1.0000 (t=0.15)  s2=0.7083  combined=0.8056  auroc=0.8698  excl=0.8056 (0)  (2877.1s)
    Stage 1 threshold: 0.10 (BA=1.0000, range 0.9400-1.0000).
  Fold 4: s1=1.0000 (t=0.10)  s2=0.5000  combined=0.6667  auroc=0.8462  excl=0.6905 (1)  (2877.5s)
    Stage 1 threshold: 0.15 (BA=1.0000, range 0.8833-1.0000).
  Fold 5: s1=1.0000 (t=0.15)  s2=0.7143  combined=0.8095  auroc=0.9304  excl=0.8413 (1)  (2880.0s)

Summary for v2_en_rf repeat 27:
  Stage 1 (HER2+ vs rest):  1.0000 (+/- 0.0000)
  Stage 2 (HR+ vs TN):      0.6440 (+/- 0.1931)
  Combined (3-class):       0.7627 (+/- 0.1287)
  Combined (excl mislabels): 0.7738 (+/- 0.1282)
  Combined fold scores: [0.5794, 0.9524, 0.8056, 0.6667, 0.8095]
  Total time: 14410.3s
Fold results saved to /data/cbotos/TB-Project/results/2026-04-24_server_run_v2/hierarchical_nested_cv_v2/data/fold_results_en_rf_r27.csv
Checkpoint removed (job complete).
