Run: 2026-04-24_server_run_v2
Config: /data/cbotos/TB-Project/results/2026-04-24_server_run_v2/config_snapshot_hierarchical_v2.yaml
Stage 1: kw_rf (fixed, binary HER2+ vs rest, threshold calibrated)
Stage 2: en_nmc (HR+ vs Triple Neg)
Repeat seed: 28
Resuming from checkpoint: 1 folds already completed.
Stage 2 grid size: 200 combinations
Loading data...
Loaded 100 samples, 273 features.
Classes: ['HER2+', 'HR+', 'Triple Neg']
  HER2+: 32 samples
  HR+: 36 samples
  Triple Neg: 32 samples
Mislabel indices verified: [(2, 'Array.67'), (4, 'Array.22')]
    Stage 1 threshold: 0.20 (BA=1.0000, range 0.8200-1.0000).
  Fold 2: s1=1.0000 (t=0.20)  s2=0.8452  combined=0.8968  auroc=0.9847  excl=0.9444 (1)  (218.8s)
    Stage 1 threshold: 0.20 (BA=1.0000, range 0.9067-1.0000).
  Fold 3: s1=1.0000 (t=0.20)  s2=0.7083  combined=0.8056  auroc=0.9256  excl=0.8500 (1)  (218.1s)
    Stage 1 threshold: 0.10 (BA=1.0000, range 0.8733-1.0000).
  Fold 4: s1=0.9643 (t=0.10)  s2=0.7143  combined=0.7619  auroc=0.9158  excl=0.7619 (0)  (213.4s)
    Stage 1 threshold: 0.30 (BA=1.0000, range 0.8800-1.0000).
  Fold 5: s1=1.0000 (t=0.30)  s2=0.5714  combined=0.7143  auroc=0.9084  excl=0.7143 (0)  (222.4s)

Summary for v2_en_nmc repeat 28:
  Stage 1 (HER2+ vs rest):  0.9852 (+/- 0.0182)
  Stage 2 (HR+ vs TN):      0.7202 (+/- 0.0891)
  Combined (3-class):       0.7944 (+/- 0.0601)
  Combined (excl mislabels): 0.8129 (+/- 0.0792)
  Combined fold scores: [0.7937, 0.8968, 0.8056, 0.7619, 0.7143]
  Total time: 872.7s
Fold results saved to /data/cbotos/TB-Project/results/2026-04-24_server_run_v2/hierarchical_nested_cv_v2/data/fold_results_en_nmc_r28.csv
Checkpoint removed (job complete).
