Run: 2026-04-24_server_run_v2
Config: /data/cbotos/TB-Project/results/2026-04-24_server_run_v2/config_snapshot_hierarchical_v2.yaml
Stage 1: kw_rf (fixed, binary HER2+ vs rest, threshold calibrated)
Stage 2: kw_rf (HR+ vs Triple Neg)
Repeat seed: 24
Stage 2 grid size: 32 combinations
Loading data...
Loaded 100 samples, 273 features.
Classes: ['HER2+', 'HR+', 'Triple Neg']
  HER2+: 32 samples
  HR+: 36 samples
  Triple Neg: 32 samples
Mislabel indices verified: [(2, 'Array.67'), (4, 'Array.22')]
    Stage 1 threshold: 0.10 (BA=1.0000, range 0.8800-1.0000).
  Fold 1: s1=0.9615 (t=0.10)  s2=0.6905  combined=0.7381  auroc=0.9194  excl=0.7381 (0)  (104.4s)
    Stage 1 threshold: 0.20 (BA=1.0000, range 0.8800-1.0000).
  Fold 2: s1=1.0000 (t=0.20)  s2=0.6310  combined=0.7540  auroc=0.9582  excl=0.7540 (0)  (104.5s)
    Stage 1 threshold: 0.20 (BA=1.0000, range 0.9000-1.0000).
  Fold 3: s1=1.0000 (t=0.20)  s2=0.8542  combined=0.9028  auroc=0.9479  excl=0.9028 (0)  (104.5s)
    Stage 1 threshold: 0.20 (BA=1.0000, range 0.8100-1.0000).
  Fold 4: s1=0.9643 (t=0.20)  s2=0.5000  combined=0.6190  auroc=0.8828  excl=0.6667 (2)  (104.6s)
    Stage 1 threshold: 0.25 (BA=1.0000, range 0.9433-1.0000).
  Fold 5: s1=1.0000 (t=0.25)  s2=0.6429  combined=0.7619  auroc=0.8755  excl=0.7619 (0)  (104.6s)

Summary for v2_kw_rf repeat 24:
  Stage 1 (HER2+ vs rest):  0.9852 (+/- 0.0182)
  Stage 2 (HR+ vs TN):      0.6637 (+/- 0.1143)
  Combined (3-class):       0.7552 (+/- 0.0902)
  Combined (excl mislabels): 0.7647 (+/- 0.0768)
  Combined fold scores: [0.7381, 0.754, 0.9028, 0.619, 0.7619]
  Total time: 522.6s
Fold results saved to /data/cbotos/TB-Project/results/2026-04-24_server_run_v2/hierarchical_nested_cv_v2/data/fold_results_kw_rf_r24.csv
Checkpoint removed (job complete).
