Run: 2026-04-24_server_run_v2
Config: /data/cbotos/TB-Project/results/2026-04-24_server_run_v2/config_snapshot_hierarchical_v2.yaml
Stage 1: kw_rf (fixed, binary HER2+ vs rest, threshold calibrated)
Stage 2: kw_rf (HR+ vs Triple Neg)
Repeat seed: 41
Stage 2 grid size: 32 combinations
Loading data...
Loaded 100 samples, 273 features.
Classes: ['HER2+', 'HR+', 'Triple Neg']
  HER2+: 32 samples
  HR+: 36 samples
  Triple Neg: 32 samples
Mislabel indices verified: [(2, 'Array.67'), (4, 'Array.22')]
    Stage 1 threshold: 0.15 (BA=1.0000, range 0.8800-1.0000).
  Fold 1: s1=1.0000 (t=0.15)  s2=0.6905  combined=0.7937  auroc=0.8816  excl=0.7937 (0)  (105.0s)
    Stage 1 threshold: 0.10 (BA=1.0000, range 0.9200-1.0000).
  Fold 2: s1=0.9615 (t=0.10)  s2=0.8571  combined=0.8492  auroc=0.9695  excl=0.8492 (0)  (105.1s)
    Stage 1 threshold: 0.15 (BA=1.0000, range 0.7933-1.0000).
  Fold 3: s1=1.0000 (t=0.15)  s2=0.9375  combined=0.9583  auroc=0.9926  excl=0.9583 (0)  (105.3s)
    Stage 1 threshold: 0.15 (BA=1.0000, range 0.9233-1.0000).
  Fold 4: s1=1.0000 (t=0.15)  s2=0.5714  combined=0.7143  auroc=0.8828  excl=0.7460 (1)  (105.2s)
    Stage 1 threshold: 0.25 (BA=1.0000, range 0.8833-1.0000).
  Fold 5: s1=1.0000 (t=0.25)  s2=0.7143  combined=0.8095  auroc=0.9560  excl=0.8333 (1)  (105.4s)

Summary for v2_kw_rf repeat 41:
  Stage 1 (HER2+ vs rest):  0.9923 (+/- 0.0154)
  Stage 2 (HR+ vs TN):      0.7542 (+/- 0.1290)
  Combined (3-class):       0.8250 (+/- 0.0798)
  Combined (excl mislabels): 0.8361 (+/- 0.0708)
  Combined fold scores: [0.7937, 0.8492, 0.9583, 0.7143, 0.8095]
  Total time: 526.1s
Fold results saved to /data/cbotos/TB-Project/results/2026-04-24_server_run_v2/hierarchical_nested_cv_v2/data/fold_results_kw_rf_r41.csv
Checkpoint removed (job complete).
