Run: 2026-04-24_server_run_v2
Config: /data/cbotos/TB-Project/results/2026-04-24_server_run_v2/config_snapshot_hierarchical_v2.yaml
Stage 1: kw_rf (fixed, binary HER2+ vs rest, threshold calibrated)
Stage 2: kw_nmc_kens (HR+ vs Triple Neg)
Repeat seed: 15
Stage 2: no GridSearchCV (ensemble pipeline)
Loading data...
Loaded 100 samples, 273 features.
Classes: ['HER2+', 'HR+', 'Triple Neg']
  HER2+: 32 samples
  HR+: 36 samples
  Triple Neg: 32 samples
Mislabel indices verified: [(2, 'Array.67'), (4, 'Array.22')]
    Stage 1 threshold: 0.15 (BA=1.0000, range 0.8400-1.0000).
      k=15: mean_max_prob=0.7014
      k=20: mean_max_prob=0.7023
      k=30: mean_max_prob=0.6917
      k=50: mean_max_prob=0.6919
  Fold 1: s1=1.0000 (t=0.15)  s2=0.7619  combined=0.8413  auroc=0.9695  excl=0.8413 (0)  (3.6s)
    Stage 1 threshold: 0.20 (BA=1.0000, range 0.9000-1.0000).
      k=15: mean_max_prob=0.6739
      k=20: mean_max_prob=0.7075
      k=30: mean_max_prob=0.7003
      k=50: mean_max_prob=0.6884
  Fold 2: s1=1.0000 (t=0.20)  s2=0.9167  combined=0.9444  auroc=0.9618  excl=1.0000 (1)  (3.6s)
    Stage 1 threshold: 0.20 (BA=1.0000, range 0.9200-1.0000).
      k=15: mean_max_prob=0.7297
      k=20: mean_max_prob=0.7197
      k=30: mean_max_prob=0.7098
      k=50: mean_max_prob=0.6860
  Fold 3: s1=1.0000 (t=0.20)  s2=0.7708  combined=0.8472  auroc=0.9777  excl=0.8472 (0)  (3.6s)
    Stage 1 threshold: 0.10 (BA=1.0000, range 0.8833-1.0000).
      k=15: mean_max_prob=0.7130
      k=20: mean_max_prob=0.7156
      k=30: mean_max_prob=0.7292
      k=50: mean_max_prob=0.7171
  Fold 4: s1=1.0000 (t=0.10)  s2=0.5000  combined=0.6667  auroc=0.7985  excl=0.6667 (0)  (3.6s)
    Stage 1 threshold: 0.15 (BA=1.0000, range 0.8867-1.0000).
      k=15: mean_max_prob=0.6793
      k=20: mean_max_prob=0.6801
      k=30: mean_max_prob=0.6807
      k=50: mean_max_prob=0.6863
  Fold 5: s1=1.0000 (t=0.15)  s2=0.7857  combined=0.8571  auroc=0.9304  excl=0.8968 (1)  (3.6s)

Summary for v2_kw_nmc_kens repeat 15:
  Stage 1 (HER2+ vs rest):  1.0000 (+/- 0.0000)
  Stage 2 (HR+ vs TN):      0.7470 (+/- 0.1357)
  Combined (3-class):       0.8313 (+/- 0.0905)
  Combined (excl mislabels): 0.8504 (+/- 0.1081)
  Combined fold scores: [0.8413, 0.9444, 0.8472, 0.6667, 0.8571]
  Total time: 18.1s
Fold results saved to /data/cbotos/TB-Project/results/2026-04-24_server_run_v2/hierarchical_nested_cv_v2/data/fold_results_kw_nmc_kens_r15.csv
Checkpoint removed (job complete).
