Run: 2026-04-24_server_run_v2
Config: /data/cbotos/TB-Project/results/2026-04-24_server_run_v2/config_snapshot_hierarchical_v2.yaml
Stage 1: kw_rf (fixed, binary HER2+ vs rest, threshold calibrated)
Stage 2: kw_rf (HR+ vs Triple Neg)
Repeat seed: 17
Stage 2 grid size: 32 combinations
Loading data...
Loaded 100 samples, 273 features.
Classes: ['HER2+', 'HR+', 'Triple Neg']
  HER2+: 32 samples
  HR+: 36 samples
  Triple Neg: 32 samples
Mislabel indices verified: [(2, 'Array.67'), (4, 'Array.22')]
    Stage 1 threshold: 0.20 (BA=1.0000, range 0.9600-1.0000).
  Fold 1: s1=1.0000 (t=0.20)  s2=0.7024  combined=0.8016  auroc=0.9121  excl=0.8889 (2)  (104.6s)
    Stage 1 threshold: 0.20 (BA=1.0000, range 0.9600-1.0000).
  Fold 2: s1=0.9615 (t=0.20)  s2=0.8333  combined=0.8413  auroc=0.9505  excl=0.8413 (0)  (104.7s)
    Stage 1 threshold: 0.25 (BA=1.0000, range 0.9067-1.0000).
  Fold 3: s1=1.0000 (t=0.25)  s2=0.7708  combined=0.8472  auroc=0.9702  excl=0.8472 (0)  (104.8s)
    Stage 1 threshold: 0.15 (BA=1.0000, range 0.8833-1.0000).
  Fold 4: s1=0.9643 (t=0.15)  s2=0.7857  combined=0.8095  auroc=0.9267  excl=0.8095 (0)  (105.0s)
    Stage 1 threshold: 0.20 (BA=1.0000, range 0.7900-1.0000).
  Fold 5: s1=1.0000 (t=0.20)  s2=0.6429  combined=0.7619  auroc=0.9267  excl=0.7619 (0)  (104.9s)

Summary for v2_kw_rf repeat 17:
  Stage 1 (HER2+ vs rest):  0.9852 (+/- 0.0182)
  Stage 2 (HR+ vs TN):      0.7470 (+/- 0.0669)
  Combined (3-class):       0.8123 (+/- 0.0307)
  Combined (excl mislabels): 0.8298 (+/- 0.0423)
  Combined fold scores: [0.8016, 0.8413, 0.8472, 0.8095, 0.7619]
  Total time: 524.1s
Fold results saved to /data/cbotos/TB-Project/results/2026-04-24_server_run_v2/hierarchical_nested_cv_v2/data/fold_results_kw_rf_r17.csv
Checkpoint removed (job complete).
