Run: 2026-04-24_server_run_v2
Config: /data/cbotos/TB-Project/results/2026-04-24_server_run_v2/config_snapshot_hierarchical_v2.yaml
Stage 1: kw_rf (fixed, binary HER2+ vs rest, threshold calibrated)
Stage 2: kw_nmc_kens (HR+ vs Triple Neg)
Repeat seed: 48
Stage 2: no GridSearchCV (ensemble pipeline)
Loading data...
Loaded 100 samples, 273 features.
Classes: ['HER2+', 'HR+', 'Triple Neg']
  HER2+: 32 samples
  HR+: 36 samples
  Triple Neg: 32 samples
Mislabel indices verified: [(2, 'Array.67'), (4, 'Array.22')]
    Stage 1 threshold: 0.20 (BA=1.0000, range 0.9000-1.0000).
      k=15: mean_max_prob=0.7115
      k=20: mean_max_prob=0.7060
      k=30: mean_max_prob=0.6748
      k=50: mean_max_prob=0.6596
  Fold 1: s1=1.0000 (t=0.20)  s2=0.5476  combined=0.6984  auroc=0.9084  excl=0.7667 (2)  (3.6s)
    Stage 1 threshold: 0.20 (BA=1.0000, range 0.9000-1.0000).
      k=15: mean_max_prob=0.6705
      k=20: mean_max_prob=0.6813
      k=30: mean_max_prob=0.6771
      k=50: mean_max_prob=0.6974
  Fold 2: s1=1.0000 (t=0.20)  s2=0.7024  combined=0.8016  auroc=0.9771  excl=0.8016 (0)  (3.6s)
    Stage 1 threshold: 0.20 (BA=1.0000, range 0.9000-1.0000).
      k=15: mean_max_prob=0.7211
      k=20: mean_max_prob=0.7384
      k=30: mean_max_prob=0.7170
      k=50: mean_max_prob=0.7168
  Fold 3: s1=1.0000 (t=0.20)  s2=0.8333  combined=0.8889  auroc=0.9926  excl=0.8889 (0)  (3.6s)
    Stage 1 threshold: 0.20 (BA=1.0000, range 0.8467-1.0000).
      k=15: mean_max_prob=0.6775
      k=20: mean_max_prob=0.6663
      k=30: mean_max_prob=0.6714
      k=50: mean_max_prob=0.6495
  Fold 4: s1=1.0000 (t=0.20)  s2=0.8571  combined=0.9048  auroc=0.9780  excl=0.9048 (0)  (3.6s)
    Stage 1 threshold: 0.20 (BA=1.0000, range 0.8633-1.0000).
      k=15: mean_max_prob=0.7013
      k=20: mean_max_prob=0.7112
      k=30: mean_max_prob=0.6927
      k=50: mean_max_prob=0.6952
  Fold 5: s1=1.0000 (t=0.20)  s2=0.8571  combined=0.9048  auroc=0.9707  excl=0.9048 (0)  (3.6s)

Summary for v2_kw_nmc_kens repeat 48:
  Stage 1 (HER2+ vs rest):  1.0000 (+/- 0.0000)
  Stage 2 (HR+ vs TN):      0.7595 (+/- 0.1206)
  Combined (3-class):       0.8397 (+/- 0.0804)
  Combined (excl mislabels): 0.8533 (+/- 0.0579)
  Combined fold scores: [0.6984, 0.8016, 0.8889, 0.9048, 0.9048]
  Total time: 17.9s
Fold results saved to /data/cbotos/TB-Project/results/2026-04-24_server_run_v2/hierarchical_nested_cv_v2/data/fold_results_kw_nmc_kens_r48.csv
Checkpoint removed (job complete).
