Run: 2026-04-24_server_run_v2
Config: /data/cbotos/TB-Project/results/2026-04-24_server_run_v2/config_snapshot_hierarchical_v2.yaml
Stage 1: kw_rf (fixed, binary HER2+ vs rest, threshold calibrated)
Stage 2: en_nmc (HR+ vs Triple Neg)
Repeat seed: 30
Resuming from checkpoint: 1 folds already completed.
Stage 2 grid size: 200 combinations
Loading data...
Loaded 100 samples, 273 features.
Classes: ['HER2+', 'HR+', 'Triple Neg']
  HER2+: 32 samples
  HR+: 36 samples
  Triple Neg: 32 samples
Mislabel indices verified: [(2, 'Array.67'), (4, 'Array.22')]
    Stage 1 threshold: 0.20 (BA=1.0000, range 0.8400-1.0000).
  Fold 2: s1=1.0000 (t=0.20)  s2=0.8571  combined=0.9048  auroc=0.9695  excl=0.9048 (0)  (225.9s)
    Stage 1 threshold: 0.20 (BA=1.0000, range 0.8833-1.0000).
  Fold 3: s1=1.0000 (t=0.20)  s2=0.8542  combined=0.9028  auroc=0.9812  excl=0.9028 (0)  (210.4s)
    Stage 1 threshold: 0.15 (BA=1.0000, range 0.9233-1.0000).
  Fold 4: s1=1.0000 (t=0.15)  s2=0.5714  combined=0.7143  auroc=0.9487  excl=0.7302 (1)  (213.9s)
    Stage 1 threshold: 0.15 (BA=1.0000, range 0.8233-1.0000).
  Fold 5: s1=1.0000 (t=0.15)  s2=0.7143  combined=0.8095  auroc=0.9707  excl=0.8095 (0)  (204.1s)

Summary for v2_en_nmc repeat 30:
  Stage 1 (HER2+ vs rest):  1.0000 (+/- 0.0000)
  Stage 2 (HR+ vs TN):      0.7375 (+/- 0.1079)
  Combined (3-class):       0.8250 (+/- 0.0720)
  Combined (excl mislabels): 0.8361 (+/- 0.0650)
  Combined fold scores: [0.7937, 0.9048, 0.9028, 0.7143, 0.8095]
  Total time: 854.3s
Fold results saved to /data/cbotos/TB-Project/results/2026-04-24_server_run_v2/hierarchical_nested_cv_v2/data/fold_results_en_nmc_r30.csv
Checkpoint removed (job complete).
