Run: 2026-04-24_server_run_v2
Config: /data/cbotos/TB-Project/results/2026-04-24_server_run_v2/config_snapshot_hierarchical_v2.yaml
Stage 1: kw_rf (fixed, binary HER2+ vs rest, threshold calibrated)
Stage 2: kw_nmc_kgrid (HR+ vs Triple Neg)
Repeat seed: 40
Stage 2 grid size: 4 combinations
Loading data...
Loaded 100 samples, 273 features.
Classes: ['HER2+', 'HR+', 'Triple Neg']
  HER2+: 32 samples
  HR+: 36 samples
  Triple Neg: 32 samples
Mislabel indices verified: [(2, 'Array.67'), (4, 'Array.22')]
    Stage 1 threshold: 0.15 (BA=1.0000, range 0.8200-1.0000).
  Fold 1: s1=1.0000 (t=0.15)  s2=0.6905  combined=0.7937  auroc=0.9237  excl=0.8333 (1)  (6.5s)
    Stage 1 threshold: 0.25 (BA=1.0000, range 0.9000-1.0000).
  Fold 2: s1=1.0000 (t=0.25)  s2=0.9286  combined=0.9524  auroc=0.9924  excl=0.9524 (0)  (6.5s)
    Stage 1 threshold: 0.25 (BA=1.0000, range 0.8500-1.0000).
  Fold 3: s1=1.0000 (t=0.25)  s2=0.8542  combined=0.9028  auroc=0.9851  excl=0.9028 (0)  (6.5s)
    Stage 1 threshold: 0.20 (BA=1.0000, range 0.9033-1.0000).
  Fold 4: s1=1.0000 (t=0.20)  s2=0.7857  combined=0.8571  auroc=0.9744  excl=0.8571 (0)  (6.5s)
    Stage 1 threshold: 0.20 (BA=1.0000, range 0.9233-1.0000).
  Fold 5: s1=1.0000 (t=0.20)  s2=0.8571  combined=0.9048  auroc=0.9194  excl=0.9444 (1)  (6.5s)

Summary for v2_kw_nmc_kgrid repeat 40:
  Stage 1 (HER2+ vs rest):  1.0000 (+/- 0.0000)
  Stage 2 (HR+ vs TN):      0.8232 (+/- 0.0803)
  Combined (3-class):       0.8821 (+/- 0.0535)
  Combined (excl mislabels): 0.8980 (+/- 0.0469)
  Combined fold scores: [0.7937, 0.9524, 0.9028, 0.8571, 0.9048]
  Total time: 32.5s
Fold results saved to /data/cbotos/TB-Project/results/2026-04-24_server_run_v2/hierarchical_nested_cv_v2/data/fold_results_kw_nmc_kgrid_r40.csv
Checkpoint removed (job complete).
