Run: 2026-04-24_server_run_v2
Config: /data/cbotos/TB-Project/results/2026-04-24_server_run_v2/config_snapshot_hierarchical_v2.yaml
Stage 1: kw_rf (fixed, binary HER2+ vs rest, threshold calibrated)
Stage 2: kw_nmc_kgrid (HR+ vs Triple Neg)
Repeat seed: 4
Stage 2 grid size: 4 combinations
Loading data...
Loaded 100 samples, 273 features.
Classes: ['HER2+', 'HR+', 'Triple Neg']
  HER2+: 32 samples
  HR+: 36 samples
  Triple Neg: 32 samples
Mislabel indices verified: [(2, 'Array.67'), (4, 'Array.22')]
    Stage 1 threshold: 0.25 (BA=1.0000, range 0.8400-1.0000).
  Fold 1: s1=1.0000 (t=0.25)  s2=0.8452  combined=0.8968  auroc=0.9808  excl=0.8968 (0)  (6.5s)
    Stage 1 threshold: 0.15 (BA=1.0000, range 0.9000-1.0000).
  Fold 2: s1=1.0000 (t=0.15)  s2=0.8571  combined=0.9048  auroc=0.9771  excl=0.9048 (0)  (6.4s)
    Stage 1 threshold: 0.15 (BA=1.0000, range 0.9033-1.0000).
  Fold 3: s1=1.0000 (t=0.15)  s2=0.6042  combined=0.7361  auroc=0.9028  excl=0.7540 (1)  (6.4s)
    Stage 1 threshold: 0.20 (BA=1.0000, range 0.8667-1.0000).
  Fold 4: s1=1.0000 (t=0.20)  s2=0.7857  combined=0.8571  auroc=0.9597  excl=0.8968 (1)  (6.4s)
    Stage 1 threshold: 0.10 (BA=1.0000, range 0.8833-1.0000).
  Fold 5: s1=0.9643 (t=0.10)  s2=0.7857  combined=0.8095  auroc=0.9304  excl=0.8095 (0)  (6.4s)

Summary for v2_kw_nmc_kgrid repeat 4:
  Stage 1 (HER2+ vs rest):  0.9929 (+/- 0.0143)
  Stage 2 (HR+ vs TN):      0.7756 (+/- 0.0907)
  Combined (3-class):       0.8409 (+/- 0.0623)
  Combined (excl mislabels): 0.8524 (+/- 0.0604)
  Combined fold scores: [0.8968, 0.9048, 0.7361, 0.8571, 0.8095]
  Total time: 32.3s
Fold results saved to /data/cbotos/TB-Project/results/2026-04-24_server_run_v2/hierarchical_nested_cv_v2/data/fold_results_kw_nmc_kgrid_r4.csv
Checkpoint removed (job complete).
