Run: 2026-04-24_server_run_v2
Config: /data/cbotos/TB-Project/results/2026-04-24_server_run_v2/config_snapshot_hierarchical_v2.yaml
Stage 1: kw_rf (fixed, binary HER2+ vs rest, threshold calibrated)
Stage 2: en_rf (HR+ vs Triple Neg)
Repeat seed: 4
Stage 2 grid size: 800 combinations
Loading data...
Loaded 100 samples, 273 features.
Classes: ['HER2+', 'HR+', 'Triple Neg']
  HER2+: 32 samples
  HR+: 36 samples
  Triple Neg: 32 samples
Mislabel indices verified: [(2, 'Array.67'), (4, 'Array.22')]
    Stage 1 threshold: 0.25 (BA=1.0000, range 0.8400-1.0000).
  Fold 1: s1=1.0000 (t=0.25)  s2=0.6071  combined=0.7381  auroc=0.8581  excl=0.7381 (0)  (2911.9s)
    Stage 1 threshold: 0.15 (BA=1.0000, range 0.9000-1.0000).
  Fold 2: s1=1.0000 (t=0.15)  s2=0.9167  combined=0.9444  auroc=0.9771  excl=0.9444 (0)  (2820.8s)
    Stage 1 threshold: 0.15 (BA=1.0000, range 0.9033-1.0000).
  Fold 3: s1=1.0000 (t=0.15)  s2=0.6667  combined=0.7778  auroc=0.8844  excl=0.8016 (1)  (2886.3s)
    Stage 1 threshold: 0.20 (BA=1.0000, range 0.8667-1.0000).
  Fold 4: s1=1.0000 (t=0.20)  s2=0.7143  combined=0.8095  auroc=0.9707  excl=0.8413 (1)  (2880.9s)
    Stage 1 threshold: 0.10 (BA=1.0000, range 0.8833-1.0000).
  Fold 5: s1=0.9643 (t=0.10)  s2=0.7143  combined=0.7619  auroc=0.9451  excl=0.7619 (0)  (2865.0s)

Summary for v2_en_rf repeat 4:
  Stage 1 (HER2+ vs rest):  0.9929 (+/- 0.0143)
  Stage 2 (HR+ vs TN):      0.7238 (+/- 0.1042)
  Combined (3-class):       0.8063 (+/- 0.0728)
  Combined (excl mislabels): 0.8175 (+/- 0.0726)
  Combined fold scores: [0.7381, 0.9444, 0.7778, 0.8095, 0.7619]
  Total time: 14365.1s
Fold results saved to /data/cbotos/TB-Project/results/2026-04-24_server_run_v2/hierarchical_nested_cv_v2/data/fold_results_en_rf_r4.csv
Checkpoint removed (job complete).
