Run: 2026-04-24_server_run_v2
Config: /data/cbotos/TB-Project/results/2026-04-24_server_run_v2/config_snapshot_hierarchical_v2.yaml
Stage 1: kw_rf (fixed, binary HER2+ vs rest, threshold calibrated)
Stage 2: kw_nmc (HR+ vs Triple Neg)
Repeat seed: 27
Stage 2 grid size: 8 combinations
Loading data...
Loaded 100 samples, 273 features.
Classes: ['HER2+', 'HR+', 'Triple Neg']
  HER2+: 32 samples
  HR+: 36 samples
  Triple Neg: 32 samples
Mislabel indices verified: [(2, 'Array.67'), (4, 'Array.22')]
    Stage 1 threshold: 0.10 (BA=1.0000, range 0.9000-1.0000).
  Fold 1: s1=1.0000 (t=0.10)  s2=0.7619  combined=0.8413  auroc=0.9542  excl=0.8413 (0)  (10.3s)
    Stage 1 threshold: 0.20 (BA=1.0000, range 0.9200-1.0000).
  Fold 2: s1=1.0000 (t=0.20)  s2=0.6071  combined=0.7381  auroc=0.9389  excl=0.7381 (0)  (8.9s)
    Stage 1 threshold: 0.15 (BA=1.0000, range 0.8867-1.0000).
  Fold 3: s1=1.0000 (t=0.15)  s2=0.7083  combined=0.8056  auroc=0.8810  excl=0.8056 (0)  (8.9s)
    Stage 1 threshold: 0.10 (BA=1.0000, range 0.9400-1.0000).
  Fold 4: s1=1.0000 (t=0.10)  s2=0.5714  combined=0.7143  auroc=0.8828  excl=0.7381 (1)  (8.9s)
    Stage 1 threshold: 0.15 (BA=1.0000, range 0.8833-1.0000).
  Fold 5: s1=1.0000 (t=0.15)  s2=0.7857  combined=0.8571  auroc=0.9560  excl=0.8968 (1)  (8.9s)

Summary for v2_kw_nmc repeat 27:
  Stage 1 (HER2+ vs rest):  1.0000 (+/- 0.0000)
  Stage 2 (HR+ vs TN):      0.6869 (+/- 0.0843)
  Combined (3-class):       0.7913 (+/- 0.0562)
  Combined (excl mislabels): 0.8040 (+/- 0.0611)
  Combined fold scores: [0.8413, 0.7381, 0.8056, 0.7143, 0.8571]
  Total time: 46.0s
Fold results saved to /data/cbotos/TB-Project/results/2026-04-24_server_run_v2/hierarchical_nested_cv_v2/data/fold_results_kw_nmc_r27.csv
Checkpoint removed (job complete).
