Run: 2026-04-24_server_run_v2
Config: /data/cbotos/TB-Project/results/2026-04-24_server_run_v2/config_snapshot_hierarchical_v2.yaml
Stage 1: kw_rf (fixed, binary HER2+ vs rest, threshold calibrated)
Stage 2: en_rf (HR+ vs Triple Neg)
Repeat seed: 20
Stage 2 grid size: 800 combinations
Loading data...
Loaded 100 samples, 273 features.
Classes: ['HER2+', 'HR+', 'Triple Neg']
  HER2+: 32 samples
  HR+: 36 samples
  Triple Neg: 32 samples
Mislabel indices verified: [(2, 'Array.67'), (4, 'Array.22')]
    Stage 1 threshold: 0.25 (BA=1.0000, range 0.9200-1.0000).
  Fold 1: s1=1.0000 (t=0.25)  s2=0.6071  combined=0.7381  auroc=0.9277  excl=0.7381 (0)  (2864.8s)
    Stage 1 threshold: 0.20 (BA=1.0000, range 0.8600-1.0000).
  Fold 2: s1=1.0000 (t=0.20)  s2=0.6071  combined=0.7381  auroc=0.8544  excl=0.7714 (1)  (2835.4s)
    Stage 1 threshold: 0.15 (BA=1.0000, range 0.8900-1.0000).
  Fold 3: s1=1.0000 (t=0.15)  s2=0.6250  combined=0.7500  auroc=0.8919  excl=0.7500 (0)  (2852.7s)
    Stage 1 threshold: 0.15 (BA=1.0000, range 0.7500-1.0000).
  Fold 4: s1=0.9643 (t=0.15)  s2=0.7143  combined=0.7619  auroc=0.9121  excl=0.8016 (1)  (2821.3s)
    Stage 1 threshold: 0.15 (BA=1.0000, range 0.8033-1.0000).
  Fold 5: s1=1.0000 (t=0.15)  s2=0.7857  combined=0.8571  auroc=0.9414  excl=0.8571 (0)  (2836.2s)

Summary for v2_en_rf repeat 20:
  Stage 1 (HER2+ vs rest):  0.9929 (+/- 0.0143)
  Stage 2 (HR+ vs TN):      0.6679 (+/- 0.0711)
  Combined (3-class):       0.7690 (+/- 0.0449)
  Combined (excl mislabels): 0.7837 (+/- 0.0426)
  Combined fold scores: [0.7381, 0.7381, 0.75, 0.7619, 0.8571]
  Total time: 14210.6s
Fold results saved to /data/cbotos/TB-Project/results/2026-04-24_server_run_v2/hierarchical_nested_cv_v2/data/fold_results_en_rf_r20.csv
Checkpoint removed (job complete).
