Run: 2026-04-24_server_run_v2
Config: /data/cbotos/TB-Project/results/2026-04-24_server_run_v2/config_snapshot_hierarchical_v2.yaml
Stage 1: kw_rf (fixed, binary HER2+ vs rest, threshold calibrated)
Stage 2: kw_nmc_kgrid (HR+ vs Triple Neg)
Repeat seed: 16
Stage 2 grid size: 4 combinations
Loading data...
Loaded 100 samples, 273 features.
Classes: ['HER2+', 'HR+', 'Triple Neg']
  HER2+: 32 samples
  HR+: 36 samples
  Triple Neg: 32 samples
Mislabel indices verified: [(2, 'Array.67'), (4, 'Array.22')]
    Stage 1 threshold: 0.25 (BA=1.0000, range 0.9400-1.0000).
  Fold 1: s1=1.0000 (t=0.25)  s2=0.8452  combined=0.8968  auroc=0.9808  excl=0.9444 (1)  (6.5s)
    Stage 1 threshold: 0.15 (BA=1.0000, range 0.8800-1.0000).
  Fold 2: s1=1.0000 (t=0.15)  s2=0.7619  combined=0.8413  auroc=0.9695  excl=0.8413 (0)  (6.5s)
    Stage 1 threshold: 0.15 (BA=1.0000, range 0.8667-1.0000).
  Fold 3: s1=1.0000 (t=0.15)  s2=0.7083  combined=0.8056  auroc=0.9033  excl=0.8056 (0)  (6.4s)
    Stage 1 threshold: 0.25 (BA=1.0000, range 0.8133-1.0000).
  Fold 4: s1=1.0000 (t=0.25)  s2=0.7143  combined=0.8095  auroc=0.9267  excl=0.8095 (0)  (6.4s)
    Stage 1 threshold: 0.20 (BA=1.0000, range 0.8700-1.0000).
  Fold 5: s1=1.0000 (t=0.20)  s2=0.8571  combined=0.9048  auroc=0.9817  excl=0.9444 (1)  (6.4s)

Summary for v2_kw_nmc_kgrid repeat 16:
  Stage 1 (HER2+ vs rest):  1.0000 (+/- 0.0000)
  Stage 2 (HR+ vs TN):      0.7774 (+/- 0.0632)
  Combined (3-class):       0.8516 (+/- 0.0421)
  Combined (excl mislabels): 0.8690 (+/- 0.0628)
  Combined fold scores: [0.8968, 0.8413, 0.8056, 0.8095, 0.9048]
  Total time: 32.3s
Fold results saved to /data/cbotos/TB-Project/results/2026-04-24_server_run_v2/hierarchical_nested_cv_v2/data/fold_results_kw_nmc_kgrid_r16.csv
Checkpoint removed (job complete).
