Run: 2026-04-24_server_run_v2
Config: /data/cbotos/TB-Project/results/2026-04-24_server_run_v2/config_snapshot_hierarchical_v2.yaml
Stage 1: kw_rf (fixed, binary HER2+ vs rest, threshold calibrated)
Stage 2: kw_rf (HR+ vs Triple Neg)
Repeat seed: 50
Stage 2 grid size: 32 combinations
Loading data...
Loaded 100 samples, 273 features.
Classes: ['HER2+', 'HR+', 'Triple Neg']
  HER2+: 32 samples
  HR+: 36 samples
  Triple Neg: 32 samples
Mislabel indices verified: [(2, 'Array.67'), (4, 'Array.22')]
    Stage 1 threshold: 0.15 (BA=1.0000, range 0.8200-1.0000).
  Fold 1: s1=0.9615 (t=0.15)  s2=0.6786  combined=0.7302  auroc=0.9197  excl=0.7778 (1)  (104.3s)
    Stage 1 threshold: 0.20 (BA=1.0000, range 0.8200-1.0000).
  Fold 2: s1=1.0000 (t=0.20)  s2=0.7143  combined=0.8095  auroc=0.9426  excl=0.8095 (0)  (103.9s)
    Stage 1 threshold: 0.25 (BA=1.0000, range 0.8733-1.0000).
  Fold 3: s1=1.0000 (t=0.25)  s2=0.6042  combined=0.7361  auroc=0.8775  excl=0.7583 (1)  (104.6s)
    Stage 1 threshold: 0.25 (BA=1.0000, range 0.8133-1.0000).
  Fold 4: s1=1.0000 (t=0.25)  s2=0.8571  combined=0.9048  auroc=1.0000  excl=0.9048 (0)  (104.7s)
    Stage 1 threshold: 0.30 (BA=1.0000, range 0.8633-1.0000).
  Fold 5: s1=1.0000 (t=0.30)  s2=0.7143  combined=0.8095  auroc=0.9267  excl=0.8095 (0)  (104.6s)

Summary for v2_kw_rf repeat 50:
  Stage 1 (HER2+ vs rest):  0.9923 (+/- 0.0154)
  Stage 2 (HR+ vs TN):      0.7137 (+/- 0.0822)
  Combined (3-class):       0.7980 (+/- 0.0634)
  Combined (excl mislabels): 0.8120 (+/- 0.0503)
  Combined fold scores: [0.7302, 0.8095, 0.7361, 0.9048, 0.8095]
  Total time: 522.2s
Fold results saved to /data/cbotos/TB-Project/results/2026-04-24_server_run_v2/hierarchical_nested_cv_v2/data/fold_results_kw_rf_r50.csv
Checkpoint removed (job complete).
