Run: 2026-04-24_server_run_v2
Config: /data/cbotos/TB-Project/results/2026-04-24_server_run_v2/config_snapshot_hierarchical_v2.yaml
Stage 1: kw_rf (fixed, binary HER2+ vs rest, threshold calibrated)
Stage 2: en_rf (HR+ vs Triple Neg)
Repeat seed: 43
Stage 2 grid size: 800 combinations
Loading data...
Loaded 100 samples, 273 features.
Classes: ['HER2+', 'HR+', 'Triple Neg']
  HER2+: 32 samples
  HR+: 36 samples
  Triple Neg: 32 samples
Mislabel indices verified: [(2, 'Array.67'), (4, 'Array.22')]
    Stage 1 threshold: 0.15 (BA=1.0000, range 0.8400-1.0000).
  Fold 1: s1=1.0000 (t=0.15)  s2=0.6071  combined=0.7381  auroc=0.8663  excl=0.7778 (1)  (2890.0s)
    Stage 1 threshold: 0.20 (BA=1.0000, range 0.8600-1.0000).
  Fold 2: s1=1.0000 (t=0.20)  s2=0.8452  combined=0.8968  auroc=0.9542  excl=0.8968 (0)  (2858.4s)
    Stage 1 threshold: 0.20 (BA=1.0000, range 0.8300-1.0000).
  Fold 3: s1=1.0000 (t=0.20)  s2=0.6458  combined=0.7639  auroc=0.8879  excl=0.7639 (0)  (2877.9s)
    Stage 1 threshold: 0.15 (BA=1.0000, range 0.9233-1.0000).
  Fold 4: s1=0.9643 (t=0.15)  s2=0.6429  combined=0.7619  auroc=0.9231  excl=0.7619 (0)  (2841.3s)
    Stage 1 threshold: 0.15 (BA=1.0000, range 0.9200-1.0000).
  Fold 5: s1=1.0000 (t=0.15)  s2=0.7143  combined=0.8095  auroc=0.9377  excl=0.8492 (1)  (2816.9s)

Summary for v2_en_rf repeat 43:
  Stage 1 (HER2+ vs rest):  0.9929 (+/- 0.0143)
  Stage 2 (HR+ vs TN):      0.6911 (+/- 0.0845)
  Combined (3-class):       0.7940 (+/- 0.0563)
  Combined (excl mislabels): 0.8099 (+/- 0.0540)
  Combined fold scores: [0.7381, 0.8968, 0.7639, 0.7619, 0.8095]
  Total time: 14284.8s
Fold results saved to /data/cbotos/TB-Project/results/2026-04-24_server_run_v2/hierarchical_nested_cv_v2/data/fold_results_en_rf_r43.csv
Checkpoint removed (job complete).
