Run: 2026-04-24_server_run_v2
Config: /data/cbotos/TB-Project/results/2026-04-24_server_run_v2/config_snapshot_hierarchical_v2.yaml
Stage 1: kw_rf (fixed, binary HER2+ vs rest, threshold calibrated)
Stage 2: kw_rf (HR+ vs Triple Neg)
Repeat seed: 44
Stage 2 grid size: 32 combinations
Loading data...
Loaded 100 samples, 273 features.
Classes: ['HER2+', 'HR+', 'Triple Neg']
  HER2+: 32 samples
  HR+: 36 samples
  Triple Neg: 32 samples
Mislabel indices verified: [(2, 'Array.67'), (4, 'Array.22')]
    Stage 1 threshold: 0.15 (BA=1.0000, range 0.8600-1.0000).
  Fold 1: s1=1.0000 (t=0.15)  s2=0.8571  combined=0.9048  auroc=0.9612  excl=0.9444 (1)  (105.9s)
    Stage 1 threshold: 0.30 (BA=1.0000, range 0.8800-1.0000).
  Fold 2: s1=1.0000 (t=0.30)  s2=0.5357  combined=0.6905  auroc=0.9008  excl=0.6905 (0)  (105.4s)
    Stage 1 threshold: 0.10 (BA=1.0000, range 0.9400-1.0000).
  Fold 3: s1=1.0000 (t=0.10)  s2=0.7500  combined=0.8333  auroc=0.9742  excl=0.8333 (0)  (105.4s)
    Stage 1 threshold: 0.25 (BA=1.0000, range 0.9200-1.0000).
  Fold 4: s1=1.0000 (t=0.25)  s2=0.6429  combined=0.7619  auroc=0.9194  excl=0.7619 (0)  (105.8s)
    Stage 1 threshold: 0.20 (BA=1.0000, range 0.8867-1.0000).
  Fold 5: s1=1.0000 (t=0.20)  s2=0.7857  combined=0.8571  auroc=0.9341  excl=0.8968 (1)  (105.6s)

Summary for v2_kw_rf repeat 44:
  Stage 1 (HER2+ vs rest):  1.0000 (+/- 0.0000)
  Stage 2 (HR+ vs TN):      0.7143 (+/- 0.1129)
  Combined (3-class):       0.8095 (+/- 0.0753)
  Combined (excl mislabels): 0.8254 (+/- 0.0912)
  Combined fold scores: [0.9048, 0.6905, 0.8333, 0.7619, 0.8571]
  Total time: 528.1s
Fold results saved to /data/cbotos/TB-Project/results/2026-04-24_server_run_v2/hierarchical_nested_cv_v2/data/fold_results_kw_rf_r44.csv
Checkpoint removed (job complete).
