========================================
Hierarchical CV - Job 598 of 800
Stage 1:  kw_rf k=5 (fixed, threshold calibrated)
Stage 2:  standalone_en_pens
Repeat:   1198 (seed_start=1001, offset=197)
Config:   /data/cbotos/TB-Project/results/2026-04-25_final_hierarchical/config_snapshot_hierarchical.yaml
Run:      final_hierarchical
Node:     node2
CPUs:     1
Memory:   4096MB
Work dir: /data/cbotos/TB-Project
Start:    2026-04-25 23:58:49
========================================
Running: python3 /data/cbotos/TB-Project/code/hierarchical_nested_cv_runner.py --pipeline standalone_en_pens --repeat 1198 --config /data/cbotos/TB-Project/results/2026-04-25_final_hierarchical/config_snapshot_hierarchical.yaml --name final_hierarchical
INFO     Run: 2026-04-25_final_hierarchical                                     
INFO     Config:                                                                
         /data/cbotos/TB-Project/results/2026-04-25_final_hierarchical/config_sn
         apshot_hierarchical.yaml                                               
INFO     Stage 1: kw_rf (fixed, binary HER2+ vs rest, threshold=0.5)            
INFO     Stage 2: standalone_en_pens (HR+ vs Triple Neg)                        
INFO     Repeat seed: 1198                                                      
INFO     Stage 2: no GridSearchCV (ensemble pipeline)                           
INFO     Loading data...                                                        
INFO     Loaded 100 samples, 273 features.                                      
INFO     Classes: ['HER2+', 'HR+', 'Triple Neg']                                
INFO       HER2+: 32 samples                                                    
INFO       HR+: 36 samples                                                      
INFO       Triple Neg: 32 samples                                               
INFO     Mislabel indices verified: [(2, 'Array.67'), (4, 'Array.22'), (45,     
         'Array.113')]                                                          
INFO     Pooled plateau capped: 30 -> 15 combos                                 
INFO     Pooled plateau: 15 of 50 combos from 1000 fold files (best=0.7540,     
         std=0.0469, threshold=0.7071)                                          
INFO       Plateau combo 1: score=0.7540, params={'clf__C': 0.0464159,          
         'clf__l1_ratio': 0.1}                                                  
INFO       Plateau combo 2: score=0.7440, params={'clf__C': 0.16681,            
         'clf__l1_ratio': 0.3}                                                  
INFO       Plateau combo 3: score=0.7431, params={'clf__C': 0.16681,            
         'clf__l1_ratio': 0.1}                                                  
INFO       Plateau combo 4: score=0.7372, params={'clf__C': 0.599484,           
         'clf__l1_ratio': 0.1}                                                  
INFO       Plateau combo 5: score=0.7360, params={'clf__C': 0.599484,           
         'clf__l1_ratio': 0.3}                                                  
INFO       Plateau combo 6: score=0.7334, params={'clf__C': 0.16681,            
         'clf__l1_ratio': 0.5}                                                  
INFO       Plateau combo 7: score=0.7334, params={'clf__C': 2.15443,            
         'clf__l1_ratio': 0.1}                                                  
INFO       Plateau combo 8: score=0.7325, params={'clf__C': 2.15443,            
         'clf__l1_ratio': 0.3}                                                  
INFO       Plateau combo 9: score=0.7320, params={'clf__C': 0.599484,           
         'clf__l1_ratio': 0.5}                                                  
INFO       Plateau combo 10: score=0.7313, params={'clf__C': 7.74264,           
         'clf__l1_ratio': 0.3}                                                  
INFO       Plateau combo 11: score=0.7312, params={'clf__C': 7.74264,           
         'clf__l1_ratio': 0.1}                                                  
INFO       Plateau combo 12: score=0.7305, params={'clf__C': 27.8256,           
         'clf__l1_ratio': 0.3}                                                  
INFO       Plateau combo 13: score=0.7304, params={'clf__C': 27.8256,           
         'clf__l1_ratio': 0.5}                                                  
INFO       Plateau combo 14: score=0.7304, params={'clf__C': 100.0,             
         'clf__l1_ratio': 0.7}                                                  
INFO       Plateau combo 15: score=0.7303, params={'clf__C': 100.0,             
         'clf__l1_ratio': 0.5}                                                  
INFO         Retraining 15 plateau models                                       
INFO           [1/15] n_features=64, params={'clf__C': 0.0464159,               
         'clf__l1_ratio': 0.1}                                                  
INFO           [2/15] n_features=46, params={'clf__C': 0.16681, 'clf__l1_ratio':
         0.3}                                                                   
INFO           [3/15] n_features=121, params={'clf__C': 0.16681,                
         'clf__l1_ratio': 0.1}                                                  
INFO           [15/15] n_features=252, params={'clf__C': 100.0, 'clf__l1_ratio':
         0.5}                                                                   
INFO         Plateau features: union=252, intersection=24                       
INFO       Fold 1: s1=1.0000 (t=0.50)  s2=0.7738  combined=0.8492  auroc=0.9429 
         excl=0.8889 (1)  (4.2s)                                                
INFO         Retraining 15 plateau models                                       
INFO           [1/15] n_features=69, params={'clf__C': 0.0464159,               
         'clf__l1_ratio': 0.1}                                                  
INFO           [2/15] n_features=54, params={'clf__C': 0.16681, 'clf__l1_ratio':
         0.3}                                                                   
INFO           [3/15] n_features=120, params={'clf__C': 0.16681,                
         'clf__l1_ratio': 0.1}                                                  
INFO           [15/15] n_features=251, params={'clf__C': 100.0, 'clf__l1_ratio':
         0.5}                                                                   
INFO         Plateau features: union=251, intersection=34                       
INFO       Fold 2: s1=1.0000 (t=0.50)  s2=0.8452  combined=0.8968  auroc=0.9884 
         excl=0.8968 (0)  (3.7s)                                                
INFO         Retraining 15 plateau models                                       
INFO           [1/15] n_features=80, params={'clf__C': 0.0464159,               
         'clf__l1_ratio': 0.1}                                                  
INFO           [2/15] n_features=60, params={'clf__C': 0.16681, 'clf__l1_ratio':
         0.3}                                                                   
INFO           [3/15] n_features=118, params={'clf__C': 0.16681,                
         'clf__l1_ratio': 0.1}                                                  
INFO           [15/15] n_features=245, params={'clf__C': 100.0, 'clf__l1_ratio':
         0.5}                                                                   
INFO         Plateau features: union=245, intersection=34                       
INFO       Fold 3: s1=1.0000 (t=0.50)  s2=0.6042  combined=0.7361  auroc=0.9182 
         excl=0.7583 (1)  (3.6s)                                                
INFO         Retraining 15 plateau models                                       
INFO           [1/15] n_features=80, params={'clf__C': 0.0464159,               
         'clf__l1_ratio': 0.1}                                                  
INFO           [2/15] n_features=54, params={'clf__C': 0.16681, 'clf__l1_ratio':
         0.3}                                                                   
INFO           [3/15] n_features=128, params={'clf__C': 0.16681,                
         'clf__l1_ratio': 0.1}                                                  
INFO           [15/15] n_features=248, params={'clf__C': 100.0, 'clf__l1_ratio':
         0.5}                                                                   
INFO         Plateau features: union=248, intersection=35                       
INFO       Fold 4: s1=1.0000 (t=0.50)  s2=0.9286  combined=0.9524  auroc=0.9780 
         excl=0.9524 (0)  (3.6s)                                                
INFO         Retraining 15 plateau models                                       
INFO           [1/15] n_features=72, params={'clf__C': 0.0464159,               
         'clf__l1_ratio': 0.1}                                                  
INFO           [2/15] n_features=53, params={'clf__C': 0.16681, 'clf__l1_ratio':
         0.3}                                                                   
INFO           [3/15] n_features=114, params={'clf__C': 0.16681,                
         'clf__l1_ratio': 0.1}                                                  
INFO           [15/15] n_features=235, params={'clf__C': 100.0, 'clf__l1_ratio':
         0.5}                                                                   
INFO         Plateau features: union=235, intersection=35                       
INFO       Fold 5: s1=1.0000 (t=0.50)  s2=0.6429  combined=0.7619  auroc=0.9414 
         excl=0.8016 (1)  (3.5s)                                                
  standalone_en_pens r1198 ━━━━━━━━━━━━━━━━━━━━━━━━━━━━━━━━━━━━━━━━ 100% 0:00:18
INFO                                                                            
INFO     Summary for standalone_en_pens repeat 1198:                            
INFO       Stage 1 (HER2+ vs rest):  1.0000 (+/- 0.0000)                        
INFO       Stage 2 (HR+ vs TN):      0.7589 (+/- 0.1216)                        
INFO       Combined (3-class):       0.8393 (+/- 0.0810)                        
INFO       Combined (excl mislabels): 0.8596 (+/- 0.0700)                       
INFO       Combined fold scores: [0.8492, 0.8968, 0.7361, 0.9524, 0.7619]       
INFO       Total time: 18.5s                                                    
INFO     Fold results saved to                                                  
         /data/cbotos/TB-Project/results/2026-04-25_final_hierarchical/hierarchi
         cal_nested_cv/data/fold_results_standalone_en_pens_r1198.csv           
INFO     Checkpoint removed (job complete).                                     
========================================
Finished: 2026-04-25 23:59:11
Elapsed:  0h 0m 22s
Exit:     0
========================================
[HNCV-TASK-DONE] array=16683 task=597 stage2_pipeline=standalone_en_pens repeat=1198 exit=0 elapsed=22s
