========================================
Hierarchical CV - Job 953 of 1000
Stage 1:  kw_rf k=5 (fixed, threshold calibrated)
Stage 2:  standalone_en
Repeat:   1153 (seed_start=1001, offset=152)
Config:   /data/cbotos/TB-Project/results/2026-04-25_final_hierarchical/config_snapshot_hierarchical.yaml
Run:      final_hierarchical
Node:     node3
CPUs:     1
Memory:   4096MB
Work dir: /data/cbotos/TB-Project
Start:    2026-04-25 23:03:02
========================================
Running: python3 /data/cbotos/TB-Project/code/hierarchical_nested_cv_runner.py --pipeline standalone_en --repeat 1153 --config /data/cbotos/TB-Project/results/2026-04-25_final_hierarchical/config_snapshot_hierarchical.yaml --name final_hierarchical
INFO     Run: 2026-04-25_final_hierarchical                                     
INFO     Config:                                                                
         /data/cbotos/TB-Project/results/2026-04-25_final_hierarchical/config_sn
         apshot_hierarchical.yaml                                               
INFO     Stage 1: kw_rf (fixed, binary HER2+ vs rest, threshold=0.5)            
INFO     Stage 2: standalone_en (HR+ vs Triple Neg)                             
INFO     Repeat seed: 1153                                                      
INFO     Stage 2 grid size: 50 combinations                                     
INFO     Loading data...                                                        
INFO     Loaded 100 samples, 273 features.                                      
INFO     Classes: ['HER2+', 'HR+', 'Triple Neg']                                
INFO       HER2+: 32 samples                                                    
INFO       HR+: 36 samples                                                      
INFO       Triple Neg: 32 samples                                               
INFO     Mislabel indices verified: [(2, 'Array.67'), (4, 'Array.22'), (45,     
         'Array.113')]                                                          
INFO       Fold 1: s1=1.0000 (t=0.50)  s2=0.7738  combined=0.8492  auroc=0.9466 
         excl=0.9048 (1)  (29.2s)                                               
INFO       Fold 2: s1=1.0000 (t=0.50)  s2=0.5952  combined=0.7302  auroc=0.8587 
         excl=0.7302 (0)  (27.7s)                                               
INFO       Fold 3: s1=1.0000 (t=0.50)  s2=0.7917  combined=0.8611  auroc=0.9226 
         excl=0.8968 (1)  (29.0s)                                               
INFO       Fold 4: s1=1.0000 (t=0.50)  s2=0.5000  combined=0.6667  auroc=0.8571 
         excl=0.6667 (0)  (29.4s)                                               
INFO       Fold 5: s1=1.0000 (t=0.50)  s2=0.8571  combined=0.9048  auroc=0.9597 
         excl=0.9444 (1)  (28.8s)                                               
  standalone_en r1153 ━━━━━━━━━━━━━━━━━━━━━━━━━━━━━━━━━━━━━━━━ 100% 0:02:27
INFO                                                                            
INFO     Summary for standalone_en repeat 1153:                                 
INFO       Stage 1 (HER2+ vs rest):  1.0000 (+/- 0.0000)                        
INFO       Stage 2 (HR+ vs TN):      0.7036 (+/- 0.1338)                        
INFO       Combined (3-class):       0.8024 (+/- 0.0892)                        
INFO       Combined (excl mislabels): 0.8286 (+/- 0.1094)                       
INFO       Combined fold scores: [0.8492, 0.7302, 0.8611, 0.6667, 0.9048]       
INFO       Total time: 147.2s                                                   
INFO     Fold results saved to                                                  
         /data/cbotos/TB-Project/results/2026-04-25_final_hierarchical/hierarchi
         cal_nested_cv/data/fold_results_standalone_en_r1153.csv                
INFO     Checkpoint removed (job complete).                                     
========================================
Finished: 2026-04-25 23:05:32
Elapsed:  0h 2m 30s
Exit:     0
========================================
[HNCV-TASK-DONE] array=16682 task=952 stage2_pipeline=standalone_en repeat=1153 exit=0 elapsed=150s
