========================================
Hierarchical CV - Job 361 of 1000
Stage 1:  kw_rf k=5 (fixed, threshold calibrated)
Stage 2:  en_nmc
Repeat:   1161 (seed_start=1001, offset=160)
Config:   /data/cbotos/TB-Project/results/2026-04-25_final_hierarchical/config_snapshot_hierarchical.yaml
Run:      final_hierarchical
Node:     node1
CPUs:     1
Memory:   4096MB
Work dir: /data/cbotos/TB-Project
Start:    2026-04-25 06:19:31
========================================
Running: python3 /data/cbotos/TB-Project/code/hierarchical_nested_cv_runner.py --pipeline en_nmc --repeat 1161 --config /data/cbotos/TB-Project/results/2026-04-25_final_hierarchical/config_snapshot_hierarchical.yaml --name final_hierarchical
INFO     Run: 2026-04-25_final_hierarchical                                     
INFO     Config:                                                                
         /data/cbotos/TB-Project/results/2026-04-25_final_hierarchical/config_sn
         apshot_hierarchical.yaml                                               
INFO     Stage 1: kw_rf (fixed, binary HER2+ vs rest, threshold=0.5)            
INFO     Stage 2: en_nmc (HR+ vs Triple Neg)                                    
INFO     Repeat seed: 1161                                                      
INFO     Stage 2 grid size: 800 combinations                                    
INFO     Loading data...                                                        
INFO     Loaded 100 samples, 273 features.                                      
INFO     Classes: ['HER2+', 'HR+', 'Triple Neg']                                
INFO       HER2+: 32 samples                                                    
INFO       HR+: 36 samples                                                      
INFO       Triple Neg: 32 samples                                               
INFO     Mislabel indices verified: [(2, 'Array.67'), (4, 'Array.22'), (45,     
         'Array.113')]                                                          
INFO       Fold 1: s1=1.0000 (t=0.50)  s2=0.7143  combined=0.8095  auroc=0.9542 
         excl=0.8095 (0)  (857.2s)                                              
INFO       Fold 2: s1=1.0000 (t=0.50)  s2=0.7024  combined=0.8016  auroc=0.9304 
         excl=0.8889 (2)  (815.9s)                                              
INFO       Fold 3: s1=1.0000 (t=0.50)  s2=0.8750  combined=0.9167  auroc=0.9514 
         excl=0.9167 (0)  (853.8s)                                              
INFO       Fold 4: s1=1.0000 (t=0.50)  s2=0.8571  combined=0.9048  auroc=0.9524 
         excl=0.9048 (0)  (864.5s)                                              
INFO       Fold 5: s1=1.0000 (t=0.50)  s2=0.6429  combined=0.7619  auroc=0.9341 
         excl=0.7857 (1)  (873.4s)                                              
  en_nmc r1161 ━━━━━━━━━━━━━━━━━━━━━━━━━━━━━━━━━━━━━━━━ 100% 1:11:17
INFO                                                                            
INFO     Summary for en_nmc repeat 1161:                                        
INFO       Stage 1 (HER2+ vs rest):  1.0000 (+/- 0.0000)                        
INFO       Stage 2 (HR+ vs TN):      0.7583 (+/- 0.0914)                        
INFO       Combined (3-class):       0.8389 (+/- 0.0609)                        
INFO       Combined (excl mislabels): 0.8611 (+/- 0.0531)                       
INFO       Combined fold scores: [0.8095, 0.8016, 0.9167, 0.9048, 0.7619]       
INFO       Total time: 4277.4s                                                  
INFO     Fold results saved to                                                  
         /data/cbotos/TB-Project/results/2026-04-25_final_hierarchical/hierarchi
         cal_nested_cv/data/fold_results_en_nmc_r1161.csv                       
INFO     Checkpoint removed (job complete).                                     
========================================
Finished: 2026-04-25 07:30:51
Elapsed:  1h 11m 20s
Exit:     0
========================================
[HNCV-TASK-DONE] array=16682 task=360 stage2_pipeline=en_nmc repeat=1161 exit=0 elapsed=4280s
