========================================
Hierarchical CV - Job 718 of 1000
Stage 1:  kw_rf k=5 (fixed, threshold calibrated)
Stage 2:  en_rf
Repeat:   1118 (seed_start=1001, offset=117)
Config:   /data/cbotos/TB-Project/results/2026-04-25_final_hierarchical/config_snapshot_hierarchical.yaml
Run:      final_hierarchical
Node:     node2
CPUs:     1
Memory:   4096MB
Work dir: /data/cbotos/TB-Project
Start:    2026-04-25 15:48:29
========================================
Running: python3 /data/cbotos/TB-Project/code/hierarchical_nested_cv_runner.py --pipeline en_rf --repeat 1118 --config /data/cbotos/TB-Project/results/2026-04-25_final_hierarchical/config_snapshot_hierarchical.yaml --name final_hierarchical
INFO     Run: 2026-04-25_final_hierarchical                                     
INFO     Config:                                                                
         /data/cbotos/TB-Project/results/2026-04-25_final_hierarchical/config_sn
         apshot_hierarchical.yaml                                               
INFO     Stage 1: kw_rf (fixed, binary HER2+ vs rest, threshold=0.5)            
INFO     Stage 2: en_rf (HR+ vs Triple Neg)                                     
INFO     Repeat seed: 1118                                                      
INFO     Stage 2 grid size: 800 combinations                                    
INFO     Loading data...                                                        
INFO     Loaded 100 samples, 273 features.                                      
INFO     Classes: ['HER2+', 'HR+', 'Triple Neg']                                
INFO       HER2+: 32 samples                                                    
INFO       HR+: 36 samples                                                      
INFO       Triple Neg: 32 samples                                               
INFO     Mislabel indices verified: [(2, 'Array.67'), (4, 'Array.22'), (45,     
         'Array.113')]                                                          
INFO       Fold 1: s1=1.0000 (t=0.50)  s2=0.7619  combined=0.8413  auroc=0.9084 
         excl=0.9524 (2)  (2783.3s)                                             
INFO       Fold 2: s1=1.0000 (t=0.50)  s2=0.7500  combined=0.8333  auroc=0.9505 
         excl=0.8333 (0)  (2841.2s)                                             
INFO       Fold 3: s1=1.0000 (t=0.50)  s2=0.5625  combined=0.7083  auroc=0.9182 
         excl=0.7381 (1)  (2828.9s)                                             
INFO       Fold 4: s1=1.0000 (t=0.50)  s2=0.7143  combined=0.8095  auroc=0.9084 
         excl=0.8095 (0)  (2801.9s)                                             
INFO       Fold 5: s1=1.0000 (t=0.50)  s2=0.7143  combined=0.8095  auroc=0.9634 
         excl=0.8095 (0)  (2826.9s)                                             
  en_rf r1118 ━━━━━━━━━━━━━━━━━━━━━━━━━━━━━━━━━━━━━━━━ 100% 3:54:42
INFO                                                                            
INFO     Summary for en_rf repeat 1118:                                         
INFO       Stage 1 (HER2+ vs rest):  1.0000 (+/- 0.0000)                        
INFO       Stage 2 (HR+ vs TN):      0.7006 (+/- 0.0716)                        
INFO       Combined (3-class):       0.8004 (+/- 0.0477)                        
INFO       Combined (excl mislabels): 0.8286 (+/- 0.0697)                       
INFO       Combined fold scores: [0.8413, 0.8333, 0.7083, 0.8095, 0.8095]       
INFO       Total time: 14082.3s                                                 
INFO     Fold results saved to                                                  
         /data/cbotos/TB-Project/results/2026-04-25_final_hierarchical/hierarchi
         cal_nested_cv/data/fold_results_en_rf_r1118.csv                        
INFO     Checkpoint removed (job complete).                                     
========================================
Finished: 2026-04-25 19:43:15
Elapsed:  3h 54m 46s
Exit:     0
========================================
[HNCV-TASK-DONE] array=16682 task=717 stage2_pipeline=en_rf repeat=1118 exit=0 elapsed=14086s
