========================================
Hierarchical CV - Job 310 of 1000
Stage 1:  kw_rf k=5 (fixed, threshold calibrated)
Stage 2:  en_nmc
Repeat:   1110 (seed_start=1001, offset=109)
Config:   /data/cbotos/TB-Project/results/2026-04-25_final_hierarchical/config_snapshot_hierarchical.yaml
Run:      final_hierarchical
Node:     node1
CPUs:     1
Memory:   4096MB
Work dir: /data/cbotos/TB-Project
Start:    2026-04-25 05:08:51
========================================
Running: python3 /data/cbotos/TB-Project/code/hierarchical_nested_cv_runner.py --pipeline en_nmc --repeat 1110 --config /data/cbotos/TB-Project/results/2026-04-25_final_hierarchical/config_snapshot_hierarchical.yaml --name final_hierarchical
INFO     Run: 2026-04-25_final_hierarchical                                     
INFO     Config:                                                                
         /data/cbotos/TB-Project/results/2026-04-25_final_hierarchical/config_sn
         apshot_hierarchical.yaml                                               
INFO     Stage 1: kw_rf (fixed, binary HER2+ vs rest, threshold=0.5)            
INFO     Stage 2: en_nmc (HR+ vs Triple Neg)                                    
INFO     Repeat seed: 1110                                                      
INFO     Stage 2 grid size: 800 combinations                                    
INFO     Loading data...                                                        
INFO     Loaded 100 samples, 273 features.                                      
INFO     Classes: ['HER2+', 'HR+', 'Triple Neg']                                
INFO       HER2+: 32 samples                                                    
INFO       HR+: 36 samples                                                      
INFO       Triple Neg: 32 samples                                               
INFO     Mislabel indices verified: [(2, 'Array.67'), (4, 'Array.22'), (45,     
         'Array.113')]                                                          
INFO       Fold 1: s1=1.0000 (t=0.50)  s2=0.6905  combined=0.7937  auroc=0.9542 
         excl=0.7937 (0)  (855.3s)                                              
INFO       Fold 2: s1=1.0000 (t=0.50)  s2=0.6905  combined=0.7937  auroc=0.9281 
         excl=0.7937 (0)  (851.7s)                                              
INFO       Fold 3: s1=1.0000 (t=0.50)  s2=0.8542  combined=0.9028  auroc=0.9628 
         excl=0.9444 (1)  (830.5s)                                              
INFO       Fold 4: s1=1.0000 (t=0.50)  s2=0.7143  combined=0.8095  auroc=0.9304 
         excl=0.8095 (0)  (857.2s)                                              
INFO       Fold 5: s1=1.0000 (t=0.50)  s2=0.8571  combined=0.9048  auroc=0.9597 
         excl=0.9524 (2)  (846.2s)                                              
  en_nmc r1110 ━━━━━━━━━━━━━━━━━━━━━━━━━━━━━━━━━━━━━━━━ 100% 1:10:41
INFO                                                                            
INFO     Summary for en_nmc repeat 1110:                                        
INFO       Stage 1 (HER2+ vs rest):  1.0000 (+/- 0.0000)                        
INFO       Stage 2 (HR+ vs TN):      0.7613 (+/- 0.0775)                        
INFO       Combined (3-class):       0.8409 (+/- 0.0517)                        
INFO       Combined (excl mislabels): 0.8587 (+/- 0.0735)                       
INFO       Combined fold scores: [0.7937, 0.7937, 0.9028, 0.8095, 0.9048]       
INFO       Total time: 4241.1s                                                  
INFO     Fold results saved to                                                  
         /data/cbotos/TB-Project/results/2026-04-25_final_hierarchical/hierarchi
         cal_nested_cv/data/fold_results_en_nmc_r1110.csv                       
INFO     Checkpoint removed (job complete).                                     
========================================
Finished: 2026-04-25 06:19:33
Elapsed:  1h 10m 42s
Exit:     0
========================================
[HNCV-TASK-DONE] array=16682 task=309 stage2_pipeline=en_nmc repeat=1110 exit=0 elapsed=4242s
