========================================
Hierarchical CV - Job 605 of 1000
Stage 1:  kw_rf k=5 (fixed, threshold calibrated)
Stage 2:  en_rf
Repeat:   1005 (seed_start=1001, offset=4)
Config:   /data/cbotos/TB-Project/results/2026-04-25_final_hierarchical/config_snapshot_hierarchical.yaml
Run:      final_hierarchical
Node:     node1
CPUs:     1
Memory:   4096MB
Work dir: /data/cbotos/TB-Project
Start:    2026-04-25 07:56:32
========================================
Running: python3 /data/cbotos/TB-Project/code/hierarchical_nested_cv_runner.py --pipeline en_rf --repeat 1005 --config /data/cbotos/TB-Project/results/2026-04-25_final_hierarchical/config_snapshot_hierarchical.yaml --name final_hierarchical
INFO     Run: 2026-04-25_final_hierarchical                                     
INFO     Config:                                                                
         /data/cbotos/TB-Project/results/2026-04-25_final_hierarchical/config_sn
         apshot_hierarchical.yaml                                               
INFO     Stage 1: kw_rf (fixed, binary HER2+ vs rest, threshold=0.5)            
INFO     Stage 2: en_rf (HR+ vs Triple Neg)                                     
INFO     Repeat seed: 1005                                                      
INFO     Stage 2 grid size: 800 combinations                                    
INFO     Loading data...                                                        
INFO     Loaded 100 samples, 273 features.                                      
INFO     Classes: ['HER2+', 'HR+', 'Triple Neg']                                
INFO       HER2+: 32 samples                                                    
INFO       HR+: 36 samples                                                      
INFO       Triple Neg: 32 samples                                               
INFO     Mislabel indices verified: [(2, 'Array.67'), (4, 'Array.22'), (45,     
         'Array.113')]                                                          
INFO       Fold 1: s1=1.0000 (t=0.50)  s2=0.7857  combined=0.8571  auroc=0.9615 
         excl=0.8889 (1)  (2839.7s)                                             
INFO       Fold 2: s1=1.0000 (t=0.50)  s2=0.6786  combined=0.7857  auroc=0.9310 
         excl=0.7857 (0)  (2871.5s)                                             
INFO       Fold 3: s1=1.0000 (t=0.50)  s2=0.7292  combined=0.8194  auroc=0.8909 
         excl=0.8194 (0)  (2821.8s)                                             
INFO       Fold 4: s1=1.0000 (t=0.50)  s2=0.7857  combined=0.8571  auroc=0.9377 
         excl=0.8968 (1)  (2827.7s)                                             
INFO       Fold 5: s1=1.0000 (t=0.50)  s2=0.7857  combined=0.8571  auroc=0.8938 
         excl=0.8889 (1)  (2819.5s)                                             
  en_rf r1005 ━━━━━━━━━━━━━━━━━━━━━━━━━━━━━━━━━━━━━━━━ 100% 3:56:20
INFO                                                                            
INFO     Summary for en_rf repeat 1005:                                         
INFO       Stage 1 (HER2+ vs rest):  1.0000 (+/- 0.0000)                        
INFO       Stage 2 (HR+ vs TN):      0.7530 (+/- 0.0432)                        
INFO       Combined (3-class):       0.8353 (+/- 0.0288)                        
INFO       Combined (excl mislabels): 0.8560 (+/- 0.0450)                       
INFO       Combined fold scores: [0.8571, 0.7857, 0.8194, 0.8571, 0.8571]       
INFO       Total time: 14180.3s                                                 
INFO     Fold results saved to                                                  
         /data/cbotos/TB-Project/results/2026-04-25_final_hierarchical/hierarchi
         cal_nested_cv/data/fold_results_en_rf_r1005.csv                        
INFO     Checkpoint removed (job complete).                                     
========================================
Finished: 2026-04-25 11:52:54
Elapsed:  3h 56m 22s
Exit:     0
========================================
[HNCV-TASK-DONE] array=16682 task=604 stage2_pipeline=en_rf repeat=1005 exit=0 elapsed=14182s
