========================================
Hierarchical CV - Job 455 of 1000
Stage 1:  kw_rf k=5 (fixed, threshold calibrated)
Stage 2:  kw_rf
Repeat:   1055 (seed_start=1001, offset=54)
Config:   /data/cbotos/TB-Project/results/2026-04-25_final_hierarchical/config_snapshot_hierarchical.yaml
Run:      final_hierarchical
Node:     node2
CPUs:     1
Memory:   4096MB
Work dir: /data/cbotos/TB-Project
Start:    2026-04-25 07:30:55
========================================
Running: python3 /data/cbotos/TB-Project/code/hierarchical_nested_cv_runner.py --pipeline kw_rf --repeat 1055 --config /data/cbotos/TB-Project/results/2026-04-25_final_hierarchical/config_snapshot_hierarchical.yaml --name final_hierarchical
INFO     Run: 2026-04-25_final_hierarchical                                     
INFO     Config:                                                                
         /data/cbotos/TB-Project/results/2026-04-25_final_hierarchical/config_sn
         apshot_hierarchical.yaml                                               
INFO     Stage 1: kw_rf (fixed, binary HER2+ vs rest, threshold=0.5)            
INFO     Stage 2: kw_rf (HR+ vs Triple Neg)                                     
INFO     Repeat seed: 1055                                                      
INFO     Stage 2 grid size: 32 combinations                                     
INFO     Loading data...                                                        
INFO     Loaded 100 samples, 273 features.                                      
INFO     Classes: ['HER2+', 'HR+', 'Triple Neg']                                
INFO       HER2+: 32 samples                                                    
INFO       HR+: 36 samples                                                      
INFO       Triple Neg: 32 samples                                               
INFO     Mislabel indices verified: [(2, 'Array.67'), (4, 'Array.22'), (45,     
         'Array.113')]                                                          
INFO       Fold 1: s1=1.0000 (t=0.50)  s2=0.8333  combined=0.8889  auroc=0.9811 
         excl=0.8889 (0)  (101.2s)                                              
INFO       Fold 2: s1=1.0000 (t=0.50)  s2=0.6190  combined=0.7460  auroc=0.8626 
         excl=0.8222 (2)  (101.3s)                                              
INFO       Fold 3: s1=1.0000 (t=0.50)  s2=0.6458  combined=0.7639  auroc=0.9142 
         excl=0.8083 (1)  (101.2s)                                              
INFO       Fold 4: s1=1.0000 (t=0.50)  s2=0.7857  combined=0.8571  auroc=0.9377 
         excl=0.8571 (0)  (101.2s)                                              
INFO       Fold 5: s1=1.0000 (t=0.50)  s2=0.5714  combined=0.7143  auroc=0.8938 
         excl=0.7143 (0)  (101.3s)                                              
  kw_rf r1055 ━━━━━━━━━━━━━━━━━━━━━━━━━━━━━━━━━━━━━━━━ 100% 0:08:26
INFO                                                                            
INFO     Summary for kw_rf repeat 1055:                                         
INFO       Stage 1 (HER2+ vs rest):  1.0000 (+/- 0.0000)                        
INFO       Stage 2 (HR+ vs TN):      0.6911 (+/- 0.1007)                        
INFO       Combined (3-class):       0.7940 (+/- 0.0672)                        
INFO       Combined (excl mislabels): 0.8182 (+/- 0.0590)                       
INFO       Combined fold scores: [0.8889, 0.746, 0.7639, 0.8571, 0.7143]        
INFO       Total time: 506.2s                                                   
INFO     Fold results saved to                                                  
         /data/cbotos/TB-Project/results/2026-04-25_final_hierarchical/hierarchi
         cal_nested_cv/data/fold_results_kw_rf_r1055.csv                        
INFO     Checkpoint removed (job complete).                                     
========================================
Finished: 2026-04-25 07:39:23
Elapsed:  0h 8m 28s
Exit:     0
========================================
[HNCV-TASK-DONE] array=16682 task=454 stage2_pipeline=kw_rf repeat=1055 exit=0 elapsed=508s
