========================================
Hierarchical CV - Job 966 of 1000
Stage 1:  kw_rf k=5 (fixed, threshold calibrated)
Stage 2:  standalone_en
Repeat:   1166 (seed_start=1001, offset=165)
Config:   /data/cbotos/TB-Project/results/2026-04-25_final_hierarchical/config_snapshot_hierarchical.yaml
Run:      final_hierarchical
Node:     node3
CPUs:     1
Memory:   4096MB
Work dir: /data/cbotos/TB-Project
Start:    2026-04-25 23:05:33
========================================
Running: python3 /data/cbotos/TB-Project/code/hierarchical_nested_cv_runner.py --pipeline standalone_en --repeat 1166 --config /data/cbotos/TB-Project/results/2026-04-25_final_hierarchical/config_snapshot_hierarchical.yaml --name final_hierarchical
INFO     Run: 2026-04-25_final_hierarchical                                     
INFO     Config:                                                                
         /data/cbotos/TB-Project/results/2026-04-25_final_hierarchical/config_sn
         apshot_hierarchical.yaml                                               
INFO     Stage 1: kw_rf (fixed, binary HER2+ vs rest, threshold=0.5)            
INFO     Stage 2: standalone_en (HR+ vs Triple Neg)                             
INFO     Repeat seed: 1166                                                      
INFO     Stage 2 grid size: 50 combinations                                     
INFO     Loading data...                                                        
INFO     Loaded 100 samples, 273 features.                                      
INFO     Classes: ['HER2+', 'HR+', 'Triple Neg']                                
INFO       HER2+: 32 samples                                                    
INFO       HR+: 36 samples                                                      
INFO       Triple Neg: 32 samples                                               
INFO     Mislabel indices verified: [(2, 'Array.67'), (4, 'Array.22'), (45,     
         'Array.113')]                                                          
INFO       Fold 1: s1=1.0000 (t=0.50)  s2=0.9167  combined=0.9444  auroc=0.9618 
         excl=0.9444 (0)  (28.9s)                                               
INFO       Fold 2: s1=1.0000 (t=0.50)  s2=0.6786  combined=0.7857  auroc=0.9618 
         excl=0.8190 (1)  (31.1s)                                               
INFO       Fold 3: s1=1.0000 (t=0.50)  s2=0.9375  combined=0.9583  auroc=0.9886 
         excl=0.9583 (0)  (28.9s)                                               
INFO       Fold 4: s1=1.0000 (t=0.50)  s2=0.7143  combined=0.8095  auroc=0.9487 
         excl=0.8095 (0)  (27.7s)                                               
INFO       Fold 5: s1=1.0000 (t=0.50)  s2=0.5714  combined=0.7143  auroc=0.8388 
         excl=0.7778 (2)  (27.7s)                                               
  standalone_en r1166 ━━━━━━━━━━━━━━━━━━━━━━━━━━━━━━━━━━━━━━━━ 100% 0:02:24
INFO                                                                            
INFO     Summary for standalone_en repeat 1166:                                 
INFO       Stage 1 (HER2+ vs rest):  1.0000 (+/- 0.0000)                        
INFO       Stage 2 (HR+ vs TN):      0.7637 (+/- 0.1416)                        
INFO       Combined (3-class):       0.8425 (+/- 0.0944)                        
INFO       Combined (excl mislabels): 0.8618 (+/- 0.0745)                       
INFO       Combined fold scores: [0.9444, 0.7857, 0.9583, 0.8095, 0.7143]       
INFO       Total time: 144.3s                                                   
INFO     Fold results saved to                                                  
         /data/cbotos/TB-Project/results/2026-04-25_final_hierarchical/hierarchi
         cal_nested_cv/data/fold_results_standalone_en_r1166.csv                
INFO     Checkpoint removed (job complete).                                     
========================================
Finished: 2026-04-25 23:07:59
Elapsed:  0h 2m 26s
Exit:     0
========================================
[HNCV-TASK-DONE] array=16682 task=965 stage2_pipeline=standalone_en repeat=1166 exit=0 elapsed=146s
