========================================
Hierarchical CV - Job 488 of 1000
Stage 1:  kw_rf k=5 (fixed, threshold calibrated)
Stage 2:  kw_rf
Repeat:   1088 (seed_start=1001, offset=87)
Config:   /data/cbotos/TB-Project/results/2026-04-25_final_hierarchical/config_snapshot_hierarchical.yaml
Run:      final_hierarchical
Node:     node2
CPUs:     1
Memory:   4096MB
Work dir: /data/cbotos/TB-Project
Start:    2026-04-25 07:34:54
========================================
Running: python3 /data/cbotos/TB-Project/code/hierarchical_nested_cv_runner.py --pipeline kw_rf --repeat 1088 --config /data/cbotos/TB-Project/results/2026-04-25_final_hierarchical/config_snapshot_hierarchical.yaml --name final_hierarchical
INFO     Run: 2026-04-25_final_hierarchical                                     
INFO     Config:                                                                
         /data/cbotos/TB-Project/results/2026-04-25_final_hierarchical/config_sn
         apshot_hierarchical.yaml                                               
INFO     Stage 1: kw_rf (fixed, binary HER2+ vs rest, threshold=0.5)            
INFO     Stage 2: kw_rf (HR+ vs Triple Neg)                                     
INFO     Repeat seed: 1088                                                      
INFO     Stage 2 grid size: 32 combinations                                     
INFO     Loading data...                                                        
INFO     Loaded 100 samples, 273 features.                                      
INFO     Classes: ['HER2+', 'HR+', 'Triple Neg']                                
INFO       HER2+: 32 samples                                                    
INFO       HR+: 36 samples                                                      
INFO       Triple Neg: 32 samples                                               
INFO     Mislabel indices verified: [(2, 'Array.67'), (4, 'Array.22'), (45,     
         'Array.113')]                                                          
INFO       Fold 1: s1=1.0000 (t=0.50)  s2=0.6190  combined=0.7460  auroc=0.9121 
         excl=0.7778 (1)  (102.0s)                                              
INFO       Fold 2: s1=1.0000 (t=0.50)  s2=0.6071  combined=0.7381  auroc=0.8971 
         excl=0.7381 (0)  (101.4s)                                              
INFO       Fold 3: s1=1.0000 (t=0.50)  s2=0.6458  combined=0.7639  auroc=0.8586 
         excl=0.8083 (1)  (101.8s)                                              
INFO       Fold 4: s1=1.0000 (t=0.50)  s2=0.7143  combined=0.8095  auroc=0.9414 
         excl=0.8333 (1)  (101.7s)                                              
INFO       Fold 5: s1=1.0000 (t=0.50)  s2=0.9286  combined=0.9524  auroc=1.0000 
         excl=0.9524 (0)  (101.6s)                                              
  kw_rf r1088 ━━━━━━━━━━━━━━━━━━━━━━━━━━━━━━━━━━━━━━━━ 100% 0:08:28
INFO                                                                            
INFO     Summary for kw_rf repeat 1088:                                         
INFO       Stage 1 (HER2+ vs rest):  1.0000 (+/- 0.0000)                        
INFO       Stage 2 (HR+ vs TN):      0.7030 (+/- 0.1188)                        
INFO       Combined (3-class):       0.8020 (+/- 0.0792)                        
INFO       Combined (excl mislabels): 0.8220 (+/- 0.0725)                       
INFO       Combined fold scores: [0.746, 0.7381, 0.7639, 0.8095, 0.9524]        
INFO       Total time: 508.5s                                                   
INFO     Fold results saved to                                                  
         /data/cbotos/TB-Project/results/2026-04-25_final_hierarchical/hierarchi
         cal_nested_cv/data/fold_results_kw_rf_r1088.csv                        
INFO     Checkpoint removed (job complete).                                     
========================================
Finished: 2026-04-25 07:43:24
Elapsed:  0h 8m 30s
Exit:     0
========================================
[HNCV-TASK-DONE] array=16682 task=487 stage2_pipeline=kw_rf repeat=1088 exit=0 elapsed=510s
