========================================
Hierarchical CV - Job 704 of 1000
Stage 1:  kw_rf k=5 (fixed, threshold calibrated)
Stage 2:  en_rf
Repeat:   1104 (seed_start=1001, offset=103)
Config:   /data/cbotos/TB-Project/results/2026-04-25_final_hierarchical/config_snapshot_hierarchical.yaml
Run:      final_hierarchical
Node:     node3
CPUs:     1
Memory:   4096MB
Work dir: /data/cbotos/TB-Project
Start:    2026-04-25 14:51:42
========================================
Running: python3 /data/cbotos/TB-Project/code/hierarchical_nested_cv_runner.py --pipeline en_rf --repeat 1104 --config /data/cbotos/TB-Project/results/2026-04-25_final_hierarchical/config_snapshot_hierarchical.yaml --name final_hierarchical
INFO     Run: 2026-04-25_final_hierarchical                                     
INFO     Config:                                                                
         /data/cbotos/TB-Project/results/2026-04-25_final_hierarchical/config_sn
         apshot_hierarchical.yaml                                               
INFO     Stage 1: kw_rf (fixed, binary HER2+ vs rest, threshold=0.5)            
INFO     Stage 2: en_rf (HR+ vs Triple Neg)                                     
INFO     Repeat seed: 1104                                                      
INFO     Stage 2 grid size: 800 combinations                                    
INFO     Loading data...                                                        
INFO     Loaded 100 samples, 273 features.                                      
INFO     Classes: ['HER2+', 'HR+', 'Triple Neg']                                
INFO       HER2+: 32 samples                                                    
INFO       HR+: 36 samples                                                      
INFO       Triple Neg: 32 samples                                               
INFO     Mislabel indices verified: [(2, 'Array.67'), (4, 'Array.22'), (45,     
         'Array.113')]                                                          
INFO       Fold 1: s1=1.0000 (t=0.50)  s2=0.6071  combined=0.7381  auroc=0.9234 
         excl=0.7714 (1)  (2674.8s)                                             
INFO       Fold 2: s1=1.0000 (t=0.50)  s2=0.9167  combined=0.9444  auroc=1.0000 
         excl=0.9444 (0)  (2695.6s)                                             
INFO       Fold 3: s1=1.0000 (t=0.50)  s2=0.7083  combined=0.8056  auroc=0.9360 
         excl=0.8413 (1)  (2422.1s)                                             
INFO       Fold 4: s1=1.0000 (t=0.50)  s2=0.5714  combined=0.7143  auroc=0.8718 
         excl=0.7143 (0)  (2390.9s)                                             
INFO       Fold 5: s1=1.0000 (t=0.50)  s2=0.6429  combined=0.7619  auroc=0.8974 
         excl=0.8095 (1)  (2334.7s)                                             
  en_rf r1104 ━━━━━━━━━━━━━━━━━━━━━━━━━━━━━━━━━━━━━━━━ 100% 3:28:38
INFO                                                                            
INFO     Summary for en_rf repeat 1104:                                         
INFO       Stage 1 (HER2+ vs rest):  1.0000 (+/- 0.0000)                        
INFO       Stage 2 (HR+ vs TN):      0.6893 (+/- 0.1224)                        
INFO       Combined (3-class):       0.7929 (+/- 0.0816)                        
INFO       Combined (excl mislabels): 0.8162 (+/- 0.0768)                       
INFO       Combined fold scores: [0.7381, 0.9444, 0.8056, 0.7143, 0.7619]       
INFO       Total time: 12518.4s                                                 
INFO     Fold results saved to                                                  
         /data/cbotos/TB-Project/results/2026-04-25_final_hierarchical/hierarchi
         cal_nested_cv/data/fold_results_en_rf_r1104.csv                        
INFO     Checkpoint removed (job complete).                                     
========================================
Finished: 2026-04-25 18:20:21
Elapsed:  3h 28m 39s
Exit:     0
========================================
[HNCV-TASK-DONE] array=16682 task=703 stage2_pipeline=en_rf repeat=1104 exit=0 elapsed=12519s
