========================================
Hierarchical CV - Job 398 of 1000
Stage 1:  kw_rf k=5 (fixed, threshold calibrated)
Stage 2:  en_nmc
Repeat:   1198 (seed_start=1001, offset=197)
Config:   /data/cbotos/TB-Project/results/2026-04-25_final_hierarchical/config_snapshot_hierarchical.yaml
Run:      final_hierarchical
Node:     node2
CPUs:     1
Memory:   4096MB
Work dir: /data/cbotos/TB-Project
Start:    2026-04-25 06:23:34
========================================
Running: python3 /data/cbotos/TB-Project/code/hierarchical_nested_cv_runner.py --pipeline en_nmc --repeat 1198 --config /data/cbotos/TB-Project/results/2026-04-25_final_hierarchical/config_snapshot_hierarchical.yaml --name final_hierarchical
INFO     Run: 2026-04-25_final_hierarchical                                     
INFO     Config:                                                                
         /data/cbotos/TB-Project/results/2026-04-25_final_hierarchical/config_sn
         apshot_hierarchical.yaml                                               
INFO     Stage 1: kw_rf (fixed, binary HER2+ vs rest, threshold=0.5)            
INFO     Stage 2: en_nmc (HR+ vs Triple Neg)                                    
INFO     Repeat seed: 1198                                                      
INFO     Stage 2 grid size: 800 combinations                                    
INFO     Loading data...                                                        
INFO     Loaded 100 samples, 273 features.                                      
INFO     Classes: ['HER2+', 'HR+', 'Triple Neg']                                
INFO       HER2+: 32 samples                                                    
INFO       HR+: 36 samples                                                      
INFO       Triple Neg: 32 samples                                               
INFO     Mislabel indices verified: [(2, 'Array.67'), (4, 'Array.22'), (45,     
         'Array.113')]                                                          
INFO       Fold 1: s1=1.0000 (t=0.50)  s2=0.7024  combined=0.8016  auroc=0.9200 
         excl=0.8333 (1)  (860.1s)                                              
INFO       Fold 2: s1=1.0000 (t=0.50)  s2=0.8452  combined=0.8968  auroc=0.9884 
         excl=0.8968 (0)  (856.2s)                                              
INFO       Fold 3: s1=1.0000 (t=0.50)  s2=0.6042  combined=0.7361  auroc=0.8993 
         excl=0.7583 (1)  (873.8s)                                              
INFO       Fold 4: s1=1.0000 (t=0.50)  s2=0.8571  combined=0.9048  auroc=0.9853 
         excl=0.9048 (0)  (805.8s)                                              
INFO       Fold 5: s1=1.0000 (t=0.50)  s2=0.5000  combined=0.6667  auroc=0.8681 
         excl=0.6905 (1)  (823.8s)                                              
  en_nmc r1198 ━━━━━━━━━━━━━━━━━━━━━━━━━━━━━━━━━━━━━━━━ 100% 1:10:19
INFO                                                                            
INFO     Summary for en_nmc repeat 1198:                                        
INFO       Stage 1 (HER2+ vs rest):  1.0000 (+/- 0.0000)                        
INFO       Stage 2 (HR+ vs TN):      0.7018 (+/- 0.1378)                        
INFO       Combined (3-class):       0.8012 (+/- 0.0919)                        
INFO       Combined (excl mislabels): 0.8167 (+/- 0.0822)                       
INFO       Combined fold scores: [0.8016, 0.8968, 0.7361, 0.9048, 0.6667]       
INFO       Total time: 4219.8s                                                  
INFO     Fold results saved to                                                  
         /data/cbotos/TB-Project/results/2026-04-25_final_hierarchical/hierarchi
         cal_nested_cv/data/fold_results_en_nmc_r1198.csv                       
INFO     Checkpoint removed (job complete).                                     
========================================
Finished: 2026-04-25 07:33:56
Elapsed:  1h 10m 22s
Exit:     0
========================================
[HNCV-TASK-DONE] array=16682 task=397 stage2_pipeline=en_nmc repeat=1198 exit=0 elapsed=4222s
