========================================
Hierarchical CV - Job 156 of 1000
Stage 1:  kw_rf k=5 (fixed, threshold calibrated)
Stage 2:  kw_nmc
Repeat:   1156 (seed_start=1001, offset=155)
Config:   /data/cbotos/TB-Project/results/2026-04-25_final_hierarchical/config_snapshot_hierarchical.yaml
Run:      final_hierarchical
Node:     node3
CPUs:     1
Memory:   4096MB
Work dir: /data/cbotos/TB-Project
Start:    2026-04-25 02:46:32
========================================
Running: python3 /data/cbotos/TB-Project/code/hierarchical_nested_cv_runner.py --pipeline kw_nmc --repeat 1156 --config /data/cbotos/TB-Project/results/2026-04-25_final_hierarchical/config_snapshot_hierarchical.yaml --name final_hierarchical
INFO     Run: 2026-04-25_final_hierarchical                                     
INFO     Config:                                                                
         /data/cbotos/TB-Project/results/2026-04-25_final_hierarchical/config_sn
         apshot_hierarchical.yaml                                               
INFO     Stage 1: kw_rf (fixed, binary HER2+ vs rest, threshold=0.5)            
INFO     Stage 2: kw_nmc (HR+ vs Triple Neg)                                    
INFO     Repeat seed: 1156                                                      
INFO     Stage 2 grid size: 32 combinations                                     
INFO     Loading data...                                                        
INFO     Loaded 100 samples, 273 features.                                      
INFO     Classes: ['HER2+', 'HR+', 'Triple Neg']                                
INFO       HER2+: 32 samples                                                    
INFO       HR+: 36 samples                                                      
INFO       Triple Neg: 32 samples                                               
INFO     Mislabel indices verified: [(2, 'Array.67'), (4, 'Array.22'), (45,     
         'Array.113')]                                                          
INFO       Fold 1: s1=1.0000 (t=0.50)  s2=0.8452  combined=0.8968  auroc=0.9924 
         excl=0.8968 (0)  (17.9s)                                               
INFO       Fold 2: s1=1.0000 (t=0.50)  s2=0.4762  combined=0.6508  auroc=0.8623 
         excl=0.6508 (0)  (18.3s)                                               
INFO       Fold 3: s1=1.0000 (t=0.50)  s2=0.5833  combined=0.7222  auroc=0.8958 
         excl=0.7667 (1)  (18.1s)                                               
INFO       Fold 4: s1=1.0000 (t=0.50)  s2=0.6429  combined=0.7619  auroc=0.9194 
         excl=0.8333 (2)  (18.1s)                                               
INFO       Fold 5: s1=1.0000 (t=0.50)  s2=0.8571  combined=0.9048  auroc=0.9670 
         excl=0.9048 (0)  (18.3s)                                               
  kw_nmc r1156 ━━━━━━━━━━━━━━━━━━━━━━━━━━━━━━━━━━━━━━━━ 100% 0:01:30
INFO                                                                            
INFO     Summary for kw_nmc repeat 1156:                                        
INFO       Stage 1 (HER2+ vs rest):  1.0000 (+/- 0.0000)                        
INFO       Stage 2 (HR+ vs TN):      0.6810 (+/- 0.1490)                        
INFO       Combined (3-class):       0.7873 (+/- 0.0993)                        
INFO       Combined (excl mislabels): 0.8105 (+/- 0.0941)                       
INFO       Combined fold scores: [0.8968, 0.6508, 0.7222, 0.7619, 0.9048]       
INFO       Total time: 90.8s                                                    
INFO     Fold results saved to                                                  
         /data/cbotos/TB-Project/results/2026-04-25_final_hierarchical/hierarchi
         cal_nested_cv/data/fold_results_kw_nmc_r1156.csv                       
INFO     Checkpoint removed (job complete).                                     
========================================
Finished: 2026-04-25 02:48:04
Elapsed:  0h 1m 32s
Exit:     0
========================================
[HNCV-TASK-DONE] array=16682 task=155 stage2_pipeline=kw_nmc repeat=1156 exit=0 elapsed=92s
