========================================
Hierarchical CV - Job 771 of 1000
Stage 1:  kw_rf k=5 (fixed, threshold calibrated)
Stage 2:  en_rf
Repeat:   1171 (seed_start=1001, offset=170)
Config:   /data/cbotos/TB-Project/results/2026-04-25_final_hierarchical/config_snapshot_hierarchical.yaml
Run:      final_hierarchical
Node:     node1
CPUs:     1
Memory:   4096MB
Work dir: /data/cbotos/TB-Project
Start:    2026-04-25 19:45:43
========================================
Running: python3 /data/cbotos/TB-Project/code/hierarchical_nested_cv_runner.py --pipeline en_rf --repeat 1171 --config /data/cbotos/TB-Project/results/2026-04-25_final_hierarchical/config_snapshot_hierarchical.yaml --name final_hierarchical
INFO     Run: 2026-04-25_final_hierarchical                                     
INFO     Config:                                                                
         /data/cbotos/TB-Project/results/2026-04-25_final_hierarchical/config_sn
         apshot_hierarchical.yaml                                               
INFO     Stage 1: kw_rf (fixed, binary HER2+ vs rest, threshold=0.5)            
INFO     Stage 2: en_rf (HR+ vs Triple Neg)                                     
INFO     Repeat seed: 1171                                                      
INFO     Stage 2 grid size: 800 combinations                                    
INFO     Loading data...                                                        
INFO     Loaded 100 samples, 273 features.                                      
INFO     Classes: ['HER2+', 'HR+', 'Triple Neg']                                
INFO       HER2+: 32 samples                                                    
INFO       HR+: 36 samples                                                      
INFO       Triple Neg: 32 samples                                               
INFO     Mislabel indices verified: [(2, 'Array.67'), (4, 'Array.22'), (45,     
         'Array.113')]                                                          
INFO       Fold 1: s1=1.0000 (t=0.50)  s2=0.6905  combined=0.7937  auroc=0.8666 
         excl=0.8333 (1)  (2873.2s)                                             
INFO       Fold 2: s1=1.0000 (t=0.50)  s2=0.8571  combined=0.9048  auroc=0.9695 
         excl=0.9048 (0)  (2838.8s)                                             
INFO       Fold 3: s1=1.0000 (t=0.50)  s2=0.7917  combined=0.8611  auroc=0.9777 
         excl=0.8611 (0)  (2825.2s)                                             
INFO       Fold 4: s1=1.0000 (t=0.50)  s2=0.7143  combined=0.8095  auroc=0.9121 
         excl=0.8492 (1)  (2855.4s)                                             
INFO       Fold 5: s1=1.0000 (t=0.50)  s2=0.4286  combined=0.6190  auroc=0.8535 
         excl=0.6429 (1)  (2800.6s)                                             
  en_rf r1171 ━━━━━━━━━━━━━━━━━━━━━━━━━━━━━━━━━━━━━━━━ 100% 3:56:33
INFO                                                                            
INFO     Summary for en_rf repeat 1171:                                         
INFO       Stage 1 (HER2+ vs rest):  1.0000 (+/- 0.0000)                        
INFO       Stage 2 (HR+ vs TN):      0.6964 (+/- 0.1463)                        
INFO       Combined (3-class):       0.7976 (+/- 0.0975)                        
INFO       Combined (excl mislabels): 0.8183 (+/- 0.0909)                       
INFO       Combined fold scores: [0.7937, 0.9048, 0.8611, 0.8095, 0.619]        
INFO       Total time: 14193.3s                                                 
INFO     Fold results saved to                                                  
         /data/cbotos/TB-Project/results/2026-04-25_final_hierarchical/hierarchi
         cal_nested_cv/data/fold_results_en_rf_r1171.csv                        
INFO     Checkpoint removed (job complete).                                     
========================================
Finished: 2026-04-25 23:42:18
Elapsed:  3h 56m 35s
Exit:     0
========================================
[HNCV-TASK-DONE] array=16682 task=770 stage2_pipeline=en_rf repeat=1171 exit=0 elapsed=14195s
