========================================
Hierarchical CV - Job 81 of 800
Stage 1:  kw_rf k=5 (fixed, threshold calibrated)
Stage 2:  nmc_ensemble
Repeat:   1081 (seed_start=1001, offset=80)
Config:   /data/cbotos/TB-Project/results/2026-04-25_final_hierarchical/config_snapshot_hierarchical.yaml
Run:      final_hierarchical
Node:     node3
CPUs:     1
Memory:   4096MB
Work dir: /data/cbotos/TB-Project
Start:    2026-04-25 23:54:59
========================================
Running: python3 /data/cbotos/TB-Project/code/hierarchical_nested_cv_runner.py --pipeline nmc_ensemble --repeat 1081 --config /data/cbotos/TB-Project/results/2026-04-25_final_hierarchical/config_snapshot_hierarchical.yaml --name final_hierarchical
INFO     Run: 2026-04-25_final_hierarchical                                     
INFO     Config:                                                                
         /data/cbotos/TB-Project/results/2026-04-25_final_hierarchical/config_sn
         apshot_hierarchical.yaml                                               
INFO     Stage 1: kw_rf (fixed, binary HER2+ vs rest, threshold=0.5)            
INFO     Stage 2: nmc_ensemble (HR+ vs Triple Neg)                              
INFO     Repeat seed: 1081                                                      
INFO     Post-hoc ensemble: averaging nmc_ensemble components ('kw_nmc',        
         'en_nmc')                                                              
INFO     Loaded component: kw_nmc (5 rows)                                      
INFO     Loaded component: en_nmc (5 rows)                                      
INFO       Fold 1: combined=0.7381  s2=0.6071  auroc=0.9084  (0.0s)             
INFO       Fold 2: combined=0.9444  s2=0.9167  auroc=0.9734  (0.0s)             
INFO       Fold 3: combined=0.7083  s2=0.5625  auroc=0.9003  (0.0s)             
INFO       Fold 4: combined=0.8095  s2=0.7143  auroc=0.9560  (0.0s)             
INFO       Fold 5: combined=0.9524  s2=0.9286  auroc=0.9927  (0.0s)             
INFO     Ensemble fold results saved to                                         
         /data/cbotos/TB-Project/results/2026-04-25_final_hierarchical/hierarchi
         cal_nested_cv/data/fold_results_nmc_ensemble_r1081.csv                 
INFO     Summary for nmc_ensemble repeat 1081:                                  
INFO       Combined (3-class): 0.8306 (+/- 0.1017)                              
INFO       Stage 2 (HR+ vs TN): 0.7458 (+/- 0.1526)                             
INFO     Total time: 0.4s                                                       
========================================
Finished: 2026-04-25 23:55:02
Elapsed:  0h 0m 3s
Exit:     0
========================================
[HNCV-TASK-DONE] array=16683 task=80 stage2_pipeline=nmc_ensemble repeat=1081 exit=0 elapsed=3s
