========================================
Hierarchical CV - Job 84 of 200
Stage 1:  kw_rf k=5 (fixed, threshold calibrated)
Stage 2:  nmc_pens_ensemble
Repeat:   1084 (seed_start=1001, offset=83)
Config:   /data/cbotos/TB-Project/results/2026-04-25_final_hierarchical/config_snapshot_hierarchical.yaml
Run:      final_hierarchical
Node:     node3
CPUs:     1
Memory:   4096MB
Work dir: /data/cbotos/TB-Project
Start:    2026-04-26 00:01:11
========================================
Running: python3 /data/cbotos/TB-Project/code/hierarchical_nested_cv_runner.py --pipeline nmc_pens_ensemble --repeat 1084 --config /data/cbotos/TB-Project/results/2026-04-25_final_hierarchical/config_snapshot_hierarchical.yaml --name final_hierarchical
INFO     Run: 2026-04-25_final_hierarchical                                     
INFO     Config:                                                                
         /data/cbotos/TB-Project/results/2026-04-25_final_hierarchical/config_sn
         apshot_hierarchical.yaml                                               
INFO     Stage 1: kw_rf (fixed, binary HER2+ vs rest, threshold=0.5)            
INFO     Stage 2: nmc_pens_ensemble (HR+ vs Triple Neg)                         
INFO     Repeat seed: 1084                                                      
INFO     Post-hoc ensemble: averaging nmc_pens_ensemble components              
         ('kw_nmc_pens', 'en_nmc_pens')                                         
INFO     Loaded component: kw_nmc_pens (5 rows)                                 
INFO     Loaded component: en_nmc_pens (5 rows)                                 
INFO       Fold 1: combined=0.8016  s2=0.7024  auroc=0.9353  (0.0s)             
INFO       Fold 2: combined=0.9048  s2=0.8571  auroc=0.9618  (0.0s)             
INFO       Fold 3: combined=0.9583  s2=0.9375  auroc=0.9886  (0.0s)             
INFO       Fold 4: combined=0.8571  s2=0.7857  auroc=0.9194  (0.0s)             
INFO       Fold 5: combined=0.7619  s2=0.6429  auroc=0.9194  (0.0s)             
INFO     Ensemble fold results saved to                                         
         /data/cbotos/TB-Project/results/2026-04-25_final_hierarchical/hierarchi
         cal_nested_cv/data/fold_results_nmc_pens_ensemble_r1084.csv            
INFO     Summary for nmc_pens_ensemble repeat 1084:                             
INFO       Combined (3-class): 0.8567 (+/- 0.0702)                              
INFO       Stage 2 (HR+ vs TN): 0.7851 (+/- 0.1053)                             
INFO     Total time: 0.1s                                                       
========================================
Finished: 2026-04-26 00:01:13
Elapsed:  0h 0m 2s
Exit:     0
========================================
[HNCV-TASK-DONE] array=16684 task=83 stage2_pipeline=nmc_pens_ensemble repeat=1084 exit=0 elapsed=2s
