========================================
Hierarchical CV - Job 497 of 1000
Stage 1:  kw_rf k=5 (fixed, threshold calibrated)
Stage 2:  kw_rf
Repeat:   1097 (seed_start=1001, offset=96)
Config:   /data/cbotos/TB-Project/results/2026-04-25_final_hierarchical/config_snapshot_hierarchical.yaml
Run:      final_hierarchical
Node:     node2
CPUs:     1
Memory:   4096MB
Work dir: /data/cbotos/TB-Project
Start:    2026-04-25 07:38:35
========================================
Running: python3 /data/cbotos/TB-Project/code/hierarchical_nested_cv_runner.py --pipeline kw_rf --repeat 1097 --config /data/cbotos/TB-Project/results/2026-04-25_final_hierarchical/config_snapshot_hierarchical.yaml --name final_hierarchical
INFO     Run: 2026-04-25_final_hierarchical                                     
INFO     Config:                                                                
         /data/cbotos/TB-Project/results/2026-04-25_final_hierarchical/config_sn
         apshot_hierarchical.yaml                                               
INFO     Stage 1: kw_rf (fixed, binary HER2+ vs rest, threshold=0.5)            
INFO     Stage 2: kw_rf (HR+ vs Triple Neg)                                     
INFO     Repeat seed: 1097                                                      
INFO     Stage 2 grid size: 32 combinations                                     
INFO     Loading data...                                                        
INFO     Loaded 100 samples, 273 features.                                      
INFO     Classes: ['HER2+', 'HR+', 'Triple Neg']                                
INFO       HER2+: 32 samples                                                    
INFO       HR+: 36 samples                                                      
INFO       Triple Neg: 32 samples                                               
INFO     Mislabel indices verified: [(2, 'Array.67'), (4, 'Array.22'), (45,     
         'Array.113')]                                                          
INFO       Fold 1: s1=1.0000 (t=0.50)  s2=0.7024  combined=0.8016  auroc=0.9353 
         excl=0.8889 (2)  (102.3s)                                              
INFO       Fold 2: s1=1.0000 (t=0.50)  s2=0.6190  combined=0.7460  auroc=0.9161 
         excl=0.7905 (1)  (102.2s)                                              
INFO       Fold 3: s1=1.0000 (t=0.50)  s2=0.7083  combined=0.8056  auroc=0.9107 
         excl=0.8056 (0)  (102.3s)                                              
INFO       Fold 4: s1=1.0000 (t=0.50)  s2=0.8571  combined=0.9048  auroc=0.9927 
         excl=0.9048 (0)  (102.5s)                                              
INFO       Fold 5: s1=1.0000 (t=0.50)  s2=0.9286  combined=0.9524  auroc=0.9853 
         excl=0.9524 (0)  (102.3s)                                              
  kw_rf r1097 ━━━━━━━━━━━━━━━━━━━━━━━━━━━━━━━━━━━━━━━━ 100% 0:08:32
INFO                                                                            
INFO     Summary for kw_rf repeat 1097:                                         
INFO       Stage 1 (HER2+ vs rest):  1.0000 (+/- 0.0000)                        
INFO       Stage 2 (HR+ vs TN):      0.7631 (+/- 0.1128)                        
INFO       Combined (3-class):       0.8421 (+/- 0.0752)                        
INFO       Combined (excl mislabels): 0.8684 (+/- 0.0613)                       
INFO       Combined fold scores: [0.8016, 0.746, 0.8056, 0.9048, 0.9524]        
INFO       Total time: 512.7s                                                   
INFO     Fold results saved to                                                  
         /data/cbotos/TB-Project/results/2026-04-25_final_hierarchical/hierarchi
         cal_nested_cv/data/fold_results_kw_rf_r1097.csv                        
INFO     Checkpoint removed (job complete).                                     
========================================
Finished: 2026-04-25 07:47:10
Elapsed:  0h 8m 35s
Exit:     0
========================================
[HNCV-TASK-DONE] array=16682 task=496 stage2_pipeline=kw_rf repeat=1097 exit=0 elapsed=515s
