========================================
Hierarchical CV - Job 723 of 1000
Stage 1:  kw_rf k=5 (fixed, threshold calibrated)
Stage 2:  en_rf
Repeat:   1123 (seed_start=1001, offset=122)
Config:   /data/cbotos/TB-Project/results/2026-04-25_final_hierarchical/config_snapshot_hierarchical.yaml
Run:      final_hierarchical
Node:     node1
CPUs:     1
Memory:   4096MB
Work dir: /data/cbotos/TB-Project
Start:    2026-04-25 15:49:54
========================================
Running: python3 /data/cbotos/TB-Project/code/hierarchical_nested_cv_runner.py --pipeline en_rf --repeat 1123 --config /data/cbotos/TB-Project/results/2026-04-25_final_hierarchical/config_snapshot_hierarchical.yaml --name final_hierarchical
INFO     Run: 2026-04-25_final_hierarchical                                     
INFO     Config:                                                                
         /data/cbotos/TB-Project/results/2026-04-25_final_hierarchical/config_sn
         apshot_hierarchical.yaml                                               
INFO     Stage 1: kw_rf (fixed, binary HER2+ vs rest, threshold=0.5)            
INFO     Stage 2: en_rf (HR+ vs Triple Neg)                                     
INFO     Repeat seed: 1123                                                      
INFO     Stage 2 grid size: 800 combinations                                    
INFO     Loading data...                                                        
INFO     Loaded 100 samples, 273 features.                                      
INFO     Classes: ['HER2+', 'HR+', 'Triple Neg']                                
INFO       HER2+: 32 samples                                                    
INFO       HR+: 36 samples                                                      
INFO       Triple Neg: 32 samples                                               
INFO     Mislabel indices verified: [(2, 'Array.67'), (4, 'Array.22'), (45,     
         'Array.113')]                                                          
INFO       Fold 1: s1=1.0000 (t=0.50)  s2=0.6310  combined=0.7540  auroc=0.9005 
         excl=0.7540 (0)  (2876.5s)                                             
INFO       Fold 2: s1=1.0000 (t=0.50)  s2=0.7619  combined=0.8413  auroc=0.9466 
         excl=0.9524 (2)  (2840.0s)                                             
INFO       Fold 3: s1=1.0000 (t=0.50)  s2=0.7917  combined=0.8611  auroc=0.9777 
         excl=0.8611 (0)  (2838.5s)                                             
INFO       Fold 4: s1=1.0000 (t=0.50)  s2=0.5000  combined=0.6667  auroc=0.8388 
         excl=0.6667 (0)  (2853.8s)                                             
INFO       Fold 5: s1=1.0000 (t=0.50)  s2=0.5000  combined=0.6667  auroc=0.9084 
         excl=0.6984 (1)  (2831.9s)                                             
  en_rf r1123 ━━━━━━━━━━━━━━━━━━━━━━━━━━━━━━━━━━━━━━━━ 100% 3:57:20
INFO                                                                            
INFO     Summary for en_rf repeat 1123:                                         
INFO       Stage 1 (HER2+ vs rest):  1.0000 (+/- 0.0000)                        
INFO       Stage 2 (HR+ vs TN):      0.6369 (+/- 0.1242)                        
INFO       Combined (3-class):       0.7579 (+/- 0.0828)                        
INFO       Combined (excl mislabels): 0.7865 (+/- 0.1061)                       
INFO       Combined fold scores: [0.754, 0.8413, 0.8611, 0.6667, 0.6667]        
INFO       Total time: 14240.9s                                                 
INFO     Fold results saved to                                                  
         /data/cbotos/TB-Project/results/2026-04-25_final_hierarchical/hierarchi
         cal_nested_cv/data/fold_results_en_rf_r1123.csv                        
INFO     Checkpoint removed (job complete).                                     
========================================
Finished: 2026-04-25 19:47:16
Elapsed:  3h 57m 22s
Exit:     0
========================================
[HNCV-TASK-DONE] array=16682 task=722 stage2_pipeline=en_rf repeat=1123 exit=0 elapsed=14242s
