========================================
Hierarchical CV - Job 677 of 1000
Stage 1:  kw_rf k=5 (fixed, threshold calibrated)
Stage 2:  en_rf
Repeat:   1077 (seed_start=1001, offset=76)
Config:   /data/cbotos/TB-Project/results/2026-04-25_final_hierarchical/config_snapshot_hierarchical.yaml
Run:      final_hierarchical
Node:     node1
CPUs:     1
Memory:   4096MB
Work dir: /data/cbotos/TB-Project
Start:    2026-04-25 11:55:07
========================================
Running: python3 /data/cbotos/TB-Project/code/hierarchical_nested_cv_runner.py --pipeline en_rf --repeat 1077 --config /data/cbotos/TB-Project/results/2026-04-25_final_hierarchical/config_snapshot_hierarchical.yaml --name final_hierarchical
INFO     Run: 2026-04-25_final_hierarchical                                     
INFO     Config:                                                                
         /data/cbotos/TB-Project/results/2026-04-25_final_hierarchical/config_sn
         apshot_hierarchical.yaml                                               
INFO     Stage 1: kw_rf (fixed, binary HER2+ vs rest, threshold=0.5)            
INFO     Stage 2: en_rf (HR+ vs Triple Neg)                                     
INFO     Repeat seed: 1077                                                      
INFO     Stage 2 grid size: 800 combinations                                    
INFO     Loading data...                                                        
INFO     Loaded 100 samples, 273 features.                                      
INFO     Classes: ['HER2+', 'HR+', 'Triple Neg']                                
INFO       HER2+: 32 samples                                                    
INFO       HR+: 36 samples                                                      
INFO       Triple Neg: 32 samples                                               
INFO     Mislabel indices verified: [(2, 'Array.67'), (4, 'Array.22'), (45,     
         'Array.113')]                                                          
INFO       Fold 1: s1=1.0000 (t=0.50)  s2=0.5357  combined=0.6905  auroc=0.8814 
         excl=0.6905 (0)  (2849.0s)                                             
INFO       Fold 2: s1=1.0000 (t=0.50)  s2=0.4048  combined=0.6032  auroc=0.7904 
         excl=0.6111 (1)  (2881.8s)                                             
INFO       Fold 3: s1=1.0000 (t=0.50)  s2=0.7292  combined=0.8194  auroc=0.9107 
         excl=0.8083 (1)  (2873.2s)                                             
INFO       Fold 4: s1=1.0000 (t=0.50)  s2=0.7857  combined=0.8571  auroc=0.9707 
         excl=0.8571 (0)  (2833.7s)                                             
INFO       Fold 5: s1=1.0000 (t=0.50)  s2=0.7143  combined=0.8095  auroc=0.8974 
         excl=0.8413 (1)  (2814.8s)                                             
  en_rf r1077 ━━━━━━━━━━━━━━━━━━━━━━━━━━━━━━━━━━━━━━━━ 100% 3:57:32
INFO                                                                            
INFO     Summary for en_rf repeat 1077:                                         
INFO       Stage 1 (HER2+ vs rest):  1.0000 (+/- 0.0000)                        
INFO       Stage 2 (HR+ vs TN):      0.6339 (+/- 0.1419)                        
INFO       Combined (3-class):       0.7560 (+/- 0.0946)                        
INFO       Combined (excl mislabels): 0.7617 (+/- 0.0953)                       
INFO       Combined fold scores: [0.6905, 0.6032, 0.8194, 0.8571, 0.8095]       
INFO       Total time: 14252.6s                                                 
INFO     Fold results saved to                                                  
         /data/cbotos/TB-Project/results/2026-04-25_final_hierarchical/hierarchi
         cal_nested_cv/data/fold_results_en_rf_r1077.csv                        
INFO     Checkpoint removed (job complete).                                     
========================================
Finished: 2026-04-25 15:52:41
Elapsed:  3h 57m 34s
Exit:     0
========================================
[HNCV-TASK-DONE] array=16682 task=676 stage2_pipeline=en_rf repeat=1077 exit=0 elapsed=14254s
