========================================
Hierarchical CV - Job 662 of 1000
Stage 1:  kw_rf k=5 (fixed, threshold calibrated)
Stage 2:  en_rf
Repeat:   1062 (seed_start=1001, offset=61)
Config:   /data/cbotos/TB-Project/results/2026-04-25_final_hierarchical/config_snapshot_hierarchical.yaml
Run:      final_hierarchical
Node:     node1
CPUs:     1
Memory:   4096MB
Work dir: /data/cbotos/TB-Project
Start:    2026-04-25 11:52:56
========================================
Running: python3 /data/cbotos/TB-Project/code/hierarchical_nested_cv_runner.py --pipeline en_rf --repeat 1062 --config /data/cbotos/TB-Project/results/2026-04-25_final_hierarchical/config_snapshot_hierarchical.yaml --name final_hierarchical
INFO     Run: 2026-04-25_final_hierarchical                                     
INFO     Config:                                                                
         /data/cbotos/TB-Project/results/2026-04-25_final_hierarchical/config_sn
         apshot_hierarchical.yaml                                               
INFO     Stage 1: kw_rf (fixed, binary HER2+ vs rest, threshold=0.5)            
INFO     Stage 2: en_rf (HR+ vs Triple Neg)                                     
INFO     Repeat seed: 1062                                                      
INFO     Stage 2 grid size: 800 combinations                                    
INFO     Loading data...                                                        
INFO     Loaded 100 samples, 273 features.                                      
INFO     Classes: ['HER2+', 'HR+', 'Triple Neg']                                
INFO       HER2+: 32 samples                                                    
INFO       HR+: 36 samples                                                      
INFO       Triple Neg: 32 samples                                               
INFO     Mislabel indices verified: [(2, 'Array.67'), (4, 'Array.22'), (45,     
         'Array.113')]                                                          
INFO       Fold 1: s1=1.0000 (t=0.50)  s2=0.8452  combined=0.8968  auroc=0.9847 
         excl=0.9524 (1)  (2793.6s)                                             
INFO       Fold 2: s1=1.0000 (t=0.50)  s2=0.4524  combined=0.6349  auroc=0.8782 
         excl=0.6571 (1)  (2801.9s)                                             
INFO       Fold 3: s1=1.0000 (t=0.50)  s2=0.7917  combined=0.8611  auroc=0.9439 
         excl=0.8611 (0)  (2845.6s)                                             
INFO       Fold 4: s1=1.0000 (t=0.50)  s2=0.7143  combined=0.8095  auroc=0.9194 
         excl=0.8095 (0)  (2809.4s)                                             
INFO       Fold 5: s1=1.0000 (t=0.50)  s2=0.4286  combined=0.6190  auroc=0.7802 
         excl=0.6111 (1)  (2782.9s)                                             
  en_rf r1062 ━━━━━━━━━━━━━━━━━━━━━━━━━━━━━━━━━━━━━━━━ 100% 3:53:53
INFO                                                                            
INFO     Summary for en_rf repeat 1062:                                         
INFO       Stage 1 (HER2+ vs rest):  1.0000 (+/- 0.0000)                        
INFO       Stage 2 (HR+ vs TN):      0.6464 (+/- 0.1734)                        
INFO       Combined (3-class):       0.7643 (+/- 0.1156)                        
INFO       Combined (excl mislabels): 0.7783 (+/- 0.1271)                       
INFO       Combined fold scores: [0.8968, 0.6349, 0.8611, 0.8095, 0.619]        
INFO       Total time: 14033.6s                                                 
INFO     Fold results saved to                                                  
         /data/cbotos/TB-Project/results/2026-04-25_final_hierarchical/hierarchi
         cal_nested_cv/data/fold_results_en_rf_r1062.csv                        
INFO     Checkpoint removed (job complete).                                     
========================================
Finished: 2026-04-25 15:46:51
Elapsed:  3h 53m 55s
Exit:     0
========================================
[HNCV-TASK-DONE] array=16682 task=661 stage2_pipeline=en_rf repeat=1062 exit=0 elapsed=14035s
