========================================
Hierarchical CV - Job 172 of 200
Stage 1:  kw_rf k=5 (fixed, threshold calibrated)
Stage 2:  nmc_pens_ensemble
Repeat:   1172 (seed_start=1001, offset=171)
Config:   /data/cbotos/TB-Project/results/2026-04-25_final_hierarchical/config_snapshot_hierarchical.yaml
Run:      final_hierarchical
Node:     node3
CPUs:     1
Memory:   4096MB
Work dir: /data/cbotos/TB-Project
Start:    2026-04-26 00:01:25
========================================
Running: python3 /data/cbotos/TB-Project/code/hierarchical_nested_cv_runner.py --pipeline nmc_pens_ensemble --repeat 1172 --config /data/cbotos/TB-Project/results/2026-04-25_final_hierarchical/config_snapshot_hierarchical.yaml --name final_hierarchical
INFO     Run: 2026-04-25_final_hierarchical                                     
INFO     Config:                                                                
         /data/cbotos/TB-Project/results/2026-04-25_final_hierarchical/config_sn
         apshot_hierarchical.yaml                                               
INFO     Stage 1: kw_rf (fixed, binary HER2+ vs rest, threshold=0.5)            
INFO     Stage 2: nmc_pens_ensemble (HR+ vs Triple Neg)                         
INFO     Repeat seed: 1172                                                      
INFO     Post-hoc ensemble: averaging nmc_pens_ensemble components              
         ('kw_nmc_pens', 'en_nmc_pens')                                         
INFO     Loaded component: kw_nmc_pens (5 rows)                                 
INFO     Loaded component: en_nmc_pens (5 rows)                                 
INFO       Fold 1: combined=0.9444  s2=0.9167  auroc=1.0000  (0.0s)             
INFO       Fold 2: combined=0.7937  s2=0.6905  auroc=0.8587  (0.0s)             
INFO       Fold 3: combined=0.8056  s2=0.7083  auroc=0.9107  (0.0s)             
INFO       Fold 4: combined=0.9048  s2=0.8571  auroc=0.9597  (0.0s)             
INFO       Fold 5: combined=0.7619  s2=0.6429  auroc=0.9121  (0.0s)             
INFO     Ensemble fold results saved to                                         
         /data/cbotos/TB-Project/results/2026-04-25_final_hierarchical/hierarchi
         cal_nested_cv/data/fold_results_nmc_pens_ensemble_r1172.csv            
INFO     Summary for nmc_pens_ensemble repeat 1172:                             
INFO       Combined (3-class): 0.8421 (+/- 0.0700)                              
INFO       Stage 2 (HR+ vs TN): 0.7631 (+/- 0.1050)                             
INFO     Total time: 0.1s                                                       
========================================
Finished: 2026-04-26 00:01:28
Elapsed:  0h 0m 3s
Exit:     0
========================================
[HNCV-TASK-DONE] array=16684 task=171 stage2_pipeline=nmc_pens_ensemble repeat=1172 exit=0 elapsed=3s
