========================================
Hierarchical CV - Job 210 of 1000
Stage 1:  kw_rf k=5 (fixed, threshold calibrated)
Stage 2:  en_nmc
Repeat:   1010 (seed_start=1001, offset=9)
Config:   /data/cbotos/TB-Project/results/2026-04-25_final_hierarchical/config_snapshot_hierarchical.yaml
Run:      final_hierarchical
Node:     node2
CPUs:     1
Memory:   4096MB
Work dir: /data/cbotos/TB-Project
Start:    2026-04-25 02:48:58
========================================
Running: python3 /data/cbotos/TB-Project/code/hierarchical_nested_cv_runner.py --pipeline en_nmc --repeat 1010 --config /data/cbotos/TB-Project/results/2026-04-25_final_hierarchical/config_snapshot_hierarchical.yaml --name final_hierarchical
INFO     Run: 2026-04-25_final_hierarchical                                     
INFO     Config:                                                                
         /data/cbotos/TB-Project/results/2026-04-25_final_hierarchical/config_sn
         apshot_hierarchical.yaml                                               
INFO     Stage 1: kw_rf (fixed, binary HER2+ vs rest, threshold=0.5)            
INFO     Stage 2: en_nmc (HR+ vs Triple Neg)                                    
INFO     Repeat seed: 1010                                                      
INFO     Stage 2 grid size: 800 combinations                                    
INFO     Loading data...                                                        
INFO     Loaded 100 samples, 273 features.                                      
INFO     Classes: ['HER2+', 'HR+', 'Triple Neg']                                
INFO       HER2+: 32 samples                                                    
INFO       HR+: 36 samples                                                      
INFO       Triple Neg: 32 samples                                               
INFO     Mislabel indices verified: [(2, 'Array.67'), (4, 'Array.22'), (45,     
         'Array.113')]                                                          
INFO       Fold 1: s1=1.0000 (t=0.50)  s2=0.7857  combined=0.8571  auroc=0.9466 
         excl=0.8889 (1)  (811.6s)                                              
INFO       Fold 2: s1=1.0000 (t=0.50)  s2=0.6786  combined=0.7857  auroc=0.8663 
         excl=0.8190 (1)  (846.7s)                                              
INFO       Fold 3: s1=1.0000 (t=0.50)  s2=0.5625  combined=0.7083  auroc=0.8817 
         excl=0.7083 (0)  (804.0s)                                              
INFO       Fold 4: s1=1.0000 (t=0.50)  s2=0.6429  combined=0.7619  auroc=0.8755 
         excl=0.7857 (1)  (819.7s)                                              
INFO       Fold 5: s1=1.0000 (t=0.50)  s2=0.9286  combined=0.9524  auroc=0.9744 
         excl=0.9524 (0)  (839.4s)                                              
  en_nmc r1010 ━━━━━━━━━━━━━━━━━━━━━━━━━━━━━━━━━━━━━━━━ 100% 1:08:41
INFO                                                                            
INFO     Summary for en_nmc repeat 1010:                                        
INFO       Stage 1 (HER2+ vs rest):  1.0000 (+/- 0.0000)                        
INFO       Stage 2 (HR+ vs TN):      0.7196 (+/- 0.1267)                        
INFO       Combined (3-class):       0.8131 (+/- 0.0845)                        
INFO       Combined (excl mislabels): 0.8309 (+/- 0.0841)                       
INFO       Combined fold scores: [0.8571, 0.7857, 0.7083, 0.7619, 0.9524]       
INFO       Total time: 4121.6s                                                  
INFO     Fold results saved to                                                  
         /data/cbotos/TB-Project/results/2026-04-25_final_hierarchical/hierarchi
         cal_nested_cv/data/fold_results_en_nmc_r1010.csv                       
INFO     Checkpoint removed (job complete).                                     
========================================
Finished: 2026-04-25 03:57:41
Elapsed:  1h 8m 43s
Exit:     0
========================================
[HNCV-TASK-DONE] array=16682 task=209 stage2_pipeline=en_nmc repeat=1010 exit=0 elapsed=4123s
