========================================
Hierarchical CV - Job 434 of 1000
Stage 1:  kw_rf k=5 (fixed, threshold calibrated)
Stage 2:  kw_rf
Repeat:   1034 (seed_start=1001, offset=33)
Config:   /data/cbotos/TB-Project/results/2026-04-25_final_hierarchical/config_snapshot_hierarchical.yaml
Run:      final_hierarchical
Node:     node3
CPUs:     1
Memory:   4096MB
Work dir: /data/cbotos/TB-Project
Start:    2026-04-25 07:20:08
========================================
Running: python3 /data/cbotos/TB-Project/code/hierarchical_nested_cv_runner.py --pipeline kw_rf --repeat 1034 --config /data/cbotos/TB-Project/results/2026-04-25_final_hierarchical/config_snapshot_hierarchical.yaml --name final_hierarchical
INFO     Run: 2026-04-25_final_hierarchical                                     
INFO     Config:                                                                
         /data/cbotos/TB-Project/results/2026-04-25_final_hierarchical/config_sn
         apshot_hierarchical.yaml                                               
INFO     Stage 1: kw_rf (fixed, binary HER2+ vs rest, threshold=0.5)            
INFO     Stage 2: kw_rf (HR+ vs Triple Neg)                                     
INFO     Repeat seed: 1034                                                      
INFO     Stage 2 grid size: 32 combinations                                     
INFO     Loading data...                                                        
INFO     Loaded 100 samples, 273 features.                                      
INFO     Classes: ['HER2+', 'HR+', 'Triple Neg']                                
INFO       HER2+: 32 samples                                                    
INFO       HR+: 36 samples                                                      
INFO       Triple Neg: 32 samples                                               
INFO     Mislabel indices verified: [(2, 'Array.67'), (4, 'Array.22'), (45,     
         'Array.113')]                                                          
INFO       Fold 1: s1=1.0000 (t=0.50)  s2=0.7500  combined=0.8333  auroc=0.9389 
         excl=0.8333 (0)  (86.3s)                                               
INFO       Fold 2: s1=1.0000 (t=0.50)  s2=0.7738  combined=0.8492  auroc=0.9466 
         excl=0.8492 (0)  (86.1s)                                               
INFO       Fold 3: s1=1.0000 (t=0.50)  s2=0.7708  combined=0.8472  auroc=0.9628 
         excl=0.8917 (1)  (85.9s)                                               
INFO       Fold 4: s1=1.0000 (t=0.50)  s2=0.7143  combined=0.8095  auroc=0.9780 
         excl=0.8889 (2)  (86.5s)                                               
INFO       Fold 5: s1=1.0000 (t=0.50)  s2=0.7857  combined=0.8571  auroc=0.9158 
         excl=0.8571 (0)  (86.6s)                                               
  kw_rf r1034 ━━━━━━━━━━━━━━━━━━━━━━━━━━━━━━━━━━━━━━━━ 100% 0:07:19
INFO                                                                            
INFO     Summary for kw_rf repeat 1034:                                         
INFO       Stage 1 (HER2+ vs rest):  1.0000 (+/- 0.0000)                        
INFO       Stage 2 (HR+ vs TN):      0.7589 (+/- 0.0251)                        
INFO       Combined (3-class):       0.8393 (+/- 0.0167)                        
INFO       Combined (excl mislabels): 0.8640 (+/- 0.0228)                       
INFO       Combined fold scores: [0.8333, 0.8492, 0.8472, 0.8095, 0.8571]       
INFO       Total time: 439.6s                                                   
INFO     Fold results saved to                                                  
         /data/cbotos/TB-Project/results/2026-04-25_final_hierarchical/hierarchi
         cal_nested_cv/data/fold_results_kw_rf_r1034.csv                        
INFO     Checkpoint removed (job complete).                                     
========================================
Finished: 2026-04-25 07:27:29
Elapsed:  0h 7m 21s
Exit:     0
========================================
[HNCV-TASK-DONE] array=16682 task=433 stage2_pipeline=kw_rf repeat=1034 exit=0 elapsed=441s
