========================================
Hierarchical CV - Job 602 of 1000
Stage 1:  kw_rf k=5 (fixed, threshold calibrated)
Stage 2:  en_rf
Repeat:   1002 (seed_start=1001, offset=1)
Config:   /data/cbotos/TB-Project/results/2026-04-25_final_hierarchical/config_snapshot_hierarchical.yaml
Run:      final_hierarchical
Node:     node1
CPUs:     1
Memory:   4096MB
Work dir: /data/cbotos/TB-Project
Start:    2026-04-25 07:56:17
========================================
Running: python3 /data/cbotos/TB-Project/code/hierarchical_nested_cv_runner.py --pipeline en_rf --repeat 1002 --config /data/cbotos/TB-Project/results/2026-04-25_final_hierarchical/config_snapshot_hierarchical.yaml --name final_hierarchical
INFO     Run: 2026-04-25_final_hierarchical                                     
INFO     Config:                                                                
         /data/cbotos/TB-Project/results/2026-04-25_final_hierarchical/config_sn
         apshot_hierarchical.yaml                                               
INFO     Stage 1: kw_rf (fixed, binary HER2+ vs rest, threshold=0.5)            
INFO     Stage 2: en_rf (HR+ vs Triple Neg)                                     
INFO     Repeat seed: 1002                                                      
INFO     Stage 2 grid size: 800 combinations                                    
INFO     Loading data...                                                        
INFO     Loaded 100 samples, 273 features.                                      
INFO     Classes: ['HER2+', 'HR+', 'Triple Neg']                                
INFO       HER2+: 32 samples                                                    
INFO       HR+: 36 samples                                                      
INFO       Triple Neg: 32 samples                                               
INFO     Mislabel indices verified: [(2, 'Array.67'), (4, 'Array.22'), (45,     
         'Array.113')]                                                          
INFO       Fold 1: s1=1.0000 (t=0.50)  s2=0.7619  combined=0.8413  auroc=0.9389 
         excl=0.8413 (0)  (2859.1s)                                             
INFO       Fold 2: s1=1.0000 (t=0.50)  s2=0.8452  combined=0.8968  auroc=0.9542 
         excl=0.8968 (0)  (2858.1s)                                             
INFO       Fold 3: s1=1.0000 (t=0.50)  s2=0.7083  combined=0.8056  auroc=0.9330 
         excl=0.8056 (0)  (2859.1s)                                             
INFO       Fold 4: s1=1.0000 (t=0.50)  s2=0.5000  combined=0.6667  auroc=0.7985 
         excl=0.6984 (1)  (2835.7s)                                             
INFO       Fold 5: s1=1.0000 (t=0.50)  s2=0.2857  combined=0.5238  auroc=0.6465 
         excl=0.5000 (2)  (2889.9s)                                             
  en_rf r1002 ━━━━━━━━━━━━━━━━━━━━━━━━━━━━━━━━━━━━━━━━ 100% 3:58:22
INFO                                                                            
INFO     Summary for en_rf repeat 1002:                                         
INFO       Stage 1 (HER2+ vs rest):  1.0000 (+/- 0.0000)                        
INFO       Stage 2 (HR+ vs TN):      0.6202 (+/- 0.2024)                        
INFO       Combined (3-class):       0.7468 (+/- 0.1349)                        
INFO       Combined (excl mislabels): 0.7484 (+/- 0.1401)                       
INFO       Combined fold scores: [0.8413, 0.8968, 0.8056, 0.6667, 0.5238]       
INFO       Total time: 14302.1s                                                 
INFO     Fold results saved to                                                  
         /data/cbotos/TB-Project/results/2026-04-25_final_hierarchical/hierarchi
         cal_nested_cv/data/fold_results_en_rf_r1002.csv                        
INFO     Checkpoint removed (job complete).                                     
========================================
Finished: 2026-04-25 11:54:40
Elapsed:  3h 58m 23s
Exit:     0
========================================
[HNCV-TASK-DONE] array=16682 task=601 stage2_pipeline=en_rf repeat=1002 exit=0 elapsed=14303s
