========================================
Hierarchical CV - Job 88 of 1000
Stage 1:  kw_rf k=5 (fixed, threshold calibrated)
Stage 2:  kw_nmc
Repeat:   1088 (seed_start=1001, offset=87)
Config:   /data/cbotos/TB-Project/results/2026-04-25_final_hierarchical/config_snapshot_hierarchical.yaml
Run:      final_hierarchical
Node:     node2
CPUs:     1
Memory:   4096MB
Work dir: /data/cbotos/TB-Project
Start:    2026-04-25 02:43:33
========================================
Running: python3 /data/cbotos/TB-Project/code/hierarchical_nested_cv_runner.py --pipeline kw_nmc --repeat 1088 --config /data/cbotos/TB-Project/results/2026-04-25_final_hierarchical/config_snapshot_hierarchical.yaml --name final_hierarchical
INFO     Run: 2026-04-25_final_hierarchical                                     
INFO     Config:                                                                
         /data/cbotos/TB-Project/results/2026-04-25_final_hierarchical/config_sn
         apshot_hierarchical.yaml                                               
INFO     Stage 1: kw_rf (fixed, binary HER2+ vs rest, threshold=0.5)            
INFO     Stage 2: kw_nmc (HR+ vs Triple Neg)                                    
INFO     Repeat seed: 1088                                                      
INFO     Stage 2 grid size: 32 combinations                                     
INFO     Loading data...                                                        
INFO     Loaded 100 samples, 273 features.                                      
INFO     Classes: ['HER2+', 'HR+', 'Triple Neg']                                
INFO       HER2+: 32 samples                                                    
INFO       HR+: 36 samples                                                      
INFO       Triple Neg: 32 samples                                               
INFO     Mislabel indices verified: [(2, 'Array.67'), (4, 'Array.22'), (45,     
         'Array.113')]                                                          
INFO       Fold 1: s1=1.0000 (t=0.50)  s2=0.6905  combined=0.7937  auroc=0.9426 
         excl=0.8333 (1)  (22.2s)                                               
INFO       Fold 2: s1=1.0000 (t=0.50)  s2=0.6071  combined=0.7381  auroc=0.9161 
         excl=0.7381 (0)  (22.4s)                                               
INFO       Fold 3: s1=1.0000 (t=0.50)  s2=0.5625  combined=0.7083  auroc=0.8735 
         excl=0.7417 (1)  (22.4s)                                               
INFO       Fold 4: s1=1.0000 (t=0.50)  s2=0.7857  combined=0.8571  auroc=0.9670 
         excl=0.8968 (1)  (22.3s)                                               
INFO       Fold 5: s1=1.0000 (t=0.50)  s2=1.0000  combined=1.0000  auroc=1.0000 
         excl=1.0000 (0)  (22.5s)                                               
  kw_nmc r1088 ━━━━━━━━━━━━━━━━━━━━━━━━━━━━━━━━━━━━━━━━ 100% 0:01:51
INFO                                                                            
INFO     Summary for kw_nmc repeat 1088:                                        
INFO       Stage 1 (HER2+ vs rest):  1.0000 (+/- 0.0000)                        
INFO       Stage 2 (HR+ vs TN):      0.7292 (+/- 0.1554)                        
INFO       Combined (3-class):       0.8194 (+/- 0.1036)                        
INFO       Combined (excl mislabels): 0.8420 (+/- 0.0989)                       
INFO       Combined fold scores: [0.7937, 0.7381, 0.7083, 0.8571, 1.0]          
INFO       Total time: 111.9s                                                   
INFO     Fold results saved to                                                  
         /data/cbotos/TB-Project/results/2026-04-25_final_hierarchical/hierarchi
         cal_nested_cv/data/fold_results_kw_nmc_r1088.csv                       
INFO     Checkpoint removed (job complete).                                     
========================================
Finished: 2026-04-25 02:45:27
Elapsed:  0h 1m 54s
Exit:     0
========================================
[HNCV-TASK-DONE] array=16682 task=87 stage2_pipeline=kw_nmc repeat=1088 exit=0 elapsed=114s
