========================================
Hierarchical CV - Job 55 of 1000
Stage 1:  kw_rf k=5 (fixed, threshold calibrated)
Stage 2:  kw_nmc
Repeat:   1055 (seed_start=1001, offset=54)
Config:   /data/cbotos/TB-Project/results/2026-04-25_final_hierarchical/config_snapshot_hierarchical.yaml
Run:      final_hierarchical
Node:     node3
CPUs:     1
Memory:   4096MB
Work dir: /data/cbotos/TB-Project
Start:    2026-04-25 02:43:19
========================================
Running: python3 /data/cbotos/TB-Project/code/hierarchical_nested_cv_runner.py --pipeline kw_nmc --repeat 1055 --config /data/cbotos/TB-Project/results/2026-04-25_final_hierarchical/config_snapshot_hierarchical.yaml --name final_hierarchical
INFO     Run: 2026-04-25_final_hierarchical                                     
INFO     Config:                                                                
         /data/cbotos/TB-Project/results/2026-04-25_final_hierarchical/config_sn
         apshot_hierarchical.yaml                                               
INFO     Stage 1: kw_rf (fixed, binary HER2+ vs rest, threshold=0.5)            
INFO     Stage 2: kw_nmc (HR+ vs Triple Neg)                                    
INFO     Repeat seed: 1055                                                      
INFO     Stage 2 grid size: 32 combinations                                     
INFO     Loading data...                                                        
INFO     Loaded 100 samples, 273 features.                                      
INFO     Classes: ['HER2+', 'HR+', 'Triple Neg']                                
INFO       HER2+: 32 samples                                                    
INFO       HR+: 36 samples                                                      
INFO       Triple Neg: 32 samples                                               
INFO     Mislabel indices verified: [(2, 'Array.67'), (4, 'Array.22'), (45,     
         'Array.113')]                                                          
INFO       Fold 1: s1=1.0000 (t=0.50)  s2=0.8333  combined=0.8889  auroc=0.9963 
         excl=0.8889 (0)  (17.9s)                                               
INFO       Fold 2: s1=1.0000 (t=0.50)  s2=0.7024  combined=0.8016  auroc=0.9008 
         excl=0.8889 (2)  (18.0s)                                               
INFO       Fold 3: s1=1.0000 (t=0.50)  s2=0.4583  combined=0.6389  auroc=0.8433 
         excl=0.6500 (1)  (17.9s)                                               
INFO       Fold 4: s1=1.0000 (t=0.50)  s2=0.8571  combined=0.9048  auroc=0.9670 
         excl=0.9048 (0)  (18.0s)                                               
INFO       Fold 5: s1=1.0000 (t=0.50)  s2=0.8571  combined=0.9048  auroc=0.9414 
         excl=0.9048 (0)  (17.9s)                                               
  kw_nmc r1055 ━━━━━━━━━━━━━━━━━━━━━━━━━━━━━━━━━━━━━━━━ 100% 0:01:29
INFO                                                                            
INFO     Summary for kw_nmc repeat 1055:                                        
INFO       Stage 1 (HER2+ vs rest):  1.0000 (+/- 0.0000)                        
INFO       Stage 2 (HR+ vs TN):      0.7417 (+/- 0.1529)                        
INFO       Combined (3-class):       0.8278 (+/- 0.1019)                        
INFO       Combined (excl mislabels): 0.8475 (+/- 0.0990)                       
INFO       Combined fold scores: [0.8889, 0.8016, 0.6389, 0.9048, 0.9048]       
INFO       Total time: 89.7s                                                    
INFO     Fold results saved to                                                  
         /data/cbotos/TB-Project/results/2026-04-25_final_hierarchical/hierarchi
         cal_nested_cv/data/fold_results_kw_nmc_r1055.csv                       
INFO     Checkpoint removed (job complete).                                     
========================================
Finished: 2026-04-25 02:44:50
Elapsed:  0h 1m 31s
Exit:     0
========================================
[HNCV-TASK-DONE] array=16682 task=54 stage2_pipeline=kw_nmc repeat=1055 exit=0 elapsed=91s
