========================================
Hierarchical CV - Job 331 of 1000
Stage 1:  kw_rf k=5 (fixed, threshold calibrated)
Stage 2:  en_nmc
Repeat:   1131 (seed_start=1001, offset=130)
Config:   /data/cbotos/TB-Project/results/2026-04-25_final_hierarchical/config_snapshot_hierarchical.yaml
Run:      final_hierarchical
Node:     node2
CPUs:     1
Memory:   4096MB
Work dir: /data/cbotos/TB-Project
Start:    2026-04-25 05:10:41
========================================
Running: python3 /data/cbotos/TB-Project/code/hierarchical_nested_cv_runner.py --pipeline en_nmc --repeat 1131 --config /data/cbotos/TB-Project/results/2026-04-25_final_hierarchical/config_snapshot_hierarchical.yaml --name final_hierarchical
INFO     Run: 2026-04-25_final_hierarchical                                     
INFO     Config:                                                                
         /data/cbotos/TB-Project/results/2026-04-25_final_hierarchical/config_sn
         apshot_hierarchical.yaml                                               
INFO     Stage 1: kw_rf (fixed, binary HER2+ vs rest, threshold=0.5)            
INFO     Stage 2: en_nmc (HR+ vs Triple Neg)                                    
INFO     Repeat seed: 1131                                                      
INFO     Stage 2 grid size: 800 combinations                                    
INFO     Loading data...                                                        
INFO     Loaded 100 samples, 273 features.                                      
INFO     Classes: ['HER2+', 'HR+', 'Triple Neg']                                
INFO       HER2+: 32 samples                                                    
INFO       HR+: 36 samples                                                      
INFO       Triple Neg: 32 samples                                               
INFO     Mislabel indices verified: [(2, 'Array.67'), (4, 'Array.22'), (45,     
         'Array.113')]                                                          
INFO       Fold 1: s1=1.0000 (t=0.50)  s2=0.7024  combined=0.8016  auroc=0.9615 
         excl=0.8016 (0)  (845.0s)                                              
INFO       Fold 2: s1=1.0000 (t=0.50)  s2=0.6190  combined=0.7460  auroc=0.9084 
         excl=0.7778 (1)  (875.7s)                                              
INFO       Fold 3: s1=1.0000 (t=0.50)  s2=0.7917  combined=0.8611  auroc=0.9737 
         excl=0.8611 (0)  (874.8s)                                              
INFO       Fold 4: s1=1.0000 (t=0.50)  s2=0.6429  combined=0.7619  auroc=0.9267 
         excl=0.7937 (1)  (882.0s)                                              
INFO       Fold 5: s1=1.0000 (t=0.50)  s2=0.7857  combined=0.8571  auroc=0.9707 
         excl=0.8968 (1)  (808.7s)                                              
  en_nmc r1131 ━━━━━━━━━━━━━━━━━━━━━━━━━━━━━━━━━━━━━━━━ 100% 1:11:26
INFO                                                                            
INFO     Summary for en_nmc repeat 1131:                                        
INFO       Stage 1 (HER2+ vs rest):  1.0000 (+/- 0.0000)                        
INFO       Stage 2 (HR+ vs TN):      0.7083 (+/- 0.0710)                        
INFO       Combined (3-class):       0.8056 (+/- 0.0474)                        
INFO       Combined (excl mislabels): 0.8262 (+/- 0.0452)                       
INFO       Combined fold scores: [0.8016, 0.746, 0.8611, 0.7619, 0.8571]        
INFO       Total time: 4286.3s                                                  
INFO     Fold results saved to                                                  
         /data/cbotos/TB-Project/results/2026-04-25_final_hierarchical/hierarchi
         cal_nested_cv/data/fold_results_en_nmc_r1131.csv                       
INFO     Checkpoint removed (job complete).                                     
========================================
Finished: 2026-04-25 06:22:09
Elapsed:  1h 11m 28s
Exit:     0
========================================
[HNCV-TASK-DONE] array=16682 task=330 stage2_pipeline=en_nmc repeat=1131 exit=0 elapsed=4288s
