========================================
Hierarchical CV - Job 246 of 1000
Stage 1:  kw_rf k=5 (fixed, threshold calibrated)
Stage 2:  en_nmc
Repeat:   1046 (seed_start=1001, offset=45)
Config:   /data/cbotos/TB-Project/results/2026-04-25_final_hierarchical/config_snapshot_hierarchical.yaml
Run:      final_hierarchical
Node:     node1
CPUs:     1
Memory:   4096MB
Work dir: /data/cbotos/TB-Project
Start:    2026-04-25 02:49:06
========================================
Running: python3 /data/cbotos/TB-Project/code/hierarchical_nested_cv_runner.py --pipeline en_nmc --repeat 1046 --config /data/cbotos/TB-Project/results/2026-04-25_final_hierarchical/config_snapshot_hierarchical.yaml --name final_hierarchical
INFO     Run: 2026-04-25_final_hierarchical                                     
INFO     Config:                                                                
         /data/cbotos/TB-Project/results/2026-04-25_final_hierarchical/config_sn
         apshot_hierarchical.yaml                                               
INFO     Stage 1: kw_rf (fixed, binary HER2+ vs rest, threshold=0.5)            
INFO     Stage 2: en_nmc (HR+ vs Triple Neg)                                    
INFO     Repeat seed: 1046                                                      
INFO     Stage 2 grid size: 800 combinations                                    
INFO     Loading data...                                                        
INFO     Loaded 100 samples, 273 features.                                      
INFO     Classes: ['HER2+', 'HR+', 'Triple Neg']                                
INFO       HER2+: 32 samples                                                    
INFO       HR+: 36 samples                                                      
INFO       Triple Neg: 32 samples                                               
INFO     Mislabel indices verified: [(2, 'Array.67'), (4, 'Array.22'), (45,     
         'Array.113')]                                                          
INFO       Fold 1: s1=1.0000 (t=0.50)  s2=0.8452  combined=0.8968  auroc=0.9658 
         excl=0.9524 (1)  (803.1s)                                              
INFO       Fold 2: s1=1.0000 (t=0.50)  s2=0.7024  combined=0.8016  auroc=0.9389 
         excl=0.8016 (0)  (861.2s)                                              
INFO       Fold 3: s1=1.0000 (t=0.50)  s2=0.6250  combined=0.7500  auroc=0.8512 
         excl=0.7524 (2)  (830.9s)                                              
INFO       Fold 4: s1=1.0000 (t=0.50)  s2=0.7857  combined=0.8571  auroc=0.9341 
         excl=0.8571 (0)  (823.9s)                                              
INFO       Fold 5: s1=1.0000 (t=0.50)  s2=0.8571  combined=0.9048  auroc=0.9414 
         excl=0.9048 (0)  (836.5s)                                              
  en_nmc r1046 ━━━━━━━━━━━━━━━━━━━━━━━━━━━━━━━━━━━━━━━━ 100% 1:09:16
INFO                                                                            
INFO     Summary for en_nmc repeat 1046:                                        
INFO       Stage 1 (HER2+ vs rest):  1.0000 (+/- 0.0000)                        
INFO       Stage 2 (HR+ vs TN):      0.7631 (+/- 0.0882)                        
INFO       Combined (3-class):       0.8421 (+/- 0.0588)                        
INFO       Combined (excl mislabels): 0.8537 (+/- 0.0712)                       
INFO       Combined fold scores: [0.8968, 0.8016, 0.75, 0.8571, 0.9048]         
INFO       Total time: 4156.3s                                                  
INFO     Fold results saved to                                                  
         /data/cbotos/TB-Project/results/2026-04-25_final_hierarchical/hierarchi
         cal_nested_cv/data/fold_results_en_nmc_r1046.csv                       
INFO     Checkpoint removed (job complete).                                     
========================================
Finished: 2026-04-25 03:58:24
Elapsed:  1h 9m 18s
Exit:     0
========================================
[HNCV-TASK-DONE] array=16682 task=245 stage2_pipeline=en_nmc repeat=1046 exit=0 elapsed=4158s
