========================================
Hierarchical CV - Job 25 of 800
Stage 1:  kw_rf k=5 (fixed, threshold calibrated)
Stage 2:  nmc_ensemble
Repeat:   1025 (seed_start=1001, offset=24)
Config:   /data/cbotos/TB-Project/results/2026-04-25_final_hierarchical/config_snapshot_hierarchical.yaml
Run:      final_hierarchical
Node:     node2
CPUs:     1
Memory:   4096MB
Work dir: /data/cbotos/TB-Project
Start:    2026-04-25 23:54:49
========================================
Running: python3 /data/cbotos/TB-Project/code/hierarchical_nested_cv_runner.py --pipeline nmc_ensemble --repeat 1025 --config /data/cbotos/TB-Project/results/2026-04-25_final_hierarchical/config_snapshot_hierarchical.yaml --name final_hierarchical
INFO     Run: 2026-04-25_final_hierarchical                                     
INFO     Config:                                                                
         /data/cbotos/TB-Project/results/2026-04-25_final_hierarchical/config_sn
         apshot_hierarchical.yaml                                               
INFO     Stage 1: kw_rf (fixed, binary HER2+ vs rest, threshold=0.5)            
INFO     Stage 2: nmc_ensemble (HR+ vs Triple Neg)                              
INFO     Repeat seed: 1025                                                      
INFO     Post-hoc ensemble: averaging nmc_ensemble components ('kw_nmc',        
         'en_nmc')                                                              
INFO     Loaded component: kw_nmc (5 rows)                                      
INFO     Loaded component: en_nmc (5 rows)                                      
INFO       Fold 1: combined=0.8968  s2=0.8452  auroc=0.9847  (0.0s)             
INFO       Fold 2: combined=0.9524  s2=0.9286  auroc=1.0000  (0.0s)             
INFO       Fold 3: combined=0.7361  s2=0.6042  auroc=0.8844  (0.0s)             
INFO       Fold 4: combined=0.9048  s2=0.8571  auroc=0.9853  (0.0s)             
INFO       Fold 5: combined=0.8095  s2=0.7143  auroc=0.9158  (0.0s)             
INFO     Ensemble fold results saved to                                         
         /data/cbotos/TB-Project/results/2026-04-25_final_hierarchical/hierarchi
         cal_nested_cv/data/fold_results_nmc_ensemble_r1025.csv                 
INFO     Summary for nmc_ensemble repeat 1025:                                  
INFO       Combined (3-class): 0.8599 (+/- 0.0772)                              
INFO       Stage 2 (HR+ vs TN): 0.7899 (+/- 0.1158)                             
INFO     Total time: 0.2s                                                       
========================================
Finished: 2026-04-25 23:57:28
Elapsed:  0h 2m 39s
Exit:     0
========================================
[HNCV-TASK-DONE] array=16683 task=24 stage2_pipeline=nmc_ensemble repeat=1025 exit=0 elapsed=159s
