========================================
Hierarchical CV - Job 412 of 1000
Stage 1:  kw_rf k=5 (fixed, threshold calibrated)
Stage 2:  kw_rf
Repeat:   1012 (seed_start=1001, offset=11)
Config:   /data/cbotos/TB-Project/results/2026-04-25_final_hierarchical/config_snapshot_hierarchical.yaml
Run:      final_hierarchical
Node:     node3
CPUs:     1
Memory:   4096MB
Work dir: /data/cbotos/TB-Project
Start:    2026-04-25 06:53:35
========================================
Running: python3 /data/cbotos/TB-Project/code/hierarchical_nested_cv_runner.py --pipeline kw_rf --repeat 1012 --config /data/cbotos/TB-Project/results/2026-04-25_final_hierarchical/config_snapshot_hierarchical.yaml --name final_hierarchical
INFO     Run: 2026-04-25_final_hierarchical                                     
INFO     Config:                                                                
         /data/cbotos/TB-Project/results/2026-04-25_final_hierarchical/config_sn
         apshot_hierarchical.yaml                                               
INFO     Stage 1: kw_rf (fixed, binary HER2+ vs rest, threshold=0.5)            
INFO     Stage 2: kw_rf (HR+ vs Triple Neg)                                     
INFO     Repeat seed: 1012                                                      
INFO     Stage 2 grid size: 32 combinations                                     
INFO     Loading data...                                                        
INFO     Loaded 100 samples, 273 features.                                      
INFO     Classes: ['HER2+', 'HR+', 'Triple Neg']                                
INFO       HER2+: 32 samples                                                    
INFO       HR+: 36 samples                                                      
INFO       Triple Neg: 32 samples                                               
INFO     Mislabel indices verified: [(2, 'Array.67'), (4, 'Array.22'), (45,     
         'Array.113')]                                                          
INFO       Fold 1: s1=1.0000 (t=0.50)  s2=0.6667  combined=0.7778  auroc=0.9771 
         excl=0.7778 (1)  (88.0s)                                               
INFO       Fold 2: s1=1.0000 (t=0.50)  s2=0.6310  combined=0.7540  auroc=0.8587 
         excl=0.7540 (0)  (85.8s)                                               
INFO       Fold 3: s1=1.0000 (t=0.50)  s2=0.5417  combined=0.6944  auroc=0.8775 
         excl=0.7167 (1)  (86.7s)                                               
INFO       Fold 4: s1=1.0000 (t=0.50)  s2=0.8571  combined=0.9048  auroc=0.9707 
         excl=0.9444 (1)  (86.7s)                                               
INFO       Fold 5: s1=1.0000 (t=0.50)  s2=0.7857  combined=0.8571  auroc=0.9853 
         excl=0.8571 (0)  (86.2s)                                               
  kw_rf r1012 ━━━━━━━━━━━━━━━━━━━━━━━━━━━━━━━━━━━━━━━━ 100% 0:07:13
INFO                                                                            
INFO     Summary for kw_rf repeat 1012:                                         
INFO       Stage 1 (HER2+ vs rest):  1.0000 (+/- 0.0000)                        
INFO       Stage 2 (HR+ vs TN):      0.6964 (+/- 0.1122)                        
INFO       Combined (3-class):       0.7976 (+/- 0.0748)                        
INFO       Combined (excl mislabels): 0.8100 (+/- 0.0815)                       
INFO       Combined fold scores: [0.7778, 0.754, 0.6944, 0.9048, 0.8571]        
INFO       Total time: 433.5s                                                   
INFO     Fold results saved to                                                  
         /data/cbotos/TB-Project/results/2026-04-25_final_hierarchical/hierarchi
         cal_nested_cv/data/fold_results_kw_rf_r1012.csv                        
INFO     Checkpoint removed (job complete).                                     
========================================
Finished: 2026-04-25 07:00:51
Elapsed:  0h 7m 16s
Exit:     0
========================================
[HNCV-TASK-DONE] array=16682 task=411 stage2_pipeline=kw_rf repeat=1012 exit=0 elapsed=436s
