========================================
Hierarchical CV - Job 148 of 800
Stage 1:  kw_rf k=5 (fixed, threshold calibrated)
Stage 2:  nmc_ensemble
Repeat:   1148 (seed_start=1001, offset=147)
Config:   /data/cbotos/TB-Project/results/2026-04-25_final_hierarchical/config_snapshot_hierarchical.yaml
Run:      final_hierarchical
Node:     node1
CPUs:     1
Memory:   4096MB
Work dir: /data/cbotos/TB-Project
Start:    2026-04-25 23:55:12
========================================
Running: python3 /data/cbotos/TB-Project/code/hierarchical_nested_cv_runner.py --pipeline nmc_ensemble --repeat 1148 --config /data/cbotos/TB-Project/results/2026-04-25_final_hierarchical/config_snapshot_hierarchical.yaml --name final_hierarchical
INFO     Run: 2026-04-25_final_hierarchical                                     
INFO     Config:                                                                
         /data/cbotos/TB-Project/results/2026-04-25_final_hierarchical/config_sn
         apshot_hierarchical.yaml                                               
INFO     Stage 1: kw_rf (fixed, binary HER2+ vs rest, threshold=0.5)            
INFO     Stage 2: nmc_ensemble (HR+ vs Triple Neg)                              
INFO     Repeat seed: 1148                                                      
INFO     Post-hoc ensemble: averaging nmc_ensemble components ('kw_nmc',        
         'en_nmc')                                                              
INFO     Loaded component: kw_nmc (5 rows)                                      
INFO     Loaded component: en_nmc (5 rows)                                      
INFO       Fold 1: combined=0.8016  s2=0.7024  auroc=0.9313  (0.0s)             
INFO       Fold 2: combined=0.7937  s2=0.6905  auroc=0.8971  (0.0s)             
INFO       Fold 3: combined=0.9167  s2=0.8750  auroc=0.9851  (0.0s)             
INFO       Fold 4: combined=0.9524  s2=0.9286  auroc=0.9890  (0.0s)             
INFO       Fold 5: combined=0.7143  s2=0.5714  auroc=0.8974  (0.0s)             
INFO     Ensemble fold results saved to                                         
         /data/cbotos/TB-Project/results/2026-04-25_final_hierarchical/hierarchi
         cal_nested_cv/data/fold_results_nmc_ensemble_r1148.csv                 
INFO     Summary for nmc_ensemble repeat 1148:                                  
INFO       Combined (3-class): 0.8357 (+/- 0.0870)                              
INFO       Stage 2 (HR+ vs TN): 0.7536 (+/- 0.1305)                             
INFO     Total time: 0.1s                                                       
========================================
Finished: 2026-04-25 23:55:14
Elapsed:  0h 0m 2s
Exit:     0
========================================
[HNCV-TASK-DONE] array=16683 task=147 stage2_pipeline=nmc_ensemble repeat=1148 exit=0 elapsed=2s
