========================================
Hierarchical CV - Job 708 of 1000
Stage 1:  kw_rf k=5 (fixed, threshold calibrated)
Stage 2:  en_rf
Repeat:   1108 (seed_start=1001, offset=107)
Config:   /data/cbotos/TB-Project/results/2026-04-25_final_hierarchical/config_snapshot_hierarchical.yaml
Run:      final_hierarchical
Node:     node3
CPUs:     1
Memory:   4096MB
Work dir: /data/cbotos/TB-Project
Start:    2026-04-25 15:33:47
========================================
Running: python3 /data/cbotos/TB-Project/code/hierarchical_nested_cv_runner.py --pipeline en_rf --repeat 1108 --config /data/cbotos/TB-Project/results/2026-04-25_final_hierarchical/config_snapshot_hierarchical.yaml --name final_hierarchical
INFO     Run: 2026-04-25_final_hierarchical                                     
INFO     Config:                                                                
         /data/cbotos/TB-Project/results/2026-04-25_final_hierarchical/config_sn
         apshot_hierarchical.yaml                                               
INFO     Stage 1: kw_rf (fixed, binary HER2+ vs rest, threshold=0.5)            
INFO     Stage 2: en_rf (HR+ vs Triple Neg)                                     
INFO     Repeat seed: 1108                                                      
INFO     Stage 2 grid size: 800 combinations                                    
INFO     Loading data...                                                        
INFO     Loaded 100 samples, 273 features.                                      
INFO     Classes: ['HER2+', 'HR+', 'Triple Neg']                                
INFO       HER2+: 32 samples                                                    
INFO       HR+: 36 samples                                                      
INFO       Triple Neg: 32 samples                                               
INFO     Mislabel indices verified: [(2, 'Array.67'), (4, 'Array.22'), (45,     
         'Array.113')]                                                          
INFO       Fold 1: s1=1.0000 (t=0.50)  s2=0.5952  combined=0.7302  auroc=0.9469 
         excl=0.7857 (2)  (2363.7s)                                             
INFO       Fold 2: s1=1.0000 (t=0.50)  s2=0.6071  combined=0.7381  auroc=0.8703 
         excl=0.7381 (0)  (2342.6s)                                             
INFO       Fold 3: s1=1.0000 (t=0.50)  s2=0.5208  combined=0.6806  auroc=0.8775 
         excl=0.6806 (0)  (2366.4s)                                             
INFO       Fold 4: s1=1.0000 (t=0.50)  s2=0.7143  combined=0.8095  auroc=0.9304 
         excl=0.8492 (1)  (2364.0s)                                             
INFO       Fold 5: s1=1.0000 (t=0.50)  s2=0.7143  combined=0.8095  auroc=0.9451 
         excl=0.8095 (0)  (2343.9s)                                             
  en_rf r1108 ━━━━━━━━━━━━━━━━━━━━━━━━━━━━━━━━━━━━━━━━ 100% 3:16:20
INFO                                                                            
INFO     Summary for en_rf repeat 1108:                                         
INFO       Stage 1 (HER2+ vs rest):  1.0000 (+/- 0.0000)                        
INFO       Stage 2 (HR+ vs TN):      0.6304 (+/- 0.0746)                        
INFO       Combined (3-class):       0.7536 (+/- 0.0498)                        
INFO       Combined (excl mislabels): 0.7726 (+/- 0.0584)                       
INFO       Combined fold scores: [0.7302, 0.7381, 0.6806, 0.8095, 0.8095]       
INFO       Total time: 11780.6s                                                 
INFO     Fold results saved to                                                  
         /data/cbotos/TB-Project/results/2026-04-25_final_hierarchical/hierarchi
         cal_nested_cv/data/fold_results_en_rf_r1108.csv                        
INFO     Checkpoint removed (job complete).                                     
========================================
Finished: 2026-04-25 18:50:10
Elapsed:  3h 16m 23s
Exit:     0
========================================
[HNCV-TASK-DONE] array=16682 task=707 stage2_pipeline=en_rf repeat=1108 exit=0 elapsed=11783s
