========================================
Hierarchical CV - Job 146 of 800
Stage 1:  kw_rf k=5 (fixed, threshold calibrated)
Stage 2:  nmc_ensemble
Repeat:   1146 (seed_start=1001, offset=145)
Config:   /data/cbotos/TB-Project/results/2026-04-25_final_hierarchical/config_snapshot_hierarchical.yaml
Run:      final_hierarchical
Node:     node2
CPUs:     1
Memory:   4096MB
Work dir: /data/cbotos/TB-Project
Start:    2026-04-25 23:55:12
========================================
Running: python3 /data/cbotos/TB-Project/code/hierarchical_nested_cv_runner.py --pipeline nmc_ensemble --repeat 1146 --config /data/cbotos/TB-Project/results/2026-04-25_final_hierarchical/config_snapshot_hierarchical.yaml --name final_hierarchical
INFO     Run: 2026-04-25_final_hierarchical                                     
INFO     Config:                                                                
         /data/cbotos/TB-Project/results/2026-04-25_final_hierarchical/config_sn
         apshot_hierarchical.yaml                                               
INFO     Stage 1: kw_rf (fixed, binary HER2+ vs rest, threshold=0.5)            
INFO     Stage 2: nmc_ensemble (HR+ vs Triple Neg)                              
INFO     Repeat seed: 1146                                                      
INFO     Post-hoc ensemble: averaging nmc_ensemble components ('kw_nmc',        
         'en_nmc')                                                              
INFO     Loaded component: kw_nmc (5 rows)                                      
INFO     Loaded component: en_nmc (5 rows)                                      
INFO       Fold 1: combined=0.7937  s2=0.6905  auroc=0.9350  (0.0s)             
INFO       Fold 2: combined=0.7460  s2=0.6190  auroc=0.9237  (0.0s)             
INFO       Fold 3: combined=0.8056  s2=0.7083  auroc=0.9444  (0.0s)             
INFO       Fold 4: combined=0.8095  s2=0.7143  auroc=0.8718  (0.0s)             
INFO       Fold 5: combined=0.8095  s2=0.7143  auroc=0.9451  (0.0s)             
INFO     Ensemble fold results saved to                                         
         /data/cbotos/TB-Project/results/2026-04-25_final_hierarchical/hierarchi
         cal_nested_cv/data/fold_results_nmc_ensemble_r1146.csv                 
INFO     Summary for nmc_ensemble repeat 1146:                                  
INFO       Combined (3-class): 0.7929 (+/- 0.0241)                              
INFO       Stage 2 (HR+ vs TN): 0.6893 (+/- 0.0362)                             
INFO     Total time: 0.1s                                                       
========================================
Finished: 2026-04-25 23:55:14
Elapsed:  0h 0m 2s
Exit:     0
========================================
[HNCV-TASK-DONE] array=16683 task=145 stage2_pipeline=nmc_ensemble repeat=1146 exit=0 elapsed=2s
