========================================
Hierarchical CV - Job 876 of 1000
Stage 1:  kw_rf k=5 (fixed, threshold calibrated)
Stage 2:  standalone_en
Repeat:   1076 (seed_start=1001, offset=75)
Config:   /data/cbotos/TB-Project/results/2026-04-25_final_hierarchical/config_snapshot_hierarchical.yaml
Run:      final_hierarchical
Node:     node1
CPUs:     1
Memory:   4096MB
Work dir: /data/cbotos/TB-Project
Start:    2026-04-25 22:38:53
========================================
Running: python3 /data/cbotos/TB-Project/code/hierarchical_nested_cv_runner.py --pipeline standalone_en --repeat 1076 --config /data/cbotos/TB-Project/results/2026-04-25_final_hierarchical/config_snapshot_hierarchical.yaml --name final_hierarchical
INFO     Run: 2026-04-25_final_hierarchical                                     
INFO     Config:                                                                
         /data/cbotos/TB-Project/results/2026-04-25_final_hierarchical/config_sn
         apshot_hierarchical.yaml                                               
INFO     Stage 1: kw_rf (fixed, binary HER2+ vs rest, threshold=0.5)            
INFO     Stage 2: standalone_en (HR+ vs Triple Neg)                             
INFO     Repeat seed: 1076                                                      
INFO     Stage 2 grid size: 50 combinations                                     
INFO     Loading data...                                                        
INFO     Loaded 100 samples, 273 features.                                      
INFO     Classes: ['HER2+', 'HR+', 'Triple Neg']                                
INFO       HER2+: 32 samples                                                    
INFO       HR+: 36 samples                                                      
INFO       Triple Neg: 32 samples                                               
INFO     Mislabel indices verified: [(2, 'Array.67'), (4, 'Array.22'), (45,     
         'Array.113')]                                                          
INFO       Fold 1: s1=1.0000 (t=0.50)  s2=0.6667  combined=0.7778  auroc=0.9618 
         excl=0.8000 (1)  (34.7s)                                               
INFO       Fold 2: s1=1.0000 (t=0.50)  s2=0.6905  combined=0.7937  auroc=0.9316 
         excl=0.8333 (1)  (37.7s)                                               
INFO       Fold 3: s1=1.0000 (t=0.50)  s2=0.9167  combined=0.9444  auroc=1.0000 
         excl=0.9444 (0)  (37.2s)                                               
INFO       Fold 4: s1=1.0000 (t=0.50)  s2=0.7857  combined=0.8571  auroc=0.9560 
         excl=0.8571 (0)  (34.9s)                                               
INFO       Fold 5: s1=1.0000 (t=0.50)  s2=0.5714  combined=0.7143  auroc=0.8828 
         excl=0.7302 (1)  (34.2s)                                               
  standalone_en r1076 ━━━━━━━━━━━━━━━━━━━━━━━━━━━━━━━━━━━━━━━━ 100% 0:02:58
INFO                                                                            
INFO     Summary for standalone_en repeat 1076:                                 
INFO       Stage 1 (HER2+ vs rest):  1.0000 (+/- 0.0000)                        
INFO       Stage 2 (HR+ vs TN):      0.7262 (+/- 0.1171)                        
INFO       Combined (3-class):       0.8175 (+/- 0.0781)                        
INFO       Combined (excl mislabels): 0.8330 (+/- 0.0702)                       
INFO       Combined fold scores: [0.7778, 0.7937, 0.9444, 0.8571, 0.7143]       
INFO       Total time: 178.7s                                                   
INFO     Fold results saved to                                                  
         /data/cbotos/TB-Project/results/2026-04-25_final_hierarchical/hierarchi
         cal_nested_cv/data/fold_results_standalone_en_r1076.csv                
INFO     Checkpoint removed (job complete).                                     
========================================
Finished: 2026-04-25 22:41:53
Elapsed:  0h 3m 0s
Exit:     0
========================================
[HNCV-TASK-DONE] array=16682 task=875 stage2_pipeline=standalone_en repeat=1076 exit=0 elapsed=180s
