========================================
Hierarchical CV - Job 924 of 1000
Stage 1:  kw_rf k=5 (fixed, threshold calibrated)
Stage 2:  standalone_en
Repeat:   1124 (seed_start=1001, offset=123)
Config:   /data/cbotos/TB-Project/results/2026-04-25_final_hierarchical/config_snapshot_hierarchical.yaml
Run:      final_hierarchical
Node:     node1
CPUs:     1
Memory:   4096MB
Work dir: /data/cbotos/TB-Project
Start:    2026-04-25 22:55:41
========================================
Running: python3 /data/cbotos/TB-Project/code/hierarchical_nested_cv_runner.py --pipeline standalone_en --repeat 1124 --config /data/cbotos/TB-Project/results/2026-04-25_final_hierarchical/config_snapshot_hierarchical.yaml --name final_hierarchical
INFO     Run: 2026-04-25_final_hierarchical                                     
INFO     Config:                                                                
         /data/cbotos/TB-Project/results/2026-04-25_final_hierarchical/config_sn
         apshot_hierarchical.yaml                                               
INFO     Stage 1: kw_rf (fixed, binary HER2+ vs rest, threshold=0.5)            
INFO     Stage 2: standalone_en (HR+ vs Triple Neg)                             
INFO     Repeat seed: 1124                                                      
INFO     Stage 2 grid size: 50 combinations                                     
INFO     Loading data...                                                        
INFO     Loaded 100 samples, 273 features.                                      
INFO     Classes: ['HER2+', 'HR+', 'Triple Neg']                                
INFO       HER2+: 32 samples                                                    
INFO       HR+: 36 samples                                                      
INFO       Triple Neg: 32 samples                                               
INFO     Mislabel indices verified: [(2, 'Array.67'), (4, 'Array.22'), (45,     
         'Array.113')]                                                          
INFO       Fold 1: s1=1.0000 (t=0.50)  s2=0.8333  combined=0.8889  auroc=0.9344 
         excl=0.8889 (0)  (35.6s)                                               
INFO       Fold 2: s1=1.0000 (t=0.50)  s2=0.6071  combined=0.7381  auroc=0.9203 
         excl=0.7381 (0)  (35.0s)                                               
INFO       Fold 3: s1=1.0000 (t=0.50)  s2=0.6250  combined=0.7500  auroc=0.9182 
         excl=0.8190 (2)  (34.5s)                                               
INFO       Fold 4: s1=1.0000 (t=0.50)  s2=0.7143  combined=0.8095  auroc=0.9634 
         excl=0.8095 (0)  (36.6s)                                               
INFO       Fold 5: s1=1.0000 (t=0.50)  s2=0.6429  combined=0.7619  auroc=0.9560 
         excl=0.7857 (1)  (36.2s)                                               
  standalone_en r1124 ━━━━━━━━━━━━━━━━━━━━━━━━━━━━━━━━━━━━━━━━ 100% 0:02:57
INFO                                                                            
INFO     Summary for standalone_en repeat 1124:                                 
INFO       Stage 1 (HER2+ vs rest):  1.0000 (+/- 0.0000)                        
INFO       Stage 2 (HR+ vs TN):      0.6845 (+/- 0.0828)                        
INFO       Combined (3-class):       0.7897 (+/- 0.0552)                        
INFO       Combined (excl mislabels): 0.8083 (+/- 0.0491)                       
INFO       Combined fold scores: [0.8889, 0.7381, 0.75, 0.8095, 0.7619]         
INFO       Total time: 177.9s                                                   
INFO     Fold results saved to                                                  
         /data/cbotos/TB-Project/results/2026-04-25_final_hierarchical/hierarchi
         cal_nested_cv/data/fold_results_standalone_en_r1124.csv                
INFO     Checkpoint removed (job complete).                                     
========================================
Finished: 2026-04-25 22:58:40
Elapsed:  0h 2m 59s
Exit:     0
========================================
[HNCV-TASK-DONE] array=16682 task=923 stage2_pipeline=standalone_en repeat=1124 exit=0 elapsed=179s
