========================================
Hierarchical CV - Job 661 of 1000
Stage 1:  kw_rf k=5 (fixed, threshold calibrated)
Stage 2:  en_rf
Repeat:   1061 (seed_start=1001, offset=60)
Config:   /data/cbotos/TB-Project/results/2026-04-25_final_hierarchical/config_snapshot_hierarchical.yaml
Run:      final_hierarchical
Node:     node1
CPUs:     1
Memory:   4096MB
Work dir: /data/cbotos/TB-Project
Start:    2026-04-25 11:52:55
========================================
Running: python3 /data/cbotos/TB-Project/code/hierarchical_nested_cv_runner.py --pipeline en_rf --repeat 1061 --config /data/cbotos/TB-Project/results/2026-04-25_final_hierarchical/config_snapshot_hierarchical.yaml --name final_hierarchical
INFO     Run: 2026-04-25_final_hierarchical                                     
INFO     Config:                                                                
         /data/cbotos/TB-Project/results/2026-04-25_final_hierarchical/config_sn
         apshot_hierarchical.yaml                                               
INFO     Stage 1: kw_rf (fixed, binary HER2+ vs rest, threshold=0.5)            
INFO     Stage 2: en_rf (HR+ vs Triple Neg)                                     
INFO     Repeat seed: 1061                                                      
INFO     Stage 2 grid size: 800 combinations                                    
INFO     Loading data...                                                        
INFO     Loaded 100 samples, 273 features.                                      
INFO     Classes: ['HER2+', 'HR+', 'Triple Neg']                                
INFO       HER2+: 32 samples                                                    
INFO       HR+: 36 samples                                                      
INFO       Triple Neg: 32 samples                                               
INFO     Mislabel indices verified: [(2, 'Array.67'), (4, 'Array.22'), (45,     
         'Array.113')]                                                          
INFO       Fold 1: s1=1.0000 (t=0.50)  s2=0.6190  combined=0.7460  auroc=0.8907 
         excl=0.7460 (0)  (2855.7s)                                             
INFO       Fold 2: s1=1.0000 (t=0.50)  s2=0.8333  combined=0.8889  auroc=0.9768 
         excl=0.8889 (0)  (2882.7s)                                             
INFO       Fold 3: s1=1.0000 (t=0.50)  s2=0.5833  combined=0.7222  auroc=0.9256 
         excl=0.7460 (1)  (2820.4s)                                             
INFO       Fold 4: s1=1.0000 (t=0.50)  s2=0.4286  combined=0.6190  auroc=0.8681 
         excl=0.6762 (2)  (2837.8s)                                             
INFO       Fold 5: s1=1.0000 (t=0.50)  s2=0.5000  combined=0.6667  auroc=0.8864 
         excl=0.6667 (0)  (2812.2s)                                             
  en_rf r1061 ━━━━━━━━━━━━━━━━━━━━━━━━━━━━━━━━━━━━━━━━ 100% 3:56:48
INFO                                                                            
INFO     Summary for en_rf repeat 1061:                                         
INFO       Stage 1 (HER2+ vs rest):  1.0000 (+/- 0.0000)                        
INFO       Stage 2 (HR+ vs TN):      0.5929 (+/- 0.1373)                        
INFO       Combined (3-class):       0.7286 (+/- 0.0915)                        
INFO       Combined (excl mislabels): 0.7448 (+/- 0.0795)                       
INFO       Combined fold scores: [0.746, 0.8889, 0.7222, 0.619, 0.6667]         
INFO       Total time: 14209.0s                                                 
INFO     Fold results saved to                                                  
         /data/cbotos/TB-Project/results/2026-04-25_final_hierarchical/hierarchi
         cal_nested_cv/data/fold_results_en_rf_r1061.csv                        
INFO     Checkpoint removed (job complete).                                     
========================================
Finished: 2026-04-25 15:49:46
Elapsed:  3h 56m 51s
Exit:     0
========================================
[HNCV-TASK-DONE] array=16682 task=660 stage2_pipeline=en_rf repeat=1061 exit=0 elapsed=14211s
