========================================
Hierarchical CV - Job 438 of 1000
Stage 1:  kw_rf k=5 (fixed, threshold calibrated)
Stage 2:  kw_rf
Repeat:   1038 (seed_start=1001, offset=37)
Config:   /data/cbotos/TB-Project/results/2026-04-25_final_hierarchical/config_snapshot_hierarchical.yaml
Run:      final_hierarchical
Node:     node3
CPUs:     1
Memory:   4096MB
Work dir: /data/cbotos/TB-Project
Start:    2026-04-25 07:26:30
========================================
Running: python3 /data/cbotos/TB-Project/code/hierarchical_nested_cv_runner.py --pipeline kw_rf --repeat 1038 --config /data/cbotos/TB-Project/results/2026-04-25_final_hierarchical/config_snapshot_hierarchical.yaml --name final_hierarchical
INFO     Run: 2026-04-25_final_hierarchical                                     
INFO     Config:                                                                
         /data/cbotos/TB-Project/results/2026-04-25_final_hierarchical/config_sn
         apshot_hierarchical.yaml                                               
INFO     Stage 1: kw_rf (fixed, binary HER2+ vs rest, threshold=0.5)            
INFO     Stage 2: kw_rf (HR+ vs Triple Neg)                                     
INFO     Repeat seed: 1038                                                      
INFO     Stage 2 grid size: 32 combinations                                     
INFO     Loading data...                                                        
INFO     Loaded 100 samples, 273 features.                                      
INFO     Classes: ['HER2+', 'HR+', 'Triple Neg']                                
INFO       HER2+: 32 samples                                                    
INFO       HR+: 36 samples                                                      
INFO       Triple Neg: 32 samples                                               
INFO     Mislabel indices verified: [(2, 'Array.67'), (4, 'Array.22'), (45,     
         'Array.113')]                                                          
INFO       Fold 1: s1=1.0000 (t=0.50)  s2=0.6905  combined=0.7937  auroc=0.9048 
         excl=0.7937 (0)  (86.4s)                                               
INFO       Fold 2: s1=1.0000 (t=0.50)  s2=0.9167  combined=0.9444  auroc=0.9771 
         excl=0.9444 (0)  (86.1s)                                               
INFO       Fold 3: s1=1.0000 (t=0.50)  s2=0.8542  combined=0.9028  auroc=0.9628 
         excl=0.9028 (0)  (86.0s)                                               
INFO       Fold 4: s1=1.0000 (t=0.50)  s2=0.7857  combined=0.8571  auroc=0.9121 
         excl=0.8889 (2)  (85.5s)                                               
INFO       Fold 5: s1=1.0000 (t=0.50)  s2=0.5714  combined=0.7143  auroc=0.8791 
         excl=0.7381 (1)  (85.8s)                                               
  kw_rf r1038 ━━━━━━━━━━━━━━━━━━━━━━━━━━━━━━━━━━━━━━━━ 100% 0:07:09
INFO                                                                            
INFO     Summary for kw_rf repeat 1038:                                         
INFO       Stage 1 (HER2+ vs rest):  1.0000 (+/- 0.0000)                        
INFO       Stage 2 (HR+ vs TN):      0.7637 (+/- 0.1220)                        
INFO       Combined (3-class):       0.8425 (+/- 0.0813)                        
INFO       Combined (excl mislabels): 0.8536 (+/- 0.0760)                       
INFO       Combined fold scores: [0.7937, 0.9444, 0.9028, 0.8571, 0.7143]       
INFO       Total time: 429.9s                                                   
INFO     Fold results saved to                                                  
         /data/cbotos/TB-Project/results/2026-04-25_final_hierarchical/hierarchi
         cal_nested_cv/data/fold_results_kw_rf_r1038.csv                        
INFO     Checkpoint removed (job complete).                                     
========================================
Finished: 2026-04-25 07:33:42
Elapsed:  0h 7m 12s
Exit:     0
========================================
[HNCV-TASK-DONE] array=16682 task=437 stage2_pipeline=kw_rf repeat=1038 exit=0 elapsed=432s
