========================================
Hierarchical CV - Job 360 of 1000
Stage 1:  kw_rf k=5 (fixed, threshold calibrated)
Stage 2:  en_nmc
Repeat:   1160 (seed_start=1001, offset=159)
Config:   /data/cbotos/TB-Project/results/2026-04-25_final_hierarchical/config_snapshot_hierarchical.yaml
Run:      final_hierarchical
Node:     node2
CPUs:     1
Memory:   4096MB
Work dir: /data/cbotos/TB-Project
Start:    2026-04-25 06:19:20
========================================
Running: python3 /data/cbotos/TB-Project/code/hierarchical_nested_cv_runner.py --pipeline en_nmc --repeat 1160 --config /data/cbotos/TB-Project/results/2026-04-25_final_hierarchical/config_snapshot_hierarchical.yaml --name final_hierarchical
INFO     Run: 2026-04-25_final_hierarchical                                     
INFO     Config:                                                                
         /data/cbotos/TB-Project/results/2026-04-25_final_hierarchical/config_sn
         apshot_hierarchical.yaml                                               
INFO     Stage 1: kw_rf (fixed, binary HER2+ vs rest, threshold=0.5)            
INFO     Stage 2: en_nmc (HR+ vs Triple Neg)                                    
INFO     Repeat seed: 1160                                                      
INFO     Stage 2 grid size: 800 combinations                                    
INFO     Loading data...                                                        
INFO     Loaded 100 samples, 273 features.                                      
INFO     Classes: ['HER2+', 'HR+', 'Triple Neg']                                
INFO       HER2+: 32 samples                                                    
INFO       HR+: 36 samples                                                      
INFO       Triple Neg: 32 samples                                               
INFO     Mislabel indices verified: [(2, 'Array.67'), (4, 'Array.22'), (45,     
         'Array.113')]                                                          
INFO       Fold 1: s1=1.0000 (t=0.50)  s2=0.7738  combined=0.8492  auroc=0.9542 
         excl=0.9048 (1)  (872.5s)                                              
INFO       Fold 2: s1=1.0000 (t=0.50)  s2=0.9286  combined=0.9524  auroc=0.9924 
         excl=0.9524 (0)  (873.8s)                                              
INFO       Fold 3: s1=1.0000 (t=0.50)  s2=0.7083  combined=0.8056  auroc=0.9333 
         excl=0.8056 (0)  (856.8s)                                              
INFO       Fold 4: s1=1.0000 (t=0.50)  s2=0.7143  combined=0.8095  auroc=0.9194 
         excl=0.8095 (0)  (838.6s)                                              
INFO       Fold 5: s1=1.0000 (t=0.50)  s2=0.5000  combined=0.6667  auroc=0.8388 
         excl=0.7222 (2)  (796.0s)                                              
  en_nmc r1160 ━━━━━━━━━━━━━━━━━━━━━━━━━━━━━━━━━━━━━━━━ 100% 1:10:37
INFO                                                                            
INFO     Summary for en_nmc repeat 1160:                                        
INFO       Stage 1 (HER2+ vs rest):  1.0000 (+/- 0.0000)                        
INFO       Stage 2 (HR+ vs TN):      0.7250 (+/- 0.1377)                        
INFO       Combined (3-class):       0.8167 (+/- 0.0918)                        
INFO       Combined (excl mislabels): 0.8389 (+/- 0.0810)                       
INFO       Combined fold scores: [0.8492, 0.9524, 0.8056, 0.8095, 0.6667]       
INFO       Total time: 4237.8s                                                  
INFO     Fold results saved to                                                  
         /data/cbotos/TB-Project/results/2026-04-25_final_hierarchical/hierarchi
         cal_nested_cv/data/fold_results_en_nmc_r1160.csv                       
INFO     Checkpoint removed (job complete).                                     
========================================
Finished: 2026-04-25 07:30:00
Elapsed:  1h 10m 40s
Exit:     0
========================================
[HNCV-TASK-DONE] array=16682 task=359 stage2_pipeline=en_nmc repeat=1160 exit=0 elapsed=4240s
