========================================
Hierarchical CV - Job 101 of 1000
Stage 1:  kw_rf k=5 (fixed, threshold calibrated)
Stage 2:  kw_nmc
Repeat:   1101 (seed_start=1001, offset=100)
Config:   /data/cbotos/TB-Project/results/2026-04-25_final_hierarchical/config_snapshot_hierarchical.yaml
Run:      final_hierarchical
Node:     node3
CPUs:     1
Memory:   4096MB
Work dir: /data/cbotos/TB-Project
Start:    2026-04-25 02:44:52
========================================
Running: python3 /data/cbotos/TB-Project/code/hierarchical_nested_cv_runner.py --pipeline kw_nmc --repeat 1101 --config /data/cbotos/TB-Project/results/2026-04-25_final_hierarchical/config_snapshot_hierarchical.yaml --name final_hierarchical
INFO     Run: 2026-04-25_final_hierarchical                                     
INFO     Config:                                                                
         /data/cbotos/TB-Project/results/2026-04-25_final_hierarchical/config_sn
         apshot_hierarchical.yaml                                               
INFO     Stage 1: kw_rf (fixed, binary HER2+ vs rest, threshold=0.5)            
INFO     Stage 2: kw_nmc (HR+ vs Triple Neg)                                    
INFO     Repeat seed: 1101                                                      
INFO     Stage 2 grid size: 32 combinations                                     
INFO     Loading data...                                                        
INFO     Loaded 100 samples, 273 features.                                      
INFO     Classes: ['HER2+', 'HR+', 'Triple Neg']                                
INFO       HER2+: 32 samples                                                    
INFO       HR+: 36 samples                                                      
INFO       Triple Neg: 32 samples                                               
INFO     Mislabel indices verified: [(2, 'Array.67'), (4, 'Array.22'), (45,     
         'Array.113')]                                                          
INFO       Fold 1: s1=1.0000 (t=0.50)  s2=0.6786  combined=0.7857  auroc=0.9695 
         excl=0.7857 (0)  (18.1s)                                               
INFO       Fold 2: s1=1.0000 (t=0.50)  s2=0.8571  combined=0.9048  auroc=0.9960 
         excl=0.9048 (0)  (18.4s)                                               
INFO       Fold 3: s1=1.0000 (t=0.50)  s2=0.4792  combined=0.6528  auroc=0.8661 
         excl=0.6750 (1)  (18.9s)                                               
INFO       Fold 4: s1=1.0000 (t=0.50)  s2=0.7857  combined=0.8571  auroc=0.9487 
         excl=0.9444 (2)  (18.7s)                                               
INFO       Fold 5: s1=1.0000 (t=0.50)  s2=0.7143  combined=0.8095  auroc=0.9231 
         excl=0.8095 (0)  (18.8s)                                               
  kw_nmc r1101 ━━━━━━━━━━━━━━━━━━━━━━━━━━━━━━━━━━━━━━━━ 100% 0:01:32
INFO                                                                            
INFO     Summary for kw_nmc repeat 1101:                                        
INFO       Stage 1 (HER2+ vs rest):  1.0000 (+/- 0.0000)                        
INFO       Stage 2 (HR+ vs TN):      0.7030 (+/- 0.1276)                        
INFO       Combined (3-class):       0.8020 (+/- 0.0851)                        
INFO       Combined (excl mislabels): 0.8239 (+/- 0.0948)                       
INFO       Combined fold scores: [0.7857, 0.9048, 0.6528, 0.8571, 0.8095]       
INFO       Total time: 93.0s                                                    
INFO     Fold results saved to                                                  
         /data/cbotos/TB-Project/results/2026-04-25_final_hierarchical/hierarchi
         cal_nested_cv/data/fold_results_kw_nmc_r1101.csv                       
INFO     Checkpoint removed (job complete).                                     
========================================
Finished: 2026-04-25 02:46:27
Elapsed:  0h 1m 35s
Exit:     0
========================================
[HNCV-TASK-DONE] array=16682 task=100 stage2_pipeline=kw_nmc repeat=1101 exit=0 elapsed=95s
