========================================
Hierarchical CV - Job 50 of 1000
Stage 1:  kw_rf k=5 (fixed, threshold calibrated)
Stage 2:  kw_nmc
Repeat:   1050 (seed_start=1001, offset=49)
Config:   /data/cbotos/TB-Project/results/2026-04-25_final_hierarchical/config_snapshot_hierarchical.yaml
Run:      final_hierarchical
Node:     node3
CPUs:     1
Memory:   4096MB
Work dir: /data/cbotos/TB-Project
Start:    2026-04-25 02:41:39
========================================
Running: python3 /data/cbotos/TB-Project/code/hierarchical_nested_cv_runner.py --pipeline kw_nmc --repeat 1050 --config /data/cbotos/TB-Project/results/2026-04-25_final_hierarchical/config_snapshot_hierarchical.yaml --name final_hierarchical
INFO     Run: 2026-04-25_final_hierarchical                                     
INFO     Config:                                                                
         /data/cbotos/TB-Project/results/2026-04-25_final_hierarchical/config_sn
         apshot_hierarchical.yaml                                               
INFO     Stage 1: kw_rf (fixed, binary HER2+ vs rest, threshold=0.5)            
INFO     Stage 2: kw_nmc (HR+ vs Triple Neg)                                    
INFO     Repeat seed: 1050                                                      
INFO     Stage 2 grid size: 32 combinations                                     
INFO     Loading data...                                                        
INFO     Loaded 100 samples, 273 features.                                      
INFO     Classes: ['HER2+', 'HR+', 'Triple Neg']                                
INFO       HER2+: 32 samples                                                    
INFO       HR+: 36 samples                                                      
INFO       Triple Neg: 32 samples                                               
INFO     Mislabel indices verified: [(2, 'Array.67'), (4, 'Array.22'), (45,     
         'Array.113')]                                                          
INFO       Fold 1: s1=1.0000 (t=0.50)  s2=0.7738  combined=0.8492  auroc=0.9579 
         excl=0.8889 (1)  (21.5s)                                               
INFO       Fold 2: s1=1.0000 (t=0.50)  s2=0.8452  combined=0.8968  auroc=0.9847 
         excl=0.8968 (0)  (18.1s)                                               
INFO       Fold 3: s1=1.0000 (t=0.50)  s2=0.6042  combined=0.7361  auroc=0.9187 
         excl=0.7583 (1)  (18.2s)                                               
INFO       Fold 4: s1=1.0000 (t=0.50)  s2=0.6429  combined=0.7619  auroc=0.9304 
         excl=0.7619 (0)  (18.2s)                                               
INFO       Fold 5: s1=1.0000 (t=0.50)  s2=0.6429  combined=0.7619  auroc=0.9341 
         excl=0.8016 (1)  (18.5s)                                               
  kw_nmc r1050 ━━━━━━━━━━━━━━━━━━━━━━━━━━━━━━━━━━━━━━━━ 100% 0:01:34
INFO                                                                            
INFO     Summary for kw_nmc repeat 1050:                                        
INFO       Stage 1 (HER2+ vs rest):  1.0000 (+/- 0.0000)                        
INFO       Stage 2 (HR+ vs TN):      0.7018 (+/- 0.0919)                        
INFO       Combined (3-class):       0.8012 (+/- 0.0613)                        
INFO       Combined (excl mislabels): 0.8215 (+/- 0.0603)                       
INFO       Combined fold scores: [0.8492, 0.8968, 0.7361, 0.7619, 0.7619]       
INFO       Total time: 94.5s                                                    
INFO     Fold results saved to                                                  
         /data/cbotos/TB-Project/results/2026-04-25_final_hierarchical/hierarchi
         cal_nested_cv/data/fold_results_kw_nmc_r1050.csv                       
INFO     Checkpoint removed (job complete).                                     
========================================
Finished: 2026-04-25 02:43:18
Elapsed:  0h 1m 39s
Exit:     0
========================================
[HNCV-TASK-DONE] array=16682 task=49 stage2_pipeline=kw_nmc repeat=1050 exit=0 elapsed=99s
