========================================
Hierarchical CV - Job 793 of 1000
Stage 1:  kw_rf k=5 (fixed, threshold calibrated)
Stage 2:  en_rf
Repeat:   1193 (seed_start=1001, offset=192)
Config:   /data/cbotos/TB-Project/results/2026-04-25_final_hierarchical/config_snapshot_hierarchical.yaml
Run:      final_hierarchical
Node:     node2
CPUs:     1
Memory:   4096MB
Work dir: /data/cbotos/TB-Project
Start:    2026-04-25 19:54:26
========================================
Running: python3 /data/cbotos/TB-Project/code/hierarchical_nested_cv_runner.py --pipeline en_rf --repeat 1193 --config /data/cbotos/TB-Project/results/2026-04-25_final_hierarchical/config_snapshot_hierarchical.yaml --name final_hierarchical
INFO     Run: 2026-04-25_final_hierarchical                                     
INFO     Config:                                                                
         /data/cbotos/TB-Project/results/2026-04-25_final_hierarchical/config_sn
         apshot_hierarchical.yaml                                               
INFO     Stage 1: kw_rf (fixed, binary HER2+ vs rest, threshold=0.5)            
INFO     Stage 2: en_rf (HR+ vs Triple Neg)                                     
INFO     Repeat seed: 1193                                                      
INFO     Stage 2 grid size: 800 combinations                                    
INFO     Loading data...                                                        
INFO     Loaded 100 samples, 273 features.                                      
INFO     Classes: ['HER2+', 'HR+', 'Triple Neg']                                
INFO       HER2+: 32 samples                                                    
INFO       HR+: 36 samples                                                      
INFO       Triple Neg: 32 samples                                               
INFO     Mislabel indices verified: [(2, 'Array.67'), (4, 'Array.22'), (45,     
         'Array.113')]                                                          
INFO       Fold 1: s1=1.0000 (t=0.50)  s2=0.9167  combined=0.9444  auroc=0.9847 
         excl=1.0000 (1)  (2891.1s)                                             
INFO       Fold 2: s1=1.0000 (t=0.50)  s2=0.5119  combined=0.6746  auroc=0.8462 
         excl=0.6667 (1)  (2806.4s)                                             
INFO       Fold 3: s1=1.0000 (t=0.50)  s2=0.7917  combined=0.8611  auroc=0.9628 
         excl=0.8611 (0)  (2820.8s)                                             
INFO       Fold 4: s1=1.0000 (t=0.50)  s2=0.6429  combined=0.7619  auroc=0.8974 
         excl=0.7619 (0)  (2881.3s)                                             
INFO       Fold 5: s1=1.0000 (t=0.50)  s2=0.6429  combined=0.7619  auroc=0.8773 
         excl=0.8016 (1)  (2717.3s)                                             
  en_rf r1193 ━━━━━━━━━━━━━━━━━━━━━━━━━━━━━━━━━━━━━━━━ 100% 3:55:17
INFO                                                                            
INFO     Summary for en_rf repeat 1193:                                         
INFO       Stage 1 (HER2+ vs rest):  1.0000 (+/- 0.0000)                        
INFO       Stage 2 (HR+ vs TN):      0.7012 (+/- 0.1395)                        
INFO       Combined (3-class):       0.8008 (+/- 0.0930)                        
INFO       Combined (excl mislabels): 0.8183 (+/- 0.1107)                       
INFO       Combined fold scores: [0.9444, 0.6746, 0.8611, 0.7619, 0.7619]       
INFO       Total time: 14117.2s                                                 
INFO     Fold results saved to                                                  
         /data/cbotos/TB-Project/results/2026-04-25_final_hierarchical/hierarchi
         cal_nested_cv/data/fold_results_en_rf_r1193.csv                        
INFO     Checkpoint removed (job complete).                                     
========================================
Finished: 2026-04-25 23:49:45
Elapsed:  3h 55m 19s
Exit:     0
========================================
[HNCV-TASK-DONE] array=16682 task=792 stage2_pipeline=en_rf repeat=1193 exit=0 elapsed=14119s
