========================================
Hierarchical CV - Job 138 of 200
Stage 1:  kw_rf k=5 (fixed, threshold calibrated)
Stage 2:  nmc_pens_ensemble
Repeat:   1138 (seed_start=1001, offset=137)
Config:   /data/cbotos/TB-Project/results/2026-04-25_final_hierarchical/config_snapshot_hierarchical.yaml
Run:      final_hierarchical
Node:     node1
CPUs:     1
Memory:   4096MB
Work dir: /data/cbotos/TB-Project
Start:    2026-04-26 00:01:21
========================================
Running: python3 /data/cbotos/TB-Project/code/hierarchical_nested_cv_runner.py --pipeline nmc_pens_ensemble --repeat 1138 --config /data/cbotos/TB-Project/results/2026-04-25_final_hierarchical/config_snapshot_hierarchical.yaml --name final_hierarchical
INFO     Run: 2026-04-25_final_hierarchical                                     
INFO     Config:                                                                
         /data/cbotos/TB-Project/results/2026-04-25_final_hierarchical/config_sn
         apshot_hierarchical.yaml                                               
INFO     Stage 1: kw_rf (fixed, binary HER2+ vs rest, threshold=0.5)            
INFO     Stage 2: nmc_pens_ensemble (HR+ vs Triple Neg)                         
INFO     Repeat seed: 1138                                                      
INFO     Post-hoc ensemble: averaging nmc_pens_ensemble components              
         ('kw_nmc_pens', 'en_nmc_pens')                                         
INFO     Loaded component: kw_nmc_pens (5 rows)                                 
INFO     Loaded component: en_nmc_pens (5 rows)                                 
INFO       Fold 1: combined=0.9444  s2=0.9167  auroc=0.9695  (0.0s)             
INFO       Fold 2: combined=0.8413  s2=0.7619  auroc=0.9618  (0.0s)             
INFO       Fold 3: combined=0.8611  s2=0.7917  auroc=0.9296  (0.0s)             
INFO       Fold 4: combined=0.8571  s2=0.7857  auroc=0.9487  (0.0s)             
INFO       Fold 5: combined=0.8095  s2=0.7143  auroc=0.9414  (0.0s)             
INFO     Ensemble fold results saved to                                         
         /data/cbotos/TB-Project/results/2026-04-25_final_hierarchical/hierarchi
         cal_nested_cv/data/fold_results_nmc_pens_ensemble_r1138.csv            
INFO     Summary for nmc_pens_ensemble repeat 1138:                             
INFO       Combined (3-class): 0.8627 (+/- 0.0447)                              
INFO       Stage 2 (HR+ vs TN): 0.7940 (+/- 0.0671)                             
INFO     Total time: 0.1s                                                       
========================================
Finished: 2026-04-26 00:01:25
Elapsed:  0h 0m 4s
Exit:     0
========================================
[HNCV-TASK-DONE] array=16684 task=137 stage2_pipeline=nmc_pens_ensemble repeat=1138 exit=0 elapsed=4s
