========================================
Hierarchical CV - Job 750 of 1000
Stage 1:  kw_rf k=5 (fixed, threshold calibrated)
Stage 2:  en_rf
Repeat:   1150 (seed_start=1001, offset=149)
Config:   /data/cbotos/TB-Project/results/2026-04-25_final_hierarchical/config_snapshot_hierarchical.yaml
Run:      final_hierarchical
Node:     node2
CPUs:     1
Memory:   4096MB
Work dir: /data/cbotos/TB-Project
Start:    2026-04-25 16:00:47
========================================
Running: python3 /data/cbotos/TB-Project/code/hierarchical_nested_cv_runner.py --pipeline en_rf --repeat 1150 --config /data/cbotos/TB-Project/results/2026-04-25_final_hierarchical/config_snapshot_hierarchical.yaml --name final_hierarchical
INFO     Run: 2026-04-25_final_hierarchical                                     
INFO     Config:                                                                
         /data/cbotos/TB-Project/results/2026-04-25_final_hierarchical/config_sn
         apshot_hierarchical.yaml                                               
INFO     Stage 1: kw_rf (fixed, binary HER2+ vs rest, threshold=0.5)            
INFO     Stage 2: en_rf (HR+ vs Triple Neg)                                     
INFO     Repeat seed: 1150                                                      
INFO     Stage 2 grid size: 800 combinations                                    
INFO     Loading data...                                                        
INFO     Loaded 100 samples, 273 features.                                      
INFO     Classes: ['HER2+', 'HR+', 'Triple Neg']                                
INFO       HER2+: 32 samples                                                    
INFO       HR+: 36 samples                                                      
INFO       Triple Neg: 32 samples                                               
INFO     Mislabel indices verified: [(2, 'Array.67'), (4, 'Array.22'), (45,     
         'Array.113')]                                                          
INFO       Fold 1: s1=1.0000 (t=0.50)  s2=0.8333  combined=0.8889  auroc=0.9847 
         excl=0.8889 (0)  (2908.6s)                                             
INFO       Fold 2: s1=1.0000 (t=0.50)  s2=0.5357  combined=0.6905  auroc=0.8933 
         excl=0.6905 (0)  (2828.5s)                                             
INFO       Fold 3: s1=1.0000 (t=0.50)  s2=0.6875  combined=0.7917  auroc=0.8879 
         excl=0.8250 (1)  (2821.2s)                                             
INFO       Fold 4: s1=1.0000 (t=0.50)  s2=0.7143  combined=0.8095  auroc=0.9487 
         excl=0.8095 (0)  (2830.4s)                                             
INFO       Fold 5: s1=1.0000 (t=0.50)  s2=0.7143  combined=0.8095  auroc=0.8828 
         excl=0.8333 (2)  (2851.3s)                                             
  en_rf r1150 ━━━━━━━━━━━━━━━━━━━━━━━━━━━━━━━━━━━━━━━━ 100% 3:57:20
INFO                                                                            
INFO     Summary for en_rf repeat 1150:                                         
INFO       Stage 1 (HER2+ vs rest):  1.0000 (+/- 0.0000)                        
INFO       Stage 2 (HR+ vs TN):      0.6970 (+/- 0.0952)                        
INFO       Combined (3-class):       0.7980 (+/- 0.0634)                        
INFO       Combined (excl mislabels): 0.8094 (+/- 0.0652)                       
INFO       Combined fold scores: [0.8889, 0.6905, 0.7917, 0.8095, 0.8095]       
INFO       Total time: 14240.5s                                                 
INFO     Fold results saved to                                                  
         /data/cbotos/TB-Project/results/2026-04-25_final_hierarchical/hierarchi
         cal_nested_cv/data/fold_results_en_rf_r1150.csv                        
INFO     Checkpoint removed (job complete).                                     
========================================
Finished: 2026-04-25 19:58:10
Elapsed:  3h 57m 23s
Exit:     0
========================================
[HNCV-TASK-DONE] array=16682 task=749 stage2_pipeline=en_rf repeat=1150 exit=0 elapsed=14243s
