========================================
Hierarchical CV - Job 587 of 800
Stage 1:  kw_rf k=5 (fixed, threshold calibrated)
Stage 2:  standalone_en_pens
Repeat:   1187 (seed_start=1001, offset=186)
Config:   /data/cbotos/TB-Project/results/2026-04-25_final_hierarchical/config_snapshot_hierarchical.yaml
Run:      final_hierarchical
Node:     node1
CPUs:     1
Memory:   4096MB
Work dir: /data/cbotos/TB-Project
Start:    2026-04-25 23:58:44
========================================
Running: python3 /data/cbotos/TB-Project/code/hierarchical_nested_cv_runner.py --pipeline standalone_en_pens --repeat 1187 --config /data/cbotos/TB-Project/results/2026-04-25_final_hierarchical/config_snapshot_hierarchical.yaml --name final_hierarchical
INFO     Run: 2026-04-25_final_hierarchical                                     
INFO     Config:                                                                
         /data/cbotos/TB-Project/results/2026-04-25_final_hierarchical/config_sn
         apshot_hierarchical.yaml                                               
INFO     Stage 1: kw_rf (fixed, binary HER2+ vs rest, threshold=0.5)            
INFO     Stage 2: standalone_en_pens (HR+ vs Triple Neg)                        
INFO     Repeat seed: 1187                                                      
INFO     Stage 2: no GridSearchCV (ensemble pipeline)                           
INFO     Loading data...                                                        
INFO     Loaded 100 samples, 273 features.                                      
INFO     Classes: ['HER2+', 'HR+', 'Triple Neg']                                
INFO       HER2+: 32 samples                                                    
INFO       HR+: 36 samples                                                      
INFO       Triple Neg: 32 samples                                               
INFO     Mislabel indices verified: [(2, 'Array.67'), (4, 'Array.22'), (45,     
         'Array.113')]                                                          
INFO     Pooled plateau capped: 30 -> 15 combos                                 
INFO     Pooled plateau: 15 of 50 combos from 1000 fold files (best=0.7540,     
         std=0.0469, threshold=0.7071)                                          
INFO       Plateau combo 1: score=0.7540, params={'clf__C': 0.0464159,          
         'clf__l1_ratio': 0.1}                                                  
INFO       Plateau combo 2: score=0.7440, params={'clf__C': 0.16681,            
         'clf__l1_ratio': 0.3}                                                  
INFO       Plateau combo 3: score=0.7431, params={'clf__C': 0.16681,            
         'clf__l1_ratio': 0.1}                                                  
INFO       Plateau combo 4: score=0.7372, params={'clf__C': 0.599484,           
         'clf__l1_ratio': 0.1}                                                  
INFO       Plateau combo 5: score=0.7360, params={'clf__C': 0.599484,           
         'clf__l1_ratio': 0.3}                                                  
INFO       Plateau combo 6: score=0.7334, params={'clf__C': 0.16681,            
         'clf__l1_ratio': 0.5}                                                  
INFO       Plateau combo 7: score=0.7334, params={'clf__C': 2.15443,            
         'clf__l1_ratio': 0.1}                                                  
INFO       Plateau combo 8: score=0.7325, params={'clf__C': 2.15443,            
         'clf__l1_ratio': 0.3}                                                  
INFO       Plateau combo 9: score=0.7320, params={'clf__C': 0.599484,           
         'clf__l1_ratio': 0.5}                                                  
INFO       Plateau combo 10: score=0.7313, params={'clf__C': 7.74264,           
         'clf__l1_ratio': 0.3}                                                  
INFO       Plateau combo 11: score=0.7312, params={'clf__C': 7.74264,           
         'clf__l1_ratio': 0.1}                                                  
INFO       Plateau combo 12: score=0.7305, params={'clf__C': 27.8256,           
         'clf__l1_ratio': 0.3}                                                  
INFO       Plateau combo 13: score=0.7304, params={'clf__C': 27.8256,           
         'clf__l1_ratio': 0.5}                                                  
INFO       Plateau combo 14: score=0.7304, params={'clf__C': 100.0,             
         'clf__l1_ratio': 0.7}                                                  
INFO       Plateau combo 15: score=0.7303, params={'clf__C': 100.0,             
         'clf__l1_ratio': 0.5}                                                  
INFO         Retraining 15 plateau models                                       
INFO           [1/15] n_features=76, params={'clf__C': 0.0464159,               
         'clf__l1_ratio': 0.1}                                                  
INFO           [2/15] n_features=56, params={'clf__C': 0.16681, 'clf__l1_ratio':
         0.3}                                                                   
INFO           [3/15] n_features=126, params={'clf__C': 0.16681,                
         'clf__l1_ratio': 0.1}                                                  
INFO           [15/15] n_features=245, params={'clf__C': 100.0, 'clf__l1_ratio':
         0.5}                                                                   
INFO         Plateau features: union=245, intersection=31                       
INFO       Fold 1: s1=1.0000 (t=0.50)  s2=0.7619  combined=0.8413  auroc=0.9771 
         excl=0.8413 (0)  (3.5s)                                                
INFO         Retraining 15 plateau models                                       
INFO           [1/15] n_features=70, params={'clf__C': 0.0464159,               
         'clf__l1_ratio': 0.1}                                                  
INFO           [2/15] n_features=46, params={'clf__C': 0.16681, 'clf__l1_ratio':
         0.3}                                                                   
INFO           [3/15] n_features=111, params={'clf__C': 0.16681,                
         'clf__l1_ratio': 0.1}                                                  
INFO           [15/15] n_features=239, params={'clf__C': 100.0, 'clf__l1_ratio':
         0.5}                                                                   
INFO         Plateau features: union=239, intersection=28                       
INFO       Fold 2: s1=1.0000 (t=0.50)  s2=0.8452  combined=0.8968  auroc=0.9432 
         excl=0.9333 (2)  (3.9s)                                                
INFO         Retraining 15 plateau models                                       
INFO           [1/15] n_features=80, params={'clf__C': 0.0464159,               
         'clf__l1_ratio': 0.1}                                                  
INFO           [2/15] n_features=54, params={'clf__C': 0.16681, 'clf__l1_ratio':
         0.3}                                                                   
INFO           [3/15] n_features=117, params={'clf__C': 0.16681,                
         'clf__l1_ratio': 0.1}                                                  
INFO           [15/15] n_features=239, params={'clf__C': 100.0, 'clf__l1_ratio':
         0.5}                                                                   
INFO         Plateau features: union=239, intersection=36                       
INFO       Fold 3: s1=1.0000 (t=0.50)  s2=0.6250  combined=0.7500  auroc=0.9291 
         excl=0.7500 (0)  (3.4s)                                                
INFO         Retraining 15 plateau models                                       
INFO           [1/15] n_features=73, params={'clf__C': 0.0464159,               
         'clf__l1_ratio': 0.1}                                                  
INFO           [2/15] n_features=48, params={'clf__C': 0.16681, 'clf__l1_ratio':
         0.3}                                                                   
INFO           [3/15] n_features=126, params={'clf__C': 0.16681,                
         'clf__l1_ratio': 0.1}                                                  
INFO           [15/15] n_features=250, params={'clf__C': 100.0, 'clf__l1_ratio':
         0.5}                                                                   
INFO         Plateau features: union=250, intersection=30                       
INFO       Fold 4: s1=1.0000 (t=0.50)  s2=0.7857  combined=0.8571  auroc=0.9707 
         excl=0.8571 (0)  (3.7s)                                                
INFO         Retraining 15 plateau models                                       
INFO           [1/15] n_features=74, params={'clf__C': 0.0464159,               
         'clf__l1_ratio': 0.1}                                                  
INFO           [2/15] n_features=49, params={'clf__C': 0.16681, 'clf__l1_ratio':
         0.3}                                                                   
INFO           [3/15] n_features=113, params={'clf__C': 0.16681,                
         'clf__l1_ratio': 0.1}                                                  
INFO           [15/15] n_features=243, params={'clf__C': 100.0, 'clf__l1_ratio':
         0.5}                                                                   
INFO         Plateau features: union=243, intersection=28                       
INFO       Fold 5: s1=1.0000 (t=0.50)  s2=0.8571  combined=0.9048  auroc=0.9524 
         excl=0.9524 (1)  (3.5s)                                                
  standalone_en_pens r1187 ━━━━━━━━━━━━━━━━━━━━━━━━━━━━━━━━━━━━━━━━ 100% 0:00:18
INFO                                                                            
INFO     Summary for standalone_en_pens repeat 1187:                            
INFO       Stage 1 (HER2+ vs rest):  1.0000 (+/- 0.0000)                        
INFO       Stage 2 (HR+ vs TN):      0.7750 (+/- 0.0830)                        
INFO       Combined (3-class):       0.8500 (+/- 0.0554)                        
INFO       Combined (excl mislabels): 0.8668 (+/- 0.0723)                       
INFO       Combined fold scores: [0.8413, 0.8968, 0.75, 0.8571, 0.9048]         
INFO       Total time: 18.0s                                                    
INFO     Fold results saved to                                                  
         /data/cbotos/TB-Project/results/2026-04-25_final_hierarchical/hierarchi
         cal_nested_cv/data/fold_results_standalone_en_pens_r1187.csv           
INFO     Checkpoint removed (job complete).                                     
========================================
Finished: 2026-04-25 23:59:06
Elapsed:  0h 0m 22s
Exit:     0
========================================
[HNCV-TASK-DONE] array=16683 task=586 stage2_pipeline=standalone_en_pens repeat=1187 exit=0 elapsed=22s
