========================================
Hierarchical CV - Job 820 of 1000
Stage 1:  kw_rf k=5 (fixed, threshold calibrated)
Stage 2:  standalone_en
Repeat:   1020 (seed_start=1001, offset=19)
Config:   /data/cbotos/TB-Project/results/2026-04-25_final_hierarchical/config_snapshot_hierarchical.yaml
Run:      final_hierarchical
Node:     node3
CPUs:     1
Memory:   4096MB
Work dir: /data/cbotos/TB-Project
Start:    2026-04-25 22:18:02
========================================
Running: python3 /data/cbotos/TB-Project/code/hierarchical_nested_cv_runner.py --pipeline standalone_en --repeat 1020 --config /data/cbotos/TB-Project/results/2026-04-25_final_hierarchical/config_snapshot_hierarchical.yaml --name final_hierarchical
INFO     Run: 2026-04-25_final_hierarchical                                     
INFO     Config:                                                                
         /data/cbotos/TB-Project/results/2026-04-25_final_hierarchical/config_sn
         apshot_hierarchical.yaml                                               
INFO     Stage 1: kw_rf (fixed, binary HER2+ vs rest, threshold=0.5)            
INFO     Stage 2: standalone_en (HR+ vs Triple Neg)                             
INFO     Repeat seed: 1020                                                      
INFO     Stage 2 grid size: 50 combinations                                     
INFO     Loading data...                                                        
INFO     Loaded 100 samples, 273 features.                                      
INFO     Classes: ['HER2+', 'HR+', 'Triple Neg']                                
INFO       HER2+: 32 samples                                                    
INFO       HR+: 36 samples                                                      
INFO       Triple Neg: 32 samples                                               
INFO     Mislabel indices verified: [(2, 'Array.67'), (4, 'Array.22'), (45,     
         'Array.113')]                                                          
INFO       Fold 1: s1=1.0000 (t=0.50)  s2=0.8452  combined=0.8968  auroc=0.9768 
         excl=0.8968 (0)  (29.9s)                                               
INFO       Fold 2: s1=1.0000 (t=0.50)  s2=0.7738  combined=0.8492  auroc=0.9393 
         excl=0.8381 (1)  (28.7s)                                               
INFO       Fold 3: s1=1.0000 (t=0.50)  s2=0.7708  combined=0.8472  auroc=0.8879 
         excl=0.8472 (0)  (28.8s)                                               
INFO       Fold 4: s1=1.0000 (t=0.50)  s2=0.6429  combined=0.7619  auroc=0.8755 
         excl=0.8016 (1)  (28.8s)                                               
INFO       Fold 5: s1=1.0000 (t=0.50)  s2=0.7143  combined=0.8095  auroc=0.9194 
         excl=0.8413 (1)  (28.8s)                                               
  standalone_en r1020 ━━━━━━━━━━━━━━━━━━━━━━━━━━━━━━━━━━━━━━━━ 100% 0:02:28
INFO                                                                            
INFO     Summary for standalone_en repeat 1020:                                 
INFO       Stage 1 (HER2+ vs rest):  1.0000 (+/- 0.0000)                        
INFO       Stage 2 (HR+ vs TN):      0.7494 (+/- 0.0676)                        
INFO       Combined (3-class):       0.8329 (+/- 0.0450)                        
INFO       Combined (excl mislabels): 0.8450 (+/- 0.0305)                       
INFO       Combined fold scores: [0.8968, 0.8492, 0.8472, 0.7619, 0.8095]       
INFO       Total time: 148.4s                                                   
INFO     Fold results saved to                                                  
         /data/cbotos/TB-Project/results/2026-04-25_final_hierarchical/hierarchi
         cal_nested_cv/data/fold_results_standalone_en_r1020.csv                
INFO     Checkpoint removed (job complete).                                     
========================================
Finished: 2026-04-25 22:20:31
Elapsed:  0h 2m 29s
Exit:     0
========================================
[HNCV-TASK-DONE] array=16682 task=819 stage2_pipeline=standalone_en repeat=1020 exit=0 elapsed=149s
