========================================
Hierarchical CV - Job 690 of 1000
Stage 1:  kw_rf k=5 (fixed, threshold calibrated)
Stage 2:  en_rf
Repeat:   1090 (seed_start=1001, offset=89)
Config:   /data/cbotos/TB-Project/results/2026-04-25_final_hierarchical/config_snapshot_hierarchical.yaml
Run:      final_hierarchical
Node:     node2
CPUs:     1
Memory:   4096MB
Work dir: /data/cbotos/TB-Project
Start:    2026-04-25 11:58:17
========================================
Running: python3 /data/cbotos/TB-Project/code/hierarchical_nested_cv_runner.py --pipeline en_rf --repeat 1090 --config /data/cbotos/TB-Project/results/2026-04-25_final_hierarchical/config_snapshot_hierarchical.yaml --name final_hierarchical
INFO     Run: 2026-04-25_final_hierarchical                                     
INFO     Config:                                                                
         /data/cbotos/TB-Project/results/2026-04-25_final_hierarchical/config_sn
         apshot_hierarchical.yaml                                               
INFO     Stage 1: kw_rf (fixed, binary HER2+ vs rest, threshold=0.5)            
INFO     Stage 2: en_rf (HR+ vs Triple Neg)                                     
INFO     Repeat seed: 1090                                                      
INFO     Stage 2 grid size: 800 combinations                                    
INFO     Loading data...                                                        
INFO     Loaded 100 samples, 273 features.                                      
INFO     Classes: ['HER2+', 'HR+', 'Triple Neg']                                
INFO       HER2+: 32 samples                                                    
INFO       HR+: 36 samples                                                      
INFO       Triple Neg: 32 samples                                               
INFO     Mislabel indices verified: [(2, 'Array.67'), (4, 'Array.22'), (45,     
         'Array.113')]                                                          
INFO       Fold 1: s1=1.0000 (t=0.50)  s2=0.7024  combined=0.8016  auroc=0.9618 
         excl=0.8016 (0)  (2838.2s)                                             
INFO       Fold 2: s1=1.0000 (t=0.50)  s2=0.7738  combined=0.8492  auroc=0.9502 
         excl=0.9048 (1)  (2872.1s)                                             
INFO       Fold 3: s1=1.0000 (t=0.50)  s2=0.7083  combined=0.8056  auroc=0.9400 
         excl=0.8056 (0)  (2827.3s)                                             
INFO       Fold 4: s1=1.0000 (t=0.50)  s2=0.6429  combined=0.7619  auroc=0.9341 
         excl=0.7619 (0)  (2943.6s)                                             
INFO       Fold 5: s1=1.0000 (t=0.50)  s2=0.6429  combined=0.7619  auroc=0.9084 
         excl=0.8333 (2)  (2861.4s)                                             
  en_rf r1090 ━━━━━━━━━━━━━━━━━━━━━━━━━━━━━━━━━━━━━━━━ 100% 3:59:02
INFO                                                                            
INFO     Summary for en_rf repeat 1090:                                         
INFO       Stage 1 (HER2+ vs rest):  1.0000 (+/- 0.0000)                        
INFO       Stage 2 (HR+ vs TN):      0.6940 (+/- 0.0487)                        
INFO       Combined (3-class):       0.7960 (+/- 0.0325)                        
INFO       Combined (excl mislabels): 0.8214 (+/- 0.0475)                       
INFO       Combined fold scores: [0.8016, 0.8492, 0.8056, 0.7619, 0.7619]       
INFO       Total time: 14342.6s                                                 
INFO     Fold results saved to                                                  
         /data/cbotos/TB-Project/results/2026-04-25_final_hierarchical/hierarchi
         cal_nested_cv/data/fold_results_en_rf_r1090.csv                        
INFO     Checkpoint removed (job complete).                                     
========================================
Finished: 2026-04-25 15:57:21
Elapsed:  3h 59m 4s
Exit:     0
========================================
[HNCV-TASK-DONE] array=16682 task=689 stage2_pipeline=en_rf repeat=1090 exit=0 elapsed=14344s
