========================================
Hierarchical CV - Job 761 of 1000
Stage 1:  kw_rf k=5 (fixed, threshold calibrated)
Stage 2:  en_rf
Repeat:   1161 (seed_start=1001, offset=160)
Config:   /data/cbotos/TB-Project/results/2026-04-25_final_hierarchical/config_snapshot_hierarchical.yaml
Run:      final_hierarchical
Node:     node1
CPUs:     1
Memory:   4096MB
Work dir: /data/cbotos/TB-Project
Start:    2026-04-25 19:00:38
========================================
Running: python3 /data/cbotos/TB-Project/code/hierarchical_nested_cv_runner.py --pipeline en_rf --repeat 1161 --config /data/cbotos/TB-Project/results/2026-04-25_final_hierarchical/config_snapshot_hierarchical.yaml --name final_hierarchical
INFO     Run: 2026-04-25_final_hierarchical                                     
INFO     Config:                                                                
         /data/cbotos/TB-Project/results/2026-04-25_final_hierarchical/config_sn
         apshot_hierarchical.yaml                                               
INFO     Stage 1: kw_rf (fixed, binary HER2+ vs rest, threshold=0.5)            
INFO     Stage 2: en_rf (HR+ vs Triple Neg)                                     
INFO     Repeat seed: 1161                                                      
INFO     Stage 2 grid size: 800 combinations                                    
INFO     Loading data...                                                        
INFO     Loaded 100 samples, 273 features.                                      
INFO     Classes: ['HER2+', 'HR+', 'Triple Neg']                                
INFO       HER2+: 32 samples                                                    
INFO       HR+: 36 samples                                                      
INFO       Triple Neg: 32 samples                                               
INFO     Mislabel indices verified: [(2, 'Array.67'), (4, 'Array.22'), (45,     
         'Array.113')]                                                          
INFO       Fold 1: s1=1.0000 (t=0.50)  s2=0.8571  combined=0.9048  auroc=0.9924 
         excl=0.9048 (0)  (2838.5s)                                             
INFO       Fold 2: s1=1.0000 (t=0.50)  s2=0.7024  combined=0.8016  auroc=0.8929 
         excl=0.8889 (2)  (2805.8s)                                             
INFO       Fold 3: s1=1.0000 (t=0.50)  s2=0.8125  combined=0.8750  auroc=0.9551 
         excl=0.8750 (0)  (2846.1s)                                             
INFO       Fold 4: s1=1.0000 (t=0.50)  s2=0.7857  combined=0.8571  auroc=0.9231 
         excl=0.8571 (0)  (2852.3s)                                             
INFO       Fold 5: s1=1.0000 (t=0.50)  s2=0.7143  combined=0.8095  auroc=0.9267 
         excl=0.8413 (1)  (2878.0s)                                             
  en_rf r1161 ━━━━━━━━━━━━━━━━━━━━━━━━━━━━━━━━━━━━━━━━ 100% 3:57:00
INFO                                                                            
INFO     Summary for en_rf repeat 1161:                                         
INFO       Stage 1 (HER2+ vs rest):  1.0000 (+/- 0.0000)                        
INFO       Stage 2 (HR+ vs TN):      0.7744 (+/- 0.0587)                        
INFO       Combined (3-class):       0.8496 (+/- 0.0391)                        
INFO       Combined (excl mislabels): 0.8734 (+/- 0.0225)                       
INFO       Combined fold scores: [0.9048, 0.8016, 0.875, 0.8571, 0.8095]        
INFO       Total time: 14220.9s                                                 
INFO     Fold results saved to                                                  
         /data/cbotos/TB-Project/results/2026-04-25_final_hierarchical/hierarchi
         cal_nested_cv/data/fold_results_en_rf_r1161.csv                        
INFO     Checkpoint removed (job complete).                                     
========================================
Finished: 2026-04-25 22:57:41
Elapsed:  3h 57m 3s
Exit:     0
========================================
[HNCV-TASK-DONE] array=16682 task=760 stage2_pipeline=en_rf repeat=1161 exit=0 elapsed=14223s
