========================================
Hierarchical CV - Job 594 of 1000
Stage 1:  kw_rf k=5 (fixed, threshold calibrated)
Stage 2:  kw_rf
Repeat:   1194 (seed_start=1001, offset=193)
Config:   /data/cbotos/TB-Project/results/2026-04-25_final_hierarchical/config_snapshot_hierarchical.yaml
Run:      final_hierarchical
Node:     node3
CPUs:     1
Memory:   4096MB
Work dir: /data/cbotos/TB-Project
Start:    2026-04-25 07:53:45
========================================
Running: python3 /data/cbotos/TB-Project/code/hierarchical_nested_cv_runner.py --pipeline kw_rf --repeat 1194 --config /data/cbotos/TB-Project/results/2026-04-25_final_hierarchical/config_snapshot_hierarchical.yaml --name final_hierarchical
INFO     Run: 2026-04-25_final_hierarchical                                     
INFO     Config:                                                                
         /data/cbotos/TB-Project/results/2026-04-25_final_hierarchical/config_sn
         apshot_hierarchical.yaml                                               
INFO     Stage 1: kw_rf (fixed, binary HER2+ vs rest, threshold=0.5)            
INFO     Stage 2: kw_rf (HR+ vs Triple Neg)                                     
INFO     Repeat seed: 1194                                                      
INFO     Stage 2 grid size: 32 combinations                                     
INFO     Loading data...                                                        
INFO     Loaded 100 samples, 273 features.                                      
INFO     Classes: ['HER2+', 'HR+', 'Triple Neg']                                
INFO       HER2+: 32 samples                                                    
INFO       HR+: 36 samples                                                      
INFO       Triple Neg: 32 samples                                               
INFO     Mislabel indices verified: [(2, 'Array.67'), (4, 'Array.22'), (45,     
         'Array.113')]                                                          
INFO       Fold 1: s1=1.0000 (t=0.50)  s2=0.7619  combined=0.8413  auroc=0.9847 
         excl=0.8889 (1)  (87.5s)                                               
INFO       Fold 2: s1=1.0000 (t=0.50)  s2=0.8452  combined=0.8968  auroc=0.9621 
         excl=0.8968 (0)  (86.4s)                                               
INFO       Fold 3: s1=1.0000 (t=0.50)  s2=0.6042  combined=0.7361  auroc=0.8209 
         excl=0.7917 (1)  (85.8s)                                               
INFO       Fold 4: s1=1.0000 (t=0.50)  s2=0.7143  combined=0.8095  auroc=0.9634 
         excl=0.8413 (1)  (85.7s)                                               
INFO       Fold 5: s1=1.0000 (t=0.50)  s2=0.5714  combined=0.7143  auroc=0.9084 
         excl=0.7143 (0)  (85.8s)                                               
  kw_rf r1194 ━━━━━━━━━━━━━━━━━━━━━━━━━━━━━━━━━━━━━━━━ 100% 0:07:11
INFO                                                                            
INFO     Summary for kw_rf repeat 1194:                                         
INFO       Stage 1 (HER2+ vs rest):  1.0000 (+/- 0.0000)                        
INFO       Stage 2 (HR+ vs TN):      0.6994 (+/- 0.1008)                        
INFO       Combined (3-class):       0.7996 (+/- 0.0672)                        
INFO       Combined (excl mislabels): 0.8266 (+/- 0.0676)                       
INFO       Combined fold scores: [0.8413, 0.8968, 0.7361, 0.8095, 0.7143]       
INFO       Total time: 431.3s                                                   
INFO     Fold results saved to                                                  
         /data/cbotos/TB-Project/results/2026-04-25_final_hierarchical/hierarchi
         cal_nested_cv/data/fold_results_kw_rf_r1194.csv                        
INFO     Checkpoint removed (job complete).                                     
========================================
Finished: 2026-04-25 08:00:58
Elapsed:  0h 7m 13s
Exit:     0
========================================
[HNCV-TASK-DONE] array=16682 task=593 stage2_pipeline=kw_rf repeat=1194 exit=0 elapsed=433s
