========================================
Hierarchical CV - Job 202 of 1000
Stage 1:  kw_rf k=5 (fixed, threshold calibrated)
Stage 2:  en_nmc
Repeat:   1002 (seed_start=1001, offset=1)
Config:   /data/cbotos/TB-Project/results/2026-04-25_final_hierarchical/config_snapshot_hierarchical.yaml
Run:      final_hierarchical
Node:     node3
CPUs:     1
Memory:   4096MB
Work dir: /data/cbotos/TB-Project
Start:    2026-04-25 02:48:04
========================================
Running: python3 /data/cbotos/TB-Project/code/hierarchical_nested_cv_runner.py --pipeline en_nmc --repeat 1002 --config /data/cbotos/TB-Project/results/2026-04-25_final_hierarchical/config_snapshot_hierarchical.yaml --name final_hierarchical
INFO     Run: 2026-04-25_final_hierarchical                                     
INFO     Config:                                                                
         /data/cbotos/TB-Project/results/2026-04-25_final_hierarchical/config_sn
         apshot_hierarchical.yaml                                               
INFO     Stage 1: kw_rf (fixed, binary HER2+ vs rest, threshold=0.5)            
INFO     Stage 2: en_nmc (HR+ vs Triple Neg)                                    
INFO     Repeat seed: 1002                                                      
INFO     Stage 2 grid size: 800 combinations                                    
INFO     Loading data...                                                        
INFO     Loaded 100 samples, 273 features.                                      
INFO     Classes: ['HER2+', 'HR+', 'Triple Neg']                                
INFO       HER2+: 32 samples                                                    
INFO       HR+: 36 samples                                                      
INFO       Triple Neg: 32 samples                                               
INFO     Mislabel indices verified: [(2, 'Array.67'), (4, 'Array.22'), (45,     
         'Array.113')]                                                          
INFO       Fold 1: s1=1.0000 (t=0.50)  s2=0.7619  combined=0.8413  auroc=0.9618 
         excl=0.8413 (0)  (704.8s)                                              
INFO       Fold 2: s1=1.0000 (t=0.50)  s2=0.8452  combined=0.8968  auroc=0.9695 
         excl=0.8968 (0)  (692.1s)                                              
INFO       Fold 3: s1=1.0000 (t=0.50)  s2=0.9375  combined=0.9583  auroc=0.9926 
         excl=0.9583 (0)  (694.4s)                                              
INFO       Fold 4: s1=1.0000 (t=0.50)  s2=0.6429  combined=0.7619  auroc=0.8462 
         excl=0.8095 (1)  (683.8s)                                              
INFO       Fold 5: s1=1.0000 (t=0.50)  s2=0.4286  combined=0.6190  auroc=0.8535 
         excl=0.6667 (2)  (731.4s)                                              
  en_nmc r1002 ━━━━━━━━━━━━━━━━━━━━━━━━━━━━━━━━━━━━━━━━ 100% 0:58:26
INFO                                                                            
INFO     Summary for en_nmc repeat 1002:                                        
INFO       Stage 1 (HER2+ vs rest):  1.0000 (+/- 0.0000)                        
INFO       Stage 2 (HR+ vs TN):      0.7232 (+/- 0.1764)                        
INFO       Combined (3-class):       0.8155 (+/- 0.1176)                        
INFO       Combined (excl mislabels): 0.8345 (+/- 0.0980)                       
INFO       Combined fold scores: [0.8413, 0.8968, 0.9583, 0.7619, 0.619]        
INFO       Total time: 3506.6s                                                  
INFO     Fold results saved to                                                  
         /data/cbotos/TB-Project/results/2026-04-25_final_hierarchical/hierarchi
         cal_nested_cv/data/fold_results_en_nmc_r1002.csv                       
INFO     Checkpoint removed (job complete).                                     
========================================
Finished: 2026-04-25 03:46:32
Elapsed:  0h 58m 28s
Exit:     0
========================================
[HNCV-TASK-DONE] array=16682 task=201 stage2_pipeline=en_nmc repeat=1002 exit=0 elapsed=3508s
