========================================
Hierarchical CV - Job 634 of 1000
Stage 1:  kw_rf k=5 (fixed, threshold calibrated)
Stage 2:  en_rf
Repeat:   1034 (seed_start=1001, offset=33)
Config:   /data/cbotos/TB-Project/results/2026-04-25_final_hierarchical/config_snapshot_hierarchical.yaml
Run:      final_hierarchical
Node:     node2
CPUs:     1
Memory:   4096MB
Work dir: /data/cbotos/TB-Project
Start:    2026-04-25 07:59:54
========================================
Running: python3 /data/cbotos/TB-Project/code/hierarchical_nested_cv_runner.py --pipeline en_rf --repeat 1034 --config /data/cbotos/TB-Project/results/2026-04-25_final_hierarchical/config_snapshot_hierarchical.yaml --name final_hierarchical
INFO     Run: 2026-04-25_final_hierarchical                                     
INFO     Config:                                                                
         /data/cbotos/TB-Project/results/2026-04-25_final_hierarchical/config_sn
         apshot_hierarchical.yaml                                               
INFO     Stage 1: kw_rf (fixed, binary HER2+ vs rest, threshold=0.5)            
INFO     Stage 2: en_rf (HR+ vs Triple Neg)                                     
INFO     Repeat seed: 1034                                                      
INFO     Stage 2 grid size: 800 combinations                                    
INFO     Loading data...                                                        
INFO     Loaded 100 samples, 273 features.                                      
INFO     Classes: ['HER2+', 'HR+', 'Triple Neg']                                
INFO       HER2+: 32 samples                                                    
INFO       HR+: 36 samples                                                      
INFO       Triple Neg: 32 samples                                               
INFO     Mislabel indices verified: [(2, 'Array.67'), (4, 'Array.22'), (45,     
         'Array.113')]                                                          
INFO       Fold 1: s1=1.0000 (t=0.50)  s2=0.7500  combined=0.8333  auroc=0.9313 
         excl=0.8333 (0)  (2865.7s)                                             
INFO       Fold 2: s1=1.0000 (t=0.50)  s2=0.3690  combined=0.5794  auroc=0.7784 
         excl=0.5794 (0)  (2891.4s)                                             
INFO       Fold 3: s1=1.0000 (t=0.50)  s2=0.6250  combined=0.7500  auroc=0.8440 
         excl=0.7167 (1)  (2865.2s)                                             
INFO       Fold 4: s1=1.0000 (t=0.50)  s2=0.7143  combined=0.8095  auroc=0.8791 
         excl=0.8889 (2)  (2887.8s)                                             
INFO       Fold 5: s1=1.0000 (t=0.50)  s2=0.9286  combined=0.9524  auroc=0.9780 
         excl=0.9524 (0)  (2863.6s)                                             
  en_rf r1034 ━━━━━━━━━━━━━━━━━━━━━━━━━━━━━━━━━━━━━━━━ 100% 3:59:33
INFO                                                                            
INFO     Summary for en_rf repeat 1034:                                         
INFO       Stage 1 (HER2+ vs rest):  1.0000 (+/- 0.0000)                        
INFO       Stage 2 (HR+ vs TN):      0.6774 (+/- 0.1831)                        
INFO       Combined (3-class):       0.7849 (+/- 0.1220)                        
INFO       Combined (excl mislabels): 0.7941 (+/- 0.1324)                       
INFO       Combined fold scores: [0.8333, 0.5794, 0.75, 0.8095, 0.9524]         
INFO       Total time: 14373.9s                                                 
INFO     Fold results saved to                                                  
         /data/cbotos/TB-Project/results/2026-04-25_final_hierarchical/hierarchi
         cal_nested_cv/data/fold_results_en_rf_r1034.csv                        
INFO     Checkpoint removed (job complete).                                     
========================================
Finished: 2026-04-25 11:59:30
Elapsed:  3h 59m 36s
Exit:     0
========================================
[HNCV-TASK-DONE] array=16682 task=633 stage2_pipeline=en_rf repeat=1034 exit=0 elapsed=14376s
