========================================
Hierarchical CV - Job 16 of 800
Stage 1:  kw_rf k=5 (fixed, threshold calibrated)
Stage 2:  nmc_ensemble
Repeat:   1016 (seed_start=1001, offset=15)
Config:   /data/cbotos/TB-Project/results/2026-04-25_final_hierarchical/config_snapshot_hierarchical.yaml
Run:      final_hierarchical
Node:     node1
CPUs:     1
Memory:   4096MB
Work dir: /data/cbotos/TB-Project
Start:    2026-04-25 23:54:49
========================================
Running: python3 /data/cbotos/TB-Project/code/hierarchical_nested_cv_runner.py --pipeline nmc_ensemble --repeat 1016 --config /data/cbotos/TB-Project/results/2026-04-25_final_hierarchical/config_snapshot_hierarchical.yaml --name final_hierarchical
INFO     Run: 2026-04-25_final_hierarchical                                     
INFO     Config:                                                                
         /data/cbotos/TB-Project/results/2026-04-25_final_hierarchical/config_sn
         apshot_hierarchical.yaml                                               
INFO     Stage 1: kw_rf (fixed, binary HER2+ vs rest, threshold=0.5)            
INFO     Stage 2: nmc_ensemble (HR+ vs Triple Neg)                              
INFO     Repeat seed: 1016                                                      
INFO     Post-hoc ensemble: averaging nmc_ensemble components ('kw_nmc',        
         'en_nmc')                                                              
INFO     Loaded component: kw_nmc (5 rows)                                      
INFO     Loaded component: en_nmc (5 rows)                                      
INFO       Fold 1: combined=0.7381  s2=0.6071  auroc=0.8816  (0.0s)             
INFO       Fold 2: combined=0.8333  s2=0.7500  auroc=1.0000  (0.0s)             
INFO       Fold 3: combined=0.8750  s2=0.8125  auroc=0.9702  (0.0s)             
INFO       Fold 4: combined=0.7619  s2=0.6429  auroc=0.9524  (0.0s)             
INFO       Fold 5: combined=0.8571  s2=0.7857  auroc=0.9707  (0.0s)             
INFO     Ensemble fold results saved to                                         
         /data/cbotos/TB-Project/results/2026-04-25_final_hierarchical/hierarchi
         cal_nested_cv/data/fold_results_nmc_ensemble_r1016.csv                 
INFO     Summary for nmc_ensemble repeat 1016:                                  
INFO       Combined (3-class): 0.8131 (+/- 0.0537)                              
INFO       Stage 2 (HR+ vs TN): 0.7196 (+/- 0.0806)                             
INFO     Total time: 0.2s                                                       
========================================
Finished: 2026-04-25 23:54:55
Elapsed:  0h 0m 6s
Exit:     0
========================================
[HNCV-TASK-DONE] array=16683 task=15 stage2_pipeline=nmc_ensemble repeat=1016 exit=0 elapsed=6s
