========================================
Hierarchical CV - Job 734 of 1000
Stage 1:  kw_rf k=5 (fixed, threshold calibrated)
Stage 2:  en_rf
Repeat:   1134 (seed_start=1001, offset=133)
Config:   /data/cbotos/TB-Project/results/2026-04-25_final_hierarchical/config_snapshot_hierarchical.yaml
Run:      final_hierarchical
Node:     node2
CPUs:     1
Memory:   4096MB
Work dir: /data/cbotos/TB-Project
Start:    2026-04-25 15:53:08
========================================
Running: python3 /data/cbotos/TB-Project/code/hierarchical_nested_cv_runner.py --pipeline en_rf --repeat 1134 --config /data/cbotos/TB-Project/results/2026-04-25_final_hierarchical/config_snapshot_hierarchical.yaml --name final_hierarchical
INFO     Run: 2026-04-25_final_hierarchical                                     
INFO     Config:                                                                
         /data/cbotos/TB-Project/results/2026-04-25_final_hierarchical/config_sn
         apshot_hierarchical.yaml                                               
INFO     Stage 1: kw_rf (fixed, binary HER2+ vs rest, threshold=0.5)            
INFO     Stage 2: en_rf (HR+ vs Triple Neg)                                     
INFO     Repeat seed: 1134                                                      
INFO     Stage 2 grid size: 800 combinations                                    
INFO     Loading data...                                                        
INFO     Loaded 100 samples, 273 features.                                      
INFO     Classes: ['HER2+', 'HR+', 'Triple Neg']                                
INFO       HER2+: 32 samples                                                    
INFO       HR+: 36 samples                                                      
INFO       Triple Neg: 32 samples                                               
INFO     Mislabel indices verified: [(2, 'Array.67'), (4, 'Array.22'), (45,     
         'Array.113')]                                                          
INFO       Fold 1: s1=1.0000 (t=0.50)  s2=0.7619  combined=0.8413  auroc=0.9695 
         excl=0.8413 (0)  (2859.3s)                                             
INFO       Fold 2: s1=1.0000 (t=0.50)  s2=0.7619  combined=0.8413  auroc=0.9466 
         excl=0.8333 (1)  (2848.3s)                                             
INFO       Fold 3: s1=1.0000 (t=0.50)  s2=0.6250  combined=0.7500  auroc=0.9261 
         excl=0.7500 (0)  (2839.9s)                                             
INFO       Fold 4: s1=1.0000 (t=0.50)  s2=0.6429  combined=0.7619  auroc=0.8755 
         excl=0.8381 (2)  (2829.0s)                                             
INFO       Fold 5: s1=1.0000 (t=0.50)  s2=0.7143  combined=0.8095  auroc=0.9048 
         excl=0.8095 (0)  (2847.9s)                                             
  en_rf r1134 ━━━━━━━━━━━━━━━━━━━━━━━━━━━━━━━━━━━━━━━━ 100% 3:57:04
INFO                                                                            
INFO     Summary for en_rf repeat 1134:                                         
INFO       Stage 1 (HER2+ vs rest):  1.0000 (+/- 0.0000)                        
INFO       Stage 2 (HR+ vs TN):      0.7012 (+/- 0.0579)                        
INFO       Combined (3-class):       0.8008 (+/- 0.0386)                        
INFO       Combined (excl mislabels): 0.8144 (+/- 0.0341)                       
INFO       Combined fold scores: [0.8413, 0.8413, 0.75, 0.7619, 0.8095]         
INFO       Total time: 14224.4s                                                 
INFO     Fold results saved to                                                  
         /data/cbotos/TB-Project/results/2026-04-25_final_hierarchical/hierarchi
         cal_nested_cv/data/fold_results_en_rf_r1134.csv                        
INFO     Checkpoint removed (job complete).                                     
========================================
Finished: 2026-04-25 19:50:14
Elapsed:  3h 57m 6s
Exit:     0
========================================
[HNCV-TASK-DONE] array=16682 task=733 stage2_pipeline=en_rf repeat=1134 exit=0 elapsed=14226s
