========================================
Hierarchical CV - Job 652 of 1000
Stage 1:  kw_rf k=5 (fixed, threshold calibrated)
Stage 2:  en_rf
Repeat:   1052 (seed_start=1001, offset=51)
Config:   /data/cbotos/TB-Project/results/2026-04-25_final_hierarchical/config_snapshot_hierarchical.yaml
Run:      final_hierarchical
Node:     node3
CPUs:     1
Memory:   4096MB
Work dir: /data/cbotos/TB-Project
Start:    2026-04-25 11:14:05
========================================
Running: python3 /data/cbotos/TB-Project/code/hierarchical_nested_cv_runner.py --pipeline en_rf --repeat 1052 --config /data/cbotos/TB-Project/results/2026-04-25_final_hierarchical/config_snapshot_hierarchical.yaml --name final_hierarchical
INFO     Run: 2026-04-25_final_hierarchical                                     
INFO     Config:                                                                
         /data/cbotos/TB-Project/results/2026-04-25_final_hierarchical/config_sn
         apshot_hierarchical.yaml                                               
INFO     Stage 1: kw_rf (fixed, binary HER2+ vs rest, threshold=0.5)            
INFO     Stage 2: en_rf (HR+ vs Triple Neg)                                     
INFO     Repeat seed: 1052                                                      
INFO     Stage 2 grid size: 800 combinations                                    
INFO     Loading data...                                                        
INFO     Loaded 100 samples, 273 features.                                      
INFO     Classes: ['HER2+', 'HR+', 'Triple Neg']                                
INFO       HER2+: 32 samples                                                    
INFO       HR+: 36 samples                                                      
INFO       Triple Neg: 32 samples                                               
INFO     Mislabel indices verified: [(2, 'Array.67'), (4, 'Array.22'), (45,     
         'Array.113')]                                                          
INFO       Fold 1: s1=1.0000 (t=0.50)  s2=0.4524  combined=0.6349  auroc=0.8434 
         excl=0.6571 (1)  (2398.8s)                                             
INFO       Fold 2: s1=1.0000 (t=0.50)  s2=0.9286  combined=0.9524  auroc=0.9924 
         excl=0.9524 (0)  (2527.9s)                                             
INFO       Fold 3: s1=1.0000 (t=0.50)  s2=0.5625  combined=0.7083  auroc=0.8507 
         excl=0.7083 (0)  (2751.2s)                                             
INFO       Fold 4: s1=1.0000 (t=0.50)  s2=0.7143  combined=0.8095  auroc=0.9158 
         excl=0.8095 (0)  (2650.5s)                                             
INFO       Fold 5: s1=1.0000 (t=0.50)  s2=0.6429  combined=0.7619  auroc=0.9194 
         excl=0.8333 (2)  (2406.0s)                                             
  en_rf r1052 ━━━━━━━━━━━━━━━━━━━━━━━━━━━━━━━━━━━━━━━━ 100% 3:32:14
INFO                                                                            
INFO     Summary for en_rf repeat 1052:                                         
INFO       Stage 1 (HER2+ vs rest):  1.0000 (+/- 0.0000)                        
INFO       Stage 2 (HR+ vs TN):      0.6601 (+/- 0.1600)                        
INFO       Combined (3-class):       0.7734 (+/- 0.1067)                        
INFO       Combined (excl mislabels): 0.7921 (+/- 0.1029)                       
INFO       Combined fold scores: [0.6349, 0.9524, 0.7083, 0.8095, 0.7619]       
INFO       Total time: 12734.7s                                                 
INFO     Fold results saved to                                                  
         /data/cbotos/TB-Project/results/2026-04-25_final_hierarchical/hierarchi
         cal_nested_cv/data/fold_results_en_rf_r1052.csv                        
INFO     Checkpoint removed (job complete).                                     
========================================
Finished: 2026-04-25 14:46:22
Elapsed:  3h 32m 17s
Exit:     0
========================================
[HNCV-TASK-DONE] array=16682 task=651 stage2_pipeline=en_rf repeat=1052 exit=0 elapsed=12737s
