========================================
Hierarchical CV - Job 404 of 800
Stage 1:  kw_rf k=5 (fixed, threshold calibrated)
Stage 2:  standalone_en_pens
Repeat:   1004 (seed_start=1001, offset=3)
Config:   /data/cbotos/TB-Project/results/2026-04-25_final_hierarchical/config_snapshot_hierarchical.yaml
Run:      final_hierarchical
Node:     node3
CPUs:     1
Memory:   4096MB
Work dir: /data/cbotos/TB-Project
Start:    2026-04-25 23:57:06
========================================
Running: python3 /data/cbotos/TB-Project/code/hierarchical_nested_cv_runner.py --pipeline standalone_en_pens --repeat 1004 --config /data/cbotos/TB-Project/results/2026-04-25_final_hierarchical/config_snapshot_hierarchical.yaml --name final_hierarchical
INFO     Run: 2026-04-25_final_hierarchical                                     
INFO     Config:                                                                
         /data/cbotos/TB-Project/results/2026-04-25_final_hierarchical/config_sn
         apshot_hierarchical.yaml                                               
INFO     Stage 1: kw_rf (fixed, binary HER2+ vs rest, threshold=0.5)            
INFO     Stage 2: standalone_en_pens (HR+ vs Triple Neg)                        
INFO     Repeat seed: 1004                                                      
INFO     Stage 2: no GridSearchCV (ensemble pipeline)                           
INFO     Loading data...                                                        
INFO     Loaded 100 samples, 273 features.                                      
INFO     Classes: ['HER2+', 'HR+', 'Triple Neg']                                
INFO       HER2+: 32 samples                                                    
INFO       HR+: 36 samples                                                      
INFO       Triple Neg: 32 samples                                               
INFO     Mislabel indices verified: [(2, 'Array.67'), (4, 'Array.22'), (45,     
         'Array.113')]                                                          
INFO     Pooled plateau capped: 30 -> 15 combos                                 
INFO     Pooled plateau: 15 of 50 combos from 1000 fold files (best=0.7540,     
         std=0.0469, threshold=0.7071)                                          
INFO       Plateau combo 1: score=0.7540, params={'clf__C': 0.0464159,          
         'clf__l1_ratio': 0.1}                                                  
INFO       Plateau combo 2: score=0.7440, params={'clf__C': 0.16681,            
         'clf__l1_ratio': 0.3}                                                  
INFO       Plateau combo 3: score=0.7431, params={'clf__C': 0.16681,            
         'clf__l1_ratio': 0.1}                                                  
INFO       Plateau combo 4: score=0.7372, params={'clf__C': 0.599484,           
         'clf__l1_ratio': 0.1}                                                  
INFO       Plateau combo 5: score=0.7360, params={'clf__C': 0.599484,           
         'clf__l1_ratio': 0.3}                                                  
INFO       Plateau combo 6: score=0.7334, params={'clf__C': 0.16681,            
         'clf__l1_ratio': 0.5}                                                  
INFO       Plateau combo 7: score=0.7334, params={'clf__C': 2.15443,            
         'clf__l1_ratio': 0.1}                                                  
INFO       Plateau combo 8: score=0.7325, params={'clf__C': 2.15443,            
         'clf__l1_ratio': 0.3}                                                  
INFO       Plateau combo 9: score=0.7320, params={'clf__C': 0.599484,           
         'clf__l1_ratio': 0.5}                                                  
INFO       Plateau combo 10: score=0.7313, params={'clf__C': 7.74264,           
         'clf__l1_ratio': 0.3}                                                  
INFO       Plateau combo 11: score=0.7312, params={'clf__C': 7.74264,           
         'clf__l1_ratio': 0.1}                                                  
INFO       Plateau combo 12: score=0.7305, params={'clf__C': 27.8256,           
         'clf__l1_ratio': 0.3}                                                  
INFO       Plateau combo 13: score=0.7304, params={'clf__C': 27.8256,           
         'clf__l1_ratio': 0.5}                                                  
INFO       Plateau combo 14: score=0.7304, params={'clf__C': 100.0,             
         'clf__l1_ratio': 0.7}                                                  
INFO       Plateau combo 15: score=0.7303, params={'clf__C': 100.0,             
         'clf__l1_ratio': 0.5}                                                  
INFO         Retraining 15 plateau models                                       
INFO           [1/15] n_features=76, params={'clf__C': 0.0464159,               
         'clf__l1_ratio': 0.1}                                                  
INFO           [2/15] n_features=54, params={'clf__C': 0.16681, 'clf__l1_ratio':
         0.3}                                                                   
INFO           [3/15] n_features=118, params={'clf__C': 0.16681,                
         'clf__l1_ratio': 0.1}                                                  
INFO           [15/15] n_features=244, params={'clf__C': 100.0, 'clf__l1_ratio':
         0.5}                                                                   
INFO         Plateau features: union=244, intersection=27                       
INFO       Fold 1: s1=1.0000 (t=0.50)  s2=0.8571  combined=0.9048  auroc=0.9695 
         excl=0.9048 (0)  (3.0s)                                                
INFO         Retraining 15 plateau models                                       
INFO           [1/15] n_features=72, params={'clf__C': 0.0464159,               
         'clf__l1_ratio': 0.1}                                                  
INFO           [2/15] n_features=52, params={'clf__C': 0.16681, 'clf__l1_ratio':
         0.3}                                                                   
INFO           [3/15] n_features=117, params={'clf__C': 0.16681,                
         'clf__l1_ratio': 0.1}                                                  
INFO           [15/15] n_features=241, params={'clf__C': 100.0, 'clf__l1_ratio':
         0.5}                                                                   
INFO         Plateau features: union=241, intersection=27                       
INFO       Fold 2: s1=1.0000 (t=0.50)  s2=0.6905  combined=0.7937  auroc=0.9356 
         excl=0.8333 (1)  (2.9s)                                                
INFO         Retraining 15 plateau models                                       
INFO           [1/15] n_features=81, params={'clf__C': 0.0464159,               
         'clf__l1_ratio': 0.1}                                                  
INFO           [2/15] n_features=60, params={'clf__C': 0.16681, 'clf__l1_ratio':
         0.3}                                                                   
INFO           [3/15] n_features=132, params={'clf__C': 0.16681,                
         'clf__l1_ratio': 0.1}                                                  
INFO           [15/15] n_features=241, params={'clf__C': 100.0, 'clf__l1_ratio':
         0.5}                                                                   
INFO         Plateau features: union=242, intersection=31                       
INFO       Fold 3: s1=1.0000 (t=0.50)  s2=0.7917  combined=0.8611  auroc=0.9405 
         excl=0.8611 (0)  (2.9s)                                                
INFO         Retraining 15 plateau models                                       
INFO           [1/15] n_features=78, params={'clf__C': 0.0464159,               
         'clf__l1_ratio': 0.1}                                                  
INFO           [2/15] n_features=52, params={'clf__C': 0.16681, 'clf__l1_ratio':
         0.3}                                                                   
INFO           [3/15] n_features=123, params={'clf__C': 0.16681,                
         'clf__l1_ratio': 0.1}                                                  
INFO           [15/15] n_features=246, params={'clf__C': 100.0, 'clf__l1_ratio':
         0.5}                                                                   
INFO         Plateau features: union=246, intersection=28                       
INFO       Fold 4: s1=1.0000 (t=0.50)  s2=0.7857  combined=0.8571  auroc=0.9707 
         excl=0.8571 (0)  (3.1s)                                                
INFO         Retraining 15 plateau models                                       
INFO           [1/15] n_features=75, params={'clf__C': 0.0464159,               
         'clf__l1_ratio': 0.1}                                                  
INFO           [2/15] n_features=50, params={'clf__C': 0.16681, 'clf__l1_ratio':
         0.3}                                                                   
INFO           [3/15] n_features=111, params={'clf__C': 0.16681,                
         'clf__l1_ratio': 0.1}                                                  
INFO           [15/15] n_features=250, params={'clf__C': 100.0, 'clf__l1_ratio':
         0.5}                                                                   
INFO         Plateau features: union=250, intersection=29                       
INFO       Fold 5: s1=1.0000 (t=0.50)  s2=0.5000  combined=0.6667  auroc=0.8462 
         excl=0.7048 (2)  (2.9s)                                                
  standalone_en_pens r1004 ━━━━━━━━━━━━━━━━━━━━━━━━━━━━━━━━━━━━━━━━ 100% 0:00:14
INFO                                                                            
INFO     Summary for standalone_en_pens repeat 1004:                            
INFO       Stage 1 (HER2+ vs rest):  1.0000 (+/- 0.0000)                        
INFO       Stage 2 (HR+ vs TN):      0.7250 (+/- 0.1244)                        
INFO       Combined (3-class):       0.8167 (+/- 0.0830)                        
INFO       Combined (excl mislabels): 0.8322 (+/- 0.0678)                       
INFO       Combined fold scores: [0.9048, 0.7937, 0.8611, 0.8571, 0.6667]       
INFO       Total time: 14.8s                                                    
INFO     Fold results saved to                                                  
         /data/cbotos/TB-Project/results/2026-04-25_final_hierarchical/hierarchi
         cal_nested_cv/data/fold_results_standalone_en_pens_r1004.csv           
INFO     Checkpoint removed (job complete).                                     
========================================
Finished: 2026-04-25 23:57:25
Elapsed:  0h 0m 19s
Exit:     0
========================================
[HNCV-TASK-DONE] array=16683 task=403 stage2_pipeline=standalone_en_pens repeat=1004 exit=0 elapsed=19s
