========================================
Hierarchical CV - Job 151 of 200
Stage 1:  kw_rf k=5 (fixed, threshold calibrated)
Stage 2:  nmc_pens_ensemble
Repeat:   1151 (seed_start=1001, offset=150)
Config:   /data/cbotos/TB-Project/results/2026-04-25_final_hierarchical/config_snapshot_hierarchical.yaml
Run:      final_hierarchical
Node:     node1
CPUs:     1
Memory:   4096MB
Work dir: /data/cbotos/TB-Project
Start:    2026-04-26 00:01:22
========================================
Running: python3 /data/cbotos/TB-Project/code/hierarchical_nested_cv_runner.py --pipeline nmc_pens_ensemble --repeat 1151 --config /data/cbotos/TB-Project/results/2026-04-25_final_hierarchical/config_snapshot_hierarchical.yaml --name final_hierarchical
INFO     Run: 2026-04-25_final_hierarchical                                     
INFO     Config:                                                                
         /data/cbotos/TB-Project/results/2026-04-25_final_hierarchical/config_sn
         apshot_hierarchical.yaml                                               
INFO     Stage 1: kw_rf (fixed, binary HER2+ vs rest, threshold=0.5)            
INFO     Stage 2: nmc_pens_ensemble (HR+ vs Triple Neg)                         
INFO     Repeat seed: 1151                                                      
INFO     Post-hoc ensemble: averaging nmc_pens_ensemble components              
         ('kw_nmc_pens', 'en_nmc_pens')                                         
INFO     Loaded component: kw_nmc_pens (5 rows)                                 
INFO     Loaded component: en_nmc_pens (5 rows)                                 
INFO       Fold 1: combined=0.8492  s2=0.7738  auroc=0.9618  (0.0s)             
INFO       Fold 2: combined=0.6349  s2=0.4524  auroc=0.8779  (0.0s)             
INFO       Fold 3: combined=0.7083  s2=0.5625  auroc=0.9067  (0.0s)             
INFO       Fold 4: combined=0.8571  s2=0.7857  auroc=0.9780  (0.0s)             
INFO       Fold 5: combined=0.6667  s2=0.5000  auroc=0.8901  (0.0s)             
INFO     Ensemble fold results saved to                                         
         /data/cbotos/TB-Project/results/2026-04-25_final_hierarchical/hierarchi
         cal_nested_cv/data/fold_results_nmc_pens_ensemble_r1151.csv            
INFO     Summary for nmc_pens_ensemble repeat 1151:                             
INFO       Combined (3-class): 0.7433 (+/- 0.0928)                              
INFO       Stage 2 (HR+ vs TN): 0.6149 (+/- 0.1391)                             
INFO     Total time: 0.1s                                                       
========================================
Finished: 2026-04-26 00:01:25
Elapsed:  0h 0m 3s
Exit:     0
========================================
[HNCV-TASK-DONE] array=16684 task=150 stage2_pipeline=nmc_pens_ensemble repeat=1151 exit=0 elapsed=3s
