========================================
Hierarchical CV - Job 12 of 800
Stage 1:  kw_rf k=5 (fixed, threshold calibrated)
Stage 2:  nmc_ensemble
Repeat:   1012 (seed_start=1001, offset=11)
Config:   /data/cbotos/TB-Project/results/2026-04-25_final_hierarchical/config_snapshot_hierarchical.yaml
Run:      final_hierarchical
Node:     node1
CPUs:     1
Memory:   4096MB
Work dir: /data/cbotos/TB-Project
Start:    2026-04-25 23:54:49
========================================
Running: python3 /data/cbotos/TB-Project/code/hierarchical_nested_cv_runner.py --pipeline nmc_ensemble --repeat 1012 --config /data/cbotos/TB-Project/results/2026-04-25_final_hierarchical/config_snapshot_hierarchical.yaml --name final_hierarchical
INFO     Run: 2026-04-25_final_hierarchical                                     
INFO     Config:                                                                
         /data/cbotos/TB-Project/results/2026-04-25_final_hierarchical/config_sn
         apshot_hierarchical.yaml                                               
INFO     Stage 1: kw_rf (fixed, binary HER2+ vs rest, threshold=0.5)            
INFO     Stage 2: nmc_ensemble (HR+ vs Triple Neg)                              
INFO     Repeat seed: 1012                                                      
INFO     Post-hoc ensemble: averaging nmc_ensemble components ('kw_nmc',        
         'en_nmc')                                                              
INFO     Loaded component: kw_nmc (5 rows)                                      
INFO     Loaded component: en_nmc (5 rows)                                      
INFO       Fold 1: combined=0.8968  s2=0.8452  auroc=0.9771  (0.0s)             
INFO       Fold 2: combined=0.8016  s2=0.7024  auroc=0.8626  (0.0s)             
INFO       Fold 3: combined=0.7083  s2=0.5625  auroc=0.8775  (0.0s)             
INFO       Fold 4: combined=0.8095  s2=0.7143  auroc=0.9487  (0.0s)             
INFO       Fold 5: combined=0.9048  s2=0.8571  auroc=0.9817  (0.0s)             
INFO     Ensemble fold results saved to                                         
         /data/cbotos/TB-Project/results/2026-04-25_final_hierarchical/hierarchi
         cal_nested_cv/data/fold_results_nmc_ensemble_r1012.csv                 
INFO     Summary for nmc_ensemble repeat 1012:                                  
INFO       Combined (3-class): 0.8242 (+/- 0.0720)                              
INFO       Stage 2 (HR+ vs TN): 0.7363 (+/- 0.1080)                             
INFO     Total time: 0.2s                                                       
========================================
Finished: 2026-04-25 23:59:31
Elapsed:  0h 4m 42s
Exit:     0
========================================
[HNCV-TASK-DONE] array=16683 task=11 stage2_pipeline=nmc_ensemble repeat=1012 exit=0 elapsed=282s
