========================================
Hierarchical CV - Job 365 of 1000
Stage 1:  kw_rf k=5 (fixed, threshold calibrated)
Stage 2:  en_nmc
Repeat:   1165 (seed_start=1001, offset=164)
Config:   /data/cbotos/TB-Project/results/2026-04-25_final_hierarchical/config_snapshot_hierarchical.yaml
Run:      final_hierarchical
Node:     node1
CPUs:     1
Memory:   4096MB
Work dir: /data/cbotos/TB-Project
Start:    2026-04-25 06:19:56
========================================
Running: python3 /data/cbotos/TB-Project/code/hierarchical_nested_cv_runner.py --pipeline en_nmc --repeat 1165 --config /data/cbotos/TB-Project/results/2026-04-25_final_hierarchical/config_snapshot_hierarchical.yaml --name final_hierarchical
INFO     Run: 2026-04-25_final_hierarchical                                     
INFO     Config:                                                                
         /data/cbotos/TB-Project/results/2026-04-25_final_hierarchical/config_sn
         apshot_hierarchical.yaml                                               
INFO     Stage 1: kw_rf (fixed, binary HER2+ vs rest, threshold=0.5)            
INFO     Stage 2: en_nmc (HR+ vs Triple Neg)                                    
INFO     Repeat seed: 1165                                                      
INFO     Stage 2 grid size: 800 combinations                                    
INFO     Loading data...                                                        
INFO     Loaded 100 samples, 273 features.                                      
INFO     Classes: ['HER2+', 'HR+', 'Triple Neg']                                
INFO       HER2+: 32 samples                                                    
INFO       HR+: 36 samples                                                      
INFO       Triple Neg: 32 samples                                               
INFO     Mislabel indices verified: [(2, 'Array.67'), (4, 'Array.22'), (45,     
         'Array.113')]                                                          
INFO       Fold 1: s1=1.0000 (t=0.50)  s2=0.8333  combined=0.8889  auroc=0.9695 
         excl=0.8889 (0)  (882.7s)                                              
INFO       Fold 2: s1=1.0000 (t=0.50)  s2=0.5595  combined=0.7063  auroc=0.9542 
         excl=0.7063 (0)  (805.9s)                                              
INFO       Fold 3: s1=1.0000 (t=0.50)  s2=0.7708  combined=0.8472  auroc=0.9479 
         excl=0.9333 (2)  (851.8s)                                              
INFO       Fold 4: s1=1.0000 (t=0.50)  s2=0.6429  combined=0.7619  auroc=0.9121 
         excl=0.7937 (1)  (866.5s)                                              
INFO       Fold 5: s1=1.0000 (t=0.50)  s2=0.5714  combined=0.7143  auroc=0.8571 
         excl=0.7143 (0)  (828.4s)                                              
  en_nmc r1165 ━━━━━━━━━━━━━━━━━━━━━━━━━━━━━━━━━━━━━━━━ 100% 1:10:35
INFO                                                                            
INFO     Summary for en_nmc repeat 1165:                                        
INFO       Stage 1 (HER2+ vs rest):  1.0000 (+/- 0.0000)                        
INFO       Stage 2 (HR+ vs TN):      0.6756 (+/- 0.1089)                        
INFO       Combined (3-class):       0.7837 (+/- 0.0726)                        
INFO       Combined (excl mislabels): 0.8073 (+/- 0.0912)                       
INFO       Combined fold scores: [0.8889, 0.7063, 0.8472, 0.7619, 0.7143]       
INFO       Total time: 4235.5s                                                  
INFO     Fold results saved to                                                  
         /data/cbotos/TB-Project/results/2026-04-25_final_hierarchical/hierarchi
         cal_nested_cv/data/fold_results_en_nmc_r1165.csv                       
INFO     Checkpoint removed (job complete).                                     
========================================
Finished: 2026-04-25 07:30:33
Elapsed:  1h 10m 37s
Exit:     0
========================================
[HNCV-TASK-DONE] array=16682 task=364 stage2_pipeline=en_nmc repeat=1165 exit=0 elapsed=4237s
