========================================
Hierarchical CV - Job 687 of 1000
Stage 1:  kw_rf k=5 (fixed, threshold calibrated)
Stage 2:  en_rf
Repeat:   1087 (seed_start=1001, offset=86)
Config:   /data/cbotos/TB-Project/results/2026-04-25_final_hierarchical/config_snapshot_hierarchical.yaml
Run:      final_hierarchical
Node:     node2
CPUs:     1
Memory:   4096MB
Work dir: /data/cbotos/TB-Project
Start:    2026-04-25 11:57:38
========================================
Running: python3 /data/cbotos/TB-Project/code/hierarchical_nested_cv_runner.py --pipeline en_rf --repeat 1087 --config /data/cbotos/TB-Project/results/2026-04-25_final_hierarchical/config_snapshot_hierarchical.yaml --name final_hierarchical
INFO     Run: 2026-04-25_final_hierarchical                                     
INFO     Config:                                                                
         /data/cbotos/TB-Project/results/2026-04-25_final_hierarchical/config_sn
         apshot_hierarchical.yaml                                               
INFO     Stage 1: kw_rf (fixed, binary HER2+ vs rest, threshold=0.5)            
INFO     Stage 2: en_rf (HR+ vs Triple Neg)                                     
INFO     Repeat seed: 1087                                                      
INFO     Stage 2 grid size: 800 combinations                                    
INFO     Loading data...                                                        
INFO     Loaded 100 samples, 273 features.                                      
INFO     Classes: ['HER2+', 'HR+', 'Triple Neg']                                
INFO       HER2+: 32 samples                                                    
INFO       HR+: 36 samples                                                      
INFO       Triple Neg: 32 samples                                               
INFO     Mislabel indices verified: [(2, 'Array.67'), (4, 'Array.22'), (45,     
         'Array.113')]                                                          
INFO       Fold 1: s1=1.0000 (t=0.50)  s2=0.6190  combined=0.7460  auroc=0.8513 
         excl=0.7905 (1)  (2868.4s)                                             
INFO       Fold 2: s1=1.0000 (t=0.50)  s2=0.5952  combined=0.7302  auroc=0.9084 
         excl=0.7302 (0)  (2880.3s)                                             
INFO       Fold 3: s1=1.0000 (t=0.50)  s2=0.4792  combined=0.6528  auroc=0.8048 
         excl=0.6349 (1)  (2793.0s)                                             
INFO       Fold 4: s1=1.0000 (t=0.50)  s2=0.8571  combined=0.9048  auroc=0.9670 
         excl=0.8968 (1)  (2859.3s)                                             
INFO       Fold 5: s1=1.0000 (t=0.50)  s2=0.7143  combined=0.8095  auroc=0.9304 
         excl=0.8095 (0)  (2848.8s)                                             
  en_rf r1087 ━━━━━━━━━━━━━━━━━━━━━━━━━━━━━━━━━━━━━━━━ 100% 3:57:29
INFO                                                                            
INFO     Summary for en_rf repeat 1087:                                         
INFO       Stage 1 (HER2+ vs rest):  1.0000 (+/- 0.0000)                        
INFO       Stage 2 (HR+ vs TN):      0.6530 (+/- 0.1266)                        
INFO       Combined (3-class):       0.7687 (+/- 0.0844)                        
INFO       Combined (excl mislabels): 0.7724 (+/- 0.0870)                       
INFO       Combined fold scores: [0.746, 0.7302, 0.6528, 0.9048, 0.8095]        
INFO       Total time: 14249.9s                                                 
INFO     Fold results saved to                                                  
         /data/cbotos/TB-Project/results/2026-04-25_final_hierarchical/hierarchi
         cal_nested_cv/data/fold_results_en_rf_r1087.csv                        
INFO     Checkpoint removed (job complete).                                     
========================================
Finished: 2026-04-25 15:55:09
Elapsed:  3h 57m 31s
Exit:     0
========================================
[HNCV-TASK-DONE] array=16682 task=686 stage2_pipeline=en_rf repeat=1087 exit=0 elapsed=14251s
