========================================
Hierarchical CV - Job 432 of 800
Stage 1:  kw_rf k=5 (fixed, threshold calibrated)
Stage 2:  standalone_en_pens
Repeat:   1032 (seed_start=1001, offset=31)
Config:   /data/cbotos/TB-Project/results/2026-04-25_final_hierarchical/config_snapshot_hierarchical.yaml
Run:      final_hierarchical
Node:     node2
CPUs:     1
Memory:   4096MB
Work dir: /data/cbotos/TB-Project
Start:    2026-04-25 23:57:16
========================================
Running: python3 /data/cbotos/TB-Project/code/hierarchical_nested_cv_runner.py --pipeline standalone_en_pens --repeat 1032 --config /data/cbotos/TB-Project/results/2026-04-25_final_hierarchical/config_snapshot_hierarchical.yaml --name final_hierarchical
INFO     Run: 2026-04-25_final_hierarchical                                     
INFO     Config:                                                                
         /data/cbotos/TB-Project/results/2026-04-25_final_hierarchical/config_sn
         apshot_hierarchical.yaml                                               
INFO     Stage 1: kw_rf (fixed, binary HER2+ vs rest, threshold=0.5)            
INFO     Stage 2: standalone_en_pens (HR+ vs Triple Neg)                        
INFO     Repeat seed: 1032                                                      
INFO     Stage 2: no GridSearchCV (ensemble pipeline)                           
INFO     Loading data...                                                        
INFO     Loaded 100 samples, 273 features.                                      
INFO     Classes: ['HER2+', 'HR+', 'Triple Neg']                                
INFO       HER2+: 32 samples                                                    
INFO       HR+: 36 samples                                                      
INFO       Triple Neg: 32 samples                                               
INFO     Mislabel indices verified: [(2, 'Array.67'), (4, 'Array.22'), (45,     
         'Array.113')]                                                          
INFO     Pooled plateau capped: 30 -> 15 combos                                 
INFO     Pooled plateau: 15 of 50 combos from 1000 fold files (best=0.7540,     
         std=0.0469, threshold=0.7071)                                          
INFO       Plateau combo 1: score=0.7540, params={'clf__C': 0.0464159,          
         'clf__l1_ratio': 0.1}                                                  
INFO       Plateau combo 2: score=0.7440, params={'clf__C': 0.16681,            
         'clf__l1_ratio': 0.3}                                                  
INFO       Plateau combo 3: score=0.7431, params={'clf__C': 0.16681,            
         'clf__l1_ratio': 0.1}                                                  
INFO       Plateau combo 4: score=0.7372, params={'clf__C': 0.599484,           
         'clf__l1_ratio': 0.1}                                                  
INFO       Plateau combo 5: score=0.7360, params={'clf__C': 0.599484,           
         'clf__l1_ratio': 0.3}                                                  
INFO       Plateau combo 6: score=0.7334, params={'clf__C': 0.16681,            
         'clf__l1_ratio': 0.5}                                                  
INFO       Plateau combo 7: score=0.7334, params={'clf__C': 2.15443,            
         'clf__l1_ratio': 0.1}                                                  
INFO       Plateau combo 8: score=0.7325, params={'clf__C': 2.15443,            
         'clf__l1_ratio': 0.3}                                                  
INFO       Plateau combo 9: score=0.7320, params={'clf__C': 0.599484,           
         'clf__l1_ratio': 0.5}                                                  
INFO       Plateau combo 10: score=0.7313, params={'clf__C': 7.74264,           
         'clf__l1_ratio': 0.3}                                                  
INFO       Plateau combo 11: score=0.7312, params={'clf__C': 7.74264,           
         'clf__l1_ratio': 0.1}                                                  
INFO       Plateau combo 12: score=0.7305, params={'clf__C': 27.8256,           
         'clf__l1_ratio': 0.3}                                                  
INFO       Plateau combo 13: score=0.7304, params={'clf__C': 27.8256,           
         'clf__l1_ratio': 0.5}                                                  
INFO       Plateau combo 14: score=0.7304, params={'clf__C': 100.0,             
         'clf__l1_ratio': 0.7}                                                  
INFO       Plateau combo 15: score=0.7303, params={'clf__C': 100.0,             
         'clf__l1_ratio': 0.5}                                                  
INFO         Retraining 15 plateau models                                       
INFO           [1/15] n_features=80, params={'clf__C': 0.0464159,               
         'clf__l1_ratio': 0.1}                                                  
INFO           [2/15] n_features=56, params={'clf__C': 0.16681, 'clf__l1_ratio':
         0.3}                                                                   
INFO           [3/15] n_features=121, params={'clf__C': 0.16681,                
         'clf__l1_ratio': 0.1}                                                  
INFO           [15/15] n_features=239, params={'clf__C': 100.0, 'clf__l1_ratio':
         0.5}                                                                   
INFO         Plateau features: union=240, intersection=31                       
INFO       Fold 1: s1=1.0000 (t=0.50)  s2=0.6905  combined=0.7937  auroc=0.9274 
         excl=0.8381 (1)  (3.5s)                                                
INFO         Retraining 15 plateau models                                       
INFO           [1/15] n_features=74, params={'clf__C': 0.0464159,               
         'clf__l1_ratio': 0.1}                                                  
INFO           [2/15] n_features=54, params={'clf__C': 0.16681, 'clf__l1_ratio':
         0.3}                                                                   
INFO           [3/15] n_features=119, params={'clf__C': 0.16681,                
         'clf__l1_ratio': 0.1}                                                  
INFO           [15/15] n_features=242, params={'clf__C': 100.0, 'clf__l1_ratio':
         0.5}                                                                   
INFO         Plateau features: union=243, intersection=32                       
INFO       Fold 2: s1=1.0000 (t=0.50)  s2=0.6786  combined=0.7857  auroc=0.9237 
         excl=0.7857 (0)  (3.3s)                                                
INFO         Retraining 15 plateau models                                       
INFO           [1/15] n_features=66, params={'clf__C': 0.0464159,               
         'clf__l1_ratio': 0.1}                                                  
INFO           [2/15] n_features=47, params={'clf__C': 0.16681, 'clf__l1_ratio':
         0.3}                                                                   
INFO           [3/15] n_features=117, params={'clf__C': 0.16681,                
         'clf__l1_ratio': 0.1}                                                  
INFO           [15/15] n_features=241, params={'clf__C': 100.0, 'clf__l1_ratio':
         0.5}                                                                   
INFO         Plateau features: union=242, intersection=27                       
INFO       Fold 3: s1=1.0000 (t=0.50)  s2=0.6458  combined=0.7639  auroc=0.9038 
         excl=0.8381 (2)  (3.4s)                                                
INFO         Retraining 15 plateau models                                       
INFO           [1/15] n_features=73, params={'clf__C': 0.0464159,               
         'clf__l1_ratio': 0.1}                                                  
INFO           [2/15] n_features=51, params={'clf__C': 0.16681, 'clf__l1_ratio':
         0.3}                                                                   
INFO           [3/15] n_features=117, params={'clf__C': 0.16681,                
         'clf__l1_ratio': 0.1}                                                  
INFO           [15/15] n_features=246, params={'clf__C': 100.0, 'clf__l1_ratio':
         0.5}                                                                   
INFO         Plateau features: union=246, intersection=30                       
INFO       Fold 4: s1=1.0000 (t=0.50)  s2=0.7857  combined=0.8571  auroc=0.9451 
         excl=0.8571 (0)  (3.4s)                                                
INFO         Retraining 15 plateau models                                       
INFO           [1/15] n_features=70, params={'clf__C': 0.0464159,               
         'clf__l1_ratio': 0.1}                                                  
INFO           [2/15] n_features=45, params={'clf__C': 0.16681, 'clf__l1_ratio':
         0.3}                                                                   
INFO           [3/15] n_features=129, params={'clf__C': 0.16681,                
         'clf__l1_ratio': 0.1}                                                  
INFO           [15/15] n_features=252, params={'clf__C': 100.0, 'clf__l1_ratio':
         0.5}                                                                   
INFO         Plateau features: union=252, intersection=28                       
INFO       Fold 5: s1=1.0000 (t=0.50)  s2=0.8571  combined=0.9048  auroc=0.9927 
         excl=0.9048 (0)  (3.8s)                                                
  standalone_en_pens r1032 ━━━━━━━━━━━━━━━━━━━━━━━━━━━━━━━━━━━━━━━━ 100% 0:00:17
INFO                                                                            
INFO     Summary for standalone_en_pens repeat 1032:                            
INFO       Stage 1 (HER2+ vs rest):  1.0000 (+/- 0.0000)                        
INFO       Stage 2 (HR+ vs TN):      0.7315 (+/- 0.0782)                        
INFO       Combined (3-class):       0.8210 (+/- 0.0521)                        
INFO       Combined (excl mislabels): 0.8448 (+/- 0.0383)                       
INFO       Combined fold scores: [0.7937, 0.7857, 0.7639, 0.8571, 0.9048]       
INFO       Total time: 17.4s                                                    
INFO     Fold results saved to                                                  
         /data/cbotos/TB-Project/results/2026-04-25_final_hierarchical/hierarchi
         cal_nested_cv/data/fold_results_standalone_en_pens_r1032.csv           
INFO     Checkpoint removed (job complete).                                     
========================================
Finished: 2026-04-25 23:57:37
Elapsed:  0h 0m 21s
Exit:     0
========================================
[HNCV-TASK-DONE] array=16683 task=431 stage2_pipeline=standalone_en_pens repeat=1032 exit=0 elapsed=21s
