========================================
Hierarchical CV - Job 980 of 1000
Stage 1:  kw_rf k=5 (fixed, threshold calibrated)
Stage 2:  standalone_en
Repeat:   1180 (seed_start=1001, offset=179)
Config:   /data/cbotos/TB-Project/results/2026-04-25_final_hierarchical/config_snapshot_hierarchical.yaml
Run:      final_hierarchical
Node:     node1
CPUs:     1
Memory:   4096MB
Work dir: /data/cbotos/TB-Project
Start:    2026-04-25 23:08:16
========================================
Running: python3 /data/cbotos/TB-Project/code/hierarchical_nested_cv_runner.py --pipeline standalone_en --repeat 1180 --config /data/cbotos/TB-Project/results/2026-04-25_final_hierarchical/config_snapshot_hierarchical.yaml --name final_hierarchical
INFO     Run: 2026-04-25_final_hierarchical                                     
INFO     Config:                                                                
         /data/cbotos/TB-Project/results/2026-04-25_final_hierarchical/config_sn
         apshot_hierarchical.yaml                                               
INFO     Stage 1: kw_rf (fixed, binary HER2+ vs rest, threshold=0.5)            
INFO     Stage 2: standalone_en (HR+ vs Triple Neg)                             
INFO     Repeat seed: 1180                                                      
INFO     Stage 2 grid size: 50 combinations                                     
INFO     Loading data...                                                        
INFO     Loaded 100 samples, 273 features.                                      
INFO     Classes: ['HER2+', 'HR+', 'Triple Neg']                                
INFO       HER2+: 32 samples                                                    
INFO       HR+: 36 samples                                                      
INFO       Triple Neg: 32 samples                                               
INFO     Mislabel indices verified: [(2, 'Array.67'), (4, 'Array.22'), (45,     
         'Array.113')]                                                          
INFO       Fold 1: s1=1.0000 (t=0.50)  s2=0.7024  combined=0.8016  auroc=0.9240 
         excl=0.8889 (3)  (36.7s)                                               
INFO       Fold 2: s1=1.0000 (t=0.50)  s2=0.6905  combined=0.7937  auroc=0.9658 
         excl=0.7937 (0)  (36.5s)                                               
INFO       Fold 3: s1=1.0000 (t=0.50)  s2=0.7083  combined=0.8056  auroc=0.9177 
         excl=0.8056 (0)  (34.6s)                                               
INFO       Fold 4: s1=1.0000 (t=0.50)  s2=0.9286  combined=0.9524  auroc=1.0000 
         excl=0.9524 (0)  (35.1s)                                               
INFO       Fold 5: s1=1.0000 (t=0.50)  s2=0.6429  combined=0.7619  auroc=0.9487 
         excl=0.7619 (0)  (34.0s)                                               
  standalone_en r1180 ━━━━━━━━━━━━━━━━━━━━━━━━━━━━━━━━━━━━━━━━ 100% 0:02:56
INFO                                                                            
INFO     Summary for standalone_en repeat 1180:                                 
INFO       Stage 1 (HER2+ vs rest):  1.0000 (+/- 0.0000)                        
INFO       Stage 2 (HR+ vs TN):      0.7345 (+/- 0.0997)                        
INFO       Combined (3-class):       0.8230 (+/- 0.0665)                        
INFO       Combined (excl mislabels): 0.8405 (+/- 0.0699)                       
INFO       Combined fold scores: [0.8016, 0.7937, 0.8056, 0.9524, 0.7619]       
INFO       Total time: 176.9s                                                   
INFO     Fold results saved to                                                  
         /data/cbotos/TB-Project/results/2026-04-25_final_hierarchical/hierarchi
         cal_nested_cv/data/fold_results_standalone_en_r1180.csv                
INFO     Checkpoint removed (job complete).                                     
========================================
Finished: 2026-04-25 23:11:15
Elapsed:  0h 2m 59s
Exit:     0
========================================
[HNCV-TASK-DONE] array=16682 task=979 stage2_pipeline=standalone_en repeat=1180 exit=0 elapsed=179s
