========================================
Hierarchical CV - Job 717 of 1000
Stage 1:  kw_rf k=5 (fixed, threshold calibrated)
Stage 2:  en_rf
Repeat:   1117 (seed_start=1001, offset=116)
Config:   /data/cbotos/TB-Project/results/2026-04-25_final_hierarchical/config_snapshot_hierarchical.yaml
Run:      final_hierarchical
Node:     node1
CPUs:     1
Memory:   4096MB
Work dir: /data/cbotos/TB-Project
Start:    2026-04-25 15:48:03
========================================
Running: python3 /data/cbotos/TB-Project/code/hierarchical_nested_cv_runner.py --pipeline en_rf --repeat 1117 --config /data/cbotos/TB-Project/results/2026-04-25_final_hierarchical/config_snapshot_hierarchical.yaml --name final_hierarchical
INFO     Run: 2026-04-25_final_hierarchical                                     
INFO     Config:                                                                
         /data/cbotos/TB-Project/results/2026-04-25_final_hierarchical/config_sn
         apshot_hierarchical.yaml                                               
INFO     Stage 1: kw_rf (fixed, binary HER2+ vs rest, threshold=0.5)            
INFO     Stage 2: en_rf (HR+ vs Triple Neg)                                     
INFO     Repeat seed: 1117                                                      
INFO     Stage 2 grid size: 800 combinations                                    
INFO     Loading data...                                                        
INFO     Loaded 100 samples, 273 features.                                      
INFO     Classes: ['HER2+', 'HR+', 'Triple Neg']                                
INFO       HER2+: 32 samples                                                    
INFO       HR+: 36 samples                                                      
INFO       Triple Neg: 32 samples                                               
INFO     Mislabel indices verified: [(2, 'Array.67'), (4, 'Array.22'), (45,     
         'Array.113')]                                                          
INFO       Fold 1: s1=1.0000 (t=0.50)  s2=0.6905  combined=0.7937  auroc=0.9313 
         excl=0.7937 (0)  (2831.6s)                                             
INFO       Fold 2: s1=1.0000 (t=0.50)  s2=0.5238  combined=0.6825  auroc=0.9084 
         excl=0.7048 (1)  (2886.0s)                                             
INFO       Fold 3: s1=1.0000 (t=0.50)  s2=0.7708  combined=0.8472  auroc=0.9663 
         excl=0.8472 (0)  (2873.6s)                                             
INFO       Fold 4: s1=1.0000 (t=0.50)  s2=0.5714  combined=0.7143  auroc=0.9414 
         excl=0.7143 (0)  (2799.4s)                                             
INFO       Fold 5: s1=1.0000 (t=0.50)  s2=0.6429  combined=0.7619  auroc=0.9487 
         excl=0.8333 (2)  (2827.2s)                                             
  en_rf r1117 ━━━━━━━━━━━━━━━━━━━━━━━━━━━━━━━━━━━━━━━━ 100% 3:56:58
INFO                                                                            
INFO     Summary for en_rf repeat 1117:                                         
INFO       Stage 1 (HER2+ vs rest):  1.0000 (+/- 0.0000)                        
INFO       Stage 2 (HR+ vs TN):      0.6399 (+/- 0.0870)                        
INFO       Combined (3-class):       0.7599 (+/- 0.0580)                        
INFO       Combined (excl mislabels): 0.7787 (+/- 0.0592)                       
INFO       Combined fold scores: [0.7937, 0.6825, 0.8472, 0.7143, 0.7619]       
INFO       Total time: 14218.0s                                                 
INFO     Fold results saved to                                                  
         /data/cbotos/TB-Project/results/2026-04-25_final_hierarchical/hierarchi
         cal_nested_cv/data/fold_results_en_rf_r1117.csv                        
INFO     Checkpoint removed (job complete).                                     
========================================
Finished: 2026-04-25 19:45:03
Elapsed:  3h 57m 0s
Exit:     0
========================================
[HNCV-TASK-DONE] array=16682 task=716 stage2_pipeline=en_rf repeat=1117 exit=0 elapsed=14220s
