========================================
Hierarchical CV - Job 756 of 1000
Stage 1:  kw_rf k=5 (fixed, threshold calibrated)
Stage 2:  en_rf
Repeat:   1156 (seed_start=1001, offset=155)
Config:   /data/cbotos/TB-Project/results/2026-04-25_final_hierarchical/config_snapshot_hierarchical.yaml
Run:      final_hierarchical
Node:     node1
CPUs:     1
Memory:   4096MB
Work dir: /data/cbotos/TB-Project
Start:    2026-04-25 18:26:41
========================================
Running: python3 /data/cbotos/TB-Project/code/hierarchical_nested_cv_runner.py --pipeline en_rf --repeat 1156 --config /data/cbotos/TB-Project/results/2026-04-25_final_hierarchical/config_snapshot_hierarchical.yaml --name final_hierarchical
INFO     Run: 2026-04-25_final_hierarchical                                     
INFO     Config:                                                                
         /data/cbotos/TB-Project/results/2026-04-25_final_hierarchical/config_sn
         apshot_hierarchical.yaml                                               
INFO     Stage 1: kw_rf (fixed, binary HER2+ vs rest, threshold=0.5)            
INFO     Stage 2: en_rf (HR+ vs Triple Neg)                                     
INFO     Repeat seed: 1156                                                      
INFO     Stage 2 grid size: 800 combinations                                    
INFO     Loading data...                                                        
INFO     Loaded 100 samples, 273 features.                                      
INFO     Classes: ['HER2+', 'HR+', 'Triple Neg']                                
INFO       HER2+: 32 samples                                                    
INFO       HR+: 36 samples                                                      
INFO       Triple Neg: 32 samples                                               
INFO     Mislabel indices verified: [(2, 'Array.67'), (4, 'Array.22'), (45,     
         'Array.113')]                                                          
INFO       Fold 1: s1=1.0000 (t=0.50)  s2=0.8452  combined=0.8968  auroc=0.9731 
         excl=0.8968 (0)  (2815.9s)                                             
INFO       Fold 2: s1=1.0000 (t=0.50)  s2=0.6905  combined=0.7937  auroc=0.8547 
         excl=0.7937 (0)  (2824.7s)                                             
INFO       Fold 3: s1=1.0000 (t=0.50)  s2=0.5000  combined=0.6667  auroc=0.8849 
         excl=0.7000 (1)  (2857.1s)                                             
INFO       Fold 4: s1=1.0000 (t=0.50)  s2=0.7143  combined=0.8095  auroc=0.9121 
         excl=0.8889 (2)  (2891.6s)                                             
INFO       Fold 5: s1=1.0000 (t=0.50)  s2=0.6429  combined=0.7619  auroc=0.9231 
         excl=0.7619 (0)  (2906.7s)                                             
  en_rf r1156 ━━━━━━━━━━━━━━━━━━━━━━━━━━━━━━━━━━━━━━━━ 100% 3:58:16
INFO                                                                            
INFO     Summary for en_rf repeat 1156:                                         
INFO       Stage 1 (HER2+ vs rest):  1.0000 (+/- 0.0000)                        
INFO       Stage 2 (HR+ vs TN):      0.6786 (+/- 0.1117)                        
INFO       Combined (3-class):       0.7857 (+/- 0.0745)                        
INFO       Combined (excl mislabels): 0.8083 (+/- 0.0754)                       
INFO       Combined fold scores: [0.8968, 0.7937, 0.6667, 0.8095, 0.7619]       
INFO       Total time: 14296.2s                                                 
INFO     Fold results saved to                                                  
         /data/cbotos/TB-Project/results/2026-04-25_final_hierarchical/hierarchi
         cal_nested_cv/data/fold_results_en_rf_r1156.csv                        
INFO     Checkpoint removed (job complete).                                     
========================================
Finished: 2026-04-25 22:25:00
Elapsed:  3h 58m 19s
Exit:     0
========================================
[HNCV-TASK-DONE] array=16682 task=755 stage2_pipeline=en_rf repeat=1156 exit=0 elapsed=14299s
