========================================
Hierarchical CV - Job 87 of 200
Stage 1:  kw_rf k=5 (fixed, threshold calibrated)
Stage 2:  nmc_pens_ensemble
Repeat:   1087 (seed_start=1001, offset=86)
Config:   /data/cbotos/TB-Project/results/2026-04-25_final_hierarchical/config_snapshot_hierarchical.yaml
Run:      final_hierarchical
Node:     node1
CPUs:     1
Memory:   4096MB
Work dir: /data/cbotos/TB-Project
Start:    2026-04-26 00:01:11
========================================
Running: python3 /data/cbotos/TB-Project/code/hierarchical_nested_cv_runner.py --pipeline nmc_pens_ensemble --repeat 1087 --config /data/cbotos/TB-Project/results/2026-04-25_final_hierarchical/config_snapshot_hierarchical.yaml --name final_hierarchical
INFO     Run: 2026-04-25_final_hierarchical                                     
INFO     Config:                                                                
         /data/cbotos/TB-Project/results/2026-04-25_final_hierarchical/config_sn
         apshot_hierarchical.yaml                                               
INFO     Stage 1: kw_rf (fixed, binary HER2+ vs rest, threshold=0.5)            
INFO     Stage 2: nmc_pens_ensemble (HR+ vs Triple Neg)                         
INFO     Repeat seed: 1087                                                      
INFO     Post-hoc ensemble: averaging nmc_pens_ensemble components              
         ('kw_nmc_pens', 'en_nmc_pens')                                         
INFO     Loaded component: kw_nmc_pens (5 rows)                                 
INFO     Loaded component: en_nmc_pens (5 rows)                                 
INFO       Fold 1: combined=0.7460  s2=0.6190  auroc=0.9200  (0.0s)             
INFO       Fold 2: combined=0.8333  s2=0.7500  auroc=0.9237  (0.0s)             
INFO       Fold 3: combined=0.8750  s2=0.8125  auroc=0.9628  (0.0s)             
INFO       Fold 4: combined=0.9524  s2=0.9286  auroc=0.9890  (0.0s)             
INFO       Fold 5: combined=0.8095  s2=0.7143  auroc=0.9048  (0.0s)             
INFO     Ensemble fold results saved to                                         
         /data/cbotos/TB-Project/results/2026-04-25_final_hierarchical/hierarchi
         cal_nested_cv/data/fold_results_nmc_pens_ensemble_r1087.csv            
INFO     Summary for nmc_pens_ensemble repeat 1087:                             
INFO       Combined (3-class): 0.8433 (+/- 0.0687)                              
INFO       Stage 2 (HR+ vs TN): 0.7649 (+/- 0.1031)                             
INFO     Total time: 0.1s                                                       
========================================
Finished: 2026-04-26 00:01:28
Elapsed:  0h 0m 17s
Exit:     0
========================================
[HNCV-TASK-DONE] array=16684 task=86 stage2_pipeline=nmc_pens_ensemble repeat=1087 exit=0 elapsed=17s
