========================================
Hierarchical CV - Job 206 of 1000
Stage 1:  kw_rf k=5 (fixed, threshold calibrated)
Stage 2:  en_nmc
Repeat:   1006 (seed_start=1001, offset=5)
Config:   /data/cbotos/TB-Project/results/2026-04-25_final_hierarchical/config_snapshot_hierarchical.yaml
Run:      final_hierarchical
Node:     node2
CPUs:     1
Memory:   4096MB
Work dir: /data/cbotos/TB-Project
Start:    2026-04-25 02:48:19
========================================
Running: python3 /data/cbotos/TB-Project/code/hierarchical_nested_cv_runner.py --pipeline en_nmc --repeat 1006 --config /data/cbotos/TB-Project/results/2026-04-25_final_hierarchical/config_snapshot_hierarchical.yaml --name final_hierarchical
INFO     Run: 2026-04-25_final_hierarchical                                     
INFO     Config:                                                                
         /data/cbotos/TB-Project/results/2026-04-25_final_hierarchical/config_sn
         apshot_hierarchical.yaml                                               
INFO     Stage 1: kw_rf (fixed, binary HER2+ vs rest, threshold=0.5)            
INFO     Stage 2: en_nmc (HR+ vs Triple Neg)                                    
INFO     Repeat seed: 1006                                                      
INFO     Stage 2 grid size: 800 combinations                                    
INFO     Loading data...                                                        
INFO     Loaded 100 samples, 273 features.                                      
INFO     Classes: ['HER2+', 'HR+', 'Triple Neg']                                
INFO       HER2+: 32 samples                                                    
INFO       HR+: 36 samples                                                      
INFO       Triple Neg: 32 samples                                               
INFO     Mislabel indices verified: [(2, 'Array.67'), (4, 'Array.22'), (45,     
         'Array.113')]                                                          
INFO       Fold 1: s1=1.0000 (t=0.50)  s2=0.6190  combined=0.7460  auroc=0.9389 
         excl=0.8222 (2)  (850.7s)                                              
INFO       Fold 2: s1=1.0000 (t=0.50)  s2=0.9286  combined=0.9524  auroc=0.9847 
         excl=0.9524 (0)  (850.8s)                                              
INFO       Fold 3: s1=1.0000 (t=0.50)  s2=0.8750  combined=0.9167  auroc=0.9851 
         excl=0.9167 (0)  (835.2s)                                              
INFO       Fold 4: s1=1.0000 (t=0.50)  s2=0.6429  combined=0.7619  auroc=0.8755 
         excl=0.7857 (1)  (865.5s)                                              
INFO       Fold 5: s1=1.0000 (t=0.50)  s2=0.7857  combined=0.8571  auroc=0.9634 
         excl=0.8571 (0)  (837.1s)                                              
  en_nmc r1006 ━━━━━━━━━━━━━━━━━━━━━━━━━━━━━━━━━━━━━━━━ 100% 1:10:39
INFO                                                                            
INFO     Summary for en_nmc repeat 1006:                                        
INFO       Stage 1 (HER2+ vs rest):  1.0000 (+/- 0.0000)                        
INFO       Stage 2 (HR+ vs TN):      0.7702 (+/- 0.1228)                        
INFO       Combined (3-class):       0.8468 (+/- 0.0818)                        
INFO       Combined (excl mislabels): 0.8668 (+/- 0.0608)                       
INFO       Combined fold scores: [0.746, 0.9524, 0.9167, 0.7619, 0.8571]        
INFO       Total time: 4239.6s                                                  
INFO     Fold results saved to                                                  
         /data/cbotos/TB-Project/results/2026-04-25_final_hierarchical/hierarchi
         cal_nested_cv/data/fold_results_en_nmc_r1006.csv                       
INFO     Checkpoint removed (job complete).                                     
========================================
Finished: 2026-04-25 03:59:00
Elapsed:  1h 10m 41s
Exit:     0
========================================
[HNCV-TASK-DONE] array=16682 task=205 stage2_pipeline=en_nmc repeat=1006 exit=0 elapsed=4241s
