========================================
Hierarchical CV - Job 333 of 1000
Stage 1:  kw_rf k=5 (fixed, threshold calibrated)
Stage 2:  en_nmc
Repeat:   1133 (seed_start=1001, offset=132)
Config:   /data/cbotos/TB-Project/results/2026-04-25_final_hierarchical/config_snapshot_hierarchical.yaml
Run:      final_hierarchical
Node:     node1
CPUs:     1
Memory:   4096MB
Work dir: /data/cbotos/TB-Project
Start:    2026-04-25 05:10:44
========================================
Running: python3 /data/cbotos/TB-Project/code/hierarchical_nested_cv_runner.py --pipeline en_nmc --repeat 1133 --config /data/cbotos/TB-Project/results/2026-04-25_final_hierarchical/config_snapshot_hierarchical.yaml --name final_hierarchical
INFO     Run: 2026-04-25_final_hierarchical                                     
INFO     Config:                                                                
         /data/cbotos/TB-Project/results/2026-04-25_final_hierarchical/config_sn
         apshot_hierarchical.yaml                                               
INFO     Stage 1: kw_rf (fixed, binary HER2+ vs rest, threshold=0.5)            
INFO     Stage 2: en_nmc (HR+ vs Triple Neg)                                    
INFO     Repeat seed: 1133                                                      
INFO     Stage 2 grid size: 800 combinations                                    
INFO     Loading data...                                                        
INFO     Loaded 100 samples, 273 features.                                      
INFO     Classes: ['HER2+', 'HR+', 'Triple Neg']                                
INFO       HER2+: 32 samples                                                    
INFO       HR+: 36 samples                                                      
INFO       Triple Neg: 32 samples                                               
INFO     Mislabel indices verified: [(2, 'Array.67'), (4, 'Array.22'), (45,     
         'Array.113')]                                                          
INFO       Fold 1: s1=1.0000 (t=0.50)  s2=0.6905  combined=0.7937  auroc=0.9350 
         excl=0.8381 (1)  (869.2s)                                              
INFO       Fold 2: s1=1.0000 (t=0.50)  s2=0.7024  combined=0.8016  auroc=0.9502 
         excl=0.8016 (0)  (831.0s)                                              
INFO       Fold 3: s1=1.0000 (t=0.50)  s2=0.6667  combined=0.7778  auroc=0.8958 
         excl=0.8016 (1)  (862.7s)                                              
INFO       Fold 4: s1=1.0000 (t=0.50)  s2=0.9286  combined=0.9524  auroc=0.9890 
         excl=0.9524 (0)  (860.6s)                                              
INFO       Fold 5: s1=1.0000 (t=0.50)  s2=0.8571  combined=0.9048  auroc=0.9524 
         excl=0.9444 (1)  (863.7s)                                              
  en_nmc r1133 ━━━━━━━━━━━━━━━━━━━━━━━━━━━━━━━━━━━━━━━━ 100% 1:11:27
INFO                                                                            
INFO     Summary for en_nmc repeat 1133:                                        
INFO       Stage 1 (HER2+ vs rest):  1.0000 (+/- 0.0000)                        
INFO       Stage 2 (HR+ vs TN):      0.7690 (+/- 0.1042)                        
INFO       Combined (3-class):       0.8460 (+/- 0.0695)                        
INFO       Combined (excl mislabels): 0.8676 (+/- 0.0673)                       
INFO       Combined fold scores: [0.7937, 0.8016, 0.7778, 0.9524, 0.9048]       
INFO       Total time: 4287.2s                                                  
INFO     Fold results saved to                                                  
         /data/cbotos/TB-Project/results/2026-04-25_final_hierarchical/hierarchi
         cal_nested_cv/data/fold_results_en_nmc_r1133.csv                       
INFO     Checkpoint removed (job complete).                                     
========================================
Finished: 2026-04-25 06:22:13
Elapsed:  1h 11m 29s
Exit:     0
========================================
[HNCV-TASK-DONE] array=16682 task=332 stage2_pipeline=en_nmc repeat=1133 exit=0 elapsed=4289s
