========================================
Hierarchical CV - Job 787 of 1000
Stage 1:  kw_rf k=5 (fixed, threshold calibrated)
Stage 2:  en_rf
Repeat:   1187 (seed_start=1001, offset=186)
Config:   /data/cbotos/TB-Project/results/2026-04-25_final_hierarchical/config_snapshot_hierarchical.yaml
Run:      final_hierarchical
Node:     node1
CPUs:     1
Memory:   4096MB
Work dir: /data/cbotos/TB-Project
Start:    2026-04-25 19:51:41
========================================
Running: python3 /data/cbotos/TB-Project/code/hierarchical_nested_cv_runner.py --pipeline en_rf --repeat 1187 --config /data/cbotos/TB-Project/results/2026-04-25_final_hierarchical/config_snapshot_hierarchical.yaml --name final_hierarchical
INFO     Run: 2026-04-25_final_hierarchical                                     
INFO     Config:                                                                
         /data/cbotos/TB-Project/results/2026-04-25_final_hierarchical/config_sn
         apshot_hierarchical.yaml                                               
INFO     Stage 1: kw_rf (fixed, binary HER2+ vs rest, threshold=0.5)            
INFO     Stage 2: en_rf (HR+ vs Triple Neg)                                     
INFO     Repeat seed: 1187                                                      
INFO     Stage 2 grid size: 800 combinations                                    
INFO     Loading data...                                                        
INFO     Loaded 100 samples, 273 features.                                      
INFO     Classes: ['HER2+', 'HR+', 'Triple Neg']                                
INFO       HER2+: 32 samples                                                    
INFO       HR+: 36 samples                                                      
INFO       Triple Neg: 32 samples                                               
INFO     Mislabel indices verified: [(2, 'Array.67'), (4, 'Array.22'), (45,     
         'Array.113')]                                                          
INFO       Fold 1: s1=1.0000 (t=0.50)  s2=0.6905  combined=0.7937  auroc=0.9274 
         excl=0.7937 (0)  (2914.7s)                                             
INFO       Fold 2: s1=1.0000 (t=0.50)  s2=0.7024  combined=0.8016  auroc=0.9353 
         excl=0.8222 (2)  (2907.9s)                                             
INFO       Fold 3: s1=1.0000 (t=0.50)  s2=0.6875  combined=0.7917  auroc=0.9325 
         excl=0.7917 (0)  (2881.3s)                                             
INFO       Fold 4: s1=1.0000 (t=0.50)  s2=0.7857  combined=0.8571  auroc=0.9634 
         excl=0.8571 (0)  (2887.0s)                                             
INFO       Fold 5: s1=1.0000 (t=0.50)  s2=0.7143  combined=0.8095  auroc=0.8974 
         excl=0.8492 (1)  (2772.7s)                                             
  en_rf r1187 ━━━━━━━━━━━━━━━━━━━━━━━━━━━━━━━━━━━━━━━━ 100% 3:59:23
INFO                                                                            
INFO     Summary for en_rf repeat 1187:                                         
INFO       Stage 1 (HER2+ vs rest):  1.0000 (+/- 0.0000)                        
INFO       Stage 2 (HR+ vs TN):      0.7161 (+/- 0.0361)                        
INFO       Combined (3-class):       0.8107 (+/- 0.0241)                        
INFO       Combined (excl mislabels): 0.8228 (+/- 0.0272)                       
INFO       Combined fold scores: [0.7937, 0.8016, 0.7917, 0.8571, 0.8095]       
INFO       Total time: 14363.8s                                                 
INFO     Fold results saved to                                                  
         /data/cbotos/TB-Project/results/2026-04-25_final_hierarchical/hierarchi
         cal_nested_cv/data/fold_results_en_rf_r1187.csv                        
INFO     Checkpoint removed (job complete).                                     
========================================
Finished: 2026-04-25 23:51:06
Elapsed:  3h 59m 25s
Exit:     0
========================================
[HNCV-TASK-DONE] array=16682 task=786 stage2_pipeline=en_rf repeat=1187 exit=0 elapsed=14365s
