========================================
Hierarchical CV - Job 931 of 1000
Stage 1:  kw_rf k=5 (fixed, threshold calibrated)
Stage 2:  standalone_en
Repeat:   1131 (seed_start=1001, offset=130)
Config:   /data/cbotos/TB-Project/results/2026-04-25_final_hierarchical/config_snapshot_hierarchical.yaml
Run:      final_hierarchical
Node:     node3
CPUs:     1
Memory:   4096MB
Work dir: /data/cbotos/TB-Project
Start:    2026-04-25 22:58:02
========================================
Running: python3 /data/cbotos/TB-Project/code/hierarchical_nested_cv_runner.py --pipeline standalone_en --repeat 1131 --config /data/cbotos/TB-Project/results/2026-04-25_final_hierarchical/config_snapshot_hierarchical.yaml --name final_hierarchical
INFO     Run: 2026-04-25_final_hierarchical                                     
INFO     Config:                                                                
         /data/cbotos/TB-Project/results/2026-04-25_final_hierarchical/config_sn
         apshot_hierarchical.yaml                                               
INFO     Stage 1: kw_rf (fixed, binary HER2+ vs rest, threshold=0.5)            
INFO     Stage 2: standalone_en (HR+ vs Triple Neg)                             
INFO     Repeat seed: 1131                                                      
INFO     Stage 2 grid size: 50 combinations                                     
INFO     Loading data...                                                        
INFO     Loaded 100 samples, 273 features.                                      
INFO     Classes: ['HER2+', 'HR+', 'Triple Neg']                                
INFO       HER2+: 32 samples                                                    
INFO       HR+: 36 samples                                                      
INFO       Triple Neg: 32 samples                                               
INFO     Mislabel indices verified: [(2, 'Array.67'), (4, 'Array.22'), (45,     
         'Array.113')]                                                          
INFO       Fold 1: s1=1.0000 (t=0.50)  s2=0.7738  combined=0.8492  auroc=0.9472 
         excl=0.8492 (0)  (30.6s)                                               
INFO       Fold 2: s1=1.0000 (t=0.50)  s2=0.6190  combined=0.7460  auroc=0.8782 
         excl=0.7778 (1)  (30.0s)                                               
INFO       Fold 3: s1=1.0000 (t=0.50)  s2=0.7708  combined=0.8472  auroc=0.9663 
         excl=0.8472 (0)  (28.6s)                                               
INFO       Fold 4: s1=1.0000 (t=0.50)  s2=0.7857  combined=0.8571  auroc=0.9414 
         excl=0.8889 (1)  (30.1s)                                               
INFO       Fold 5: s1=1.0000 (t=0.50)  s2=0.7857  combined=0.8571  auroc=0.9634 
         excl=0.8968 (1)  (27.8s)                                               
  standalone_en r1131 ━━━━━━━━━━━━━━━━━━━━━━━━━━━━━━━━━━━━━━━━ 100% 0:02:27
INFO                                                                            
INFO     Summary for standalone_en repeat 1131:                                 
INFO       Stage 1 (HER2+ vs rest):  1.0000 (+/- 0.0000)                        
INFO       Stage 2 (HR+ vs TN):      0.7470 (+/- 0.0643)                        
INFO       Combined (3-class):       0.8313 (+/- 0.0428)                        
INFO       Combined (excl mislabels): 0.8520 (+/- 0.0422)                       
INFO       Combined fold scores: [0.8492, 0.746, 0.8472, 0.8571, 0.8571]        
INFO       Total time: 147.0s                                                   
INFO     Fold results saved to                                                  
         /data/cbotos/TB-Project/results/2026-04-25_final_hierarchical/hierarchi
         cal_nested_cv/data/fold_results_standalone_en_r1131.csv                
INFO     Checkpoint removed (job complete).                                     
========================================
Finished: 2026-04-25 23:00:32
Elapsed:  0h 2m 30s
Exit:     0
========================================
[HNCV-TASK-DONE] array=16682 task=930 stage2_pipeline=standalone_en repeat=1131 exit=0 elapsed=150s
