========================================
Hierarchical CV - Job 862 of 1000
Stage 1:  kw_rf k=5 (fixed, threshold calibrated)
Stage 2:  standalone_en
Repeat:   1062 (seed_start=1001, offset=61)
Config:   /data/cbotos/TB-Project/results/2026-04-25_final_hierarchical/config_snapshot_hierarchical.yaml
Run:      final_hierarchical
Node:     node1
CPUs:     1
Memory:   4096MB
Work dir: /data/cbotos/TB-Project
Start:    2026-04-25 22:34:07
========================================
Running: python3 /data/cbotos/TB-Project/code/hierarchical_nested_cv_runner.py --pipeline standalone_en --repeat 1062 --config /data/cbotos/TB-Project/results/2026-04-25_final_hierarchical/config_snapshot_hierarchical.yaml --name final_hierarchical
INFO     Run: 2026-04-25_final_hierarchical                                     
INFO     Config:                                                                
         /data/cbotos/TB-Project/results/2026-04-25_final_hierarchical/config_sn
         apshot_hierarchical.yaml                                               
INFO     Stage 1: kw_rf (fixed, binary HER2+ vs rest, threshold=0.5)            
INFO     Stage 2: standalone_en (HR+ vs Triple Neg)                             
INFO     Repeat seed: 1062                                                      
INFO     Stage 2 grid size: 50 combinations                                     
INFO     Loading data...                                                        
INFO     Loaded 100 samples, 273 features.                                      
INFO     Classes: ['HER2+', 'HR+', 'Triple Neg']                                
INFO       HER2+: 32 samples                                                    
INFO       HR+: 36 samples                                                      
INFO       Triple Neg: 32 samples                                               
INFO     Mislabel indices verified: [(2, 'Array.67'), (4, 'Array.22'), (45,     
         'Array.113')]                                                          
INFO       Fold 1: s1=1.0000 (t=0.50)  s2=0.8452  combined=0.8968  auroc=0.9698 
         excl=0.9524 (1)  (34.4s)                                               
INFO       Fold 2: s1=1.0000 (t=0.50)  s2=0.5119  combined=0.6746  auroc=0.8742 
         excl=0.6857 (1)  (34.2s)                                               
INFO       Fold 3: s1=1.0000 (t=0.50)  s2=0.8542  combined=0.9028  auroc=0.9926 
         excl=0.9028 (0)  (35.7s)                                               
INFO       Fold 4: s1=1.0000 (t=0.50)  s2=0.7143  combined=0.8095  auroc=0.9414 
         excl=0.8095 (0)  (34.8s)                                               
INFO       Fold 5: s1=1.0000 (t=0.50)  s2=0.8571  combined=0.9048  auroc=0.9304 
         excl=0.9524 (1)  (33.7s)                                               
  standalone_en r1062 ━━━━━━━━━━━━━━━━━━━━━━━━━━━━━━━━━━━━━━━━ 100% 0:02:52
INFO                                                                            
INFO     Summary for standalone_en repeat 1062:                                 
INFO       Stage 1 (HER2+ vs rest):  1.0000 (+/- 0.0000)                        
INFO       Stage 2 (HR+ vs TN):      0.7565 (+/- 0.1335)                        
INFO       Combined (3-class):       0.8377 (+/- 0.0890)                        
INFO       Combined (excl mislabels): 0.8606 (+/- 0.1018)                       
INFO       Combined fold scores: [0.8968, 0.6746, 0.9028, 0.8095, 0.9048]       
INFO       Total time: 172.8s                                                   
INFO     Fold results saved to                                                  
         /data/cbotos/TB-Project/results/2026-04-25_final_hierarchical/hierarchi
         cal_nested_cv/data/fold_results_standalone_en_r1062.csv                
INFO     Checkpoint removed (job complete).                                     
========================================
Finished: 2026-04-25 22:37:02
Elapsed:  0h 2m 55s
Exit:     0
========================================
[HNCV-TASK-DONE] array=16682 task=861 stage2_pipeline=standalone_en repeat=1062 exit=0 elapsed=175s
