========================================
Hierarchical CV - Job 553 of 1000
Stage 1:  kw_rf k=5 (fixed, threshold calibrated)
Stage 2:  kw_rf
Repeat:   1153 (seed_start=1001, offset=152)
Config:   /data/cbotos/TB-Project/results/2026-04-25_final_hierarchical/config_snapshot_hierarchical.yaml
Run:      final_hierarchical
Node:     node2
CPUs:     1
Memory:   4096MB
Work dir: /data/cbotos/TB-Project
Start:    2026-04-25 07:47:56
========================================
Running: python3 /data/cbotos/TB-Project/code/hierarchical_nested_cv_runner.py --pipeline kw_rf --repeat 1153 --config /data/cbotos/TB-Project/results/2026-04-25_final_hierarchical/config_snapshot_hierarchical.yaml --name final_hierarchical
INFO     Run: 2026-04-25_final_hierarchical                                     
INFO     Config:                                                                
         /data/cbotos/TB-Project/results/2026-04-25_final_hierarchical/config_sn
         apshot_hierarchical.yaml                                               
INFO     Stage 1: kw_rf (fixed, binary HER2+ vs rest, threshold=0.5)            
INFO     Stage 2: kw_rf (HR+ vs Triple Neg)                                     
INFO     Repeat seed: 1153                                                      
INFO     Stage 2 grid size: 32 combinations                                     
INFO     Loading data...                                                        
INFO     Loaded 100 samples, 273 features.                                      
INFO     Classes: ['HER2+', 'HR+', 'Triple Neg']                                
INFO       HER2+: 32 samples                                                    
INFO       HR+: 36 samples                                                      
INFO       Triple Neg: 32 samples                                               
INFO     Mislabel indices verified: [(2, 'Array.67'), (4, 'Array.22'), (45,     
         'Array.113')]                                                          
INFO       Fold 1: s1=1.0000 (t=0.50)  s2=0.7024  combined=0.8016  auroc=0.8924 
         excl=0.8571 (1)  (101.8s)                                              
INFO       Fold 2: s1=1.0000 (t=0.50)  s2=0.7024  combined=0.8016  auroc=0.9389 
         excl=0.8016 (0)  (101.6s)                                              
INFO       Fold 3: s1=1.0000 (t=0.50)  s2=0.8542  combined=0.9028  auroc=0.9777 
         excl=0.9444 (1)  (101.8s)                                              
INFO       Fold 4: s1=1.0000 (t=0.50)  s2=0.4286  combined=0.6190  auroc=0.8498 
         excl=0.6190 (0)  (101.9s)                                              
INFO       Fold 5: s1=1.0000 (t=0.50)  s2=0.7857  combined=0.8571  auroc=0.9451 
         excl=0.8889 (1)  (101.9s)                                              
  kw_rf r1153 ━━━━━━━━━━━━━━━━━━━━━━━━━━━━━━━━━━━━━━━━ 100% 0:08:30
INFO                                                                            
INFO     Summary for kw_rf repeat 1153:                                         
INFO       Stage 1 (HER2+ vs rest):  1.0000 (+/- 0.0000)                        
INFO       Stage 2 (HR+ vs TN):      0.6946 (+/- 0.1447)                        
INFO       Combined (3-class):       0.7964 (+/- 0.0965)                        
INFO       Combined (excl mislabels): 0.8222 (+/- 0.1116)                       
INFO       Combined fold scores: [0.8016, 0.8016, 0.9028, 0.619, 0.8571]        
INFO       Total time: 510.3s                                                   
INFO     Fold results saved to                                                  
         /data/cbotos/TB-Project/results/2026-04-25_final_hierarchical/hierarchi
         cal_nested_cv/data/fold_results_kw_rf_r1153.csv                        
INFO     Checkpoint removed (job complete).                                     
========================================
Finished: 2026-04-25 07:56:27
Elapsed:  0h 8m 31s
Exit:     0
========================================
[HNCV-TASK-DONE] array=16682 task=552 stage2_pipeline=kw_rf repeat=1153 exit=0 elapsed=511s
