========================================
Hierarchical CV - Job 914 of 1000
Stage 1:  kw_rf k=5 (fixed, threshold calibrated)
Stage 2:  standalone_en
Repeat:   1114 (seed_start=1001, offset=113)
Config:   /data/cbotos/TB-Project/results/2026-04-25_final_hierarchical/config_snapshot_hierarchical.yaml
Run:      final_hierarchical
Node:     node1
CPUs:     1
Memory:   4096MB
Work dir: /data/cbotos/TB-Project
Start:    2026-04-25 22:52:40
========================================
Running: python3 /data/cbotos/TB-Project/code/hierarchical_nested_cv_runner.py --pipeline standalone_en --repeat 1114 --config /data/cbotos/TB-Project/results/2026-04-25_final_hierarchical/config_snapshot_hierarchical.yaml --name final_hierarchical
INFO     Run: 2026-04-25_final_hierarchical                                     
INFO     Config:                                                                
         /data/cbotos/TB-Project/results/2026-04-25_final_hierarchical/config_sn
         apshot_hierarchical.yaml                                               
INFO     Stage 1: kw_rf (fixed, binary HER2+ vs rest, threshold=0.5)            
INFO     Stage 2: standalone_en (HR+ vs Triple Neg)                             
INFO     Repeat seed: 1114                                                      
INFO     Stage 2 grid size: 50 combinations                                     
INFO     Loading data...                                                        
INFO     Loaded 100 samples, 273 features.                                      
INFO     Classes: ['HER2+', 'HR+', 'Triple Neg']                                
INFO       HER2+: 32 samples                                                    
INFO       HR+: 36 samples                                                      
INFO       Triple Neg: 32 samples                                               
INFO     Mislabel indices verified: [(2, 'Array.67'), (4, 'Array.22'), (45,     
         'Array.113')]                                                          
INFO       Fold 1: s1=1.0000 (t=0.50)  s2=0.7024  combined=0.8016  auroc=0.9389 
         excl=0.8889 (2)  (35.4s)                                               
INFO       Fold 2: s1=1.0000 (t=0.50)  s2=0.7500  combined=0.8333  auroc=0.9270 
         excl=0.8667 (1)  (35.3s)                                               
INFO       Fold 3: s1=1.0000 (t=0.50)  s2=0.8333  combined=0.8889  auroc=0.9588 
         excl=0.8889 (0)  (35.5s)                                               
INFO       Fold 4: s1=1.0000 (t=0.50)  s2=0.7143  combined=0.8095  auroc=0.9158 
         excl=0.8095 (0)  (35.9s)                                               
INFO       Fold 5: s1=1.0000 (t=0.50)  s2=0.7857  combined=0.8571  auroc=0.9084 
         excl=0.8571 (0)  (34.6s)                                               
  standalone_en r1114 ━━━━━━━━━━━━━━━━━━━━━━━━━━━━━━━━━━━━━━━━ 100% 0:02:56
INFO                                                                            
INFO     Summary for standalone_en repeat 1114:                                 
INFO       Stage 1 (HER2+ vs rest):  1.0000 (+/- 0.0000)                        
INFO       Stage 2 (HR+ vs TN):      0.7571 (+/- 0.0480)                        
INFO       Combined (3-class):       0.8381 (+/- 0.0320)                        
INFO       Combined (excl mislabels): 0.8622 (+/- 0.0291)                       
INFO       Combined fold scores: [0.8016, 0.8333, 0.8889, 0.8095, 0.8571]       
INFO       Total time: 176.8s                                                   
INFO     Fold results saved to                                                  
         /data/cbotos/TB-Project/results/2026-04-25_final_hierarchical/hierarchi
         cal_nested_cv/data/fold_results_standalone_en_r1114.csv                
INFO     Checkpoint removed (job complete).                                     
========================================
Finished: 2026-04-25 22:55:39
Elapsed:  0h 2m 59s
Exit:     0
========================================
[HNCV-TASK-DONE] array=16682 task=913 stage2_pipeline=standalone_en repeat=1114 exit=0 elapsed=179s
