========================================
Hierarchical CV - Job 800 of 1000
Stage 1:  kw_rf k=5 (fixed, threshold calibrated)
Stage 2:  en_rf
Repeat:   1200 (seed_start=1001, offset=199)
Config:   /data/cbotos/TB-Project/results/2026-04-25_final_hierarchical/config_snapshot_hierarchical.yaml
Run:      final_hierarchical
Node:     node2
CPUs:     1
Memory:   4096MB
Work dir: /data/cbotos/TB-Project
Start:    2026-04-25 19:58:12
========================================
Running: python3 /data/cbotos/TB-Project/code/hierarchical_nested_cv_runner.py --pipeline en_rf --repeat 1200 --config /data/cbotos/TB-Project/results/2026-04-25_final_hierarchical/config_snapshot_hierarchical.yaml --name final_hierarchical
INFO     Run: 2026-04-25_final_hierarchical                                     
INFO     Config:                                                                
         /data/cbotos/TB-Project/results/2026-04-25_final_hierarchical/config_sn
         apshot_hierarchical.yaml                                               
INFO     Stage 1: kw_rf (fixed, binary HER2+ vs rest, threshold=0.5)            
INFO     Stage 2: en_rf (HR+ vs Triple Neg)                                     
INFO     Repeat seed: 1200                                                      
INFO     Stage 2 grid size: 800 combinations                                    
INFO     Loading data...                                                        
INFO     Loaded 100 samples, 273 features.                                      
INFO     Classes: ['HER2+', 'HR+', 'Triple Neg']                                
INFO       HER2+: 32 samples                                                    
INFO       HR+: 36 samples                                                      
INFO       Triple Neg: 32 samples                                               
INFO     Mislabel indices verified: [(2, 'Array.67'), (4, 'Array.22'), (45,     
         'Array.113')]                                                          
INFO       Fold 1: s1=1.0000 (t=0.50)  s2=0.6071  combined=0.7381  auroc=0.9237 
         excl=0.7381 (0)  (2868.3s)                                             
INFO       Fold 2: s1=1.0000 (t=0.50)  s2=0.4643  combined=0.6429  auroc=0.8736 
         excl=0.6429 (0)  (2867.6s)                                             
INFO       Fold 3: s1=1.0000 (t=0.50)  s2=0.7708  combined=0.8472  auroc=0.9251 
         excl=0.8857 (2)  (2814.2s)                                             
INFO       Fold 4: s1=1.0000 (t=0.50)  s2=0.6429  combined=0.7619  auroc=0.8938 
         excl=0.7619 (0)  (2817.8s)                                             
INFO       Fold 5: s1=1.0000 (t=0.50)  s2=0.7143  combined=0.8095  auroc=0.9341 
         excl=0.8492 (1)  (2717.7s)                                             
  en_rf r1200 ━━━━━━━━━━━━━━━━━━━━━━━━━━━━━━━━━━━━━━━━ 100% 3:54:46
INFO                                                                            
INFO     Summary for en_rf repeat 1200:                                         
INFO       Stage 1 (HER2+ vs rest):  1.0000 (+/- 0.0000)                        
INFO       Stage 2 (HR+ vs TN):      0.6399 (+/- 0.1045)                        
INFO       Combined (3-class):       0.7599 (+/- 0.0697)                        
INFO       Combined (excl mislabels): 0.7756 (+/- 0.0857)                       
INFO       Combined fold scores: [0.7381, 0.6429, 0.8472, 0.7619, 0.8095]       
INFO       Total time: 14086.5s                                                 
INFO     Fold results saved to                                                  
         /data/cbotos/TB-Project/results/2026-04-25_final_hierarchical/hierarchi
         cal_nested_cv/data/fold_results_en_rf_r1200.csv                        
INFO     Checkpoint removed (job complete).                                     
========================================
Finished: 2026-04-25 23:53:01
Elapsed:  3h 54m 49s
Exit:     0
========================================
[HNCV-TASK-DONE] array=16682 task=799 stage2_pipeline=en_rf repeat=1200 exit=0 elapsed=14089s
