========================================
Hierarchical CV - Job 405 of 1000
Stage 1:  kw_rf k=5 (fixed, threshold calibrated)
Stage 2:  kw_rf
Repeat:   1005 (seed_start=1001, offset=4)
Config:   /data/cbotos/TB-Project/results/2026-04-25_final_hierarchical/config_snapshot_hierarchical.yaml
Run:      final_hierarchical
Node:     node3
CPUs:     1
Memory:   4096MB
Work dir: /data/cbotos/TB-Project
Start:    2026-04-25 06:44:38
========================================
Running: python3 /data/cbotos/TB-Project/code/hierarchical_nested_cv_runner.py --pipeline kw_rf --repeat 1005 --config /data/cbotos/TB-Project/results/2026-04-25_final_hierarchical/config_snapshot_hierarchical.yaml --name final_hierarchical
INFO     Run: 2026-04-25_final_hierarchical                                     
INFO     Config:                                                                
         /data/cbotos/TB-Project/results/2026-04-25_final_hierarchical/config_sn
         apshot_hierarchical.yaml                                               
INFO     Stage 1: kw_rf (fixed, binary HER2+ vs rest, threshold=0.5)            
INFO     Stage 2: kw_rf (HR+ vs Triple Neg)                                     
INFO     Repeat seed: 1005                                                      
INFO     Stage 2 grid size: 32 combinations                                     
INFO     Loading data...                                                        
INFO     Loaded 100 samples, 273 features.                                      
INFO     Classes: ['HER2+', 'HR+', 'Triple Neg']                                
INFO       HER2+: 32 samples                                                    
INFO       HR+: 36 samples                                                      
INFO       Triple Neg: 32 samples                                               
INFO     Mislabel indices verified: [(2, 'Array.67'), (4, 'Array.22'), (45,     
         'Array.113')]                                                          
INFO       Fold 1: s1=1.0000 (t=0.50)  s2=0.8571  combined=0.9048  auroc=0.9466 
         excl=0.9444 (1)  (86.5s)                                               
INFO       Fold 2: s1=1.0000 (t=0.50)  s2=0.7500  combined=0.8333  auroc=0.9426 
         excl=0.8333 (0)  (87.0s)                                               
INFO       Fold 3: s1=1.0000 (t=0.50)  s2=0.6458  combined=0.7639  auroc=0.9028 
         excl=0.7639 (0)  (86.3s)                                               
INFO       Fold 4: s1=1.0000 (t=0.50)  s2=0.7857  combined=0.8571  auroc=0.9267 
         excl=0.8968 (1)  (86.6s)                                               
INFO       Fold 5: s1=1.0000 (t=0.50)  s2=0.7143  combined=0.8095  auroc=0.9011 
         excl=0.8333 (1)  (86.7s)                                               
  kw_rf r1005 ━━━━━━━━━━━━━━━━━━━━━━━━━━━━━━━━━━━━━━━━ 100% 0:07:13
INFO                                                                            
INFO     Summary for kw_rf repeat 1005:                                         
INFO       Stage 1 (HER2+ vs rest):  1.0000 (+/- 0.0000)                        
INFO       Stage 2 (HR+ vs TN):      0.7506 (+/- 0.0705)                        
INFO       Combined (3-class):       0.8337 (+/- 0.0470)                        
INFO       Combined (excl mislabels): 0.8544 (+/- 0.0616)                       
INFO       Combined fold scores: [0.9048, 0.8333, 0.7639, 0.8571, 0.8095]       
INFO       Total time: 433.3s                                                   
INFO     Fold results saved to                                                  
         /data/cbotos/TB-Project/results/2026-04-25_final_hierarchical/hierarchi
         cal_nested_cv/data/fold_results_kw_rf_r1005.csv                        
INFO     Checkpoint removed (job complete).                                     
========================================
Finished: 2026-04-25 06:51:53
Elapsed:  0h 7m 15s
Exit:     0
========================================
[HNCV-TASK-DONE] array=16682 task=404 stage2_pipeline=kw_rf repeat=1005 exit=0 elapsed=435s
