========================================
Hierarchical CV - Job 601 of 1000
Stage 1:  kw_rf k=5 (fixed, threshold calibrated)
Stage 2:  en_rf
Repeat:   1001 (seed_start=1001, offset=0)
Config:   /data/cbotos/TB-Project/results/2026-04-25_final_hierarchical/config_snapshot_hierarchical.yaml
Run:      final_hierarchical
Node:     node3
CPUs:     1
Memory:   4096MB
Work dir: /data/cbotos/TB-Project
Start:    2026-04-25 07:56:14
========================================
Running: python3 /data/cbotos/TB-Project/code/hierarchical_nested_cv_runner.py --pipeline en_rf --repeat 1001 --config /data/cbotos/TB-Project/results/2026-04-25_final_hierarchical/config_snapshot_hierarchical.yaml --name final_hierarchical
INFO     Run: 2026-04-25_final_hierarchical                                     
INFO     Config:                                                                
         /data/cbotos/TB-Project/results/2026-04-25_final_hierarchical/config_sn
         apshot_hierarchical.yaml                                               
INFO     Stage 1: kw_rf (fixed, binary HER2+ vs rest, threshold=0.5)            
INFO     Stage 2: en_rf (HR+ vs Triple Neg)                                     
INFO     Repeat seed: 1001                                                      
INFO     Stage 2 grid size: 800 combinations                                    
INFO     Loading data...                                                        
INFO     Loaded 100 samples, 273 features.                                      
INFO     Classes: ['HER2+', 'HR+', 'Triple Neg']                                
INFO       HER2+: 32 samples                                                    
INFO       HR+: 36 samples                                                      
INFO       Triple Neg: 32 samples                                               
INFO     Mislabel indices verified: [(2, 'Array.67'), (4, 'Array.22'), (45,     
         'Array.113')]                                                          
INFO       Fold 1: s1=1.0000 (t=0.50)  s2=0.5952  combined=0.7302  auroc=0.9161 
         excl=0.7302 (0)  (2370.1s)                                             
INFO       Fold 2: s1=1.0000 (t=0.50)  s2=0.8571  combined=0.9048  auroc=0.9695 
         excl=0.9048 (0)  (2351.9s)                                             
INFO       Fold 3: s1=1.0000 (t=0.50)  s2=0.5417  combined=0.6944  auroc=0.8549 
         excl=0.7167 (1)  (2374.1s)                                             
INFO       Fold 4: s1=1.0000 (t=0.50)  s2=0.6429  combined=0.7619  auroc=0.9121 
         excl=0.7619 (0)  (2376.6s)                                             
INFO       Fold 5: s1=1.0000 (t=0.50)  s2=0.5714  combined=0.7143  auroc=0.8168 
         excl=0.7222 (2)  (2372.2s)                                             
  en_rf r1001 ━━━━━━━━━━━━━━━━━━━━━━━━━━━━━━━━━━━━━━━━ 100% 3:17:24
INFO                                                                            
INFO     Summary for en_rf repeat 1001:                                         
INFO       Stage 1 (HER2+ vs rest):  1.0000 (+/- 0.0000)                        
INFO       Stage 2 (HR+ vs TN):      0.6417 (+/- 0.1127)                        
INFO       Combined (3-class):       0.7611 (+/- 0.0751)                        
INFO       Combined (excl mislabels): 0.7671 (+/- 0.0706)                       
INFO       Combined fold scores: [0.7302, 0.9048, 0.6944, 0.7619, 0.7143]       
INFO       Total time: 11845.0s                                                 
INFO     Fold results saved to                                                  
         /data/cbotos/TB-Project/results/2026-04-25_final_hierarchical/hierarchi
         cal_nested_cv/data/fold_results_en_rf_r1001.csv                        
INFO     Checkpoint removed (job complete).                                     
========================================
Finished: 2026-04-25 11:13:41
Elapsed:  3h 17m 27s
Exit:     0
========================================
[HNCV-TASK-DONE] array=16682 task=600 stage2_pipeline=en_rf repeat=1001 exit=0 elapsed=11847s
