========================================
Hierarchical CV - Job 764 of 1000
Stage 1:  kw_rf k=5 (fixed, threshold calibrated)
Stage 2:  en_rf
Repeat:   1164 (seed_start=1001, offset=163)
Config:   /data/cbotos/TB-Project/results/2026-04-25_final_hierarchical/config_snapshot_hierarchical.yaml
Run:      final_hierarchical
Node:     node1
CPUs:     1
Memory:   4096MB
Work dir: /data/cbotos/TB-Project
Start:    2026-04-25 19:05:50
========================================
Running: python3 /data/cbotos/TB-Project/code/hierarchical_nested_cv_runner.py --pipeline en_rf --repeat 1164 --config /data/cbotos/TB-Project/results/2026-04-25_final_hierarchical/config_snapshot_hierarchical.yaml --name final_hierarchical
INFO     Run: 2026-04-25_final_hierarchical                                     
INFO     Config:                                                                
         /data/cbotos/TB-Project/results/2026-04-25_final_hierarchical/config_sn
         apshot_hierarchical.yaml                                               
INFO     Stage 1: kw_rf (fixed, binary HER2+ vs rest, threshold=0.5)            
INFO     Stage 2: en_rf (HR+ vs Triple Neg)                                     
INFO     Repeat seed: 1164                                                      
INFO     Stage 2 grid size: 800 combinations                                    
INFO     Loading data...                                                        
INFO     Loaded 100 samples, 273 features.                                      
INFO     Classes: ['HER2+', 'HR+', 'Triple Neg']                                
INFO       HER2+: 32 samples                                                    
INFO       HR+: 36 samples                                                      
INFO       Triple Neg: 32 samples                                               
INFO     Mislabel indices verified: [(2, 'Array.67'), (4, 'Array.22'), (45,     
         'Array.113')]                                                          
INFO       Fold 1: s1=1.0000 (t=0.50)  s2=0.4524  combined=0.6349  auroc=0.8478 
         excl=0.6571 (1)  (2829.0s)                                             
INFO       Fold 2: s1=1.0000 (t=0.50)  s2=0.6071  combined=0.7381  auroc=0.8826 
         excl=0.7381 (0)  (2850.9s)                                             
INFO       Fold 3: s1=1.0000 (t=0.50)  s2=0.7500  combined=0.8333  auroc=0.9479 
         excl=0.8333 (0)  (2811.2s)                                             
INFO       Fold 4: s1=1.0000 (t=0.50)  s2=0.4286  combined=0.6190  auroc=0.8352 
         excl=0.6667 (2)  (2873.0s)                                             
INFO       Fold 5: s1=1.0000 (t=0.50)  s2=0.7857  combined=0.8571  auroc=0.9414 
         excl=0.8571 (0)  (2853.3s)                                             
  en_rf r1164 ━━━━━━━━━━━━━━━━━━━━━━━━━━━━━━━━━━━━━━━━ 100% 3:57:06
INFO                                                                            
INFO     Summary for en_rf repeat 1164:                                         
INFO       Stage 1 (HER2+ vs rest):  1.0000 (+/- 0.0000)                        
INFO       Stage 2 (HR+ vs TN):      0.6048 (+/- 0.1470)                        
INFO       Combined (3-class):       0.7365 (+/- 0.0980)                        
INFO       Combined (excl mislabels): 0.7505 (+/- 0.0826)                       
INFO       Combined fold scores: [0.6349, 0.7381, 0.8333, 0.619, 0.8571]        
INFO       Total time: 14226.5s                                                 
INFO     Fold results saved to                                                  
         /data/cbotos/TB-Project/results/2026-04-25_final_hierarchical/hierarchi
         cal_nested_cv/data/fold_results_en_rf_r1164.csv                        
INFO     Checkpoint removed (job complete).                                     
========================================
Finished: 2026-04-25 23:02:59
Elapsed:  3h 57m 9s
Exit:     0
========================================
[HNCV-TASK-DONE] array=16682 task=763 stage2_pipeline=en_rf repeat=1164 exit=0 elapsed=14229s
