========================================
Hierarchical CV - Job 636 of 1000
Stage 1:  kw_rf k=5 (fixed, threshold calibrated)
Stage 2:  en_rf
Repeat:   1036 (seed_start=1001, offset=35)
Config:   /data/cbotos/TB-Project/results/2026-04-25_final_hierarchical/config_snapshot_hierarchical.yaml
Run:      final_hierarchical
Node:     node2
CPUs:     1
Memory:   4096MB
Work dir: /data/cbotos/TB-Project
Start:    2026-04-25 08:00:04
========================================
Running: python3 /data/cbotos/TB-Project/code/hierarchical_nested_cv_runner.py --pipeline en_rf --repeat 1036 --config /data/cbotos/TB-Project/results/2026-04-25_final_hierarchical/config_snapshot_hierarchical.yaml --name final_hierarchical
INFO     Run: 2026-04-25_final_hierarchical                                     
INFO     Config:                                                                
         /data/cbotos/TB-Project/results/2026-04-25_final_hierarchical/config_sn
         apshot_hierarchical.yaml                                               
INFO     Stage 1: kw_rf (fixed, binary HER2+ vs rest, threshold=0.5)            
INFO     Stage 2: en_rf (HR+ vs Triple Neg)                                     
INFO     Repeat seed: 1036                                                      
INFO     Stage 2 grid size: 800 combinations                                    
INFO     Loading data...                                                        
INFO     Loaded 100 samples, 273 features.                                      
INFO     Classes: ['HER2+', 'HR+', 'Triple Neg']                                
INFO       HER2+: 32 samples                                                    
INFO       HR+: 36 samples                                                      
INFO       Triple Neg: 32 samples                                               
INFO     Mislabel indices verified: [(2, 'Array.67'), (4, 'Array.22'), (45,     
         'Array.113')]                                                          
INFO       Fold 1: s1=1.0000 (t=0.50)  s2=0.8452  combined=0.8968  auroc=0.9771 
         excl=0.9444 (1)  (2877.7s)                                             
INFO       Fold 2: s1=1.0000 (t=0.50)  s2=0.8452  combined=0.8968  auroc=0.9353 
         excl=0.8968 (0)  (2814.3s)                                             
INFO       Fold 3: s1=1.0000 (t=0.50)  s2=0.7083  combined=0.8056  auroc=0.9256 
         excl=0.8056 (0)  (2840.5s)                                             
INFO       Fold 4: s1=1.0000 (t=0.50)  s2=0.6429  combined=0.7619  auroc=0.8681 
         excl=0.8190 (2)  (2855.8s)                                             
INFO       Fold 5: s1=1.0000 (t=0.50)  s2=0.7857  combined=0.8571  auroc=0.8974 
         excl=0.8571 (0)  (2856.5s)                                             
  en_rf r1036 ━━━━━━━━━━━━━━━━━━━━━━━━━━━━━━━━━━━━━━━━ 100% 3:57:24
INFO                                                                            
INFO     Summary for en_rf repeat 1036:                                         
INFO       Stage 1 (HER2+ vs rest):  1.0000 (+/- 0.0000)                        
INFO       Stage 2 (HR+ vs TN):      0.7655 (+/- 0.0793)                        
INFO       Combined (3-class):       0.8437 (+/- 0.0529)                        
INFO       Combined (excl mislabels): 0.8646 (+/- 0.0510)                       
INFO       Combined fold scores: [0.8968, 0.8968, 0.8056, 0.7619, 0.8571]       
INFO       Total time: 14245.0s                                                 
INFO     Fold results saved to                                                  
         /data/cbotos/TB-Project/results/2026-04-25_final_hierarchical/hierarchi
         cal_nested_cv/data/fold_results_en_rf_r1036.csv                        
INFO     Checkpoint removed (job complete).                                     
========================================
Finished: 2026-04-25 11:57:31
Elapsed:  3h 57m 27s
Exit:     0
========================================
[HNCV-TASK-DONE] array=16682 task=635 stage2_pipeline=en_rf repeat=1036 exit=0 elapsed=14247s
