========================================
Hierarchical CV - Job 139 of 200
Stage 1:  kw_rf k=5 (fixed, threshold calibrated)
Stage 2:  nmc_pens_ensemble
Repeat:   1139 (seed_start=1001, offset=138)
Config:   /data/cbotos/TB-Project/results/2026-04-25_final_hierarchical/config_snapshot_hierarchical.yaml
Run:      final_hierarchical
Node:     node3
CPUs:     1
Memory:   4096MB
Work dir: /data/cbotos/TB-Project
Start:    2026-04-26 00:01:22
========================================
Running: python3 /data/cbotos/TB-Project/code/hierarchical_nested_cv_runner.py --pipeline nmc_pens_ensemble --repeat 1139 --config /data/cbotos/TB-Project/results/2026-04-25_final_hierarchical/config_snapshot_hierarchical.yaml --name final_hierarchical
INFO     Run: 2026-04-25_final_hierarchical                                     
INFO     Config:                                                                
         /data/cbotos/TB-Project/results/2026-04-25_final_hierarchical/config_sn
         apshot_hierarchical.yaml                                               
INFO     Stage 1: kw_rf (fixed, binary HER2+ vs rest, threshold=0.5)            
INFO     Stage 2: nmc_pens_ensemble (HR+ vs Triple Neg)                         
INFO     Repeat seed: 1139                                                      
INFO     Post-hoc ensemble: averaging nmc_pens_ensemble components              
         ('kw_nmc_pens', 'en_nmc_pens')                                         
INFO     Loaded component: kw_nmc_pens (5 rows)                                 
INFO     Loaded component: en_nmc_pens (5 rows)                                 
INFO       Fold 1: combined=0.8889  s2=0.8333  auroc=0.9658  (0.0s)             
INFO       Fold 2: combined=0.8492  s2=0.7738  auroc=0.9466  (0.0s)             
INFO       Fold 3: combined=0.7500  s2=0.6250  auroc=0.8958  (0.0s)             
INFO       Fold 4: combined=0.7619  s2=0.6429  auroc=0.9267  (0.0s)             
INFO       Fold 5: combined=0.7619  s2=0.6429  auroc=0.9121  (0.0s)             
INFO     Ensemble fold results saved to                                         
         /data/cbotos/TB-Project/results/2026-04-25_final_hierarchical/hierarchi
         cal_nested_cv/data/fold_results_nmc_pens_ensemble_r1139.csv            
INFO     Summary for nmc_pens_ensemble repeat 1139:                             
INFO       Combined (3-class): 0.8024 (+/- 0.0560)                              
INFO       Stage 2 (HR+ vs TN): 0.7036 (+/- 0.0840)                             
INFO     Total time: 0.1s                                                       
========================================
Finished: 2026-04-26 00:01:24
Elapsed:  0h 0m 2s
Exit:     0
========================================
[HNCV-TASK-DONE] array=16684 task=138 stage2_pipeline=nmc_pens_ensemble repeat=1139 exit=0 elapsed=2s
