Run directory: /mnt/d/Coursework/TB-Project/results/2026-04-25_final_hierarchical
Reading fold results from: /mnt/d/Coursework/TB-Project/results/2026-04-25_final_hierarchical/hierarchical_nested_cv/data
Found 2000 fold result files.
Renamed hierarchical columns to standard analysis names.
Aggregated 10000 fold rows across 10 pipelines and 200 repeats.
Pipeline ordering: ['kw_nmc', 'en_nmc', 'kw_rf', 'en_rf', 'standalone_en', 'nmc_ensemble', 'kw_nmc_pens', 'standalone_en_pens', 'en_nmc_pens', 'nmc_pens_ensemble']
Saved aggregated fold results: /mnt/d/Coursework/TB-Project/results/2026-04-25_final_hierarchical/nested_cv_analysis/data/all_fold_results.csv
Computed per-repeat means for 2000 pipeline-repeat pairs.
Hierarchical mode detected: using BA2 (Stage 2) as primary metric.
Summary statistics (primary metric: stage2_bal_acc):
  EN + NMC (plateau): mean=0.7593 +/- 0.0323, median=0.7613, n_repeats=200
  NMC Pens Ensemble: mean=0.7567 +/- 0.0370, median=0.7533, n_repeats=200
  KW + NMC (plateau): mean=0.7504 +/- 0.0397, median=0.7521, n_repeats=200
  EN (plateau): mean=0.7413 +/- 0.0287, median=0.7432, n_repeats=200
  NMC Ensemble: mean=0.7398 +/- 0.0372, median=0.7446, n_repeats=200
  Standalone EN: mean=0.7376 +/- 0.0326, median=0.7423, n_repeats=200
  KW + NMC: mean=0.7362 +/- 0.0459, median=0.7381, n_repeats=200
  EN + NMC: mean=0.7292 +/- 0.0397, median=0.7304, n_repeats=200
  KW + RF: mean=0.7206 +/- 0.0436, median=0.7226, n_repeats=200
  EN + RF: mean=0.6910 +/- 0.0458, median=0.6943, n_repeats=200
Combined 3-class BA (secondary diagnostic, inflated by perfect Stage 1):
  EN + NMC (plateau): BA2=0.7593, combined_BA=0.8395
  NMC Pens Ensemble: BA2=0.7567, combined_BA=0.8378
  KW + NMC (plateau): BA2=0.7504, combined_BA=0.8336
  EN (plateau): BA2=0.7413, combined_BA=0.8275
  NMC Ensemble: BA2=0.7398, combined_BA=0.8265
  Standalone EN: BA2=0.7376, combined_BA=0.8251
  KW + NMC: BA2=0.7362, combined_BA=0.8241
  EN + NMC: BA2=0.7292, combined_BA=0.8194
  KW + RF: BA2=0.7206, combined_BA=0.8137
  EN + RF: BA2=0.6910, combined_BA=0.7940
Saved combined BA summary: /mnt/d/Coursework/TB-Project/results/2026-04-25_final_hierarchical/nested_cv_analysis/data/summary_statistics_combined_ba.csv
Saved primary summary statistics: /mnt/d/Coursework/TB-Project/results/2026-04-25_final_hierarchical/nested_cv_analysis/data/summary_statistics.csv
=== Mislabel Exclusion Sensitivity Analysis (metric: stage2_bal_acc_excl) ===
  EN + NMC (plateau): excl=0.7933 +/- 0.1038 (incl=0.7593, delta=+0.0341)
  NMC Pens Ensemble: excl=0.7912 +/- 0.1068 (incl=0.7567, delta=+0.0345)
  KW + NMC (plateau): excl=0.7846 +/- 0.1157 (incl=0.7504, delta=+0.0341)
  NMC Ensemble: excl=0.7734 +/- 0.1104 (incl=0.7398, delta=+0.0336)
  EN (plateau): excl=0.7720 +/- 0.1006 (incl=0.7413, delta=+0.0307)
  Standalone EN: excl=0.7693 +/- 0.1018 (incl=0.7376, delta=+0.0317)
  KW + NMC: excl=0.7689 +/- 0.1274 (incl=0.7362, delta=+0.0327)
  EN + NMC: excl=0.7592 +/- 0.1113 (incl=0.7292, delta=+0.0301)
  KW + RF: excl=0.7521 +/- 0.1178 (incl=0.7206, delta=+0.0316)
  EN + RF: excl=0.7196 +/- 0.1263 (incl=0.6910, delta=+0.0286)
Saved mislabel exclusion summary: /mnt/d/Coursework/TB-Project/results/2026-04-25_final_hierarchical/nested_cv_analysis/data/sensitivity_mislabel_exclusion.csv
Friedman test: chi2=404.1550, p=0.000000
  kw_nmc vs en_nmc: W=8389.0, p=0.054980, p_corrected=1.000000 
  kw_nmc vs kw_rf: W=6474.5, p=0.000029, p_corrected=0.001302 *
  kw_nmc vs en_rf: W=2414.5, p=0.000000, p_corrected=0.000000 *
  kw_nmc vs standalone_en: W=9784.0, p=0.838295, p_corrected=1.000000 
  kw_nmc vs nmc_ensemble: W=8002.0, p=0.080387, p_corrected=1.000000 
  kw_nmc vs kw_nmc_pens: W=5489.0, p=0.000000, p_corrected=0.000012 *
  kw_nmc vs standalone_en_pens: W=8895.5, p=0.236840, p_corrected=1.000000 
  kw_nmc vs en_nmc_pens: W=4089.5, p=0.000000, p_corrected=0.000000 *
  kw_nmc vs nmc_pens_ensemble: W=3879.5, p=0.000000, p_corrected=0.000000 *
  en_nmc vs kw_rf: W=8247.0, p=0.027809, p_corrected=1.000000 
  en_nmc vs en_rf: W=2886.0, p=0.000000, p_corrected=0.000000 *
  en_nmc vs standalone_en: W=7933.5, p=0.017572, p_corrected=0.790746 
  en_nmc vs nmc_ensemble: W=6305.5, p=0.000084, p_corrected=0.003795 *
  en_nmc vs kw_nmc_pens: W=5091.0, p=0.000000, p_corrected=0.000000 *
  en_nmc vs standalone_en_pens: W=7040.5, p=0.000500, p_corrected=0.022510 *
  en_nmc vs en_nmc_pens: W=2879.0, p=0.000000, p_corrected=0.000000 *
  en_nmc vs nmc_pens_ensemble: W=3444.0, p=0.000000, p_corrected=0.000000 *
  kw_rf vs en_rf: W=4149.0, p=0.000000, p_corrected=0.000000 *
  kw_rf vs standalone_en: W=6253.0, p=0.000008, p_corrected=0.000376 *
  kw_rf vs nmc_ensemble: W=5472.0, p=0.000000, p_corrected=0.000001 *
  kw_rf vs kw_nmc_pens: W=3443.5, p=0.000000, p_corrected=0.000000 *
  kw_rf vs standalone_en_pens: W=5685.5, p=0.000000, p_corrected=0.000005 *
  kw_rf vs en_nmc_pens: W=2239.0, p=0.000000, p_corrected=0.000000 *
  kw_rf vs nmc_pens_ensemble: W=2422.0, p=0.000000, p_corrected=0.000000 *
  en_rf vs standalone_en: W=2162.5, p=0.000000, p_corrected=0.000000 *
  en_rf vs nmc_ensemble: W=1602.0, p=0.000000, p_corrected=0.000000 *
  en_rf vs kw_nmc_pens: W=1048.0, p=0.000000, p_corrected=0.000000 *
  en_rf vs standalone_en_pens: W=1768.0, p=0.000000, p_corrected=0.000000 *
  en_rf vs en_nmc_pens: W=452.5, p=0.000000, p_corrected=0.000000 *
  en_rf vs nmc_pens_ensemble: W=684.0, p=0.000000, p_corrected=0.000000 *
  standalone_en vs nmc_ensemble: W=8837.5, p=0.253970, p_corrected=1.000000 
  standalone_en vs kw_nmc_pens: W=6633.0, p=0.000031, p_corrected=0.001375 *
  standalone_en vs standalone_en_pens: W=8165.5, p=0.154202, p_corrected=1.000000 
  standalone_en vs en_nmc_pens: W=3738.0, p=0.000000, p_corrected=0.000000 *
  standalone_en vs nmc_pens_ensemble: W=4902.0, p=0.000000, p_corrected=0.000000 *
  nmc_ensemble vs kw_nmc_pens: W=6124.5, p=0.000021, p_corrected=0.000934 *
  nmc_ensemble vs standalone_en_pens: W=9050.0, p=0.689445, p_corrected=1.000000 
  nmc_ensemble vs en_nmc_pens: W=3450.0, p=0.000000, p_corrected=0.000000 *
  nmc_ensemble vs nmc_pens_ensemble: W=4172.5, p=0.000000, p_corrected=0.000000 *
  kw_nmc_pens vs standalone_en_pens: W=7500.0, p=0.001862, p_corrected=0.083776 
  kw_nmc_pens vs en_nmc_pens: W=6088.0, p=0.000084, p_corrected=0.003788 *
  kw_nmc_pens vs nmc_pens_ensemble: W=5136.0, p=0.000059, p_corrected=0.002670 *
  standalone_en_pens vs en_nmc_pens: W=4260.0, p=0.000000, p_corrected=0.000000 *
  standalone_en_pens vs nmc_pens_ensemble: W=5547.0, p=0.000000, p_corrected=0.000003 *
  en_nmc_pens vs nmc_pens_ensemble: W=6505.0, p=0.121799, p_corrected=1.000000 
=== Pre-registered Primary Comparisons (uncorrected) ===
  KW + NMC vs EN + NMC: W=8389.0, p=0.054980 
  KW + RF vs EN + RF: W=4149.0, p=0.000000 *
  Standalone EN vs EN (plateau) (plateau): W=8165.5, p=0.154202 
Saved pre-registered comparisons: /mnt/d/Coursework/TB-Project/results/2026-04-25_final_hierarchical/nested_cv_analysis/data/preregistered_comparisons.csv
Grouped classifier test (NMC vs RF, pooled over feature selectors):
  NMC mean=0.7327, RF mean=0.7058, diff=0.0269, W=3243.5, p=0.000000 *
Saved grouped NMC vs RF test: /mnt/d/Coursework/TB-Project/results/2026-04-25_final_hierarchical/nested_cv_analysis/data/grouped_nmc_vs_rf.csv
=== Exploratory Comparisons (42 tests, Bonferroni-corrected) ===
  kw_nmc vs kw_rf: W=6474.5, p=0.000029, p_corrected=0.001215 *
  kw_nmc vs en_rf: W=2414.5, p=0.000000, p_corrected=0.000000 *
  kw_nmc vs standalone_en: W=9784.0, p=0.838295, p_corrected=1.000000 
  kw_nmc vs nmc_ensemble: W=8002.0, p=0.080387, p_corrected=1.000000 
  kw_nmc vs kw_nmc_pens: W=5489.0, p=0.000000, p_corrected=0.000011 *
  kw_nmc vs standalone_en_pens: W=8895.5, p=0.236840, p_corrected=1.000000 
  kw_nmc vs en_nmc_pens: W=4089.5, p=0.000000, p_corrected=0.000000 *
  kw_nmc vs nmc_pens_ensemble: W=3879.5, p=0.000000, p_corrected=0.000000 *
  en_nmc vs kw_rf: W=8247.0, p=0.027809, p_corrected=1.000000 
  en_nmc vs en_rf: W=2886.0, p=0.000000, p_corrected=0.000000 *
  en_nmc vs standalone_en: W=7933.5, p=0.017572, p_corrected=0.738029 
  en_nmc vs nmc_ensemble: W=6305.5, p=0.000084, p_corrected=0.003542 *
  en_nmc vs kw_nmc_pens: W=5091.0, p=0.000000, p_corrected=0.000000 *
  en_nmc vs standalone_en_pens: W=7040.5, p=0.000500, p_corrected=0.021009 *
  en_nmc vs en_nmc_pens: W=2879.0, p=0.000000, p_corrected=0.000000 *
  en_nmc vs nmc_pens_ensemble: W=3444.0, p=0.000000, p_corrected=0.000000 *
  kw_rf vs standalone_en: W=6253.0, p=0.000008, p_corrected=0.000351 *
  kw_rf vs nmc_ensemble: W=5472.0, p=0.000000, p_corrected=0.000001 *
  kw_rf vs kw_nmc_pens: W=3443.5, p=0.000000, p_corrected=0.000000 *
  kw_rf vs standalone_en_pens: W=5685.5, p=0.000000, p_corrected=0.000004 *
  kw_rf vs en_nmc_pens: W=2239.0, p=0.000000, p_corrected=0.000000 *
  kw_rf vs nmc_pens_ensemble: W=2422.0, p=0.000000, p_corrected=0.000000 *
  en_rf vs standalone_en: W=2162.5, p=0.000000, p_corrected=0.000000 *
  en_rf vs nmc_ensemble: W=1602.0, p=0.000000, p_corrected=0.000000 *
  en_rf vs kw_nmc_pens: W=1048.0, p=0.000000, p_corrected=0.000000 *
  en_rf vs standalone_en_pens: W=1768.0, p=0.000000, p_corrected=0.000000 *
  en_rf vs en_nmc_pens: W=452.5, p=0.000000, p_corrected=0.000000 *
  en_rf vs nmc_pens_ensemble: W=684.0, p=0.000000, p_corrected=0.000000 *
  standalone_en vs nmc_ensemble: W=8837.5, p=0.253970, p_corrected=1.000000 
  standalone_en vs kw_nmc_pens: W=6633.0, p=0.000031, p_corrected=0.001283 *
  standalone_en vs en_nmc_pens: W=3738.0, p=0.000000, p_corrected=0.000000 *
  standalone_en vs nmc_pens_ensemble: W=4902.0, p=0.000000, p_corrected=0.000000 *
  nmc_ensemble vs kw_nmc_pens: W=6124.5, p=0.000021, p_corrected=0.000872 *
  nmc_ensemble vs standalone_en_pens: W=9050.0, p=0.689445, p_corrected=1.000000 
  nmc_ensemble vs en_nmc_pens: W=3450.0, p=0.000000, p_corrected=0.000000 *
  nmc_ensemble vs nmc_pens_ensemble: W=4172.5, p=0.000000, p_corrected=0.000000 *
  kw_nmc_pens vs standalone_en_pens: W=7500.0, p=0.001862, p_corrected=0.078190 
  kw_nmc_pens vs en_nmc_pens: W=6088.0, p=0.000084, p_corrected=0.003535 *
  kw_nmc_pens vs nmc_pens_ensemble: W=5136.0, p=0.000059, p_corrected=0.002492 *
  standalone_en_pens vs en_nmc_pens: W=4260.0, p=0.000000, p_corrected=0.000000 *
  standalone_en_pens vs nmc_pens_ensemble: W=5547.0, p=0.000000, p_corrected=0.000003 *
  en_nmc_pens vs nmc_pens_ensemble: W=6505.0, p=0.121799, p_corrected=1.000000 
Saved exploratory comparisons: /mnt/d/Coursework/TB-Project/results/2026-04-25_final_hierarchical/nested_cv_analysis/data/exploratory_comparisons.csv
Saved combined pairwise Wilcoxon tests: /mnt/d/Coursework/TB-Project/results/2026-04-25_final_hierarchical/nested_cv_analysis/data/pairwise_wilcoxon.csv
Nadeau-Bengio tests: k=5 folds, r=200 repeats, n_test=20, n_train=80, correction_factor=0.2510
  kw_nmc vs en_nmc: diff=0.0070, t=0.119, df=999, p=0.905440, p_corrected=1.000000 
  kw_nmc vs kw_rf: diff=0.0156, t=0.265, df=999, p=0.790906, p_corrected=1.000000 
  kw_nmc vs en_rf: diff=0.0452, t=0.687, df=999, p=0.492282, p_corrected=1.000000 
  kw_nmc vs standalone_en: diff=-0.0014, t=-0.025, df=999, p=0.979709, p_corrected=1.000000 
  kw_nmc vs nmc_ensemble: diff=-0.0036, t=-0.097, df=999, p=0.923097, p_corrected=1.000000 
  kw_nmc vs kw_nmc_pens: diff=-0.0142, t=-0.368, df=999, p=0.712626, p_corrected=1.000000 
  kw_nmc vs standalone_en_pens: diff=-0.0051, t=-0.093, df=999, p=0.926319, p_corrected=1.000000 
  kw_nmc vs en_nmc_pens: diff=-0.0231, t=-0.471, df=999, p=0.637705, p_corrected=1.000000 
  kw_nmc vs nmc_pens_ensemble: diff=-0.0205, t=-0.472, df=999, p=0.636780, p_corrected=1.000000 
  en_nmc vs kw_rf: diff=0.0086, t=0.140, df=999, p=0.888706, p_corrected=1.000000 
  en_nmc vs en_rf: diff=0.0382, t=0.631, df=999, p=0.528233, p_corrected=1.000000 
  en_nmc vs standalone_en: diff=-0.0085, t=-0.174, df=999, p=0.861966, p_corrected=1.000000 
  en_nmc vs nmc_ensemble: diff=-0.0106, t=-0.252, df=999, p=0.801189, p_corrected=1.000000 
  en_nmc vs kw_nmc_pens: diff=-0.0213, t=-0.397, df=999, p=0.691620, p_corrected=1.000000 
  en_nmc vs standalone_en_pens: diff=-0.0122, t=-0.242, df=999, p=0.808917, p_corrected=1.000000 
  en_nmc vs en_nmc_pens: diff=-0.0301, t=-0.633, df=999, p=0.527069, p_corrected=1.000000 
  en_nmc vs nmc_pens_ensemble: diff=-0.0275, t=-0.555, df=999, p=0.579211, p_corrected=1.000000 
  kw_rf vs en_rf: diff=0.0296, t=0.501, df=999, p=0.616408, p_corrected=1.000000 
  kw_rf vs standalone_en: diff=-0.0171, t=-0.317, df=999, p=0.751056, p_corrected=1.000000 
  kw_rf vs nmc_ensemble: diff=-0.0193, t=-0.353, df=999, p=0.723845, p_corrected=1.000000 
  kw_rf vs kw_nmc_pens: diff=-0.0299, t=-0.545, df=999, p=0.586207, p_corrected=1.000000 
  kw_rf vs standalone_en_pens: diff=-0.0208, t=-0.382, df=999, p=0.702905, p_corrected=1.000000 
  kw_rf vs en_nmc_pens: diff=-0.0387, t=-0.749, df=999, p=0.453772, p_corrected=1.000000 
  kw_rf vs nmc_pens_ensemble: diff=-0.0361, t=-0.697, df=999, p=0.486141, p_corrected=1.000000 
  en_rf vs standalone_en: diff=-0.0467, t=-0.790, df=999, p=0.429430, p_corrected=1.000000 
  en_rf vs nmc_ensemble: diff=-0.0488, t=-0.825, df=999, p=0.409423, p_corrected=1.000000 
  en_rf vs kw_nmc_pens: diff=-0.0595, t=-0.963, df=999, p=0.335676, p_corrected=1.000000 
  en_rf vs standalone_en_pens: diff=-0.0503, t=-0.840, df=999, p=0.401367, p_corrected=1.000000 
  en_rf vs en_nmc_pens: diff=-0.0683, t=-1.162, df=999, p=0.245429, p_corrected=1.000000 
  en_rf vs nmc_pens_ensemble: diff=-0.0657, t=-1.097, df=999, p=0.272971, p_corrected=1.000000 
  standalone_en vs nmc_ensemble: diff=-0.0022, t=-0.046, df=999, p=0.963477, p_corrected=1.000000 
  standalone_en vs kw_nmc_pens: diff=-0.0128, t=-0.252, df=999, p=0.801049, p_corrected=1.000000 
  standalone_en vs standalone_en_pens: diff=-0.0037, t=-0.104, df=999, p=0.917303, p_corrected=1.000000 
  standalone_en vs en_nmc_pens: diff=-0.0216, t=-0.507, df=999, p=0.611972, p_corrected=1.000000 
  standalone_en vs nmc_pens_ensemble: diff=-0.0190, t=-0.415, df=999, p=0.678159, p_corrected=1.000000 
  nmc_ensemble vs kw_nmc_pens: diff=-0.0106, t=-0.280, df=999, p=0.779895, p_corrected=1.000000 
  nmc_ensemble vs standalone_en_pens: diff=-0.0015, t=-0.032, df=999, p=0.974720, p_corrected=1.000000 
  nmc_ensemble vs en_nmc_pens: diff=-0.0195, t=-0.489, df=999, p=0.625121, p_corrected=1.000000 
  nmc_ensemble vs nmc_pens_ensemble: diff=-0.0168, t=-0.453, df=999, p=0.650951, p_corrected=1.000000 
  kw_nmc_pens vs standalone_en_pens: diff=0.0091, t=0.187, df=999, p=0.851326, p_corrected=1.000000 
  kw_nmc_pens vs en_nmc_pens: diff=-0.0089, t=-0.238, df=999, p=0.812045, p_corrected=1.000000 
  kw_nmc_pens vs nmc_pens_ensemble: diff=-0.0062, t=-0.239, df=999, p=0.810812, p_corrected=1.000000 
  standalone_en_pens vs en_nmc_pens: diff=-0.0180, t=-0.459, df=999, p=0.646443, p_corrected=1.000000 
  standalone_en_pens vs nmc_pens_ensemble: diff=-0.0153, t=-0.355, df=999, p=0.722500, p_corrected=1.000000 
  en_nmc_pens vs nmc_pens_ensemble: diff=0.0026, t=0.098, df=999, p=0.922014, p_corrected=1.000000 
Saved Nadeau-Bengio tests: /mnt/d/Coursework/TB-Project/results/2026-04-25_final_hierarchical/nested_cv_analysis/data/pairwise_nadeau_bengio.csv
=== Paired Bootstrap CIs (10000 resamples, 95% CI) ===
  KW + NMC vs EN + NMC: diff=+0.0070, 95% CI=[+0.0003, +0.0137], SE=0.0034 *
  KW + NMC vs KW + RF: diff=+0.0156, 95% CI=[+0.0089, +0.0225], SE=0.0035 *
  KW + NMC vs EN + RF: diff=+0.0452, 95% CI=[+0.0376, +0.0527], SE=0.0038 *
  KW + NMC vs Standalone EN: diff=-0.0014, 95% CI=[-0.0082, +0.0052], SE=0.0034 
  KW + NMC vs NMC Ensemble: diff=-0.0036, 95% CI=[-0.0079, +0.0007], SE=0.0022 
  KW + NMC vs KW + NMC (plateau): diff=-0.0142, 95% CI=[-0.0188, -0.0096], SE=0.0024 *
  KW + NMC vs EN (plateau): diff=-0.0051, 95% CI=[-0.0118, +0.0014], SE=0.0034 
  KW + NMC vs EN + NMC (plateau): diff=-0.0231, 95% CI=[-0.0286, -0.0176], SE=0.0028 *
  KW + NMC vs NMC Pens Ensemble: diff=-0.0205, 95% CI=[-0.0255, -0.0155], SE=0.0026 *
  EN + NMC vs KW + RF: diff=+0.0086, 95% CI=[+0.0008, +0.0161], SE=0.0039 *
  EN + NMC vs EN + RF: diff=+0.0382, 95% CI=[+0.0312, +0.0454], SE=0.0036 *
  EN + NMC vs Standalone EN: diff=-0.0085, 95% CI=[-0.0143, -0.0025], SE=0.0030 *
  EN + NMC vs NMC Ensemble: diff=-0.0106, 95% CI=[-0.0156, -0.0056], SE=0.0025 *
  EN + NMC vs KW + NMC (plateau): diff=-0.0213, 95% CI=[-0.0273, -0.0150], SE=0.0032 *
  EN + NMC vs EN (plateau): diff=-0.0122, 95% CI=[-0.0184, -0.0061], SE=0.0032 *
  EN + NMC vs EN + NMC (plateau): diff=-0.0301, 95% CI=[-0.0358, -0.0247], SE=0.0028 *
  EN + NMC vs NMC Pens Ensemble: diff=-0.0275, 95% CI=[-0.0334, -0.0217], SE=0.0030 *
  KW + RF vs EN + RF: diff=+0.0296, 95% CI=[+0.0222, +0.0369], SE=0.0037 *
  KW + RF vs Standalone EN: diff=-0.0171, 95% CI=[-0.0236, -0.0106], SE=0.0033 *
  KW + RF vs NMC Ensemble: diff=-0.0193, 95% CI=[-0.0256, -0.0129], SE=0.0033 *
  KW + RF vs KW + NMC (plateau): diff=-0.0299, 95% CI=[-0.0364, -0.0234], SE=0.0033 *
  KW + RF vs EN (plateau): diff=-0.0208, 95% CI=[-0.0275, -0.0140], SE=0.0034 *
  KW + RF vs EN + NMC (plateau): diff=-0.0387, 95% CI=[-0.0450, -0.0324], SE=0.0032 *
  KW + RF vs NMC Pens Ensemble: diff=-0.0361, 95% CI=[-0.0424, -0.0298], SE=0.0032 *
  EN + RF vs Standalone EN: diff=-0.0467, 95% CI=[-0.0539, -0.0394], SE=0.0037 *
  EN + RF vs NMC Ensemble: diff=-0.0488, 95% CI=[-0.0558, -0.0420], SE=0.0035 *
  EN + RF vs KW + NMC (plateau): diff=-0.0595, 95% CI=[-0.0664, -0.0524], SE=0.0036 *
  EN + RF vs EN (plateau): diff=-0.0503, 95% CI=[-0.0577, -0.0429], SE=0.0037 *
  EN + RF vs EN + NMC (plateau): diff=-0.0683, 95% CI=[-0.0751, -0.0615], SE=0.0035 *
  EN + RF vs NMC Pens Ensemble: diff=-0.0657, 95% CI=[-0.0728, -0.0586], SE=0.0036 *
  Standalone EN vs NMC Ensemble: diff=-0.0022, 95% CI=[-0.0077, +0.0036], SE=0.0029 
  Standalone EN vs KW + NMC (plateau): diff=-0.0128, 95% CI=[-0.0188, -0.0065], SE=0.0032 *
  Standalone EN vs EN (plateau): diff=-0.0037, 95% CI=[-0.0082, +0.0008], SE=0.0023 
  Standalone EN vs EN + NMC (plateau): diff=-0.0216, 95% CI=[-0.0268, -0.0165], SE=0.0026 *
  Standalone EN vs NMC Pens Ensemble: diff=-0.0190, 95% CI=[-0.0246, -0.0134], SE=0.0029 *
  NMC Ensemble vs KW + NMC (plateau): diff=-0.0106, 95% CI=[-0.0150, -0.0064], SE=0.0022 *
  NMC Ensemble vs EN (plateau): diff=-0.0015, 95% CI=[-0.0074, +0.0044], SE=0.0030 
  NMC Ensemble vs EN + NMC (plateau): diff=-0.0195, 95% CI=[-0.0237, -0.0152], SE=0.0022 *
  NMC Ensemble vs NMC Pens Ensemble: diff=-0.0168, 95% CI=[-0.0210, -0.0127], SE=0.0021 *
  KW + NMC (plateau) vs EN (plateau): diff=+0.0091, 95% CI=[+0.0034, +0.0148], SE=0.0029 *
  KW + NMC (plateau) vs EN + NMC (plateau): diff=-0.0089, 95% CI=[-0.0131, -0.0046], SE=0.0022 *
  KW + NMC (plateau) vs NMC Pens Ensemble: diff=-0.0062, 95% CI=[-0.0095, -0.0029], SE=0.0017 *
  EN (plateau) vs EN + NMC (plateau): diff=-0.0180, 95% CI=[-0.0227, -0.0131], SE=0.0024 *
  EN (plateau) vs NMC Pens Ensemble: diff=-0.0153, 95% CI=[-0.0205, -0.0101], SE=0.0027 *
  EN + NMC (plateau) vs NMC Pens Ensemble: diff=+0.0026, 95% CI=[-0.0007, +0.0061], SE=0.0017 
Saved bootstrap CIs: /mnt/d/Coursework/TB-Project/results/2026-04-25_final_hierarchical/nested_cv_analysis/data/pairwise_bootstrap_ci.csv (38/45 pairs distinguishable)
Winning pipeline: EN + NMC (plateau) (mean BA2 = 0.7593)
Error agreement analysis (20000 total sample-predictions):
  KW + NMC: 3572 errors (17.9% error rate)
  EN + NMC: 3682 errors (18.4% error rate)
  KW + RF: 3791 errors (19.0% error rate)
  EN + RF: 4182 errors (20.9% error rate)
  Standalone EN: 3537 errors (17.7% error rate)
  NMC Ensemble: 3531 errors (17.7% error rate)
  KW + NMC (plateau): 3380 errors (16.9% error rate)
  EN (plateau): 3483 errors (17.4% error rate)
  EN + NMC (plateau): 3261 errors (16.3% error rate)
  NMC Pens Ensemble: 3294 errors (16.5% error rate)
Pairwise error overlap (Jaccard index of error sets):
  KW + NMC vs EN + NMC: Jaccard=0.562, P(EN + NMC wrong | KW + NMC wrong)=0.731, P(KW + NMC wrong | EN + NMC wrong)=0.709
  KW + NMC vs KW + RF: Jaccard=0.558, P(KW + RF wrong | KW + NMC wrong)=0.738, P(KW + NMC wrong | KW + RF wrong)=0.696
  KW + NMC vs EN + RF: Jaccard=0.493, P(EN + RF wrong | KW + NMC wrong)=0.717, P(KW + NMC wrong | EN + RF wrong)=0.612
  KW + NMC vs Standalone EN: Jaccard=0.570, P(Standalone EN wrong | KW + NMC wrong)=0.723, P(KW + NMC wrong | Standalone EN wrong)=0.730
  KW + NMC vs NMC Ensemble: Jaccard=0.776, P(NMC Ensemble wrong | KW + NMC wrong)=0.869, P(KW + NMC wrong | NMC Ensemble wrong)=0.879
  KW + NMC vs KW + NMC (plateau): Jaccard=0.753, P(KW + NMC (plateau) wrong | KW + NMC wrong)=0.836, P(KW + NMC wrong | KW + NMC (plateau) wrong)=0.884
  KW + NMC vs EN (plateau): Jaccard=0.572, P(EN (plateau) wrong | KW + NMC wrong)=0.719, P(KW + NMC wrong | EN (plateau) wrong)=0.737
  KW + NMC vs EN + NMC (plateau): Jaccard=0.660, P(EN + NMC (plateau) wrong | KW + NMC wrong)=0.760, P(KW + NMC wrong | EN + NMC (plateau) wrong)=0.833
  KW + NMC vs NMC Pens Ensemble: Jaccard=0.723, P(NMC Pens Ensemble wrong | KW + NMC wrong)=0.807, P(KW + NMC wrong | NMC Pens Ensemble wrong)=0.875
  EN + NMC vs KW + RF: Jaccard=0.514, P(KW + RF wrong | EN + NMC wrong)=0.689, P(EN + NMC wrong | KW + RF wrong)=0.669
  EN + NMC vs EN + RF: Jaccard=0.517, P(EN + RF wrong | EN + NMC wrong)=0.728, P(EN + NMC wrong | EN + RF wrong)=0.641
  EN + NMC vs Standalone EN: Jaccard=0.611, P(Standalone EN wrong | EN + NMC wrong)=0.744, P(EN + NMC wrong | Standalone EN wrong)=0.774
  EN + NMC vs NMC Ensemble: Jaccard=0.728, P(NMC Ensemble wrong | EN + NMC wrong)=0.825, P(EN + NMC wrong | NMC Ensemble wrong)=0.861
  EN + NMC vs KW + NMC (plateau): Jaccard=0.595, P(KW + NMC (plateau) wrong | EN + NMC wrong)=0.715, P(EN + NMC wrong | KW + NMC (plateau) wrong)=0.779
  EN + NMC vs EN (plateau): Jaccard=0.591, P(EN (plateau) wrong | EN + NMC wrong)=0.723, P(EN + NMC wrong | EN (plateau) wrong)=0.764
  EN + NMC vs EN + NMC (plateau): Jaccard=0.649, P(EN + NMC (plateau) wrong | EN + NMC wrong)=0.742, P(EN + NMC wrong | EN + NMC (plateau) wrong)=0.838
  EN + NMC vs NMC Pens Ensemble: Jaccard=0.635, P(NMC Pens Ensemble wrong | EN + NMC wrong)=0.736, P(EN + NMC wrong | NMC Pens Ensemble wrong)=0.822
  KW + RF vs EN + RF: Jaccard=0.581, P(EN + RF wrong | KW + RF wrong)=0.773, P(KW + RF wrong | EN + RF wrong)=0.701
  KW + RF vs Standalone EN: Jaccard=0.538, P(Standalone EN wrong | KW + RF wrong)=0.676, P(KW + RF wrong | Standalone EN wrong)=0.725
  KW + RF vs NMC Ensemble: Jaccard=0.574, P(NMC Ensemble wrong | KW + RF wrong)=0.705, P(KW + RF wrong | NMC Ensemble wrong)=0.756
  KW + RF vs KW + NMC (plateau): Jaccard=0.578, P(KW + NMC (plateau) wrong | KW + RF wrong)=0.693, P(KW + RF wrong | KW + NMC (plateau) wrong)=0.777
  KW + RF vs EN (plateau): Jaccard=0.536, P(EN (plateau) wrong | KW + RF wrong)=0.669, P(KW + RF wrong | EN (plateau) wrong)=0.729
  KW + RF vs EN + NMC (plateau): Jaccard=0.578, P(EN + NMC (plateau) wrong | KW + RF wrong)=0.681, P(KW + RF wrong | EN + NMC (plateau) wrong)=0.792
  KW + RF vs NMC Pens Ensemble: Jaccard=0.590, P(NMC Pens Ensemble wrong | KW + RF wrong)=0.694, P(KW + RF wrong | NMC Pens Ensemble wrong)=0.798
  EN + RF vs Standalone EN: Jaccard=0.537, P(Standalone EN wrong | EN + RF wrong)=0.645, P(EN + RF wrong | Standalone EN wrong)=0.762
  EN + RF vs NMC Ensemble: Jaccard=0.534, P(NMC Ensemble wrong | EN + RF wrong)=0.642, P(EN + RF wrong | NMC Ensemble wrong)=0.760
  EN + RF vs KW + NMC (plateau): Jaccard=0.514, P(KW + NMC (plateau) wrong | EN + RF wrong)=0.614, P(EN + RF wrong | KW + NMC (plateau) wrong)=0.759
  EN + RF vs EN (plateau): Jaccard=0.523, P(EN (plateau) wrong | EN + RF wrong)=0.629, P(EN + RF wrong | EN (plateau) wrong)=0.755
  EN + RF vs EN + NMC (plateau): Jaccard=0.525, P(EN + NMC (plateau) wrong | EN + RF wrong)=0.613, P(EN + RF wrong | EN + NMC (plateau) wrong)=0.786
  EN + RF vs NMC Pens Ensemble: Jaccard=0.531, P(NMC Pens Ensemble wrong | EN + RF wrong)=0.620, P(EN + RF wrong | NMC Pens Ensemble wrong)=0.787
  Standalone EN vs NMC Ensemble: Jaccard=0.633, P(NMC Ensemble wrong | Standalone EN wrong)=0.775, P(Standalone EN wrong | NMC Ensemble wrong)=0.776
  Standalone EN vs KW + NMC (plateau): Jaccard=0.607, P(KW + NMC (plateau) wrong | Standalone EN wrong)=0.739, P(Standalone EN wrong | KW + NMC (plateau) wrong)=0.773
  Standalone EN vs EN (plateau): Jaccard=0.771, P(EN (plateau) wrong | Standalone EN wrong)=0.864, P(Standalone EN wrong | EN (plateau) wrong)=0.878
  Standalone EN vs EN + NMC (plateau): Jaccard=0.672, P(EN + NMC (plateau) wrong | Standalone EN wrong)=0.773, P(Standalone EN wrong | EN + NMC (plateau) wrong)=0.838
  Standalone EN vs NMC Pens Ensemble: Jaccard=0.651, P(NMC Pens Ensemble wrong | Standalone EN wrong)=0.761, P(Standalone EN wrong | NMC Pens Ensemble wrong)=0.818
  NMC Ensemble vs KW + NMC (plateau): Jaccard=0.747, P(KW + NMC (plateau) wrong | NMC Ensemble wrong)=0.837, P(NMC Ensemble wrong | KW + NMC (plateau) wrong)=0.874
  NMC Ensemble vs EN (plateau): Jaccard=0.629, P(EN (plateau) wrong | NMC Ensemble wrong)=0.767, P(NMC Ensemble wrong | EN (plateau) wrong)=0.778
  NMC Ensemble vs EN + NMC (plateau): Jaccard=0.730, P(EN + NMC (plateau) wrong | NMC Ensemble wrong)=0.812, P(NMC Ensemble wrong | EN + NMC (plateau) wrong)=0.879
  NMC Ensemble vs NMC Pens Ensemble: Jaccard=0.768, P(NMC Pens Ensemble wrong | NMC Ensemble wrong)=0.839, P(NMC Ensemble wrong | NMC Pens Ensemble wrong)=0.900
  KW + NMC (plateau) vs EN (plateau): Jaccard=0.615, P(EN (plateau) wrong | KW + NMC (plateau) wrong)=0.773, P(KW + NMC (plateau) wrong | EN (plateau) wrong)=0.750
  KW + NMC (plateau) vs EN + NMC (plateau): Jaccard=0.746, P(EN + NMC (plateau) wrong | KW + NMC (plateau) wrong)=0.839, P(KW + NMC (plateau) wrong | EN + NMC (plateau) wrong)=0.870
  KW + NMC (plateau) vs NMC Pens Ensemble: Jaccard=0.871, P(NMC Pens Ensemble wrong | KW + NMC (plateau) wrong)=0.919, P(KW + NMC (plateau) wrong | NMC Pens Ensemble wrong)=0.943
  EN (plateau) vs EN + NMC (plateau): Jaccard=0.694, P(EN + NMC (plateau) wrong | EN (plateau) wrong)=0.793, P(EN (plateau) wrong | EN + NMC (plateau) wrong)=0.847
  EN (plateau) vs NMC Pens Ensemble: Jaccard=0.665, P(NMC Pens Ensemble wrong | EN (plateau) wrong)=0.777, P(EN (plateau) wrong | NMC Pens Ensemble wrong)=0.821
  EN + NMC (plateau) vs NMC Pens Ensemble: Jaccard=0.857, P(NMC Pens Ensemble wrong | EN + NMC (plateau) wrong)=0.928, P(EN + NMC (plateau) wrong | NMC Pens Ensemble wrong)=0.918
Saved error agreement matrices.
Saved figure: /mnt/d/Coursework/TB-Project/results/2026-04-25_final_hierarchical/nested_cv_analysis/figures/01_pipeline_comparison.png
Saved figure: /mnt/d/Coursework/TB-Project/results/2026-04-25_final_hierarchical/nested_cv_analysis/figures/02_interaction_plot.png
Saved figure: /mnt/d/Coursework/TB-Project/results/2026-04-25_final_hierarchical/nested_cv_analysis/figures/03_repeat_convergence.png
Saved figure: /mnt/d/Coursework/TB-Project/results/2026-04-25_final_hierarchical/nested_cv_analysis/figures/04_feature_importance.png
Saved figure: /mnt/d/Coursework/TB-Project/results/2026-04-25_final_hierarchical/nested_cv_analysis/figures/05_confusion_matrices.png
Saved figure: /mnt/d/Coursework/TB-Project/results/2026-04-25_final_hierarchical/nested_cv_analysis/figures/06_error_agreement.png
=== Hard Sample Diagnostic Analysis ===
Per-sample error rates pooled across 10000 fold-pipeline evaluations.
  HER2+ (n=32): mean error rate=0.000, never wrong=32, wrong at least once=0
  HR+ (n=36): mean error rate=0.238, never wrong=0, wrong at least once=36
  Triple Neg (n=32): mean error rate=0.290, never wrong=0, wrong at least once=32
Stage 2 samples (HR+ and Triple Neg): 68 total.
  HR+: median error rate=0.092, hard (>0.092)=18, easy (<=0.092)=18
    KW test (hard vs easy within HR+):
      Features with uncorrected p < 0.05: 14 / 273 (13.7 expected by chance)
      Features with Bonferroni p < 0.05: 0 / 273
      Features with BH-FDR q < 0.05: 0 / 273
      Features with BH-FDR q < 0.10: 0 / 273
      Top 10 features by raw p-value:
        chr4_190887518_191165971: H=5.94, p_raw=1.4778e-02, p_bonf=1.0000e+00, q_BH=7.5484e-01
        chr22_37683612_37705310: H=5.69, p_raw=1.7061e-02, p_bonf=1.0000e+00, q_BH=7.5484e-01
        chr23_90837054_91203848: H=5.61, p_raw=1.7808e-02, p_bonf=1.0000e+00, q_BH=7.5484e-01
        chr3_39066_478718: H=5.18, p_raw=2.2891e-02, p_bonf=1.0000e+00, q_BH=7.5484e-01
        chr15_22163893_32511475: H=5.16, p_raw=2.3065e-02, p_bonf=1.0000e+00, q_BH=7.5484e-01
        chr3_127015333_163987465: H=4.98, p_raw=2.5601e-02, p_bonf=1.0000e+00, q_BH=7.5484e-01
        chr16_68838368_69397102: H=4.58, p_raw=3.2439e-02, p_bonf=1.0000e+00, q_BH=7.5484e-01
        chr16_69763173_88690571: H=4.58, p_raw=3.2439e-02, p_bonf=1.0000e+00, q_BH=7.5484e-01
        chr16_54390012_68679377: H=4.49, p_raw=3.4158e-02, p_bonf=1.0000e+00, q_BH=7.5484e-01
        chr22_22672513_22714749: H=4.47, p_raw=3.4523e-02, p_bonf=1.0000e+00, q_BH=7.5484e-01
  Triple Neg: median error rate=0.099, hard (>0.099)=16, easy (<=0.099)=16
    KW test (hard vs easy within Triple Neg):
      Features with uncorrected p < 0.05: 20 / 273 (13.7 expected by chance)
      Features with Bonferroni p < 0.05: 0 / 273
      Features with BH-FDR q < 0.05: 0 / 273
      Features with BH-FDR q < 0.10: 0 / 273
      Top 10 features by raw p-value:
        chr22_24263116_37678070: H=7.88, p_raw=4.9870e-03, p_bonf=1.0000e+00, q_BH=5.0564e-01
        chr22_37717564_49509094: H=7.54, p_raw=6.0302e-03, p_bonf=1.0000e+00, q_BH=5.0564e-01
        chr3_164112881_193467200: H=6.29, p_raw=1.2136e-02, p_bonf=1.0000e+00, q_BH=5.0564e-01
        chr3_127015333_163987465: H=6.23, p_raw=1.2548e-02, p_bonf=1.0000e+00, q_BH=5.0564e-01
        chr22_22725750_24228038: H=5.42, p_raw=1.9874e-02, p_bonf=1.0000e+00, q_BH=5.0564e-01
        chr6_1535319_30010234: H=5.42, p_raw=1.9958e-02, p_bonf=1.0000e+00, q_BH=5.0564e-01
        chr5_21979223_32203336: H=5.31, p_raw=2.1144e-02, p_bonf=1.0000e+00, q_BH=5.0564e-01
        chr23_91234699_91344716: H=5.27, p_raw=2.1642e-02, p_bonf=1.0000e+00, q_BH=5.0564e-01
        chr6_30021894_32519935: H=5.23, p_raw=2.2185e-02, p_bonf=1.0000e+00, q_BH=5.0564e-01
        chr1_2870100_2901629: H=5.22, p_raw=2.2387e-02, p_bonf=1.0000e+00, q_BH=5.0564e-01
All Stage 2 samples with error_rate > 0 (68 samples):
  Array.22 (Triple Neg): error_rate=0.965 (1930 / 2000 evaluations wrong)
  Array.67 (HR+): error_rate=0.962 (1923 / 2000 evaluations wrong)
  Array.23 (HR+): error_rate=0.956 (1911 / 2000 evaluations wrong)
  Array.113 (Triple Neg): error_rate=0.923 (1846 / 2000 evaluations wrong)
  Array.124 (HR+): error_rate=0.898 (1796 / 2000 evaluations wrong)
  Array.69 (Triple Neg): error_rate=0.892 (1785 / 2000 evaluations wrong)
  Array.114 (Triple Neg): error_rate=0.870 (1739 / 2000 evaluations wrong)
  Array.104 (Triple Neg): error_rate=0.844 (1688 / 2000 evaluations wrong)
  Array.34 (HR+): error_rate=0.825 (1649 / 2000 evaluations wrong)
  Array.99 (Triple Neg): error_rate=0.817 (1634 / 2000 evaluations wrong)
  Array.100 (HR+): error_rate=0.789 (1578 / 2000 evaluations wrong)
  Array.107 (Triple Neg): error_rate=0.702 (1404 / 2000 evaluations wrong)
  Array.146 (Triple Neg): error_rate=0.691 (1382 / 2000 evaluations wrong)
  Array.142 (HR+): error_rate=0.663 (1327 / 2000 evaluations wrong)
  Array.85 (HR+): error_rate=0.577 (1153 / 2000 evaluations wrong)
  Array.101 (HR+): error_rate=0.559 (1119 / 2000 evaluations wrong)
  Array.59 (HR+): error_rate=0.494 (988 / 2000 evaluations wrong)
  Array.38 (Triple Neg): error_rate=0.462 (923 / 2000 evaluations wrong)
  Array.118 (Triple Neg): error_rate=0.451 (902 / 2000 evaluations wrong)
  Array.82 (HR+): error_rate=0.270 (540 / 2000 evaluations wrong)
  Array.154 (Triple Neg): error_rate=0.263 (526 / 2000 evaluations wrong)
  Array.90 (Triple Neg): error_rate=0.259 (517 / 2000 evaluations wrong)
  Array.7 (HR+): error_rate=0.247 (495 / 2000 evaluations wrong)
  Array.56 (HR+): error_rate=0.244 (488 / 2000 evaluations wrong)
  Array.62 (Triple Neg): error_rate=0.198 (395 / 2000 evaluations wrong)
  Array.123 (HR+): error_rate=0.186 (373 / 2000 evaluations wrong)
  Array.149 (HR+): error_rate=0.161 (322 / 2000 evaluations wrong)
  Array.145 (Triple Neg): error_rate=0.144 (289 / 2000 evaluations wrong)
  Array.37 (HR+): error_rate=0.130 (259 / 2000 evaluations wrong)
  Array.88 (Triple Neg): error_rate=0.126 (252 / 2000 evaluations wrong)
  Array.2 (HR+): error_rate=0.123 (247 / 2000 evaluations wrong)
  Array.134 (HR+): error_rate=0.115 (229 / 2000 evaluations wrong)
  Array.25 (Triple Neg): error_rate=0.104 (208 / 2000 evaluations wrong)
  Array.89 (HR+): error_rate=0.103 (206 / 2000 evaluations wrong)
  Array.102 (Triple Neg): error_rate=0.093 (186 / 2000 evaluations wrong)
  Array.33 (HR+): error_rate=0.082 (163 / 2000 evaluations wrong)
  Array.71 (Triple Neg): error_rate=0.077 (154 / 2000 evaluations wrong)
  Array.159 (Triple Neg): error_rate=0.073 (147 / 2000 evaluations wrong)
  Array.50 (Triple Neg): error_rate=0.058 (116 / 2000 evaluations wrong)
  Array.57 (Triple Neg): error_rate=0.051 (101 / 2000 evaluations wrong)
  Array.135 (Triple Neg): error_rate=0.046 (92 / 2000 evaluations wrong)
  Array.36 (HR+): error_rate=0.044 (88 / 2000 evaluations wrong)
  Array.112 (Triple Neg): error_rate=0.039 (78 / 2000 evaluations wrong)
  Array.8 (HR+): error_rate=0.038 (76 / 2000 evaluations wrong)
  Array.94 (HR+): error_rate=0.029 (57 / 2000 evaluations wrong)
  Array.93 (Triple Neg): error_rate=0.028 (55 / 2000 evaluations wrong)
  Array.111 (Triple Neg): error_rate=0.022 (44 / 2000 evaluations wrong)
  Array.31 (Triple Neg): error_rate=0.021 (41 / 2000 evaluations wrong)
  Array.153 (Triple Neg): error_rate=0.018 (37 / 2000 evaluations wrong)
  Array.5 (Triple Neg): error_rate=0.018 (37 / 2000 evaluations wrong)
  Array.24 (Triple Neg): error_rate=0.015 (31 / 2000 evaluations wrong)
  Array.95 (HR+): error_rate=0.015 (29 / 2000 evaluations wrong)
  Array.98 (HR+): error_rate=0.013 (27 / 2000 evaluations wrong)
  Array.30 (Triple Neg): error_rate=0.011 (22 / 2000 evaluations wrong)
  Array.52 (HR+): error_rate=0.011 (21 / 2000 evaluations wrong)
  Array.47 (Triple Neg): error_rate=0.008 (16 / 2000 evaluations wrong)
  Array.117 (HR+): error_rate=0.007 (15 / 2000 evaluations wrong)
  Array.64 (Triple Neg): error_rate=0.006 (12 / 2000 evaluations wrong)
  Array.48 (HR+): error_rate=0.006 (12 / 2000 evaluations wrong)
  Array.141 (HR+): error_rate=0.005 (10 / 2000 evaluations wrong)
  Array.137 (HR+): error_rate=0.004 (7 / 2000 evaluations wrong)
  Array.60 (HR+): error_rate=0.003 (5 / 2000 evaluations wrong)
  Array.39 (HR+): error_rate=0.002 (4 / 2000 evaluations wrong)
  Array.35 (HR+): error_rate=0.002 (3 / 2000 evaluations wrong)
  Array.43 (HR+): error_rate=0.001 (1 / 2000 evaluations wrong)
  Array.65 (HR+): error_rate=0.001 (1 / 2000 evaluations wrong)
  Array.27 (HR+): error_rate=0.001 (1 / 2000 evaluations wrong)
  Array.86 (HR+): error_rate=0.001 (1 / 2000 evaluations wrong)
Saved per-sample error summary: /mnt/d/Coursework/TB-Project/results/2026-04-25_final_hierarchical/nested_cv_analysis/data/hard_sample_summary.csv
Saved figure: /mnt/d/Coursework/TB-Project/results/2026-04-25_final_hierarchical/nested_cv_analysis/figures/07_hard_sample_analysis.png
CONCLUSION (HR+): 14 uncorrected hits vs 13.7 expected by chance - pure noise. Hard and easy samples are indistinguishable. Performance is at ceiling.
CONCLUSION (Triple Neg): 20 uncorrected hits vs 13.7 expected by chance - pure noise. Hard and easy samples are indistinguishable. Performance is at ceiling.
Analysis complete.
