========================================
Hierarchical CV v2 - Job 267 of 350
Stage 1:  kw_rf k=5 (fixed, threshold calibrated)
Stage 2:  nmc_ensemble
Repeat:   17 / 50
Config:   /data/cbotos/TB-Project/results/2026-04-24_server_run_v2/config_snapshot_hierarchical_v2.yaml
Run:      server_run_v2
Node:     node2
CPUs:     1
Memory:   4096MB
Work dir: /data/cbotos/TB-Project
Start:    2026-04-24 11:08:10
========================================
Running: python3 /data/cbotos/TB-Project/code/hierarchical_nested_cv_v2_runner.py --pipeline nmc_ensemble --repeat 17 --config /data/cbotos/TB-Project/results/2026-04-24_server_run_v2/config_snapshot_hierarchical_v2.yaml --name server_run_v2
INFO     Run: 2026-04-24_server_run_v2                                          
INFO     Config:                                                                
         /data/cbotos/TB-Project/results/2026-04-24_server_run_v2/config_snapsho
         t_hierarchical_v2.yaml                                                 
INFO     Stage 1: kw_rf (fixed, binary HER2+ vs rest, threshold calibrated)     
INFO     Stage 2: nmc_ensemble (HR+ vs Triple Neg)                              
INFO     Repeat seed: 17                                                        
INFO     Stage 2: no GridSearchCV (ensemble pipeline)                           
INFO     Loading data...                                                        
INFO     Loaded 100 samples, 273 features.                                      
INFO     Classes: ['HER2+', 'HR+', 'Triple Neg']                                
INFO       HER2+: 32 samples                                                    
INFO       HR+: 36 samples                                                      
INFO       Triple Neg: 32 samples                                               
INFO     Mislabel indices verified: [(2, 'Array.67'), (4, 'Array.22')]          
INFO         Stage 1 threshold: 0.20 (BA=1.0000, range 0.9600-1.0000).          
INFO         Pipeline ensemble component 1: KW k-ensemble                       
INFO           k=15: mean_max_prob=0.7433                                       
INFO           k=20: mean_max_prob=0.7294                                       
INFO           k=30: mean_max_prob=0.7163                                       
INFO           k=50: mean_max_prob=0.6994                                       
INFO         Pipeline ensemble component 2: EN+NMC GridSearchCV                 
INFO         Ensemble mean_max_prob: kens=0.7191, en=0.6668, ratio=1.08         
INFO       Fold 1: s1=1.0000 (t=0.20)  s2=0.7738  combined=0.8492  auroc=0.9389 
         excl=0.9444 (2)  (224.3s)                                              
INFO         Stage 1 threshold: 0.20 (BA=1.0000, range 0.9600-1.0000).          
INFO         Pipeline ensemble component 1: KW k-ensemble                       
INFO           k=15: mean_max_prob=0.6707                                       
INFO           k=20: mean_max_prob=0.6960                                       
INFO           k=30: mean_max_prob=0.6520                                       
INFO           k=50: mean_max_prob=0.6591                                       
INFO         Pipeline ensemble component 2: EN+NMC GridSearchCV                 
INFO         Ensemble mean_max_prob: kens=0.6583, en=0.6358, ratio=1.04         
INFO       Fold 2: s1=0.9615 (t=0.20)  s2=0.7619  combined=0.7937  auroc=0.9582 
         excl=0.7937 (0)  (218.5s)                                              
INFO         Stage 1 threshold: 0.25 (BA=1.0000, range 0.9067-1.0000).          
INFO         Pipeline ensemble component 1: KW k-ensemble                       
INFO           k=15: mean_max_prob=0.7072                                       
INFO           k=20: mean_max_prob=0.7023                                       
INFO           k=30: mean_max_prob=0.6945                                       
INFO           k=50: mean_max_prob=0.7129                                       
INFO         Pipeline ensemble component 2: EN+NMC GridSearchCV                 
INFO         Ensemble mean_max_prob: kens=0.6994, en=0.6851, ratio=1.02         
INFO       Fold 3: s1=1.0000 (t=0.25)  s2=0.7083  combined=0.8056  auroc=0.9554 
         excl=0.8056 (0)  (217.3s)                                              
INFO         Stage 1 threshold: 0.15 (BA=1.0000, range 0.8833-1.0000).          
INFO         Pipeline ensemble component 1: KW k-ensemble                       
INFO           k=15: mean_max_prob=0.7069                                       
INFO           k=20: mean_max_prob=0.6752                                       
INFO           k=30: mean_max_prob=0.6986                                       
INFO           k=50: mean_max_prob=0.6980                                       
INFO         Pipeline ensemble component 2: EN+NMC GridSearchCV                 
INFO         Ensemble mean_max_prob: kens=0.6793, en=0.6157, ratio=1.10         
INFO       Fold 4: s1=0.9643 (t=0.15)  s2=0.7857  combined=0.8095  auroc=0.9744 
         excl=0.8095 (0)  (216.4s)                                              
INFO         Stage 1 threshold: 0.20 (BA=1.0000, range 0.7900-1.0000).          
INFO         Pipeline ensemble component 1: KW k-ensemble                       
INFO           k=15: mean_max_prob=0.6899                                       
INFO           k=20: mean_max_prob=0.7137                                       
INFO           k=30: mean_max_prob=0.7111                                       
INFO           k=50: mean_max_prob=0.6900                                       
INFO         Pipeline ensemble component 2: EN+NMC GridSearchCV                 
INFO         Ensemble mean_max_prob: kens=0.7008, en=0.6275, ratio=1.12         
INFO       Fold 5: s1=1.0000 (t=0.20)  s2=0.8571  combined=0.9048  auroc=0.9853 
         excl=0.9048 (0)  (187.3s)                                              
  v2_nmc_ensemble r17 ━━━━━━━━━━━━━━━━━━━━━━━━━━━━━━━━━━━━━━━━ 100% 0:17:43
INFO                                                                            
INFO     Summary for v2_nmc_ensemble repeat 17:                                 
INFO       Stage 1 (HER2+ vs rest):  0.9852 (+/- 0.0182)                        
INFO       Stage 2 (HR+ vs TN):      0.7774 (+/- 0.0479)                        
INFO       Combined (3-class):       0.8325 (+/- 0.0407)                        
INFO       Combined (excl mislabels): 0.8516 (+/- 0.0611)                       
INFO       Combined fold scores: [0.8492, 0.7937, 0.8056, 0.8095, 0.9048]       
INFO       Total time: 1063.9s                                                  
INFO     Fold results saved to                                                  
         /data/cbotos/TB-Project/results/2026-04-24_server_run_v2/hierarchical_n
         ested_cv_v2/data/fold_results_nmc_ensemble_r17.csv                     
INFO     Checkpoint removed (job complete).                                     
========================================
Finished: 2026-04-24 11:25:57
Elapsed:  0h 17m 47s
Exit:     0
========================================
[HNCV2-TASK-DONE] array=15768 task=266 stage2_pipeline=nmc_ensemble repeat=17 exit=0 elapsed=1067s
