========================================
Hierarchical CV v2 - Job 283 of 350
Stage 1:  kw_rf k=5 (fixed, threshold calibrated)
Stage 2:  nmc_ensemble
Repeat:   33 / 50
Config:   /data/cbotos/TB-Project/results/2026-04-24_server_run_v2/config_snapshot_hierarchical_v2.yaml
Run:      server_run_v2
Node:     node2
CPUs:     1
Memory:   4096MB
Work dir: /data/cbotos/TB-Project
Start:    2026-04-24 11:09:34
========================================
Running: python3 /data/cbotos/TB-Project/code/hierarchical_nested_cv_v2_runner.py --pipeline nmc_ensemble --repeat 33 --config /data/cbotos/TB-Project/results/2026-04-24_server_run_v2/config_snapshot_hierarchical_v2.yaml --name server_run_v2
INFO     Run: 2026-04-24_server_run_v2                                          
INFO     Config:                                                                
         /data/cbotos/TB-Project/results/2026-04-24_server_run_v2/config_snapsho
         t_hierarchical_v2.yaml                                                 
INFO     Stage 1: kw_rf (fixed, binary HER2+ vs rest, threshold calibrated)     
INFO     Stage 2: nmc_ensemble (HR+ vs Triple Neg)                              
INFO     Repeat seed: 33                                                        
INFO     Stage 2: no GridSearchCV (ensemble pipeline)                           
INFO     Loading data...                                                        
INFO     Loaded 100 samples, 273 features.                                      
INFO     Classes: ['HER2+', 'HR+', 'Triple Neg']                                
INFO       HER2+: 32 samples                                                    
INFO       HR+: 36 samples                                                      
INFO       Triple Neg: 32 samples                                               
INFO     Mislabel indices verified: [(2, 'Array.67'), (4, 'Array.22')]          
INFO         Stage 1 threshold: 0.25 (BA=1.0000, range 0.9000-1.0000).          
INFO         Pipeline ensemble component 1: KW k-ensemble                       
INFO           k=15: mean_max_prob=0.6796                                       
INFO           k=20: mean_max_prob=0.6865                                       
INFO           k=30: mean_max_prob=0.7005                                       
INFO           k=50: mean_max_prob=0.6826                                       
INFO         Pipeline ensemble component 2: EN+NMC GridSearchCV                 
INFO         Ensemble mean_max_prob: kens=0.6818, en=0.6362, ratio=1.07         
INFO       Fold 1: s1=1.0000 (t=0.25)  s2=0.6071  combined=0.7381  auroc=0.9161 
         excl=0.7714 (1)  (225.0s)                                              
INFO         Stage 1 threshold: 0.15 (BA=1.0000, range 0.8400-1.0000).          
INFO         Pipeline ensemble component 1: KW k-ensemble                       
INFO           k=15: mean_max_prob=0.7264                                       
INFO           k=20: mean_max_prob=0.7156                                       
INFO           k=30: mean_max_prob=0.7018                                       
INFO           k=50: mean_max_prob=0.6824                                       
INFO         Pipeline ensemble component 2: EN+NMC GridSearchCV                 
INFO         Ensemble mean_max_prob: kens=0.7015, en=0.6652, ratio=1.05         
INFO       Fold 2: s1=0.9615 (t=0.15)  s2=0.7857  combined=0.8016  auroc=0.9692 
         excl=0.8016 (0)  (214.3s)                                              
INFO         Stage 1 threshold: 0.25 (BA=1.0000, range 0.9267-1.0000).          
INFO         Pipeline ensemble component 1: KW k-ensemble                       
INFO           k=15: mean_max_prob=0.6506                                       
INFO           k=20: mean_max_prob=0.6400                                       
INFO           k=30: mean_max_prob=0.6326                                       
INFO           k=50: mean_max_prob=0.6295                                       
INFO         Pipeline ensemble component 2: EN+NMC GridSearchCV                 
INFO         Ensemble mean_max_prob: kens=0.6260, en=0.6481, ratio=0.97         
INFO       Fold 3: s1=1.0000 (t=0.25)  s2=0.7292  combined=0.8194  auroc=0.9628 
         excl=0.8194 (0)  (212.2s)                                              
INFO         Stage 1 threshold: 0.15 (BA=1.0000, range 0.8467-1.0000).          
INFO         Pipeline ensemble component 1: KW k-ensemble                       
INFO           k=15: mean_max_prob=0.6651                                       
INFO           k=20: mean_max_prob=0.6766                                       
INFO           k=30: mean_max_prob=0.6939                                       
INFO           k=50: mean_max_prob=0.6985                                       
INFO         Pipeline ensemble component 2: EN+NMC GridSearchCV                 
INFO         Ensemble mean_max_prob: kens=0.6718, en=0.6172, ratio=1.09         
INFO       Fold 4: s1=1.0000 (t=0.15)  s2=0.8571  combined=0.9048  auroc=0.9377 
         excl=0.9048 (0)  (213.0s)                                              
INFO         Stage 1 threshold: 0.25 (BA=1.0000, range 0.9400-1.0000).          
INFO         Pipeline ensemble component 1: KW k-ensemble                       
INFO           k=15: mean_max_prob=0.6875                                       
INFO           k=20: mean_max_prob=0.6989                                       
INFO           k=30: mean_max_prob=0.7183                                       
INFO           k=50: mean_max_prob=0.7131                                       
INFO         Pipeline ensemble component 2: EN+NMC GridSearchCV                 
INFO         Ensemble mean_max_prob: kens=0.6949, en=0.6633, ratio=1.05         
INFO       Fold 5: s1=1.0000 (t=0.25)  s2=0.5714  combined=0.7143  auroc=0.8828 
         excl=0.7381 (1)  (183.7s)                                              
  v2_nmc_ensemble r33 ━━━━━━━━━━━━━━━━━━━━━━━━━━━━━━━━━━━━━━━━ 100% 0:17:28
INFO                                                                            
INFO     Summary for v2_nmc_ensemble repeat 33:                                 
INFO       Stage 1 (HER2+ vs rest):  0.9923 (+/- 0.0154)                        
INFO       Stage 2 (HR+ vs TN):      0.7101 (+/- 0.1073)                        
INFO       Combined (3-class):       0.7956 (+/- 0.0670)                        
INFO       Combined (excl mislabels): 0.8071 (+/- 0.0561)                       
INFO       Combined fold scores: [0.7381, 0.8016, 0.8194, 0.9048, 0.7143]       
INFO       Total time: 1048.3s                                                  
INFO     Fold results saved to                                                  
         /data/cbotos/TB-Project/results/2026-04-24_server_run_v2/hierarchical_n
         ested_cv_v2/data/fold_results_nmc_ensemble_r33.csv                     
INFO     Checkpoint removed (job complete).                                     
========================================
Finished: 2026-04-24 11:27:04
Elapsed:  0h 17m 30s
Exit:     0
========================================
[HNCV2-TASK-DONE] array=15768 task=282 stage2_pipeline=nmc_ensemble repeat=33 exit=0 elapsed=1050s
