========================================
Hierarchical CV v2 - Job 132 of 350
Stage 1:  kw_rf k=5 (fixed, threshold calibrated)
Stage 2:  kw_rf
Repeat:   32 / 50
Config:   /data/cbotos/TB-Project/results/2026-04-24_server_run_v2/config_snapshot_hierarchical_v2.yaml
Run:      server_run_v2
Node:     node1
CPUs:     1
Memory:   4096MB
Work dir: /data/cbotos/TB-Project
Start:    2026-04-24 07:03:57
========================================
Running: python3 /data/cbotos/TB-Project/code/hierarchical_nested_cv_v2_runner.py --pipeline kw_rf --repeat 32 --config /data/cbotos/TB-Project/results/2026-04-24_server_run_v2/config_snapshot_hierarchical_v2.yaml --name server_run_v2
INFO     Run: 2026-04-24_server_run_v2                                          
INFO     Config:                                                                
         /data/cbotos/TB-Project/results/2026-04-24_server_run_v2/config_snapsho
         t_hierarchical_v2.yaml                                                 
INFO     Stage 1: kw_rf (fixed, binary HER2+ vs rest, threshold calibrated)     
INFO     Stage 2: kw_rf (HR+ vs Triple Neg)                                     
INFO     Repeat seed: 32                                                        
INFO     Stage 2 grid size: 32 combinations                                     
INFO     Loading data...                                                        
INFO     Loaded 100 samples, 273 features.                                      
INFO     Classes: ['HER2+', 'HR+', 'Triple Neg']                                
INFO       HER2+: 32 samples                                                    
INFO       HR+: 36 samples                                                      
INFO       Triple Neg: 32 samples                                               
INFO     Mislabel indices verified: [(2, 'Array.67'), (4, 'Array.22')]          
INFO         Stage 1 threshold: 0.25 (BA=1.0000, range 0.9200-1.0000).          
INFO       Fold 1: s1=1.0000 (t=0.25)  s2=0.6071  combined=0.7381  auroc=0.9121 
         excl=0.7714 (1)  (104.6s)                                              
INFO         Stage 1 threshold: 0.20 (BA=1.0000, range 0.9200-1.0000).          
INFO       Fold 2: s1=1.0000 (t=0.20)  s2=0.7500  combined=0.8333  auroc=0.9582 
         excl=0.8333 (0)  (104.4s)                                              
INFO         Stage 1 threshold: 0.10 (BA=1.0000, range 0.7867-1.0000).          
INFO       Fold 3: s1=1.0000 (t=0.10)  s2=0.7083  combined=0.8056  auroc=0.9365 
         excl=0.8056 (0)  (104.4s)                                              
INFO         Stage 1 threshold: 0.15 (BA=1.0000, range 0.9433-1.0000).          
INFO       Fold 4: s1=1.0000 (t=0.15)  s2=0.7143  combined=0.8095  auroc=0.9048 
         excl=0.8095 (0)  (104.9s)                                              
INFO         Stage 1 threshold: 0.10 (BA=1.0000, range 0.8533-1.0000).          
INFO       Fold 5: s1=1.0000 (t=0.10)  s2=0.7857  combined=0.8571  auroc=0.9560 
         excl=0.9048 (1)  (104.9s)                                              
  v2_kw_rf r32 ━━━━━━━━━━━━━━━━━━━━━━━━━━━━━━━━━━━━━━━━ 100% 0:08:43
INFO                                                                            
INFO     Summary for v2_kw_rf repeat 32:                                        
INFO       Stage 1 (HER2+ vs rest):  1.0000 (+/- 0.0000)                        
INFO       Stage 2 (HR+ vs TN):      0.7131 (+/- 0.0598)                        
INFO       Combined (3-class):       0.8087 (+/- 0.0399)                        
INFO       Combined (excl mislabels): 0.8249 (+/- 0.0445)                       
INFO       Combined fold scores: [0.7381, 0.8333, 0.8056, 0.8095, 0.8571]       
INFO       Total time: 523.3s                                                   
INFO     Fold results saved to                                                  
         /data/cbotos/TB-Project/results/2026-04-24_server_run_v2/hierarchical_n
         ested_cv_v2/data/fold_results_kw_rf_r32.csv                            
INFO     Checkpoint removed (job complete).                                     
========================================
Finished: 2026-04-24 07:12:42
Elapsed:  0h 8m 45s
Exit:     0
========================================
[HNCV2-TASK-DONE] array=15768 task=131 stage2_pipeline=kw_rf repeat=32 exit=0 elapsed=525s
