========================================
Hierarchical CV v2 - Job 25 of 350
Stage 1:  kw_rf k=5 (fixed, threshold calibrated)
Stage 2:  kw_nmc
Repeat:   25 / 50
Config:   /data/cbotos/TB-Project/results/2026-04-24_server_run_v2/config_snapshot_hierarchical_v2.yaml
Run:      server_run_v2
Node:     node2
CPUs:     1
Memory:   4096MB
Work dir: /data/cbotos/TB-Project
Start:    2026-04-24 06:38:53
========================================
Running: python3 /data/cbotos/TB-Project/code/hierarchical_nested_cv_v2_runner.py --pipeline kw_nmc --repeat 25 --config /data/cbotos/TB-Project/results/2026-04-24_server_run_v2/config_snapshot_hierarchical_v2.yaml --name server_run_v2
INFO     Run: 2026-04-24_server_run_v2                                          
INFO     Config:                                                                
         /data/cbotos/TB-Project/results/2026-04-24_server_run_v2/config_snapsho
         t_hierarchical_v2.yaml                                                 
INFO     Stage 1: kw_rf (fixed, binary HER2+ vs rest, threshold calibrated)     
INFO     Stage 2: kw_nmc (HR+ vs Triple Neg)                                    
INFO     Repeat seed: 25                                                        
INFO     Stage 2 grid size: 8 combinations                                      
INFO     Loading data...                                                        
INFO     Loaded 100 samples, 273 features.                                      
INFO     Classes: ['HER2+', 'HR+', 'Triple Neg']                                
INFO       HER2+: 32 samples                                                    
INFO       HR+: 36 samples                                                      
INFO       Triple Neg: 32 samples                                               
INFO     Mislabel indices verified: [(2, 'Array.67'), (4, 'Array.22')]          
INFO         Stage 1 threshold: 0.15 (BA=1.0000, range 0.9000-1.0000).          
INFO       Fold 1: s1=0.9231 (t=0.15)  s2=0.6786  combined=0.6825  auroc=0.9161 
         excl=0.7222 (1)  (10.3s)                                               
INFO         Stage 1 threshold: 0.20 (BA=1.0000, range 0.8600-1.0000).          
INFO       Fold 2: s1=1.0000 (t=0.20)  s2=0.6190  combined=0.7460  auroc=0.8971 
         excl=0.7460 (0)  (8.9s)                                                
INFO         Stage 1 threshold: 0.20 (BA=1.0000, range 0.8667-1.0000).          
INFO       Fold 3: s1=1.0000 (t=0.20)  s2=0.7292  combined=0.8194  auroc=0.9221 
         excl=0.8750 (1)  (9.0s)                                                
INFO         Stage 1 threshold: 0.20 (BA=1.0000, range 0.8933-1.0000).          
INFO       Fold 4: s1=1.0000 (t=0.20)  s2=0.7143  combined=0.8095  auroc=0.9304 
         excl=0.8095 (0)  (9.0s)                                                
INFO         Stage 1 threshold: 0.15 (BA=1.0000, range 0.8767-1.0000).          
INFO       Fold 5: s1=1.0000 (t=0.15)  s2=0.7143  combined=0.8095  auroc=0.9707 
         excl=0.8095 (0)  (9.1s)                                                
  v2_kw_nmc r25 ━━━━━━━━━━━━━━━━━━━━━━━━━━━━━━━━━━━━━━━━ 100% 0:00:46
INFO                                                                            
INFO     Summary for v2_kw_nmc repeat 25:                                       
INFO       Stage 1 (HER2+ vs rest):  0.9846 (+/- 0.0308)                        
INFO       Stage 2 (HR+ vs TN):      0.6911 (+/- 0.0397)                        
INFO       Combined (3-class):       0.7734 (+/- 0.0524)                        
INFO       Combined (excl mislabels): 0.7925 (+/- 0.0538)                       
INFO       Combined fold scores: [0.6825, 0.746, 0.8194, 0.8095, 0.8095]        
INFO       Total time: 46.5s                                                    
INFO     Fold results saved to                                                  
         /data/cbotos/TB-Project/results/2026-04-24_server_run_v2/hierarchical_n
         ested_cv_v2/data/fold_results_kw_nmc_r25.csv                           
INFO     Checkpoint removed (job complete).                                     
========================================
Finished: 2026-04-24 06:39:43
Elapsed:  0h 0m 50s
Exit:     0
========================================
[HNCV2-TASK-DONE] array=15667 task=24 stage2_pipeline=kw_nmc repeat=25 exit=0 elapsed=50s
