========================================
Hierarchical CV v2 - Job 287 of 350
Stage 1:  kw_rf k=5 (fixed, threshold calibrated)
Stage 2:  nmc_ensemble
Repeat:   37 / 50
Config:   /data/cbotos/TB-Project/results/2026-04-24_server_run_v2/config_snapshot_hierarchical_v2.yaml
Run:      server_run_v2
Node:     node2
CPUs:     1
Memory:   4096MB
Work dir: /data/cbotos/TB-Project
Start:    2026-04-24 11:10:09
========================================
Running: python3 /data/cbotos/TB-Project/code/hierarchical_nested_cv_v2_runner.py --pipeline nmc_ensemble --repeat 37 --config /data/cbotos/TB-Project/results/2026-04-24_server_run_v2/config_snapshot_hierarchical_v2.yaml --name server_run_v2
INFO     Run: 2026-04-24_server_run_v2                                          
INFO     Config:                                                                
         /data/cbotos/TB-Project/results/2026-04-24_server_run_v2/config_snapsho
         t_hierarchical_v2.yaml                                                 
INFO     Stage 1: kw_rf (fixed, binary HER2+ vs rest, threshold calibrated)     
INFO     Stage 2: nmc_ensemble (HR+ vs Triple Neg)                              
INFO     Repeat seed: 37                                                        
INFO     Stage 2: no GridSearchCV (ensemble pipeline)                           
INFO     Loading data...                                                        
INFO     Loaded 100 samples, 273 features.                                      
INFO     Classes: ['HER2+', 'HR+', 'Triple Neg']                                
INFO       HER2+: 32 samples                                                    
INFO       HR+: 36 samples                                                      
INFO       Triple Neg: 32 samples                                               
INFO     Mislabel indices verified: [(2, 'Array.67'), (4, 'Array.22')]          
INFO         Stage 1 threshold: 0.20 (BA=1.0000, range 0.8400-1.0000).          
INFO         Pipeline ensemble component 1: KW k-ensemble                       
INFO           k=15: mean_max_prob=0.6937                                       
INFO           k=20: mean_max_prob=0.7062                                       
INFO           k=30: mean_max_prob=0.7223                                       
INFO           k=50: mean_max_prob=0.6970                                       
INFO         Pipeline ensemble component 2: EN+NMC GridSearchCV                 
INFO         Ensemble mean_max_prob: kens=0.6985, en=0.6428, ratio=1.09         
INFO       Fold 1: s1=1.0000 (t=0.20)  s2=0.8452  combined=0.8968  auroc=0.9695 
         excl=0.8968 (0)  (205.6s)                                              
INFO         Stage 1 threshold: 0.20 (BA=1.0000, range 0.8200-1.0000).          
INFO         Pipeline ensemble component 1: KW k-ensemble                       
INFO           k=15: mean_max_prob=0.7565                                       
INFO           k=20: mean_max_prob=0.6987                                       
INFO           k=30: mean_max_prob=0.6383                                       
INFO           k=50: mean_max_prob=0.6596                                       
INFO         Pipeline ensemble component 2: EN+NMC GridSearchCV                 
INFO         Ensemble mean_max_prob: kens=0.6738, en=0.6301, ratio=1.07         
INFO       Fold 2: s1=1.0000 (t=0.20)  s2=0.4643  combined=0.6429  auroc=0.8776 
         excl=0.6667 (1)  (225.7s)                                              
INFO         Stage 1 threshold: 0.15 (BA=1.0000, range 0.8933-1.0000).          
INFO         Pipeline ensemble component 1: KW k-ensemble                       
INFO           k=15: mean_max_prob=0.6821                                       
INFO           k=20: mean_max_prob=0.6924                                       
INFO           k=30: mean_max_prob=0.7335                                       
INFO           k=50: mean_max_prob=0.7226                                       
INFO         Pipeline ensemble component 2: EN+NMC GridSearchCV                 
INFO         Ensemble mean_max_prob: kens=0.7036, en=0.6406, ratio=1.10         
INFO       Fold 3: s1=1.0000 (t=0.15)  s2=0.7917  combined=0.8611  auroc=0.9583 
         excl=0.8611 (0)  (218.9s)                                              
INFO         Stage 1 threshold: 0.15 (BA=1.0000, range 0.9233-1.0000).          
INFO         Pipeline ensemble component 1: KW k-ensemble                       
INFO           k=15: mean_max_prob=0.7120                                       
INFO           k=20: mean_max_prob=0.7003                                       
INFO           k=30: mean_max_prob=0.6943                                       
INFO           k=50: mean_max_prob=0.6955                                       
INFO         Pipeline ensemble component 2: EN+NMC GridSearchCV                 
INFO         Ensemble mean_max_prob: kens=0.6969, en=0.6770, ratio=1.03         
INFO       Fold 4: s1=1.0000 (t=0.15)  s2=0.7143  combined=0.8095  auroc=0.9341 
         excl=0.8095 (0)  (208.6s)                                              
INFO         Stage 1 threshold: 0.25 (BA=1.0000, range 0.9033-1.0000).          
INFO         Pipeline ensemble component 1: KW k-ensemble                       
INFO           k=15: mean_max_prob=0.7132                                       
INFO           k=20: mean_max_prob=0.7103                                       
INFO           k=30: mean_max_prob=0.7086                                       
INFO           k=50: mean_max_prob=0.7023                                       
INFO         Pipeline ensemble component 2: EN+NMC GridSearchCV                 
INFO         Ensemble mean_max_prob: kens=0.6989, en=0.6701, ratio=1.04         
INFO       Fold 5: s1=1.0000 (t=0.25)  s2=0.8571  combined=0.9048  auroc=0.9670 
         excl=0.9524 (1)  (201.9s)                                              
  v2_nmc_ensemble r37 ━━━━━━━━━━━━━━━━━━━━━━━━━━━━━━━━━━━━━━━━ 100% 0:17:40
INFO                                                                            
INFO     Summary for v2_nmc_ensemble repeat 37:                                 
INFO       Stage 1 (HER2+ vs rest):  1.0000 (+/- 0.0000)                        
INFO       Stage 2 (HR+ vs TN):      0.7345 (+/- 0.1442)                        
INFO       Combined (3-class):       0.8230 (+/- 0.0961)                        
INFO       Combined (excl mislabels): 0.8373 (+/- 0.0972)                       
INFO       Combined fold scores: [0.8968, 0.6429, 0.8611, 0.8095, 0.9048]       
INFO       Total time: 1060.7s                                                  
INFO     Fold results saved to                                                  
         /data/cbotos/TB-Project/results/2026-04-24_server_run_v2/hierarchical_n
         ested_cv_v2/data/fold_results_nmc_ensemble_r37.csv                     
INFO     Checkpoint removed (job complete).                                     
========================================
Finished: 2026-04-24 11:27:51
Elapsed:  0h 17m 42s
Exit:     0
========================================
[HNCV2-TASK-DONE] array=15768 task=286 stage2_pipeline=nmc_ensemble repeat=37 exit=0 elapsed=1062s
