========================================
Hierarchical CV v2 - Job 172 of 350
Stage 1:  kw_rf k=5 (fixed, threshold calibrated)
Stage 2:  en_rf
Repeat:   22 / 50
Config:   /data/cbotos/TB-Project/results/2026-04-24_server_run_v2/config_snapshot_hierarchical_v2.yaml
Run:      server_run_v2
Node:     node1
CPUs:     1
Memory:   4096MB
Work dir: /data/cbotos/TB-Project
Start:    2026-04-24 07:12:38
========================================
Running: python3 /data/cbotos/TB-Project/code/hierarchical_nested_cv_v2_runner.py --pipeline en_rf --repeat 22 --config /data/cbotos/TB-Project/results/2026-04-24_server_run_v2/config_snapshot_hierarchical_v2.yaml --name server_run_v2
INFO     Run: 2026-04-24_server_run_v2                                          
INFO     Config:                                                                
         /data/cbotos/TB-Project/results/2026-04-24_server_run_v2/config_snapsho
         t_hierarchical_v2.yaml                                                 
INFO     Stage 1: kw_rf (fixed, binary HER2+ vs rest, threshold calibrated)     
INFO     Stage 2: en_rf (HR+ vs Triple Neg)                                     
INFO     Repeat seed: 22                                                        
INFO     Stage 2 grid size: 800 combinations                                    
INFO     Loading data...                                                        
INFO     Loaded 100 samples, 273 features.                                      
INFO     Classes: ['HER2+', 'HR+', 'Triple Neg']                                
INFO       HER2+: 32 samples                                                    
INFO       HR+: 36 samples                                                      
INFO       Triple Neg: 32 samples                                               
INFO     Mislabel indices verified: [(2, 'Array.67'), (4, 'Array.22')]          
INFO         Stage 1 threshold: 0.20 (BA=1.0000, range 0.9000-1.0000).          
INFO       Fold 1: s1=1.0000 (t=0.20)  s2=0.6190  combined=0.7460  auroc=0.9277 
         excl=0.7460 (0)  (2836.8s)                                             
INFO         Stage 1 threshold: 0.20 (BA=1.0000, range 0.9200-1.0000).          
INFO       Fold 2: s1=1.0000 (t=0.20)  s2=0.8452  combined=0.8968  auroc=0.9695 
         excl=0.9524 (1)  (2863.9s)                                             
INFO         Stage 1 threshold: 0.20 (BA=1.0000, range 0.8067-1.0000).          
INFO       Fold 3: s1=1.0000 (t=0.20)  s2=0.6875  combined=0.7917  auroc=0.9444 
         excl=0.7917 (0)  (2796.4s)                                             
INFO         Stage 1 threshold: 0.10 (BA=1.0000, range 0.8833-1.0000).          
INFO       Fold 4: s1=0.9643 (t=0.10)  s2=0.8571  combined=0.8571  auroc=0.9634 
         excl=0.8571 (0)  (2788.6s)                                             
INFO         Stage 1 threshold: 0.20 (BA=1.0000, range 0.9033-1.0000).          
INFO       Fold 5: s1=1.0000 (t=0.20)  s2=0.8571  combined=0.9048  auroc=0.9744 
         excl=0.9524 (1)  (2819.1s)                                             
  v2_en_rf r22 ━━━━━━━━━━━━━━━━━━━━━━━━━━━━━━━━━━━━━━━━ 100% 3:55:04
INFO                                                                            
INFO     Summary for v2_en_rf repeat 22:                                        
INFO       Stage 1 (HER2+ vs rest):  0.9929 (+/- 0.0143)                        
INFO       Stage 2 (HR+ vs TN):      0.7732 (+/- 0.1004)                        
INFO       Combined (3-class):       0.8393 (+/- 0.0615)                        
INFO       Combined (excl mislabels): 0.8599 (+/- 0.0833)                       
INFO       Combined fold scores: [0.746, 0.8968, 0.7917, 0.8571, 0.9048]        
INFO       Total time: 14104.9s                                                 
INFO     Fold results saved to                                                  
         /data/cbotos/TB-Project/results/2026-04-24_server_run_v2/hierarchical_n
         ested_cv_v2/data/fold_results_en_rf_r22.csv                            
INFO     Checkpoint removed (job complete).                                     
========================================
Finished: 2026-04-24 11:07:45
Elapsed:  3h 55m 7s
Exit:     0
========================================
[HNCV2-TASK-DONE] array=15768 task=171 stage2_pipeline=en_rf repeat=22 exit=0 elapsed=14107s
