========================================
Hierarchical CV v2 - Job 195 of 350
Stage 1:  kw_rf k=5 (fixed, threshold calibrated)
Stage 2:  en_rf
Repeat:   45 / 50
Config:   /data/cbotos/TB-Project/results/2026-04-24_server_run_v2/config_snapshot_hierarchical_v2.yaml
Run:      server_run_v2
Node:     node1
CPUs:     1
Memory:   4096MB
Work dir: /data/cbotos/TB-Project
Start:    2026-04-24 07:12:57
========================================
Running: python3 /data/cbotos/TB-Project/code/hierarchical_nested_cv_v2_runner.py --pipeline en_rf --repeat 45 --config /data/cbotos/TB-Project/results/2026-04-24_server_run_v2/config_snapshot_hierarchical_v2.yaml --name server_run_v2
INFO     Run: 2026-04-24_server_run_v2                                          
INFO     Config:                                                                
         /data/cbotos/TB-Project/results/2026-04-24_server_run_v2/config_snapsho
         t_hierarchical_v2.yaml                                                 
INFO     Stage 1: kw_rf (fixed, binary HER2+ vs rest, threshold calibrated)     
INFO     Stage 2: en_rf (HR+ vs Triple Neg)                                     
INFO     Repeat seed: 45                                                        
INFO     Stage 2 grid size: 800 combinations                                    
INFO     Loading data...                                                        
INFO     Loaded 100 samples, 273 features.                                      
INFO     Classes: ['HER2+', 'HR+', 'Triple Neg']                                
INFO       HER2+: 32 samples                                                    
INFO       HR+: 36 samples                                                      
INFO       Triple Neg: 32 samples                                               
INFO     Mislabel indices verified: [(2, 'Array.67'), (4, 'Array.22')]          
INFO         Stage 1 threshold: 0.15 (BA=1.0000, range 0.8800-1.0000).          
INFO       Fold 1: s1=1.0000 (t=0.15)  s2=0.7619  combined=0.8413  auroc=0.9237 
         excl=0.8857 (1)  (2844.9s)                                             
INFO         Stage 1 threshold: 0.20 (BA=1.0000, range 0.9000-1.0000).          
INFO       Fold 2: s1=1.0000 (t=0.20)  s2=0.6786  combined=0.7857  auroc=0.9316 
         excl=0.7857 (0)  (2848.1s)                                             
INFO         Stage 1 threshold: 0.20 (BA=1.0000, range 0.9267-1.0000).          
INFO       Fold 3: s1=1.0000 (t=0.20)  s2=0.9167  combined=0.9444  auroc=0.9400 
         excl=0.9444 (0)  (2844.1s)                                             
INFO         Stage 1 threshold: 0.20 (BA=1.0000, range 0.8667-1.0000).          
INFO       Fold 4: s1=1.0000 (t=0.20)  s2=0.4286  combined=0.6190  auroc=0.8168 
         excl=0.6429 (1)  (2792.3s)                                             
INFO         Stage 1 threshold: 0.25 (BA=1.0000, range 0.8300-1.0000).          
INFO       Fold 5: s1=1.0000 (t=0.25)  s2=0.6429  combined=0.7619  auroc=0.9121 
         excl=0.7619 (0)  (2812.5s)                                             
  v2_en_rf r45 ━━━━━━━━━━━━━━━━━━━━━━━━━━━━━━━━━━━━━━━━ 100% 3:55:42
INFO                                                                            
INFO     Summary for v2_en_rf repeat 45:                                        
INFO       Stage 1 (HER2+ vs rest):  1.0000 (+/- 0.0000)                        
INFO       Stage 2 (HR+ vs TN):      0.6857 (+/- 0.1595)                        
INFO       Combined (3-class):       0.7905 (+/- 0.1063)                        
INFO       Combined (excl mislabels): 0.8041 (+/- 0.1044)                       
INFO       Combined fold scores: [0.8413, 0.7857, 0.9444, 0.619, 0.7619]        
INFO       Total time: 14142.1s                                                 
INFO     Fold results saved to                                                  
         /data/cbotos/TB-Project/results/2026-04-24_server_run_v2/hierarchical_n
         ested_cv_v2/data/fold_results_en_rf_r45.csv                            
INFO     Checkpoint removed (job complete).                                     
========================================
Finished: 2026-04-24 11:08:41
Elapsed:  3h 55m 44s
Exit:     0
========================================
[HNCV2-TASK-DONE] array=15768 task=194 stage2_pipeline=en_rf repeat=45 exit=0 elapsed=14144s
