========================================
Hierarchical CV v2 - Job 202 of 350
Stage 1:  kw_rf k=5 (fixed, threshold calibrated)
Stage 2:  kw_nmc_kens
Repeat:   2 / 50
Config:   /data/cbotos/TB-Project/results/2026-04-24_server_run_v2/config_snapshot_hierarchical_v2.yaml
Run:      server_run_v2
Node:     node3
CPUs:     1
Memory:   4096MB
Work dir: /data/cbotos/TB-Project
Start:    2026-04-24 10:28:20
========================================
Running: python3 /data/cbotos/TB-Project/code/hierarchical_nested_cv_v2_runner.py --pipeline kw_nmc_kens --repeat 2 --config /data/cbotos/TB-Project/results/2026-04-24_server_run_v2/config_snapshot_hierarchical_v2.yaml --name server_run_v2
INFO     Run: 2026-04-24_server_run_v2                                          
INFO     Config:                                                                
         /data/cbotos/TB-Project/results/2026-04-24_server_run_v2/config_snapsho
         t_hierarchical_v2.yaml                                                 
INFO     Stage 1: kw_rf (fixed, binary HER2+ vs rest, threshold calibrated)     
INFO     Stage 2: kw_nmc_kens (HR+ vs Triple Neg)                               
INFO     Repeat seed: 2                                                         
INFO     Stage 2: no GridSearchCV (ensemble pipeline)                           
INFO     Loading data...                                                        
INFO     Loaded 100 samples, 273 features.                                      
INFO     Classes: ['HER2+', 'HR+', 'Triple Neg']                                
INFO       HER2+: 32 samples                                                    
INFO       HR+: 36 samples                                                      
INFO       Triple Neg: 32 samples                                               
INFO     Mislabel indices verified: [(2, 'Array.67'), (4, 'Array.22')]          
INFO         Stage 1 threshold: 0.15 (BA=1.0000, range 0.8800-1.0000).          
INFO           k=15: mean_max_prob=0.6540                                       
INFO           k=20: mean_max_prob=0.6502                                       
INFO           k=30: mean_max_prob=0.6563                                       
INFO           k=50: mean_max_prob=0.6494                                       
INFO       Fold 1: s1=1.0000 (t=0.15)  s2=0.7857  combined=0.8571  auroc=0.9924 
         excl=0.8571 (0)  (3.6s)                                                
INFO         Stage 1 threshold: 0.20 (BA=1.0000, range 0.8800-1.0000).          
INFO           k=15: mean_max_prob=0.6980                                       
INFO           k=20: mean_max_prob=0.7052                                       
INFO           k=30: mean_max_prob=0.6915                                       
INFO           k=50: mean_max_prob=0.6782                                       
INFO       Fold 2: s1=1.0000 (t=0.20)  s2=1.0000  combined=1.0000  auroc=1.0000 
         excl=1.0000 (0)  (3.6s)                                                
INFO         Stage 1 threshold: 0.20 (BA=1.0000, range 0.8667-1.0000).          
INFO           k=15: mean_max_prob=0.7075                                       
INFO           k=20: mean_max_prob=0.7185                                       
INFO           k=30: mean_max_prob=0.7462                                       
INFO           k=50: mean_max_prob=0.7504                                       
INFO       Fold 3: s1=1.0000 (t=0.20)  s2=0.6875  combined=0.7917  auroc=0.9067 
         excl=0.7917 (0)  (3.6s)                                                
INFO         Stage 1 threshold: 0.20 (BA=1.0000, range 0.8833-1.0000).          
INFO           k=15: mean_max_prob=0.7171                                       
INFO           k=20: mean_max_prob=0.7179                                       
INFO           k=30: mean_max_prob=0.7160                                       
INFO           k=50: mean_max_prob=0.7165                                       
INFO       Fold 4: s1=1.0000 (t=0.20)  s2=0.7143  combined=0.8095  auroc=0.9341 
         excl=0.8095 (0)  (3.6s)                                                
INFO         Stage 1 threshold: 0.20 (BA=1.0000, range 0.8267-1.0000).          
INFO           k=15: mean_max_prob=0.7072                                       
INFO           k=20: mean_max_prob=0.7286                                       
INFO           k=30: mean_max_prob=0.7194                                       
INFO           k=50: mean_max_prob=0.6996                                       
INFO       Fold 5: s1=1.0000 (t=0.20)  s2=0.7143  combined=0.8095  auroc=0.9634 
         excl=0.8889 (2)  (3.6s)                                                
  v2_kw_nmc_kens r2 ━━━━━━━━━━━━━━━━━━━━━━━━━━━━━━━━━━━━━━━━ 100% 0:00:17
INFO                                                                            
INFO     Summary for v2_kw_nmc_kens repeat 2:                                   
INFO       Stage 1 (HER2+ vs rest):  1.0000 (+/- 0.0000)                        
INFO       Stage 2 (HR+ vs TN):      0.7804 (+/- 0.1146)                        
INFO       Combined (3-class):       0.8536 (+/- 0.0764)                        
INFO       Combined (excl mislabels): 0.8694 (+/- 0.0738)                       
INFO       Combined fold scores: [0.8571, 1.0, 0.7917, 0.8095, 0.8095]          
INFO       Total time: 18.0s                                                    
INFO     Fold results saved to                                                  
         /data/cbotos/TB-Project/results/2026-04-24_server_run_v2/hierarchical_n
         ested_cv_v2/data/fold_results_kw_nmc_kens_r2.csv                       
INFO     Checkpoint removed (job complete).                                     
========================================
Finished: 2026-04-24 10:28:40
Elapsed:  0h 0m 20s
Exit:     0
========================================
[HNCV2-TASK-DONE] array=15768 task=201 stage2_pipeline=kw_nmc_kens repeat=2 exit=0 elapsed=20s
