========================================
Hierarchical CV v2 - Job 310 of 350
Stage 1:  kw_rf k=5 (fixed, threshold calibrated)
Stage 2:  kw_nmc_kgrid
Repeat:   10 / 50
Config:   /data/cbotos/TB-Project/results/2026-04-24_server_run_v2/config_snapshot_hierarchical_v2.yaml
Run:      server_run_v2
Node:     node2
CPUs:     1
Memory:   4096MB
Work dir: /data/cbotos/TB-Project
Start:    2026-04-24 11:14:17
========================================
Running: python3 /data/cbotos/TB-Project/code/hierarchical_nested_cv_v2_runner.py --pipeline kw_nmc_kgrid --repeat 10 --config /data/cbotos/TB-Project/results/2026-04-24_server_run_v2/config_snapshot_hierarchical_v2.yaml --name server_run_v2
INFO     Run: 2026-04-24_server_run_v2                                          
INFO     Config:                                                                
         /data/cbotos/TB-Project/results/2026-04-24_server_run_v2/config_snapsho
         t_hierarchical_v2.yaml                                                 
INFO     Stage 1: kw_rf (fixed, binary HER2+ vs rest, threshold calibrated)     
INFO     Stage 2: kw_nmc_kgrid (HR+ vs Triple Neg)                              
INFO     Repeat seed: 10                                                        
INFO     Stage 2 grid size: 4 combinations                                      
INFO     Loading data...                                                        
INFO     Loaded 100 samples, 273 features.                                      
INFO     Classes: ['HER2+', 'HR+', 'Triple Neg']                                
INFO       HER2+: 32 samples                                                    
INFO       HR+: 36 samples                                                      
INFO       Triple Neg: 32 samples                                               
INFO     Mislabel indices verified: [(2, 'Array.67'), (4, 'Array.22')]          
INFO         Stage 1 threshold: 0.15 (BA=1.0000, range 0.8600-1.0000).          
INFO       Fold 1: s1=0.9615 (t=0.15)  s2=0.7619  combined=0.7857  auroc=0.9655 
         excl=0.8333 (1)  (6.5s)                                                
INFO         Stage 1 threshold: 0.15 (BA=1.0000, range 0.9200-1.0000).          
INFO       Fold 2: s1=1.0000 (t=0.15)  s2=0.7619  combined=0.8413  auroc=0.9084 
         excl=0.8413 (0)  (6.5s)                                                
INFO         Stage 1 threshold: 0.20 (BA=1.0000, range 0.9233-1.0000).          
INFO       Fold 3: s1=1.0000 (t=0.20)  s2=0.7917  combined=0.8611  auroc=0.9554 
         excl=0.8611 (0)  (6.4s)                                                
INFO         Stage 1 threshold: 0.15 (BA=1.0000, range 0.7900-1.0000).          
INFO       Fold 4: s1=1.0000 (t=0.15)  s2=0.7143  combined=0.8095  auroc=0.9341 
         excl=0.8492 (1)  (6.4s)                                                
INFO         Stage 1 threshold: 0.20 (BA=1.0000, range 0.9067-1.0000).          
INFO       Fold 5: s1=1.0000 (t=0.20)  s2=0.7857  combined=0.8571  auroc=0.9267 
         excl=0.8571 (0)  (6.4s)                                                
  v2_kw_nmc_kgrid r10 ━━━━━━━━━━━━━━━━━━━━━━━━━━━━━━━━━━━━━━━━ 100% 0:00:32
INFO                                                                            
INFO     Summary for v2_kw_nmc_kgrid repeat 10:                                 
INFO       Stage 1 (HER2+ vs rest):  0.9923 (+/- 0.0154)                        
INFO       Stage 2 (HR+ vs TN):      0.7631 (+/- 0.0273)                        
INFO       Combined (3-class):       0.8310 (+/- 0.0290)                        
INFO       Combined (excl mislabels): 0.8484 (+/- 0.0102)                       
INFO       Combined fold scores: [0.7857, 0.8413, 0.8611, 0.8095, 0.8571]       
INFO       Total time: 32.3s                                                    
INFO     Fold results saved to                                                  
         /data/cbotos/TB-Project/results/2026-04-24_server_run_v2/hierarchical_n
         ested_cv_v2/data/fold_results_kw_nmc_kgrid_r10.csv                     
INFO     Checkpoint removed (job complete).                                     
========================================
Finished: 2026-04-24 11:14:51
Elapsed:  0h 0m 34s
Exit:     0
========================================
[HNCV2-TASK-DONE] array=15768 task=309 stage2_pipeline=kw_nmc_kgrid repeat=10 exit=0 elapsed=34s
