========================================
Hierarchical CV v2 - Job 34 of 350
Stage 1:  kw_rf k=5 (fixed, threshold calibrated)
Stage 2:  kw_nmc
Repeat:   34 / 50
Config:   /data/cbotos/TB-Project/results/2026-04-24_server_run_v2/config_snapshot_hierarchical_v2.yaml
Run:      server_run_v2
Node:     node2
CPUs:     1
Memory:   4096MB
Work dir: /data/cbotos/TB-Project
Start:    2026-04-24 06:38:53
========================================
Running: python3 /data/cbotos/TB-Project/code/hierarchical_nested_cv_v2_runner.py --pipeline kw_nmc --repeat 34 --config /data/cbotos/TB-Project/results/2026-04-24_server_run_v2/config_snapshot_hierarchical_v2.yaml --name server_run_v2
INFO     Run: 2026-04-24_server_run_v2                                          
INFO     Config:                                                                
         /data/cbotos/TB-Project/results/2026-04-24_server_run_v2/config_snapsho
         t_hierarchical_v2.yaml                                                 
INFO     Stage 1: kw_rf (fixed, binary HER2+ vs rest, threshold calibrated)     
INFO     Stage 2: kw_nmc (HR+ vs Triple Neg)                                    
INFO     Repeat seed: 34                                                        
INFO     Stage 2 grid size: 8 combinations                                      
INFO     Loading data...                                                        
INFO     Loaded 100 samples, 273 features.                                      
INFO     Classes: ['HER2+', 'HR+', 'Triple Neg']                                
INFO       HER2+: 32 samples                                                    
INFO       HR+: 36 samples                                                      
INFO       Triple Neg: 32 samples                                               
INFO     Mislabel indices verified: [(2, 'Array.67'), (4, 'Array.22')]          
INFO         Stage 1 threshold: 0.20 (BA=1.0000, range 0.9200-1.0000).          
INFO       Fold 1: s1=1.0000 (t=0.20)  s2=0.9286  combined=0.9524  auroc=0.9847 
         excl=0.9524 (0)  (10.3s)                                               
INFO         Stage 1 threshold: 0.25 (BA=1.0000, range 0.9200-1.0000).          
INFO       Fold 2: s1=1.0000 (t=0.25)  s2=0.7738  combined=0.8492  auroc=0.9734 
         excl=0.8492 (0)  (9.1s)                                                
INFO         Stage 1 threshold: 0.20 (BA=1.0000, range 0.8833-1.0000).          
INFO       Fold 3: s1=1.0000 (t=0.20)  s2=0.7917  combined=0.8611  auroc=0.9405 
         excl=0.8968 (1)  (9.2s)                                                
INFO         Stage 1 threshold: 0.10 (BA=1.0000, range 0.9000-1.0000).          
INFO       Fold 4: s1=1.0000 (t=0.10)  s2=0.7143  combined=0.8095  auroc=0.9634 
         excl=0.8333 (1)  (9.2s)                                                
INFO         Stage 1 threshold: 0.15 (BA=1.0000, range 0.8800-1.0000).          
INFO       Fold 5: s1=1.0000 (t=0.15)  s2=0.7143  combined=0.8095  auroc=0.9011 
         excl=0.8095 (0)  (9.2s)                                                
  v2_kw_nmc r34 ━━━━━━━━━━━━━━━━━━━━━━━━━━━━━━━━━━━━━━━━ 100% 0:00:47
INFO                                                                            
INFO     Summary for v2_kw_nmc repeat 34:                                       
INFO       Stage 1 (HER2+ vs rest):  1.0000 (+/- 0.0000)                        
INFO       Stage 2 (HR+ vs TN):      0.7845 (+/- 0.0785)                        
INFO       Combined (3-class):       0.8563 (+/- 0.0523)                        
INFO       Combined (excl mislabels): 0.8683 (+/- 0.0508)                       
INFO       Combined fold scores: [0.9524, 0.8492, 0.8611, 0.8095, 0.8095]       
INFO       Total time: 47.1s                                                    
INFO     Fold results saved to                                                  
         /data/cbotos/TB-Project/results/2026-04-24_server_run_v2/hierarchical_n
         ested_cv_v2/data/fold_results_kw_nmc_r34.csv                           
INFO     Checkpoint removed (job complete).                                     
========================================
Finished: 2026-04-24 06:39:44
Elapsed:  0h 0m 51s
Exit:     0
========================================
[HNCV2-TASK-DONE] array=15667 task=33 stage2_pipeline=kw_nmc repeat=34 exit=0 elapsed=51s
