========================================
Hierarchical CV v2 - Job 158 of 350
Stage 1:  kw_rf k=5 (fixed, threshold calibrated)
Stage 2:  en_rf
Repeat:   8 / 50
Config:   /data/cbotos/TB-Project/results/2026-04-24_server_run_v2/config_snapshot_hierarchical_v2.yaml
Run:      server_run_v2
Node:     node2
CPUs:     1
Memory:   4096MB
Work dir: /data/cbotos/TB-Project
Start:    2026-04-24 07:09:59
========================================
Running: python3 /data/cbotos/TB-Project/code/hierarchical_nested_cv_v2_runner.py --pipeline en_rf --repeat 8 --config /data/cbotos/TB-Project/results/2026-04-24_server_run_v2/config_snapshot_hierarchical_v2.yaml --name server_run_v2
INFO     Run: 2026-04-24_server_run_v2                                          
INFO     Config:                                                                
         /data/cbotos/TB-Project/results/2026-04-24_server_run_v2/config_snapsho
         t_hierarchical_v2.yaml                                                 
INFO     Stage 1: kw_rf (fixed, binary HER2+ vs rest, threshold calibrated)     
INFO     Stage 2: en_rf (HR+ vs Triple Neg)                                     
INFO     Repeat seed: 8                                                         
INFO     Stage 2 grid size: 800 combinations                                    
INFO     Loading data...                                                        
INFO     Loaded 100 samples, 273 features.                                      
INFO     Classes: ['HER2+', 'HR+', 'Triple Neg']                                
INFO       HER2+: 32 samples                                                    
INFO       HR+: 36 samples                                                      
INFO       Triple Neg: 32 samples                                               
INFO     Mislabel indices verified: [(2, 'Array.67'), (4, 'Array.22')]          
INFO         Stage 1 threshold: 0.20 (BA=1.0000, range 0.8800-1.0000).          
INFO       Fold 1: s1=1.0000 (t=0.20)  s2=0.8452  combined=0.8968  auroc=0.9618 
         excl=0.8968 (0)  (2830.4s)                                             
INFO         Stage 1 threshold: 0.20 (BA=1.0000, range 0.8800-1.0000).          
INFO       Fold 2: s1=1.0000 (t=0.20)  s2=0.7738  combined=0.8492  auroc=0.9313 
         excl=0.8492 (0)  (2843.3s)                                             
INFO         Stage 1 threshold: 0.10 (BA=1.0000, range 0.8667-1.0000).          
INFO       Fold 3: s1=1.0000 (t=0.10)  s2=0.5833  combined=0.7222  auroc=0.8056 
         excl=0.7222 (0)  (2820.3s)                                             
INFO         Stage 1 threshold: 0.20 (BA=1.0000, range 0.9000-1.0000).          
INFO       Fold 4: s1=1.0000 (t=0.20)  s2=0.6429  combined=0.7619  auroc=0.8608 
         excl=0.7937 (1)  (2850.2s)                                             
INFO         Stage 1 threshold: 0.20 (BA=1.0000, range 0.8433-1.0000).          
INFO       Fold 5: s1=1.0000 (t=0.20)  s2=0.6429  combined=0.7619  auroc=0.9341 
         excl=0.7857 (1)  (2825.7s)                                             
  v2_en_rf r8 ━━━━━━━━━━━━━━━━━━━━━━━━━━━━━━━━━━━━━━━━ 100% 3:56:09
INFO                                                                            
INFO     Summary for v2_en_rf repeat 8:                                         
INFO       Stage 1 (HER2+ vs rest):  1.0000 (+/- 0.0000)                        
INFO       Stage 2 (HR+ vs TN):      0.6976 (+/- 0.0966)                        
INFO       Combined (3-class):       0.7984 (+/- 0.0644)                        
INFO       Combined (excl mislabels): 0.8095 (+/- 0.0594)                       
INFO       Combined fold scores: [0.8968, 0.8492, 0.7222, 0.7619, 0.7619]       
INFO       Total time: 14170.0s                                                 
INFO     Fold results saved to                                                  
         /data/cbotos/TB-Project/results/2026-04-24_server_run_v2/hierarchical_n
         ested_cv_v2/data/fold_results_en_rf_r8.csv                             
INFO     Checkpoint removed (job complete).                                     
========================================
Finished: 2026-04-24 11:06:11
Elapsed:  3h 56m 12s
Exit:     0
========================================
[HNCV2-TASK-DONE] array=15768 task=157 stage2_pipeline=en_rf repeat=8 exit=0 elapsed=14172s
