========================================
Hierarchical CV v2 - Job 45 of 350
Stage 1:  kw_rf k=5 (fixed, threshold calibrated)
Stage 2:  kw_nmc
Repeat:   45 / 50
Config:   /data/cbotos/TB-Project/results/2026-04-24_server_run_v2/config_snapshot_hierarchical_v2.yaml
Run:      server_run_v2
Node:     node2
CPUs:     1
Memory:   4096MB
Work dir: /data/cbotos/TB-Project
Start:    2026-04-24 06:48:41
========================================
Running: python3 /data/cbotos/TB-Project/code/hierarchical_nested_cv_v2_runner.py --pipeline kw_nmc --repeat 45 --config /data/cbotos/TB-Project/results/2026-04-24_server_run_v2/config_snapshot_hierarchical_v2.yaml --name server_run_v2
INFO     Run: 2026-04-24_server_run_v2                                          
INFO     Config:                                                                
         /data/cbotos/TB-Project/results/2026-04-24_server_run_v2/config_snapsho
         t_hierarchical_v2.yaml                                                 
INFO     Stage 1: kw_rf (fixed, binary HER2+ vs rest, threshold calibrated)     
INFO     Stage 2: kw_nmc (HR+ vs Triple Neg)                                    
INFO     Repeat seed: 45                                                        
INFO     Stage 2 grid size: 8 combinations                                      
INFO     Loading data...                                                        
INFO     Loaded 100 samples, 273 features.                                      
INFO     Classes: ['HER2+', 'HR+', 'Triple Neg']                                
INFO       HER2+: 32 samples                                                    
INFO       HR+: 36 samples                                                      
INFO       Triple Neg: 32 samples                                               
INFO     Mislabel indices verified: [(2, 'Array.67'), (4, 'Array.22')]          
INFO         Stage 1 threshold: 0.15 (BA=1.0000, range 0.8800-1.0000).          
INFO       Fold 1: s1=1.0000 (t=0.15)  s2=0.7619  combined=0.8413  auroc=0.9426 
         excl=0.8857 (1)  (9.7s)                                                
INFO         Stage 1 threshold: 0.20 (BA=1.0000, range 0.9000-1.0000).          
INFO       Fold 2: s1=1.0000 (t=0.20)  s2=0.5357  combined=0.6905  auroc=0.9161 
         excl=0.6905 (0)  (8.9s)                                                
INFO         Stage 1 threshold: 0.20 (BA=1.0000, range 0.9267-1.0000).          
INFO       Fold 3: s1=1.0000 (t=0.20)  s2=0.9167  combined=0.9444  auroc=0.9628 
         excl=0.9444 (0)  (9.0s)                                                
INFO         Stage 1 threshold: 0.20 (BA=1.0000, range 0.8667-1.0000).          
INFO       Fold 4: s1=1.0000 (t=0.20)  s2=0.9286  combined=0.9524  auroc=0.9487 
         excl=1.0000 (1)  (8.9s)                                                
INFO         Stage 1 threshold: 0.25 (BA=1.0000, range 0.8300-1.0000).          
INFO       Fold 5: s1=1.0000 (t=0.25)  s2=0.6429  combined=0.7619  auroc=0.9267 
         excl=0.7619 (0)  (9.0s)                                                
  v2_kw_nmc r45 ━━━━━━━━━━━━━━━━━━━━━━━━━━━━━━━━━━━━━━━━ 100% 0:00:45
INFO                                                                            
INFO     Summary for v2_kw_nmc repeat 45:                                       
INFO       Stage 1 (HER2+ vs rest):  1.0000 (+/- 0.0000)                        
INFO       Stage 2 (HR+ vs TN):      0.7571 (+/- 0.1529)                        
INFO       Combined (3-class):       0.8381 (+/- 0.1020)                        
INFO       Combined (excl mislabels): 0.8565 (+/- 0.1146)                       
INFO       Combined fold scores: [0.8413, 0.6905, 0.9444, 0.9524, 0.7619]       
INFO       Total time: 45.5s                                                    
INFO     Fold results saved to                                                  
         /data/cbotos/TB-Project/results/2026-04-24_server_run_v2/hierarchical_n
         ested_cv_v2/data/fold_results_kw_nmc_r45.csv                           
INFO     Checkpoint removed (job complete).                                     
========================================
Finished: 2026-04-24 06:49:29
Elapsed:  0h 0m 48s
Exit:     0
========================================
[HNCV2-TASK-DONE] array=15768 task=44 stage2_pipeline=kw_nmc repeat=45 exit=0 elapsed=48s
