========================================
Hierarchical CV v2 - Job 108 of 350
Stage 1:  kw_rf k=5 (fixed, threshold calibrated)
Stage 2:  kw_rf
Repeat:   8 / 50
Config:   /data/cbotos/TB-Project/results/2026-04-24_server_run_v2/config_snapshot_hierarchical_v2.yaml
Run:      server_run_v2
Node:     node2
CPUs:     1
Memory:   4096MB
Work dir: /data/cbotos/TB-Project
Start:    2026-04-24 07:01:25
========================================
Running: python3 /data/cbotos/TB-Project/code/hierarchical_nested_cv_v2_runner.py --pipeline kw_rf --repeat 8 --config /data/cbotos/TB-Project/results/2026-04-24_server_run_v2/config_snapshot_hierarchical_v2.yaml --name server_run_v2
INFO     Run: 2026-04-24_server_run_v2                                          
INFO     Config:                                                                
         /data/cbotos/TB-Project/results/2026-04-24_server_run_v2/config_snapsho
         t_hierarchical_v2.yaml                                                 
INFO     Stage 1: kw_rf (fixed, binary HER2+ vs rest, threshold calibrated)     
INFO     Stage 2: kw_rf (HR+ vs Triple Neg)                                     
INFO     Repeat seed: 8                                                         
INFO     Stage 2 grid size: 32 combinations                                     
INFO     Loading data...                                                        
INFO     Loaded 100 samples, 273 features.                                      
INFO     Classes: ['HER2+', 'HR+', 'Triple Neg']                                
INFO       HER2+: 32 samples                                                    
INFO       HR+: 36 samples                                                      
INFO       Triple Neg: 32 samples                                               
INFO     Mislabel indices verified: [(2, 'Array.67'), (4, 'Array.22')]          
INFO         Stage 1 threshold: 0.20 (BA=1.0000, range 0.8800-1.0000).          
INFO       Fold 1: s1=1.0000 (t=0.20)  s2=0.7738  combined=0.8492  auroc=0.9579 
         excl=0.8492 (0)  (93.2s)                                               
INFO         Stage 1 threshold: 0.20 (BA=1.0000, range 0.8800-1.0000).          
INFO       Fold 2: s1=1.0000 (t=0.20)  s2=0.7024  combined=0.8016  auroc=0.9237 
         excl=0.8016 (0)  (104.2s)                                              
INFO         Stage 1 threshold: 0.10 (BA=1.0000, range 0.8667-1.0000).          
INFO       Fold 3: s1=1.0000 (t=0.10)  s2=0.6875  combined=0.7917  auroc=0.9325 
         excl=0.7917 (0)  (104.9s)                                              
INFO         Stage 1 threshold: 0.20 (BA=1.0000, range 0.9000-1.0000).          
INFO       Fold 4: s1=1.0000 (t=0.20)  s2=0.6429  combined=0.7619  auroc=0.8681 
         excl=0.7857 (1)  (105.1s)                                              
INFO         Stage 1 threshold: 0.20 (BA=1.0000, range 0.8433-1.0000).          
INFO       Fold 5: s1=1.0000 (t=0.20)  s2=0.7857  combined=0.8571  auroc=0.9194 
         excl=0.8968 (1)  (104.6s)                                              
  v2_kw_rf r8 ━━━━━━━━━━━━━━━━━━━━━━━━━━━━━━━━━━━━━━━━ 100% 0:08:32
INFO                                                                            
INFO     Summary for v2_kw_rf repeat 8:                                         
INFO       Stage 1 (HER2+ vs rest):  1.0000 (+/- 0.0000)                        
INFO       Stage 2 (HR+ vs TN):      0.7185 (+/- 0.0539)                        
INFO       Combined (3-class):       0.8123 (+/- 0.0359)                        
INFO       Combined (excl mislabels): 0.8250 (+/- 0.0423)                       
INFO       Combined fold scores: [0.8492, 0.8016, 0.7917, 0.7619, 0.8571]       
INFO       Total time: 512.1s                                                   
INFO     Fold results saved to                                                  
         /data/cbotos/TB-Project/results/2026-04-24_server_run_v2/hierarchical_n
         ested_cv_v2/data/fold_results_kw_rf_r8.csv                             
INFO     Checkpoint removed (job complete).                                     
========================================
Finished: 2026-04-24 07:09:59
Elapsed:  0h 8m 34s
Exit:     0
========================================
[HNCV2-TASK-DONE] array=15768 task=107 stage2_pipeline=kw_rf repeat=8 exit=0 elapsed=514s
