========================================
Hierarchical CV v2 - Job 129 of 350
Stage 1:  kw_rf k=5 (fixed, threshold calibrated)
Stage 2:  kw_rf
Repeat:   29 / 50
Config:   /data/cbotos/TB-Project/results/2026-04-24_server_run_v2/config_snapshot_hierarchical_v2.yaml
Run:      server_run_v2
Node:     node1
CPUs:     1
Memory:   4096MB
Work dir: /data/cbotos/TB-Project
Start:    2026-04-24 07:03:56
========================================
Running: python3 /data/cbotos/TB-Project/code/hierarchical_nested_cv_v2_runner.py --pipeline kw_rf --repeat 29 --config /data/cbotos/TB-Project/results/2026-04-24_server_run_v2/config_snapshot_hierarchical_v2.yaml --name server_run_v2
INFO     Run: 2026-04-24_server_run_v2                                          
INFO     Config:                                                                
         /data/cbotos/TB-Project/results/2026-04-24_server_run_v2/config_snapsho
         t_hierarchical_v2.yaml                                                 
INFO     Stage 1: kw_rf (fixed, binary HER2+ vs rest, threshold calibrated)     
INFO     Stage 2: kw_rf (HR+ vs Triple Neg)                                     
INFO     Repeat seed: 29                                                        
INFO     Stage 2 grid size: 32 combinations                                     
INFO     Loading data...                                                        
INFO     Loaded 100 samples, 273 features.                                      
INFO     Classes: ['HER2+', 'HR+', 'Triple Neg']                                
INFO       HER2+: 32 samples                                                    
INFO       HR+: 36 samples                                                      
INFO       Triple Neg: 32 samples                                               
INFO     Mislabel indices verified: [(2, 'Array.67'), (4, 'Array.22')]          
INFO         Stage 1 threshold: 0.20 (BA=1.0000, range 0.9000-1.0000).          
INFO       Fold 1: s1=1.0000 (t=0.20)  s2=0.7024  combined=0.8016  auroc=0.9542 
         excl=0.8016 (0)  (104.8s)                                              
INFO         Stage 1 threshold: 0.25 (BA=1.0000, range 0.8400-1.0000).          
INFO       Fold 2: s1=1.0000 (t=0.25)  s2=0.9167  combined=0.9444  auroc=1.0000 
         excl=0.9444 (0)  (105.2s)                                              
INFO         Stage 1 threshold: 0.25 (BA=1.0000, range 0.8800-1.0000).          
INFO       Fold 3: s1=1.0000 (t=0.25)  s2=0.6250  combined=0.7500  auroc=0.9144 
         excl=0.7500 (0)  (105.3s)                                              
INFO         Stage 1 threshold: 0.15 (BA=1.0000, range 0.8800-1.0000).          
INFO       Fold 4: s1=1.0000 (t=0.15)  s2=0.6429  combined=0.7619  auroc=0.8755 
         excl=0.8333 (2)  (105.0s)                                              
INFO         Stage 1 threshold: 0.20 (BA=1.0000, range 0.8633-1.0000).          
INFO       Fold 5: s1=1.0000 (t=0.20)  s2=0.7857  combined=0.8571  auroc=0.9780 
         excl=0.8571 (0)  (105.3s)                                              
  v2_kw_rf r29 ━━━━━━━━━━━━━━━━━━━━━━━━━━━━━━━━━━━━━━━━ 100% 0:08:45
INFO                                                                            
INFO     Summary for v2_kw_rf repeat 29:                                        
INFO       Stage 1 (HER2+ vs rest):  1.0000 (+/- 0.0000)                        
INFO       Stage 2 (HR+ vs TN):      0.7345 (+/- 0.1070)                        
INFO       Combined (3-class):       0.8230 (+/- 0.0713)                        
INFO       Combined (excl mislabels): 0.8373 (+/- 0.0645)                       
INFO       Combined fold scores: [0.8016, 0.9444, 0.75, 0.7619, 0.8571]         
INFO       Total time: 525.7s                                                   
INFO     Fold results saved to                                                  
         /data/cbotos/TB-Project/results/2026-04-24_server_run_v2/hierarchical_n
         ested_cv_v2/data/fold_results_kw_rf_r29.csv                            
INFO     Checkpoint removed (job complete).                                     
========================================
Finished: 2026-04-24 07:12:43
Elapsed:  0h 8m 47s
Exit:     0
========================================
[HNCV2-TASK-DONE] array=15768 task=128 stage2_pipeline=kw_rf repeat=29 exit=0 elapsed=527s
