========================================
Hierarchical CV v2 - Job 279 of 350
Stage 1:  kw_rf k=5 (fixed, threshold calibrated)
Stage 2:  nmc_ensemble
Repeat:   29 / 50
Config:   /data/cbotos/TB-Project/results/2026-04-24_server_run_v2/config_snapshot_hierarchical_v2.yaml
Run:      server_run_v2
Node:     node1
CPUs:     1
Memory:   4096MB
Work dir: /data/cbotos/TB-Project
Start:    2026-04-24 11:09:24
========================================
Running: python3 /data/cbotos/TB-Project/code/hierarchical_nested_cv_v2_runner.py --pipeline nmc_ensemble --repeat 29 --config /data/cbotos/TB-Project/results/2026-04-24_server_run_v2/config_snapshot_hierarchical_v2.yaml --name server_run_v2
INFO     Run: 2026-04-24_server_run_v2                                          
INFO     Config:                                                                
         /data/cbotos/TB-Project/results/2026-04-24_server_run_v2/config_snapsho
         t_hierarchical_v2.yaml                                                 
INFO     Stage 1: kw_rf (fixed, binary HER2+ vs rest, threshold calibrated)     
INFO     Stage 2: nmc_ensemble (HR+ vs Triple Neg)                              
INFO     Repeat seed: 29                                                        
INFO     Stage 2: no GridSearchCV (ensemble pipeline)                           
INFO     Loading data...                                                        
INFO     Loaded 100 samples, 273 features.                                      
INFO     Classes: ['HER2+', 'HR+', 'Triple Neg']                                
INFO       HER2+: 32 samples                                                    
INFO       HR+: 36 samples                                                      
INFO       Triple Neg: 32 samples                                               
INFO     Mislabel indices verified: [(2, 'Array.67'), (4, 'Array.22')]          
INFO         Stage 1 threshold: 0.20 (BA=1.0000, range 0.9000-1.0000).          
INFO         Pipeline ensemble component 1: KW k-ensemble                       
INFO           k=15: mean_max_prob=0.6562                                       
INFO           k=20: mean_max_prob=0.6607                                       
INFO           k=30: mean_max_prob=0.6633                                       
INFO           k=50: mean_max_prob=0.6401                                       
INFO         Pipeline ensemble component 2: EN+NMC GridSearchCV                 
INFO         Ensemble mean_max_prob: kens=0.6438, en=0.6289, ratio=1.02         
INFO       Fold 1: s1=1.0000 (t=0.20)  s2=0.5357  combined=0.6905  auroc=0.9237 
         excl=0.6905 (0)  (214.1s)                                              
INFO         Stage 1 threshold: 0.25 (BA=1.0000, range 0.8400-1.0000).          
INFO         Pipeline ensemble component 1: KW k-ensemble                       
INFO           k=15: mean_max_prob=0.6749                                       
INFO           k=20: mean_max_prob=0.6832                                       
INFO           k=30: mean_max_prob=0.6814                                       
INFO           k=50: mean_max_prob=0.6623                                       
INFO         Pipeline ensemble component 2: EN+NMC GridSearchCV                 
INFO         Ensemble mean_max_prob: kens=0.6731, en=0.6343, ratio=1.06         
INFO       Fold 2: s1=1.0000 (t=0.25)  s2=0.7500  combined=0.8333  auroc=0.9924 
         excl=0.8333 (0)  (225.1s)                                              
INFO         Stage 1 threshold: 0.25 (BA=1.0000, range 0.8800-1.0000).          
INFO         Pipeline ensemble component 1: KW k-ensemble                       
INFO           k=15: mean_max_prob=0.6848                                       
INFO           k=20: mean_max_prob=0.6736                                       
INFO           k=30: mean_max_prob=0.6724                                       
INFO           k=50: mean_max_prob=0.6711                                       
INFO         Pipeline ensemble component 2: EN+NMC GridSearchCV                 
INFO         Ensemble mean_max_prob: kens=0.6664, en=0.6627, ratio=1.01         
INFO       Fold 3: s1=1.0000 (t=0.25)  s2=0.7708  combined=0.8472  auroc=0.9554 
         excl=0.8472 (0)  (209.4s)                                              
INFO         Stage 1 threshold: 0.15 (BA=1.0000, range 0.8800-1.0000).          
INFO         Pipeline ensemble component 1: KW k-ensemble                       
INFO           k=15: mean_max_prob=0.7160                                       
INFO           k=20: mean_max_prob=0.7249                                       
INFO           k=30: mean_max_prob=0.7457                                       
INFO           k=50: mean_max_prob=0.7351                                       
INFO         Pipeline ensemble component 2: EN+NMC GridSearchCV                 
INFO         Ensemble mean_max_prob: kens=0.7256, en=0.6744, ratio=1.08         
INFO       Fold 4: s1=1.0000 (t=0.15)  s2=0.5714  combined=0.7143  auroc=0.8022 
         excl=0.7778 (2)  (212.1s)                                              
INFO         Stage 1 threshold: 0.20 (BA=1.0000, range 0.8633-1.0000).          
INFO         Pipeline ensemble component 1: KW k-ensemble                       
INFO           k=15: mean_max_prob=0.6948                                       
INFO           k=20: mean_max_prob=0.6970                                       
INFO           k=30: mean_max_prob=0.7138                                       
INFO           k=50: mean_max_prob=0.7280                                       
INFO         Pipeline ensemble component 2: EN+NMC GridSearchCV                 
INFO         Ensemble mean_max_prob: kens=0.7004, en=0.6343, ratio=1.10         
INFO       Fold 5: s1=1.0000 (t=0.20)  s2=0.7857  combined=0.8571  auroc=1.0000 
         excl=0.8571 (0)  (196.4s)                                              
  v2_nmc_ensemble r29 ━━━━━━━━━━━━━━━━━━━━━━━━━━━━━━━━━━━━━━━━ 100% 0:17:37
INFO                                                                            
INFO     Summary for v2_nmc_ensemble repeat 29:                                 
INFO       Stage 1 (HER2+ vs rest):  1.0000 (+/- 0.0000)                        
INFO       Stage 2 (HR+ vs TN):      0.6827 (+/- 0.1067)                        
INFO       Combined (3-class):       0.7885 (+/- 0.0711)                        
INFO       Combined (excl mislabels): 0.8012 (+/- 0.0618)                       
INFO       Combined fold scores: [0.6905, 0.8333, 0.8472, 0.7143, 0.8571]       
INFO       Total time: 1057.2s                                                  
INFO     Fold results saved to                                                  
         /data/cbotos/TB-Project/results/2026-04-24_server_run_v2/hierarchical_n
         ested_cv_v2/data/fold_results_nmc_ensemble_r29.csv                     
INFO     Checkpoint removed (job complete).                                     
========================================
Finished: 2026-04-24 11:27:03
Elapsed:  0h 17m 39s
Exit:     0
========================================
[HNCV2-TASK-DONE] array=15768 task=278 stage2_pipeline=nmc_ensemble repeat=29 exit=0 elapsed=1059s
