========================================
Hierarchical CV v2 - Job 24 of 350
Stage 1:  kw_rf k=5 (fixed, threshold calibrated)
Stage 2:  kw_nmc
Repeat:   24 / 50
Config:   /data/cbotos/TB-Project/results/2026-04-24_server_run_v2/config_snapshot_hierarchical_v2.yaml
Run:      server_run_v2
Node:     node1
CPUs:     1
Memory:   4096MB
Work dir: /data/cbotos/TB-Project
Start:    2026-04-24 06:48:41
========================================
Running: python3 /data/cbotos/TB-Project/code/hierarchical_nested_cv_v2_runner.py --pipeline kw_nmc --repeat 24 --config /data/cbotos/TB-Project/results/2026-04-24_server_run_v2/config_snapshot_hierarchical_v2.yaml --name server_run_v2
INFO     Run: 2026-04-24_server_run_v2                                          
INFO     Config:                                                                
         /data/cbotos/TB-Project/results/2026-04-24_server_run_v2/config_snapsho
         t_hierarchical_v2.yaml                                                 
INFO     Stage 1: kw_rf (fixed, binary HER2+ vs rest, threshold calibrated)     
INFO     Stage 2: kw_nmc (HR+ vs Triple Neg)                                    
INFO     Repeat seed: 24                                                        
INFO     Stage 2 grid size: 8 combinations                                      
INFO     Loading data...                                                        
INFO     Loaded 100 samples, 273 features.                                      
INFO     Classes: ['HER2+', 'HR+', 'Triple Neg']                                
INFO       HER2+: 32 samples                                                    
INFO       HR+: 36 samples                                                      
INFO       Triple Neg: 32 samples                                               
INFO     Mislabel indices verified: [(2, 'Array.67'), (4, 'Array.22')]          
INFO         Stage 1 threshold: 0.10 (BA=1.0000, range 0.8800-1.0000).          
INFO       Fold 1: s1=0.9615 (t=0.10)  s2=0.7619  combined=0.7857  auroc=0.9466 
         excl=0.7857 (0)  (10.0s)                                               
INFO         Stage 1 threshold: 0.20 (BA=1.0000, range 0.8800-1.0000).          
INFO       Fold 2: s1=1.0000 (t=0.20)  s2=0.7738  combined=0.8492  auroc=0.9545 
         excl=0.8492 (0)  (9.0s)                                                
INFO         Stage 1 threshold: 0.20 (BA=1.0000, range 0.9000-1.0000).          
INFO       Fold 3: s1=1.0000 (t=0.20)  s2=0.7083  combined=0.8056  auroc=0.9479 
         excl=0.8056 (0)  (9.0s)                                                
INFO         Stage 1 threshold: 0.20 (BA=1.0000, range 0.8100-1.0000).          
INFO       Fold 4: s1=0.9643 (t=0.20)  s2=0.6429  combined=0.7143  auroc=0.9304 
         excl=0.7778 (2)  (9.0s)                                                
INFO         Stage 1 threshold: 0.25 (BA=1.0000, range 0.9433-1.0000).          
INFO       Fold 5: s1=1.0000 (t=0.25)  s2=0.6429  combined=0.7619  auroc=0.9487 
         excl=0.7619 (0)  (9.0s)                                                
  v2_kw_nmc r24 ━━━━━━━━━━━━━━━━━━━━━━━━━━━━━━━━━━━━━━━━ 100% 0:00:46
INFO                                                                            
INFO     Summary for v2_kw_nmc repeat 24:                                       
INFO       Stage 1 (HER2+ vs rest):  0.9852 (+/- 0.0182)                        
INFO       Stage 2 (HR+ vs TN):      0.7060 (+/- 0.0560)                        
INFO       Combined (3-class):       0.7833 (+/- 0.0449)                        
INFO       Combined (excl mislabels): 0.7960 (+/- 0.0301)                       
INFO       Combined fold scores: [0.7857, 0.8492, 0.8056, 0.7143, 0.7619]       
INFO       Total time: 46.0s                                                    
INFO     Fold results saved to                                                  
         /data/cbotos/TB-Project/results/2026-04-24_server_run_v2/hierarchical_n
         ested_cv_v2/data/fold_results_kw_nmc_r24.csv                           
INFO     Checkpoint removed (job complete).                                     
========================================
Finished: 2026-04-24 06:49:30
Elapsed:  0h 0m 49s
Exit:     0
========================================
[HNCV2-TASK-DONE] array=15768 task=23 stage2_pipeline=kw_nmc repeat=24 exit=0 elapsed=49s
