========================================
Hierarchical CV v2 - Job 173 of 350
Stage 1:  kw_rf k=5 (fixed, threshold calibrated)
Stage 2:  en_rf
Repeat:   23 / 50
Config:   /data/cbotos/TB-Project/results/2026-04-24_server_run_v2/config_snapshot_hierarchical_v2.yaml
Run:      server_run_v2
Node:     node1
CPUs:     1
Memory:   4096MB
Work dir: /data/cbotos/TB-Project
Start:    2026-04-24 07:12:40
========================================
Running: python3 /data/cbotos/TB-Project/code/hierarchical_nested_cv_v2_runner.py --pipeline en_rf --repeat 23 --config /data/cbotos/TB-Project/results/2026-04-24_server_run_v2/config_snapshot_hierarchical_v2.yaml --name server_run_v2
INFO     Run: 2026-04-24_server_run_v2                                          
INFO     Config:                                                                
         /data/cbotos/TB-Project/results/2026-04-24_server_run_v2/config_snapsho
         t_hierarchical_v2.yaml                                                 
INFO     Stage 1: kw_rf (fixed, binary HER2+ vs rest, threshold calibrated)     
INFO     Stage 2: en_rf (HR+ vs Triple Neg)                                     
INFO     Repeat seed: 23                                                        
INFO     Stage 2 grid size: 800 combinations                                    
INFO     Loading data...                                                        
INFO     Loaded 100 samples, 273 features.                                      
INFO     Classes: ['HER2+', 'HR+', 'Triple Neg']                                
INFO       HER2+: 32 samples                                                    
INFO       HR+: 36 samples                                                      
INFO       Triple Neg: 32 samples                                               
INFO     Mislabel indices verified: [(2, 'Array.67'), (4, 'Array.22')]          
INFO         Stage 1 threshold: 0.20 (BA=1.0000, range 0.9200-1.0000).          
INFO       Fold 1: s1=1.0000 (t=0.20)  s2=0.7619  combined=0.8413  auroc=0.9808 
         excl=0.8413 (0)  (2840.0s)                                             
INFO         Stage 1 threshold: 0.20 (BA=1.0000, range 0.8800-1.0000).          
INFO       Fold 2: s1=0.9615 (t=0.20)  s2=0.8571  combined=0.8571  auroc=0.9780 
         excl=0.8889 (1)  (2826.2s)                                             
INFO         Stage 1 threshold: 0.25 (BA=1.0000, range 0.8500-1.0000).          
INFO       Fold 3: s1=1.0000 (t=0.25)  s2=0.5000  combined=0.6667  auroc=0.8328 
         excl=0.6333 (1)  (2837.5s)                                             
INFO         Stage 1 threshold: 0.25 (BA=1.0000, range 0.7833-1.0000).          
INFO       Fold 4: s1=1.0000 (t=0.25)  s2=0.5714  combined=0.7143  auroc=0.9048 
         excl=0.7143 (0)  (2789.5s)                                             
INFO         Stage 1 threshold: 0.15 (BA=1.0000, range 0.9000-1.0000).          
INFO       Fold 5: s1=1.0000 (t=0.15)  s2=0.7857  combined=0.8571  auroc=0.9597 
         excl=0.8571 (0)  (2823.4s)                                             
  v2_en_rf r23 ━━━━━━━━━━━━━━━━━━━━━━━━━━━━━━━━━━━━━━━━ 100% 3:55:16
INFO                                                                            
INFO     Summary for v2_en_rf repeat 23:                                        
INFO       Stage 1 (HER2+ vs rest):  0.9923 (+/- 0.0154)                        
INFO       Stage 2 (HR+ vs TN):      0.6952 (+/- 0.1359)                        
INFO       Combined (3-class):       0.7873 (+/- 0.0807)                        
INFO       Combined (excl mislabels): 0.7870 (+/- 0.0971)                       
INFO       Combined fold scores: [0.8413, 0.8571, 0.6667, 0.7143, 0.8571]       
INFO       Total time: 14116.7s                                                 
INFO     Fold results saved to                                                  
         /data/cbotos/TB-Project/results/2026-04-24_server_run_v2/hierarchical_n
         ested_cv_v2/data/fold_results_en_rf_r23.csv                            
INFO     Checkpoint removed (job complete).                                     
========================================
Finished: 2026-04-24 11:07:58
Elapsed:  3h 55m 18s
Exit:     0
========================================
[HNCV2-TASK-DONE] array=15768 task=172 stage2_pipeline=en_rf repeat=23 exit=0 elapsed=14118s
