========================================
Hierarchical CV v2 - Job 85 of 350
Stage 1:  kw_rf k=5 (fixed, threshold calibrated)
Stage 2:  en_nmc
Repeat:   35 / 50
Config:   /data/cbotos/TB-Project/results/2026-04-24_server_run_v2/config_snapshot_hierarchical_v2.yaml
Run:      server_run_v2
Node:     node1
CPUs:     1
Memory:   4096MB
Work dir: /data/cbotos/TB-Project
Start:    2026-04-24 06:49:32
========================================
Running: python3 /data/cbotos/TB-Project/code/hierarchical_nested_cv_v2_runner.py --pipeline en_nmc --repeat 35 --config /data/cbotos/TB-Project/results/2026-04-24_server_run_v2/config_snapshot_hierarchical_v2.yaml --name server_run_v2
INFO     Run: 2026-04-24_server_run_v2                                          
INFO     Config:                                                                
         /data/cbotos/TB-Project/results/2026-04-24_server_run_v2/config_snapsho
         t_hierarchical_v2.yaml                                                 
INFO     Stage 1: kw_rf (fixed, binary HER2+ vs rest, threshold calibrated)     
INFO     Stage 2: en_nmc (HR+ vs Triple Neg)                                    
INFO     Repeat seed: 35                                                        
INFO     Resuming from checkpoint: 1 folds already completed.                   
INFO     Stage 2 grid size: 200 combinations                                    
INFO     Loading data...                                                        
INFO     Loaded 100 samples, 273 features.                                      
INFO     Classes: ['HER2+', 'HR+', 'Triple Neg']                                
INFO       HER2+: 32 samples                                                    
INFO       HR+: 36 samples                                                      
INFO       Triple Neg: 32 samples                                               
INFO     Mislabel indices verified: [(2, 'Array.67'), (4, 'Array.22')]          
INFO         Stage 1 threshold: 0.25 (BA=1.0000, range 0.9000-1.0000).          
INFO       Fold 2: s1=1.0000 (t=0.25)  s2=0.5238  combined=0.6825  auroc=0.8474 
         excl=0.7048 (1)  (212.4s)                                              
INFO         Stage 1 threshold: 0.20 (BA=1.0000, range 0.9033-1.0000).          
INFO       Fold 3: s1=1.0000 (t=0.20)  s2=0.6875  combined=0.7917  auroc=0.9444 
         excl=0.8333 (1)  (219.7s)                                              
INFO         Stage 1 threshold: 0.15 (BA=1.0000, range 0.8867-1.0000).          
INFO       Fold 4: s1=1.0000 (t=0.15)  s2=0.7143  combined=0.8095  auroc=0.9414 
         excl=0.8095 (0)  (207.7s)                                              
INFO         Stage 1 threshold: 0.30 (BA=1.0000, range 0.8700-1.0000).          
INFO       Fold 5: s1=1.0000 (t=0.30)  s2=0.5714  combined=0.7143  auroc=0.8938 
         excl=0.7143 (0)  (220.6s)                                              
  v2_en_nmc r35 ━━━━━━━━━━━━━━━━━━━━━━━━━━━━━━━━━━━━━━━━ 100% 0:14:20
INFO                                                                            
INFO     Summary for v2_en_nmc repeat 35:                                       
INFO       Stage 1 (HER2+ vs rest):  0.9923 (+/- 0.0154)                        
INFO       Stage 2 (HR+ vs TN):      0.6256 (+/- 0.0707)                        
INFO       Combined (3-class):       0.7393 (+/- 0.0514)                        
INFO       Combined (excl mislabels): 0.7521 (+/- 0.0574)                       
INFO       Combined fold scores: [0.6984, 0.6825, 0.7917, 0.8095, 0.7143]       
INFO       Total time: 860.5s                                                   
INFO     Fold results saved to                                                  
         /data/cbotos/TB-Project/results/2026-04-24_server_run_v2/hierarchical_n
         ested_cv_v2/data/fold_results_en_nmc_r35.csv                           
INFO     Checkpoint removed (job complete).                                     
========================================
Finished: 2026-04-24 07:03:54
Elapsed:  0h 14m 22s
Exit:     0
========================================
[HNCV2-TASK-DONE] array=15768 task=84 stage2_pipeline=en_nmc repeat=35 exit=0 elapsed=862s
