========================================
Hierarchical CV v2 - Job 336 of 350
Stage 1:  kw_rf k=5 (fixed, threshold calibrated)
Stage 2:  kw_nmc_kgrid
Repeat:   36 / 50
Config:   /data/cbotos/TB-Project/results/2026-04-24_server_run_v2/config_snapshot_hierarchical_v2.yaml
Run:      server_run_v2
Node:     node1
CPUs:     1
Memory:   4096MB
Work dir: /data/cbotos/TB-Project
Start:    2026-04-24 11:18:48
========================================
Running: python3 /data/cbotos/TB-Project/code/hierarchical_nested_cv_v2_runner.py --pipeline kw_nmc_kgrid --repeat 36 --config /data/cbotos/TB-Project/results/2026-04-24_server_run_v2/config_snapshot_hierarchical_v2.yaml --name server_run_v2
INFO     Run: 2026-04-24_server_run_v2                                          
INFO     Config:                                                                
         /data/cbotos/TB-Project/results/2026-04-24_server_run_v2/config_snapsho
         t_hierarchical_v2.yaml                                                 
INFO     Stage 1: kw_rf (fixed, binary HER2+ vs rest, threshold calibrated)     
INFO     Stage 2: kw_nmc_kgrid (HR+ vs Triple Neg)                              
INFO     Repeat seed: 36                                                        
INFO     Stage 2 grid size: 4 combinations                                      
INFO     Loading data...                                                        
INFO     Loaded 100 samples, 273 features.                                      
INFO     Classes: ['HER2+', 'HR+', 'Triple Neg']                                
INFO       HER2+: 32 samples                                                    
INFO       HR+: 36 samples                                                      
INFO       Triple Neg: 32 samples                                               
INFO     Mislabel indices verified: [(2, 'Array.67'), (4, 'Array.22')]          
INFO         Stage 1 threshold: 0.20 (BA=1.0000, range 0.8400-1.0000).          
INFO       Fold 1: s1=1.0000 (t=0.20)  s2=0.8333  combined=0.8889  auroc=0.9542 
         excl=0.8889 (0)  (6.5s)                                                
INFO         Stage 1 threshold: 0.15 (BA=1.0000, range 0.7400-1.0000).          
INFO       Fold 2: s1=1.0000 (t=0.15)  s2=0.7857  combined=0.8571  auroc=0.9504 
         excl=0.8889 (1)  (6.5s)                                                
INFO         Stage 1 threshold: 0.20 (BA=1.0000, range 0.8300-1.0000).          
INFO       Fold 3: s1=1.0000 (t=0.20)  s2=0.7917  combined=0.8611  auroc=0.9702 
         excl=0.8611 (0)  (6.4s)                                                
INFO         Stage 1 threshold: 0.20 (BA=1.0000, range 0.9000-1.0000).          
INFO       Fold 4: s1=1.0000 (t=0.20)  s2=0.5714  combined=0.7143  auroc=0.8571 
         excl=0.7143 (0)  (6.4s)                                                
INFO         Stage 1 threshold: 0.10 (BA=1.0000, range 0.8800-1.0000).          
INFO       Fold 5: s1=0.9643 (t=0.10)  s2=0.9286  combined=0.9048  auroc=0.9853 
         excl=0.9524 (1)  (6.4s)                                                
  v2_kw_nmc_kgrid r36 ━━━━━━━━━━━━━━━━━━━━━━━━━━━━━━━━━━━━━━━━ 100% 0:00:32
INFO                                                                            
INFO     Summary for v2_kw_nmc_kgrid repeat 36:                                 
INFO       Stage 1 (HER2+ vs rest):  0.9929 (+/- 0.0143)                        
INFO       Stage 2 (HR+ vs TN):      0.7821 (+/- 0.1171)                        
INFO       Combined (3-class):       0.8452 (+/- 0.0678)                        
INFO       Combined (excl mislabels): 0.8611 (+/- 0.0793)                       
INFO       Combined fold scores: [0.8889, 0.8571, 0.8611, 0.7143, 0.9048]       
INFO       Total time: 32.3s                                                    
INFO     Fold results saved to                                                  
         /data/cbotos/TB-Project/results/2026-04-24_server_run_v2/hierarchical_n
         ested_cv_v2/data/fold_results_kw_nmc_kgrid_r36.csv                     
INFO     Checkpoint removed (job complete).                                     
========================================
Finished: 2026-04-24 11:19:22
Elapsed:  0h 0m 34s
Exit:     0
========================================
[HNCV2-TASK-DONE] array=15768 task=335 stage2_pipeline=kw_nmc_kgrid repeat=36 exit=0 elapsed=34s
