========================================
Hierarchical CV v2 - Job 196 of 350
Stage 1:  kw_rf k=5 (fixed, threshold calibrated)
Stage 2:  en_rf
Repeat:   46 / 50
Config:   /data/cbotos/TB-Project/results/2026-04-24_server_run_v2/config_snapshot_hierarchical_v2.yaml
Run:      server_run_v2
Node:     node2
CPUs:     1
Memory:   4096MB
Work dir: /data/cbotos/TB-Project
Start:    2026-04-24 07:12:57
========================================
Running: python3 /data/cbotos/TB-Project/code/hierarchical_nested_cv_v2_runner.py --pipeline en_rf --repeat 46 --config /data/cbotos/TB-Project/results/2026-04-24_server_run_v2/config_snapshot_hierarchical_v2.yaml --name server_run_v2
INFO     Run: 2026-04-24_server_run_v2                                          
INFO     Config:                                                                
         /data/cbotos/TB-Project/results/2026-04-24_server_run_v2/config_snapsho
         t_hierarchical_v2.yaml                                                 
INFO     Stage 1: kw_rf (fixed, binary HER2+ vs rest, threshold calibrated)     
INFO     Stage 2: en_rf (HR+ vs Triple Neg)                                     
INFO     Repeat seed: 46                                                        
INFO     Stage 2 grid size: 800 combinations                                    
INFO     Loading data...                                                        
INFO     Loaded 100 samples, 273 features.                                      
INFO     Classes: ['HER2+', 'HR+', 'Triple Neg']                                
INFO       HER2+: 32 samples                                                    
INFO       HR+: 36 samples                                                      
INFO       Triple Neg: 32 samples                                               
INFO     Mislabel indices verified: [(2, 'Array.67'), (4, 'Array.22')]          
INFO         Stage 1 threshold: 0.20 (BA=1.0000, range 0.8800-1.0000).          
INFO       Fold 1: s1=1.0000 (t=0.20)  s2=0.5357  combined=0.6905  auroc=0.8968 
         excl=0.6905 (0)  (2829.1s)                                             
INFO         Stage 1 threshold: 0.15 (BA=1.0000, range 0.9000-1.0000).          
INFO       Fold 2: s1=1.0000 (t=0.15)  s2=0.6786  combined=0.7857  auroc=0.9272 
         excl=0.7857 (0)  (2881.4s)                                             
INFO         Stage 1 threshold: 0.25 (BA=1.0000, range 0.8833-1.0000).          
INFO       Fold 3: s1=1.0000 (t=0.25)  s2=0.5625  combined=0.7083  auroc=0.9291 
         excl=0.7417 (1)  (2839.0s)                                             
INFO         Stage 1 threshold: 0.20 (BA=1.0000, range 0.8233-1.0000).          
INFO       Fold 4: s1=1.0000 (t=0.20)  s2=0.5714  combined=0.7143  auroc=0.8645 
         excl=0.7143 (0)  (2849.0s)                                             
INFO         Stage 1 threshold: 0.15 (BA=1.0000, range 0.8633-1.0000).          
INFO       Fold 5: s1=1.0000 (t=0.15)  s2=0.7143  combined=0.8095  auroc=0.9341 
         excl=0.8413 (1)  (2820.3s)                                             
  v2_en_rf r46 ━━━━━━━━━━━━━━━━━━━━━━━━━━━━━━━━━━━━━━━━ 100% 3:56:58
INFO                                                                            
INFO     Summary for v2_en_rf repeat 46:                                        
INFO       Stage 1 (HER2+ vs rest):  1.0000 (+/- 0.0000)                        
INFO       Stage 2 (HR+ vs TN):      0.6125 (+/- 0.0704)                        
INFO       Combined (3-class):       0.7417 (+/- 0.0470)                        
INFO       Combined (excl mislabels): 0.7547 (+/- 0.0536)                       
INFO       Combined fold scores: [0.6905, 0.7857, 0.7083, 0.7143, 0.8095]       
INFO       Total time: 14218.9s                                                 
INFO     Fold results saved to                                                  
         /data/cbotos/TB-Project/results/2026-04-24_server_run_v2/hierarchical_n
         ested_cv_v2/data/fold_results_en_rf_r46.csv                            
INFO     Checkpoint removed (job complete).                                     
========================================
Finished: 2026-04-24 11:09:58
Elapsed:  3h 57m 1s
Exit:     0
========================================
[HNCV2-TASK-DONE] array=15768 task=195 stage2_pipeline=en_rf repeat=46 exit=0 elapsed=14221s
