========================================
Hierarchical CV v2 - Job 299 of 350
Stage 1:  kw_rf k=5 (fixed, threshold calibrated)
Stage 2:  nmc_ensemble
Repeat:   49 / 50
Config:   /data/cbotos/TB-Project/results/2026-04-24_server_run_v2/config_snapshot_hierarchical_v2.yaml
Run:      server_run_v2
Node:     node1
CPUs:     1
Memory:   4096MB
Work dir: /data/cbotos/TB-Project
Start:    2026-04-24 11:11:39
========================================
Running: python3 /data/cbotos/TB-Project/code/hierarchical_nested_cv_v2_runner.py --pipeline nmc_ensemble --repeat 49 --config /data/cbotos/TB-Project/results/2026-04-24_server_run_v2/config_snapshot_hierarchical_v2.yaml --name server_run_v2
INFO     Run: 2026-04-24_server_run_v2                                          
INFO     Config:                                                                
         /data/cbotos/TB-Project/results/2026-04-24_server_run_v2/config_snapsho
         t_hierarchical_v2.yaml                                                 
INFO     Stage 1: kw_rf (fixed, binary HER2+ vs rest, threshold calibrated)     
INFO     Stage 2: nmc_ensemble (HR+ vs Triple Neg)                              
INFO     Repeat seed: 49                                                        
INFO     Stage 2: no GridSearchCV (ensemble pipeline)                           
INFO     Loading data...                                                        
INFO     Loaded 100 samples, 273 features.                                      
INFO     Classes: ['HER2+', 'HR+', 'Triple Neg']                                
INFO       HER2+: 32 samples                                                    
INFO       HR+: 36 samples                                                      
INFO       Triple Neg: 32 samples                                               
INFO     Mislabel indices verified: [(2, 'Array.67'), (4, 'Array.22')]          
INFO         Stage 1 threshold: 0.20 (BA=1.0000, range 0.9400-1.0000).          
INFO         Pipeline ensemble component 1: KW k-ensemble                       
INFO           k=15: mean_max_prob=0.6622                                       
INFO           k=20: mean_max_prob=0.6670                                       
INFO           k=30: mean_max_prob=0.6609                                       
INFO           k=50: mean_max_prob=0.6548                                       
INFO         Pipeline ensemble component 2: EN+NMC GridSearchCV                 
INFO         Ensemble mean_max_prob: kens=0.6566, en=0.6550, ratio=1.00         
INFO       Fold 1: s1=1.0000 (t=0.20)  s2=0.6905  combined=0.7937  auroc=0.9579 
         excl=0.7937 (0)  (220.9s)                                              
INFO         Stage 1 threshold: 0.10 (BA=1.0000, range 0.9000-1.0000).          
INFO         Pipeline ensemble component 1: KW k-ensemble                       
INFO           k=15: mean_max_prob=0.6898                                       
INFO           k=20: mean_max_prob=0.6818                                       
INFO           k=30: mean_max_prob=0.6819                                       
INFO           k=50: mean_max_prob=0.6881                                       
INFO         Pipeline ensemble component 2: EN+NMC GridSearchCV                 
INFO         Ensemble mean_max_prob: kens=0.6795, en=0.6394, ratio=1.06         
INFO       Fold 2: s1=1.0000 (t=0.10)  s2=0.7738  combined=0.8492  auroc=0.9313 
         excl=0.8492 (0)  (220.6s)                                              
INFO         Stage 1 threshold: 0.20 (BA=1.0000, range 0.9033-1.0000).          
INFO         Pipeline ensemble component 1: KW k-ensemble                       
INFO           k=15: mean_max_prob=0.7305                                       
INFO           k=20: mean_max_prob=0.7358                                       
INFO           k=30: mean_max_prob=0.7413                                       
INFO           k=50: mean_max_prob=0.7417                                       
INFO         Pipeline ensemble component 2: EN+NMC GridSearchCV                 
INFO         Ensemble mean_max_prob: kens=0.7356, en=0.6909, ratio=1.06         
INFO       Fold 3: s1=1.0000 (t=0.20)  s2=0.5625  combined=0.7083  auroc=0.8998 
         excl=0.7381 (1)  (212.1s)                                              
INFO         Stage 1 threshold: 0.20 (BA=1.0000, range 0.9100-1.0000).          
INFO         Pipeline ensemble component 1: KW k-ensemble                       
INFO           k=15: mean_max_prob=0.6615                                       
INFO           k=20: mean_max_prob=0.6778                                       
INFO           k=30: mean_max_prob=0.6679                                       
INFO           k=50: mean_max_prob=0.6763                                       
INFO         Pipeline ensemble component 2: EN+NMC GridSearchCV                 
INFO         Ensemble mean_max_prob: kens=0.6616, en=0.5911, ratio=1.12         
INFO       Fold 4: s1=1.0000 (t=0.20)  s2=0.7143  combined=0.8095  auroc=0.9744 
         excl=0.8095 (0)  (211.7s)                                              
INFO         Stage 1 threshold: 0.25 (BA=1.0000, range 0.8100-1.0000).          
INFO         Pipeline ensemble component 1: KW k-ensemble                       
INFO           k=15: mean_max_prob=0.7074                                       
INFO           k=20: mean_max_prob=0.7318                                       
INFO           k=30: mean_max_prob=0.7226                                       
INFO           k=50: mean_max_prob=0.7247                                       
INFO         Pipeline ensemble component 2: EN+NMC GridSearchCV                 
INFO         Ensemble mean_max_prob: kens=0.7175, en=0.6609, ratio=1.09         
INFO       Fold 5: s1=1.0000 (t=0.25)  s2=0.6429  combined=0.7619  auroc=0.9414 
         excl=0.7857 (1)  (188.0s)                                              
  v2_nmc_ensemble r49 ━━━━━━━━━━━━━━━━━━━━━━━━━━━━━━━━━━━━━━━━ 100% 0:17:33
INFO                                                                            
INFO     Summary for v2_nmc_ensemble repeat 49:                                 
INFO       Stage 1 (HER2+ vs rest):  1.0000 (+/- 0.0000)                        
INFO       Stage 2 (HR+ vs TN):      0.6768 (+/- 0.0710)                        
INFO       Combined (3-class):       0.7845 (+/- 0.0473)                        
INFO       Combined (excl mislabels): 0.7952 (+/- 0.0360)                       
INFO       Combined fold scores: [0.7937, 0.8492, 0.7083, 0.8095, 0.7619]       
INFO       Total time: 1053.4s                                                  
INFO     Fold results saved to                                                  
         /data/cbotos/TB-Project/results/2026-04-24_server_run_v2/hierarchical_n
         ested_cv_v2/data/fold_results_nmc_ensemble_r49.csv                     
INFO     Checkpoint removed (job complete).                                     
========================================
Finished: 2026-04-24 11:29:14
Elapsed:  0h 17m 35s
Exit:     0
========================================
[HNCV2-TASK-DONE] array=15768 task=298 stage2_pipeline=nmc_ensemble repeat=49 exit=0 elapsed=1055s
