========================================
Hierarchical CV v2 - Job 216 of 350
Stage 1:  kw_rf k=5 (fixed, threshold calibrated)
Stage 2:  kw_nmc_kens
Repeat:   16 / 50
Config:   /data/cbotos/TB-Project/results/2026-04-24_server_run_v2/config_snapshot_hierarchical_v2.yaml
Run:      server_run_v2
Node:     node3
CPUs:     1
Memory:   4096MB
Work dir: /data/cbotos/TB-Project
Start:    2026-04-24 10:30:59
========================================
Running: python3 /data/cbotos/TB-Project/code/hierarchical_nested_cv_v2_runner.py --pipeline kw_nmc_kens --repeat 16 --config /data/cbotos/TB-Project/results/2026-04-24_server_run_v2/config_snapshot_hierarchical_v2.yaml --name server_run_v2
INFO     Run: 2026-04-24_server_run_v2                                          
INFO     Config:                                                                
         /data/cbotos/TB-Project/results/2026-04-24_server_run_v2/config_snapsho
         t_hierarchical_v2.yaml                                                 
INFO     Stage 1: kw_rf (fixed, binary HER2+ vs rest, threshold calibrated)     
INFO     Stage 2: kw_nmc_kens (HR+ vs Triple Neg)                               
INFO     Repeat seed: 16                                                        
INFO     Stage 2: no GridSearchCV (ensemble pipeline)                           
INFO     Loading data...                                                        
INFO     Loaded 100 samples, 273 features.                                      
INFO     Classes: ['HER2+', 'HR+', 'Triple Neg']                                
INFO       HER2+: 32 samples                                                    
INFO       HR+: 36 samples                                                      
INFO       Triple Neg: 32 samples                                               
INFO     Mislabel indices verified: [(2, 'Array.67'), (4, 'Array.22')]          
INFO         Stage 1 threshold: 0.25 (BA=1.0000, range 0.9400-1.0000).          
INFO           k=15: mean_max_prob=0.6964                                       
INFO           k=20: mean_max_prob=0.7054                                       
INFO           k=30: mean_max_prob=0.7230                                       
INFO           k=50: mean_max_prob=0.6980                                       
INFO       Fold 1: s1=1.0000 (t=0.25)  s2=0.8452  combined=0.8968  auroc=0.9808 
         excl=0.9444 (1)  (3.6s)                                                
INFO         Stage 1 threshold: 0.15 (BA=1.0000, range 0.8800-1.0000).          
INFO           k=15: mean_max_prob=0.6921                                       
INFO           k=20: mean_max_prob=0.7047                                       
INFO           k=30: mean_max_prob=0.6951                                       
INFO           k=50: mean_max_prob=0.6995                                       
INFO       Fold 2: s1=1.0000 (t=0.15)  s2=0.9167  combined=0.9444  auroc=0.9884 
         excl=0.9444 (0)  (3.6s)                                                
INFO         Stage 1 threshold: 0.15 (BA=1.0000, range 0.8667-1.0000).          
INFO           k=15: mean_max_prob=0.7050                                       
INFO           k=20: mean_max_prob=0.7100                                       
INFO           k=30: mean_max_prob=0.7191                                       
INFO           k=50: mean_max_prob=0.7311                                       
INFO       Fold 3: s1=1.0000 (t=0.15)  s2=0.6250  combined=0.7500  auroc=0.9256 
         excl=0.7500 (0)  (3.6s)                                                
INFO         Stage 1 threshold: 0.25 (BA=1.0000, range 0.8133-1.0000).          
INFO           k=15: mean_max_prob=0.7002                                       
INFO           k=20: mean_max_prob=0.6887                                       
INFO           k=30: mean_max_prob=0.6951                                       
INFO           k=50: mean_max_prob=0.7003                                       
INFO       Fold 4: s1=1.0000 (t=0.25)  s2=0.7143  combined=0.8095  auroc=0.9267 
         excl=0.8095 (0)  (3.6s)                                                
INFO         Stage 1 threshold: 0.20 (BA=1.0000, range 0.8700-1.0000).          
INFO           k=15: mean_max_prob=0.6720                                       
INFO           k=20: mean_max_prob=0.6606                                       
INFO           k=30: mean_max_prob=0.6431                                       
INFO           k=50: mean_max_prob=0.6455                                       
INFO       Fold 5: s1=1.0000 (t=0.20)  s2=0.7857  combined=0.8571  auroc=0.9414 
         excl=0.8968 (1)  (3.6s)                                                
  v2_kw_nmc_kens r16 ━━━━━━━━━━━━━━━━━━━━━━━━━━━━━━━━━━━━━━━━ 100% 0:00:18
INFO                                                                            
INFO     Summary for v2_kw_nmc_kens repeat 16:                                  
INFO       Stage 1 (HER2+ vs rest):  1.0000 (+/- 0.0000)                        
INFO       Stage 2 (HR+ vs TN):      0.7774 (+/- 0.1013)                        
INFO       Combined (3-class):       0.8516 (+/- 0.0675)                        
INFO       Combined (excl mislabels): 0.8690 (+/- 0.0773)                       
INFO       Combined fold scores: [0.8968, 0.9444, 0.75, 0.8095, 0.8571]         
INFO       Total time: 18.1s                                                    
INFO     Fold results saved to                                                  
         /data/cbotos/TB-Project/results/2026-04-24_server_run_v2/hierarchical_n
         ested_cv_v2/data/fold_results_kw_nmc_kens_r16.csv                      
INFO     Checkpoint removed (job complete).                                     
========================================
Finished: 2026-04-24 10:31:19
Elapsed:  0h 0m 20s
Exit:     0
========================================
[HNCV2-TASK-DONE] array=15768 task=215 stage2_pipeline=kw_nmc_kens repeat=16 exit=0 elapsed=20s
