========================================
Hierarchical CV v2 - Job 240 of 350
Stage 1:  kw_rf k=5 (fixed, threshold calibrated)
Stage 2:  kw_nmc_kens
Repeat:   40 / 50
Config:   /data/cbotos/TB-Project/results/2026-04-24_server_run_v2/config_snapshot_hierarchical_v2.yaml
Run:      server_run_v2
Node:     node3
CPUs:     1
Memory:   4096MB
Work dir: /data/cbotos/TB-Project
Start:    2026-04-24 10:35:12
========================================
Running: python3 /data/cbotos/TB-Project/code/hierarchical_nested_cv_v2_runner.py --pipeline kw_nmc_kens --repeat 40 --config /data/cbotos/TB-Project/results/2026-04-24_server_run_v2/config_snapshot_hierarchical_v2.yaml --name server_run_v2
INFO     Run: 2026-04-24_server_run_v2                                          
INFO     Config:                                                                
         /data/cbotos/TB-Project/results/2026-04-24_server_run_v2/config_snapsho
         t_hierarchical_v2.yaml                                                 
INFO     Stage 1: kw_rf (fixed, binary HER2+ vs rest, threshold calibrated)     
INFO     Stage 2: kw_nmc_kens (HR+ vs Triple Neg)                               
INFO     Repeat seed: 40                                                        
INFO     Stage 2: no GridSearchCV (ensemble pipeline)                           
INFO     Loading data...                                                        
INFO     Loaded 100 samples, 273 features.                                      
INFO     Classes: ['HER2+', 'HR+', 'Triple Neg']                                
INFO       HER2+: 32 samples                                                    
INFO       HR+: 36 samples                                                      
INFO       Triple Neg: 32 samples                                               
INFO     Mislabel indices verified: [(2, 'Array.67'), (4, 'Array.22')]          
INFO         Stage 1 threshold: 0.15 (BA=1.0000, range 0.8200-1.0000).          
INFO           k=15: mean_max_prob=0.7197                                       
INFO           k=20: mean_max_prob=0.7233                                       
INFO           k=30: mean_max_prob=0.7244                                       
INFO           k=50: mean_max_prob=0.7110                                       
INFO       Fold 1: s1=1.0000 (t=0.15)  s2=0.6905  combined=0.7937  auroc=0.9161 
         excl=0.8333 (1)  (3.6s)                                                
INFO         Stage 1 threshold: 0.25 (BA=1.0000, range 0.9000-1.0000).          
INFO           k=15: mean_max_prob=0.6855                                       
INFO           k=20: mean_max_prob=0.6819                                       
INFO           k=30: mean_max_prob=0.6908                                       
INFO           k=50: mean_max_prob=0.7120                                       
INFO       Fold 2: s1=1.0000 (t=0.25)  s2=0.9286  combined=0.9524  auroc=0.9963 
         excl=0.9524 (0)  (3.8s)                                                
INFO         Stage 1 threshold: 0.25 (BA=1.0000, range 0.8500-1.0000).          
INFO           k=15: mean_max_prob=0.7046                                       
INFO           k=20: mean_max_prob=0.7087                                       
INFO           k=30: mean_max_prob=0.7043                                       
INFO           k=50: mean_max_prob=0.7025                                       
INFO       Fold 3: s1=1.0000 (t=0.25)  s2=0.8542  combined=0.9028  auroc=0.9702 
         excl=0.9028 (0)  (3.7s)                                                
INFO         Stage 1 threshold: 0.20 (BA=1.0000, range 0.9033-1.0000).          
INFO           k=15: mean_max_prob=0.6507                                       
INFO           k=20: mean_max_prob=0.6378                                       
INFO           k=30: mean_max_prob=0.6481                                       
INFO           k=50: mean_max_prob=0.6300                                       
INFO       Fold 4: s1=1.0000 (t=0.20)  s2=0.8571  combined=0.9048  auroc=0.9927 
         excl=0.9048 (0)  (3.6s)                                                
INFO         Stage 1 threshold: 0.20 (BA=1.0000, range 0.9233-1.0000).          
INFO           k=15: mean_max_prob=0.6755                                       
INFO           k=20: mean_max_prob=0.6853                                       
INFO           k=30: mean_max_prob=0.6828                                       
INFO           k=50: mean_max_prob=0.6859                                       
INFO       Fold 5: s1=1.0000 (t=0.20)  s2=0.7143  combined=0.8095  auroc=0.9414 
         excl=0.8492 (1)  (3.6s)                                                
  v2_kw_nmc_kens r40 ━━━━━━━━━━━━━━━━━━━━━━━━━━━━━━━━━━━━━━━━ 100% 0:00:18
INFO                                                                            
INFO     Summary for v2_kw_nmc_kens repeat 40:                                  
INFO       Stage 1 (HER2+ vs rest):  1.0000 (+/- 0.0000)                        
INFO       Stage 2 (HR+ vs TN):      0.8089 (+/- 0.0913)                        
INFO       Combined (3-class):       0.8726 (+/- 0.0609)                        
INFO       Combined (excl mislabels): 0.8885 (+/- 0.0427)                       
INFO       Combined fold scores: [0.7937, 0.9524, 0.9028, 0.9048, 0.8095]       
INFO       Total time: 18.4s                                                    
INFO     Fold results saved to                                                  
         /data/cbotos/TB-Project/results/2026-04-24_server_run_v2/hierarchical_n
         ested_cv_v2/data/fold_results_kw_nmc_kens_r40.csv                      
INFO     Checkpoint removed (job complete).                                     
========================================
Finished: 2026-04-24 10:35:32
Elapsed:  0h 0m 20s
Exit:     0
========================================
[HNCV2-TASK-DONE] array=15768 task=239 stage2_pipeline=kw_nmc_kens repeat=40 exit=0 elapsed=20s
