========================================
Hierarchical CV v2 - Job 176 of 350
Stage 1:  kw_rf k=5 (fixed, threshold calibrated)
Stage 2:  en_rf
Repeat:   26 / 50
Config:   /data/cbotos/TB-Project/results/2026-04-24_server_run_v2/config_snapshot_hierarchical_v2.yaml
Run:      server_run_v2
Node:     node2
CPUs:     1
Memory:   4096MB
Work dir: /data/cbotos/TB-Project
Start:    2026-04-24 07:12:41
========================================
Running: python3 /data/cbotos/TB-Project/code/hierarchical_nested_cv_v2_runner.py --pipeline en_rf --repeat 26 --config /data/cbotos/TB-Project/results/2026-04-24_server_run_v2/config_snapshot_hierarchical_v2.yaml --name server_run_v2
INFO     Run: 2026-04-24_server_run_v2                                          
INFO     Config:                                                                
         /data/cbotos/TB-Project/results/2026-04-24_server_run_v2/config_snapsho
         t_hierarchical_v2.yaml                                                 
INFO     Stage 1: kw_rf (fixed, binary HER2+ vs rest, threshold calibrated)     
INFO     Stage 2: en_rf (HR+ vs Triple Neg)                                     
INFO     Repeat seed: 26                                                        
INFO     Stage 2 grid size: 800 combinations                                    
INFO     Loading data...                                                        
INFO     Loaded 100 samples, 273 features.                                      
INFO     Classes: ['HER2+', 'HR+', 'Triple Neg']                                
INFO       HER2+: 32 samples                                                    
INFO       HR+: 36 samples                                                      
INFO       Triple Neg: 32 samples                                               
INFO     Mislabel indices verified: [(2, 'Array.67'), (4, 'Array.22')]          
INFO         Stage 1 threshold: 0.10 (BA=1.0000, range 0.9600-1.0000).          
INFO       Fold 1: s1=0.9615 (t=0.10)  s2=0.6667  combined=0.7778  auroc=0.9386 
         excl=0.8000 (1)  (2826.5s)                                             
INFO         Stage 1 threshold: 0.20 (BA=1.0000, range 0.8800-1.0000).          
INFO       Fold 2: s1=1.0000 (t=0.20)  s2=0.7738  combined=0.8492  auroc=0.9618 
         excl=0.8889 (1)  (2816.0s)                                             
INFO         Stage 1 threshold: 0.25 (BA=1.0000, range 0.8833-1.0000).          
INFO       Fold 3: s1=1.0000 (t=0.25)  s2=0.6042  combined=0.7361  auroc=0.9033 
         excl=0.7361 (0)  (2809.0s)                                             
INFO         Stage 1 threshold: 0.25 (BA=1.0000, range 0.8867-1.0000).          
INFO       Fold 4: s1=1.0000 (t=0.25)  s2=0.7857  combined=0.8571  auroc=0.9744 
         excl=0.8571 (0)  (2837.7s)                                             
INFO         Stage 1 threshold: 0.20 (BA=1.0000, range 0.8600-1.0000).          
INFO       Fold 5: s1=1.0000 (t=0.20)  s2=0.7857  combined=0.8571  auroc=0.9487 
         excl=0.8571 (0)  (2852.2s)                                             
  v2_en_rf r26 ━━━━━━━━━━━━━━━━━━━━━━━━━━━━━━━━━━━━━━━━ 100% 3:55:41
INFO                                                                            
INFO     Summary for v2_en_rf repeat 26:                                        
INFO       Stage 1 (HER2+ vs rest):  0.9923 (+/- 0.0154)                        
INFO       Stage 2 (HR+ vs TN):      0.7232 (+/- 0.0745)                        
INFO       Combined (3-class):       0.8155 (+/- 0.0497)                        
INFO       Combined (excl mislabels): 0.8279 (+/- 0.0541)                       
INFO       Combined fold scores: [0.7778, 0.8492, 0.7361, 0.8571, 0.8571]       
INFO       Total time: 14141.6s                                                 
INFO     Fold results saved to                                                  
         /data/cbotos/TB-Project/results/2026-04-24_server_run_v2/hierarchical_n
         ested_cv_v2/data/fold_results_en_rf_r26.csv                            
INFO     Checkpoint removed (job complete).                                     
========================================
Finished: 2026-04-24 11:08:25
Elapsed:  3h 55m 44s
Exit:     0
========================================
[HNCV2-TASK-DONE] array=15768 task=175 stage2_pipeline=en_rf repeat=26 exit=0 elapsed=14144s
