========================================
Hierarchical CV v2 - Job 250 of 350
Stage 1:  kw_rf k=5 (fixed, threshold calibrated)
Stage 2:  kw_nmc_kens
Repeat:   50 / 50
Config:   /data/cbotos/TB-Project/results/2026-04-24_server_run_v2/config_snapshot_hierarchical_v2.yaml
Run:      server_run_v2
Node:     node3
CPUs:     1
Memory:   4096MB
Work dir: /data/cbotos/TB-Project
Start:    2026-04-24 10:36:58
========================================
Running: python3 /data/cbotos/TB-Project/code/hierarchical_nested_cv_v2_runner.py --pipeline kw_nmc_kens --repeat 50 --config /data/cbotos/TB-Project/results/2026-04-24_server_run_v2/config_snapshot_hierarchical_v2.yaml --name server_run_v2
INFO     Run: 2026-04-24_server_run_v2                                          
INFO     Config:                                                                
         /data/cbotos/TB-Project/results/2026-04-24_server_run_v2/config_snapsho
         t_hierarchical_v2.yaml                                                 
INFO     Stage 1: kw_rf (fixed, binary HER2+ vs rest, threshold calibrated)     
INFO     Stage 2: kw_nmc_kens (HR+ vs Triple Neg)                               
INFO     Repeat seed: 50                                                        
INFO     Stage 2: no GridSearchCV (ensemble pipeline)                           
INFO     Loading data...                                                        
INFO     Loaded 100 samples, 273 features.                                      
INFO     Classes: ['HER2+', 'HR+', 'Triple Neg']                                
INFO       HER2+: 32 samples                                                    
INFO       HR+: 36 samples                                                      
INFO       Triple Neg: 32 samples                                               
INFO     Mislabel indices verified: [(2, 'Array.67'), (4, 'Array.22')]          
INFO         Stage 1 threshold: 0.15 (BA=1.0000, range 0.8200-1.0000).          
INFO           k=15: mean_max_prob=0.6586                                       
INFO           k=20: mean_max_prob=0.7028                                       
INFO           k=30: mean_max_prob=0.6988                                       
INFO           k=50: mean_max_prob=0.6744                                       
INFO       Fold 1: s1=0.9615 (t=0.15)  s2=0.6786  combined=0.7302  auroc=0.9618 
         excl=0.7778 (1)  (3.7s)                                                
INFO         Stage 1 threshold: 0.20 (BA=1.0000, range 0.8200-1.0000).          
INFO           k=15: mean_max_prob=0.7185                                       
INFO           k=20: mean_max_prob=0.6700                                       
INFO           k=30: mean_max_prob=0.6573                                       
INFO           k=50: mean_max_prob=0.6512                                       
INFO       Fold 2: s1=1.0000 (t=0.20)  s2=0.7024  combined=0.8016  auroc=0.9389 
         excl=0.8016 (0)  (3.6s)                                                
INFO         Stage 1 threshold: 0.25 (BA=1.0000, range 0.8733-1.0000).          
INFO           k=15: mean_max_prob=0.7058                                       
INFO           k=20: mean_max_prob=0.7218                                       
INFO           k=30: mean_max_prob=0.7565                                       
INFO           k=50: mean_max_prob=0.7472                                       
INFO       Fold 3: s1=1.0000 (t=0.25)  s2=0.6042  combined=0.7361  auroc=0.8586 
         excl=0.7583 (1)  (3.6s)                                                
INFO         Stage 1 threshold: 0.25 (BA=1.0000, range 0.8133-1.0000).          
INFO           k=15: mean_max_prob=0.6816                                       
INFO           k=20: mean_max_prob=0.6882                                       
INFO           k=30: mean_max_prob=0.6970                                       
INFO           k=50: mean_max_prob=0.6962                                       
INFO       Fold 4: s1=1.0000 (t=0.25)  s2=0.9286  combined=0.9524  auroc=1.0000 
         excl=0.9524 (0)  (3.6s)                                                
INFO         Stage 1 threshold: 0.30 (BA=1.0000, range 0.8633-1.0000).          
INFO           k=15: mean_max_prob=0.6742                                       
INFO           k=20: mean_max_prob=0.6724                                       
INFO           k=30: mean_max_prob=0.6783                                       
INFO           k=50: mean_max_prob=0.6701                                       
INFO       Fold 5: s1=1.0000 (t=0.30)  s2=0.6429  combined=0.7619  auroc=0.9560 
         excl=0.7619 (0)  (3.6s)                                                
  v2_kw_nmc_kens r50 ━━━━━━━━━━━━━━━━━━━━━━━━━━━━━━━━━━━━━━━━ 100% 0:00:17
INFO                                                                            
INFO     Summary for v2_kw_nmc_kens repeat 50:                                  
INFO       Stage 1 (HER2+ vs rest):  0.9923 (+/- 0.0154)                        
INFO       Stage 2 (HR+ vs TN):      0.7113 (+/- 0.1136)                        
INFO       Combined (3-class):       0.7964 (+/- 0.0819)                        
INFO       Combined (excl mislabels): 0.8104 (+/- 0.0726)                       
INFO       Combined fold scores: [0.7302, 0.8016, 0.7361, 0.9524, 0.7619]       
INFO       Total time: 18.0s                                                    
INFO     Fold results saved to                                                  
         /data/cbotos/TB-Project/results/2026-04-24_server_run_v2/hierarchical_n
         ested_cv_v2/data/fold_results_kw_nmc_kens_r50.csv                      
INFO     Checkpoint removed (job complete).                                     
========================================
Finished: 2026-04-24 10:37:17
Elapsed:  0h 0m 19s
Exit:     0
========================================
[HNCV2-TASK-DONE] array=15768 task=249 stage2_pipeline=kw_nmc_kens repeat=50 exit=0 elapsed=19s
