========================================
Hierarchical CV v2 - Job 166 of 350
Stage 1:  kw_rf k=5 (fixed, threshold calibrated)
Stage 2:  en_rf
Repeat:   16 / 50
Config:   /data/cbotos/TB-Project/results/2026-04-24_server_run_v2/config_snapshot_hierarchical_v2.yaml
Run:      server_run_v2
Node:     node2
CPUs:     1
Memory:   4096MB
Work dir: /data/cbotos/TB-Project
Start:    2026-04-24 07:12:12
========================================
Running: python3 /data/cbotos/TB-Project/code/hierarchical_nested_cv_v2_runner.py --pipeline en_rf --repeat 16 --config /data/cbotos/TB-Project/results/2026-04-24_server_run_v2/config_snapshot_hierarchical_v2.yaml --name server_run_v2
INFO     Run: 2026-04-24_server_run_v2                                          
INFO     Config:                                                                
         /data/cbotos/TB-Project/results/2026-04-24_server_run_v2/config_snapsho
         t_hierarchical_v2.yaml                                                 
INFO     Stage 1: kw_rf (fixed, binary HER2+ vs rest, threshold calibrated)     
INFO     Stage 2: en_rf (HR+ vs Triple Neg)                                     
INFO     Repeat seed: 16                                                        
INFO     Stage 2 grid size: 800 combinations                                    
INFO     Loading data...                                                        
INFO     Loaded 100 samples, 273 features.                                      
INFO     Classes: ['HER2+', 'HR+', 'Triple Neg']                                
INFO       HER2+: 32 samples                                                    
INFO       HR+: 36 samples                                                      
INFO       Triple Neg: 32 samples                                               
INFO     Mislabel indices verified: [(2, 'Array.67'), (4, 'Array.22')]          
INFO         Stage 1 threshold: 0.25 (BA=1.0000, range 0.9400-1.0000).          
INFO       Fold 1: s1=1.0000 (t=0.25)  s2=0.7619  combined=0.8413  auroc=0.9692 
         excl=0.8889 (1)  (2827.8s)                                             
INFO         Stage 1 threshold: 0.15 (BA=1.0000, range 0.8800-1.0000).          
INFO       Fold 2: s1=1.0000 (t=0.15)  s2=0.8452  combined=0.8968  auroc=0.9734 
         excl=0.8968 (0)  (2834.1s)                                             
INFO         Stage 1 threshold: 0.15 (BA=1.0000, range 0.8667-1.0000).          
INFO       Fold 3: s1=1.0000 (t=0.15)  s2=0.6458  combined=0.7639  auroc=0.8884 
         excl=0.7639 (0)  (2853.9s)                                             
INFO         Stage 1 threshold: 0.25 (BA=1.0000, range 0.8133-1.0000).          
INFO       Fold 4: s1=1.0000 (t=0.25)  s2=0.7857  combined=0.8571  auroc=0.9377 
         excl=0.8571 (0)  (2854.0s)                                             
INFO         Stage 1 threshold: 0.20 (BA=1.0000, range 0.8700-1.0000).          
INFO       Fold 5: s1=1.0000 (t=0.20)  s2=0.5714  combined=0.7143  auroc=0.8407 
         excl=0.7460 (1)  (2869.4s)                                             
  v2_en_rf r16 ━━━━━━━━━━━━━━━━━━━━━━━━━━━━━━━━━━━━━━━━ 100% 3:57:19
INFO                                                                            
INFO     Summary for v2_en_rf repeat 16:                                        
INFO       Stage 1 (HER2+ vs rest):  1.0000 (+/- 0.0000)                        
INFO       Stage 2 (HR+ vs TN):      0.7220 (+/- 0.0993)                        
INFO       Combined (3-class):       0.8147 (+/- 0.0662)                        
INFO       Combined (excl mislabels): 0.8306 (+/- 0.0634)                       
INFO       Combined fold scores: [0.8413, 0.8968, 0.7639, 0.8571, 0.7143]       
INFO       Total time: 14239.3s                                                 
INFO     Fold results saved to                                                  
         /data/cbotos/TB-Project/results/2026-04-24_server_run_v2/hierarchical_n
         ested_cv_v2/data/fold_results_en_rf_r16.csv                            
INFO     Checkpoint removed (job complete).                                     
========================================
Finished: 2026-04-24 11:09:33
Elapsed:  3h 57m 21s
Exit:     0
========================================
[HNCV2-TASK-DONE] array=15768 task=165 stage2_pipeline=en_rf repeat=16 exit=0 elapsed=14241s
