========================================
Hierarchical CV v2 - Job 133 of 350
Stage 1:  kw_rf k=5 (fixed, threshold calibrated)
Stage 2:  kw_rf
Repeat:   33 / 50
Config:   /data/cbotos/TB-Project/results/2026-04-24_server_run_v2/config_snapshot_hierarchical_v2.yaml
Run:      server_run_v2
Node:     node1
CPUs:     1
Memory:   4096MB
Work dir: /data/cbotos/TB-Project
Start:    2026-04-24 07:03:57
========================================
Running: python3 /data/cbotos/TB-Project/code/hierarchical_nested_cv_v2_runner.py --pipeline kw_rf --repeat 33 --config /data/cbotos/TB-Project/results/2026-04-24_server_run_v2/config_snapshot_hierarchical_v2.yaml --name server_run_v2
INFO     Run: 2026-04-24_server_run_v2                                          
INFO     Config:                                                                
         /data/cbotos/TB-Project/results/2026-04-24_server_run_v2/config_snapsho
         t_hierarchical_v2.yaml                                                 
INFO     Stage 1: kw_rf (fixed, binary HER2+ vs rest, threshold calibrated)     
INFO     Stage 2: kw_rf (HR+ vs Triple Neg)                                     
INFO     Repeat seed: 33                                                        
INFO     Stage 2 grid size: 32 combinations                                     
INFO     Loading data...                                                        
INFO     Loaded 100 samples, 273 features.                                      
INFO     Classes: ['HER2+', 'HR+', 'Triple Neg']                                
INFO       HER2+: 32 samples                                                    
INFO       HR+: 36 samples                                                      
INFO       Triple Neg: 32 samples                                               
INFO     Mislabel indices verified: [(2, 'Array.67'), (4, 'Array.22')]          
INFO         Stage 1 threshold: 0.25 (BA=1.0000, range 0.9000-1.0000).          
INFO       Fold 1: s1=1.0000 (t=0.25)  s2=0.5357  combined=0.6905  auroc=0.8892 
         excl=0.7238 (1)  (104.2s)                                              
INFO         Stage 1 threshold: 0.15 (BA=1.0000, range 0.8400-1.0000).          
INFO       Fold 2: s1=0.9615 (t=0.15)  s2=0.7738  combined=0.7937  auroc=0.9770 
         excl=0.7937 (0)  (104.5s)                                              
INFO         Stage 1 threshold: 0.25 (BA=1.0000, range 0.9267-1.0000).          
INFO       Fold 3: s1=1.0000 (t=0.25)  s2=0.6458  combined=0.7639  auroc=0.9479 
         excl=0.7639 (0)  (104.6s)                                              
INFO         Stage 1 threshold: 0.15 (BA=1.0000, range 0.8467-1.0000).          
INFO       Fold 4: s1=1.0000 (t=0.15)  s2=0.7857  combined=0.8571  auroc=0.9744 
         excl=0.8571 (0)  (104.3s)                                              
INFO         Stage 1 threshold: 0.25 (BA=1.0000, range 0.9400-1.0000).          
INFO       Fold 5: s1=1.0000 (t=0.25)  s2=0.7143  combined=0.8095  auroc=0.9377 
         excl=0.8413 (1)  (104.4s)                                              
  v2_kw_rf r33 ━━━━━━━━━━━━━━━━━━━━━━━━━━━━━━━━━━━━━━━━ 100% 0:08:42
INFO                                                                            
INFO     Summary for v2_kw_rf repeat 33:                                        
INFO       Stage 1 (HER2+ vs rest):  0.9923 (+/- 0.0154)                        
INFO       Stage 2 (HR+ vs TN):      0.6911 (+/- 0.0922)                        
INFO       Combined (3-class):       0.7829 (+/- 0.0552)                        
INFO       Combined (excl mislabels): 0.7960 (+/- 0.0491)                       
INFO       Combined fold scores: [0.6905, 0.7937, 0.7639, 0.8571, 0.8095]       
INFO       Total time: 522.2s                                                   
INFO     Fold results saved to                                                  
         /data/cbotos/TB-Project/results/2026-04-24_server_run_v2/hierarchical_n
         ested_cv_v2/data/fold_results_kw_rf_r33.csv                            
INFO     Checkpoint removed (job complete).                                     
========================================
Finished: 2026-04-24 07:12:41
Elapsed:  0h 8m 44s
Exit:     0
========================================
[HNCV2-TASK-DONE] array=15768 task=132 stage2_pipeline=kw_rf repeat=33 exit=0 elapsed=524s
