========================================
Hierarchical CV v2 - Job 197 of 350
Stage 1:  kw_rf k=5 (fixed, threshold calibrated)
Stage 2:  en_rf
Repeat:   47 / 50
Config:   /data/cbotos/TB-Project/results/2026-04-24_server_run_v2/config_snapshot_hierarchical_v2.yaml
Run:      server_run_v2
Node:     node2
CPUs:     1
Memory:   4096MB
Work dir: /data/cbotos/TB-Project
Start:    2026-04-24 07:13:02
========================================
Running: python3 /data/cbotos/TB-Project/code/hierarchical_nested_cv_v2_runner.py --pipeline en_rf --repeat 47 --config /data/cbotos/TB-Project/results/2026-04-24_server_run_v2/config_snapshot_hierarchical_v2.yaml --name server_run_v2
INFO     Run: 2026-04-24_server_run_v2                                          
INFO     Config:                                                                
         /data/cbotos/TB-Project/results/2026-04-24_server_run_v2/config_snapsho
         t_hierarchical_v2.yaml                                                 
INFO     Stage 1: kw_rf (fixed, binary HER2+ vs rest, threshold calibrated)     
INFO     Stage 2: en_rf (HR+ vs Triple Neg)                                     
INFO     Repeat seed: 47                                                        
INFO     Stage 2 grid size: 800 combinations                                    
INFO     Loading data...                                                        
INFO     Loaded 100 samples, 273 features.                                      
INFO     Classes: ['HER2+', 'HR+', 'Triple Neg']                                
INFO       HER2+: 32 samples                                                    
INFO       HR+: 36 samples                                                      
INFO       Triple Neg: 32 samples                                               
INFO     Mislabel indices verified: [(2, 'Array.67'), (4, 'Array.22')]          
INFO         Stage 1 threshold: 0.30 (BA=1.0000, range 0.8200-1.0000).          
INFO       Fold 1: s1=1.0000 (t=0.30)  s2=0.5238  combined=0.6825  auroc=0.8587 
         excl=0.7048 (1)  (2871.3s)                                             
INFO         Stage 1 threshold: 0.15 (BA=1.0000, range 0.8400-1.0000).          
INFO       Fold 2: s1=1.0000 (t=0.15)  s2=0.5952  combined=0.7302  auroc=0.8855 
         excl=0.7302 (0)  (2899.5s)                                             
INFO         Stage 1 threshold: 0.15 (BA=1.0000, range 0.8700-1.0000).          
INFO       Fold 3: s1=1.0000 (t=0.15)  s2=0.5625  combined=0.7083  auroc=0.8115 
         excl=0.7083 (0)  (2794.5s)                                             
INFO         Stage 1 threshold: 0.20 (BA=1.0000, range 0.8867-1.0000).          
INFO       Fold 4: s1=0.9643 (t=0.20)  s2=0.6429  combined=0.7143  auroc=0.9451 
         excl=0.7143 (0)  (2827.8s)                                             
INFO         Stage 1 threshold: 0.20 (BA=1.0000, range 0.8667-1.0000).          
INFO       Fold 5: s1=1.0000 (t=0.20)  s2=0.6429  combined=0.7619  auroc=0.9194 
         excl=0.7857 (1)  (2830.1s)                                             
  v2_en_rf r47 ━━━━━━━━━━━━━━━━━━━━━━━━━━━━━━━━━━━━━━━━ 100% 3:57:03
INFO                                                                            
INFO     Summary for v2_en_rf repeat 47:                                        
INFO       Stage 1 (HER2+ vs rest):  0.9929 (+/- 0.0143)                        
INFO       Stage 2 (HR+ vs TN):      0.5935 (+/- 0.0462)                        
INFO       Combined (3-class):       0.7194 (+/- 0.0262)                        
INFO       Combined (excl mislabels): 0.7287 (+/- 0.0298)                       
INFO       Combined fold scores: [0.6825, 0.7302, 0.7083, 0.7143, 0.7619]       
INFO       Total time: 14223.4s                                                 
INFO     Fold results saved to                                                  
         /data/cbotos/TB-Project/results/2026-04-24_server_run_v2/hierarchical_n
         ested_cv_v2/data/fold_results_en_rf_r47.csv                            
INFO     Checkpoint removed (job complete).                                     
========================================
Finished: 2026-04-24 11:10:07
Elapsed:  3h 57m 5s
Exit:     0
========================================
[HNCV2-TASK-DONE] array=15768 task=196 stage2_pipeline=en_rf repeat=47 exit=0 elapsed=14225s
