========================================
Hierarchical CV v2 - Job 256 of 350
Stage 1:  kw_rf k=5 (fixed, threshold calibrated)
Stage 2:  nmc_ensemble
Repeat:   6 / 50
Config:   /data/cbotos/TB-Project/results/2026-04-24_server_run_v2/config_snapshot_hierarchical_v2.yaml
Run:      server_run_v2
Node:     node2
CPUs:     1
Memory:   4096MB
Work dir: /data/cbotos/TB-Project
Start:    2026-04-24 11:05:03
========================================
Running: python3 /data/cbotos/TB-Project/code/hierarchical_nested_cv_v2_runner.py --pipeline nmc_ensemble --repeat 6 --config /data/cbotos/TB-Project/results/2026-04-24_server_run_v2/config_snapshot_hierarchical_v2.yaml --name server_run_v2
INFO     Run: 2026-04-24_server_run_v2                                          
INFO     Config:                                                                
         /data/cbotos/TB-Project/results/2026-04-24_server_run_v2/config_snapsho
         t_hierarchical_v2.yaml                                                 
INFO     Stage 1: kw_rf (fixed, binary HER2+ vs rest, threshold calibrated)     
INFO     Stage 2: nmc_ensemble (HR+ vs Triple Neg)                              
INFO     Repeat seed: 6                                                         
INFO     Stage 2: no GridSearchCV (ensemble pipeline)                           
INFO     Loading data...                                                        
INFO     Loaded 100 samples, 273 features.                                      
INFO     Classes: ['HER2+', 'HR+', 'Triple Neg']                                
INFO       HER2+: 32 samples                                                    
INFO       HR+: 36 samples                                                      
INFO       Triple Neg: 32 samples                                               
INFO     Mislabel indices verified: [(2, 'Array.67'), (4, 'Array.22')]          
INFO         Stage 1 threshold: 0.20 (BA=1.0000, range 0.9200-1.0000).          
INFO         Pipeline ensemble component 1: KW k-ensemble                       
INFO           k=15: mean_max_prob=0.6840                                       
INFO           k=20: mean_max_prob=0.7036                                       
INFO           k=30: mean_max_prob=0.6948                                       
INFO           k=50: mean_max_prob=0.7055                                       
INFO         Pipeline ensemble component 2: EN+NMC GridSearchCV                 
INFO         Ensemble mean_max_prob: kens=0.6931, en=0.6406, ratio=1.08         
INFO       Fold 1: s1=1.0000 (t=0.20)  s2=0.8571  combined=0.9048  auroc=0.9963 
         excl=0.9048 (0)  (212.9s)                                              
INFO         Stage 1 threshold: 0.10 (BA=1.0000, range 0.8800-1.0000).          
INFO         Pipeline ensemble component 1: KW k-ensemble                       
INFO           k=15: mean_max_prob=0.7347                                       
INFO           k=20: mean_max_prob=0.7349                                       
INFO           k=30: mean_max_prob=0.7184                                       
INFO           k=50: mean_max_prob=0.6909                                       
INFO         Pipeline ensemble component 2: EN+NMC GridSearchCV                 
INFO         Ensemble mean_max_prob: kens=0.7130, en=0.6626, ratio=1.08         
INFO       Fold 2: s1=0.9615 (t=0.10)  s2=0.7619  combined=0.7937  auroc=0.9084 
         excl=0.8381 (1)  (216.4s)                                              
INFO         Stage 1 threshold: 0.25 (BA=1.0000, range 0.8800-1.0000).          
INFO         Pipeline ensemble component 1: KW k-ensemble                       
INFO           k=15: mean_max_prob=0.7011                                       
INFO           k=20: mean_max_prob=0.7054                                       
INFO           k=30: mean_max_prob=0.7028                                       
INFO           k=50: mean_max_prob=0.7249                                       
INFO         Pipeline ensemble component 2: EN+NMC GridSearchCV                 
INFO         Ensemble mean_max_prob: kens=0.6912, en=0.6426, ratio=1.08         
INFO       Fold 3: s1=1.0000 (t=0.25)  s2=0.4583  combined=0.6389  auroc=0.8328 
         excl=0.6389 (0)  (214.6s)                                              
INFO         Stage 1 threshold: 0.20 (BA=1.0000, range 0.9100-1.0000).          
INFO         Pipeline ensemble component 1: KW k-ensemble                       
INFO           k=15: mean_max_prob=0.7202                                       
INFO           k=20: mean_max_prob=0.7273                                       
INFO           k=30: mean_max_prob=0.7267                                       
INFO           k=50: mean_max_prob=0.7213                                       
INFO         Pipeline ensemble component 2: EN+NMC GridSearchCV                 
INFO         Ensemble mean_max_prob: kens=0.7212, en=0.6778, ratio=1.06         
INFO       Fold 4: s1=1.0000 (t=0.20)  s2=0.7857  combined=0.8571  auroc=0.9304 
         excl=0.8571 (0)  (218.8s)                                              
INFO         Stage 1 threshold: 0.25 (BA=1.0000, range 0.8667-1.0000).          
INFO         Pipeline ensemble component 1: KW k-ensemble                       
INFO           k=15: mean_max_prob=0.7004                                       
INFO           k=20: mean_max_prob=0.7141                                       
INFO           k=30: mean_max_prob=0.6920                                       
INFO           k=50: mean_max_prob=0.6748                                       
INFO         Pipeline ensemble component 2: EN+NMC GridSearchCV                 
INFO         Ensemble mean_max_prob: kens=0.6863, en=0.6422, ratio=1.07         
INFO       Fold 5: s1=1.0000 (t=0.25)  s2=0.7857  combined=0.8571  auroc=0.9414 
         excl=0.8968 (1)  (208.2s)                                              
  v2_nmc_ensemble r6 ━━━━━━━━━━━━━━━━━━━━━━━━━━━━━━━━━━━━━━━━ 100% 0:17:50
INFO                                                                            
INFO     Summary for v2_nmc_ensemble repeat 6:                                  
INFO       Stage 1 (HER2+ vs rest):  0.9923 (+/- 0.0154)                        
INFO       Stage 2 (HR+ vs TN):      0.7298 (+/- 0.1394)                        
INFO       Combined (3-class):       0.8103 (+/- 0.0927)                        
INFO       Combined (excl mislabels): 0.8271 (+/- 0.0973)                       
INFO       Combined fold scores: [0.9048, 0.7937, 0.6389, 0.8571, 0.8571]       
INFO       Total time: 1070.9s                                                  
INFO     Fold results saved to                                                  
         /data/cbotos/TB-Project/results/2026-04-24_server_run_v2/hierarchical_n
         ested_cv_v2/data/fold_results_nmc_ensemble_r6.csv                      
INFO     Checkpoint removed (job complete).                                     
========================================
Finished: 2026-04-24 11:22:55
Elapsed:  0h 17m 52s
Exit:     0
========================================
[HNCV2-TASK-DONE] array=15768 task=255 stage2_pipeline=nmc_ensemble repeat=6 exit=0 elapsed=1072s
