========================================
Hierarchical CV v2 - Job 145 of 350
Stage 1:  kw_rf k=5 (fixed, threshold calibrated)
Stage 2:  kw_rf
Repeat:   45 / 50
Config:   /data/cbotos/TB-Project/results/2026-04-24_server_run_v2/config_snapshot_hierarchical_v2.yaml
Run:      server_run_v2
Node:     node1
CPUs:     1
Memory:   4096MB
Work dir: /data/cbotos/TB-Project
Start:    2026-04-24 07:04:07
========================================
Running: python3 /data/cbotos/TB-Project/code/hierarchical_nested_cv_v2_runner.py --pipeline kw_rf --repeat 45 --config /data/cbotos/TB-Project/results/2026-04-24_server_run_v2/config_snapshot_hierarchical_v2.yaml --name server_run_v2
INFO     Run: 2026-04-24_server_run_v2                                          
INFO     Config:                                                                
         /data/cbotos/TB-Project/results/2026-04-24_server_run_v2/config_snapsho
         t_hierarchical_v2.yaml                                                 
INFO     Stage 1: kw_rf (fixed, binary HER2+ vs rest, threshold calibrated)     
INFO     Stage 2: kw_rf (HR+ vs Triple Neg)                                     
INFO     Repeat seed: 45                                                        
INFO     Stage 2 grid size: 32 combinations                                     
INFO     Loading data...                                                        
INFO     Loaded 100 samples, 273 features.                                      
INFO     Classes: ['HER2+', 'HR+', 'Triple Neg']                                
INFO       HER2+: 32 samples                                                    
INFO       HR+: 36 samples                                                      
INFO       Triple Neg: 32 samples                                               
INFO     Mislabel indices verified: [(2, 'Array.67'), (4, 'Array.22')]          
INFO         Stage 1 threshold: 0.15 (BA=1.0000, range 0.8800-1.0000).          
INFO       Fold 1: s1=1.0000 (t=0.15)  s2=0.8452  combined=0.8968  auroc=0.9350 
         excl=0.9524 (1)  (105.3s)                                              
INFO         Stage 1 threshold: 0.20 (BA=1.0000, range 0.9000-1.0000).          
INFO       Fold 2: s1=1.0000 (t=0.20)  s2=0.5357  combined=0.6905  auroc=0.8855 
         excl=0.6905 (0)  (105.1s)                                              
INFO         Stage 1 threshold: 0.20 (BA=1.0000, range 0.9267-1.0000).          
INFO       Fold 3: s1=1.0000 (t=0.20)  s2=0.9167  combined=0.9444  auroc=0.9777 
         excl=0.9444 (0)  (105.4s)                                              
INFO         Stage 1 threshold: 0.20 (BA=1.0000, range 0.8667-1.0000).          
INFO       Fold 4: s1=1.0000 (t=0.20)  s2=0.8571  combined=0.9048  auroc=0.9817 
         excl=0.9444 (1)  (105.3s)                                              
INFO         Stage 1 threshold: 0.25 (BA=1.0000, range 0.8300-1.0000).          
INFO       Fold 5: s1=1.0000 (t=0.25)  s2=0.6429  combined=0.7619  auroc=0.9560 
         excl=0.7619 (0)  (105.3s)                                              
  v2_kw_rf r45 ━━━━━━━━━━━━━━━━━━━━━━━━━━━━━━━━━━━━━━━━ 100% 0:08:46
INFO                                                                            
INFO     Summary for v2_kw_rf repeat 45:                                        
INFO       Stage 1 (HER2+ vs rest):  1.0000 (+/- 0.0000)                        
INFO       Stage 2 (HR+ vs TN):      0.7595 (+/- 0.1451)                        
INFO       Combined (3-class):       0.8397 (+/- 0.0967)                        
INFO       Combined (excl mislabels): 0.8587 (+/- 0.1106)                       
INFO       Combined fold scores: [0.8968, 0.6905, 0.9444, 0.9048, 0.7619]       
INFO       Total time: 526.5s                                                   
INFO     Fold results saved to                                                  
         /data/cbotos/TB-Project/results/2026-04-24_server_run_v2/hierarchical_n
         ested_cv_v2/data/fold_results_kw_rf_r45.csv                            
INFO     Checkpoint removed (job complete).                                     
========================================
Finished: 2026-04-24 07:12:55
Elapsed:  0h 8m 48s
Exit:     0
========================================
[HNCV2-TASK-DONE] array=15768 task=144 stage2_pipeline=kw_rf repeat=45 exit=0 elapsed=528s
