========================================
Hierarchical CV v2 - Job 225 of 350
Stage 1:  kw_rf k=5 (fixed, threshold calibrated)
Stage 2:  kw_nmc_kens
Repeat:   25 / 50
Config:   /data/cbotos/TB-Project/results/2026-04-24_server_run_v2/config_snapshot_hierarchical_v2.yaml
Run:      server_run_v2
Node:     node3
CPUs:     1
Memory:   4096MB
Work dir: /data/cbotos/TB-Project
Start:    2026-04-24 10:32:33
========================================
Running: python3 /data/cbotos/TB-Project/code/hierarchical_nested_cv_v2_runner.py --pipeline kw_nmc_kens --repeat 25 --config /data/cbotos/TB-Project/results/2026-04-24_server_run_v2/config_snapshot_hierarchical_v2.yaml --name server_run_v2
INFO     Run: 2026-04-24_server_run_v2                                          
INFO     Config:                                                                
         /data/cbotos/TB-Project/results/2026-04-24_server_run_v2/config_snapsho
         t_hierarchical_v2.yaml                                                 
INFO     Stage 1: kw_rf (fixed, binary HER2+ vs rest, threshold calibrated)     
INFO     Stage 2: kw_nmc_kens (HR+ vs Triple Neg)                               
INFO     Repeat seed: 25                                                        
INFO     Stage 2: no GridSearchCV (ensemble pipeline)                           
INFO     Loading data...                                                        
INFO     Loaded 100 samples, 273 features.                                      
INFO     Classes: ['HER2+', 'HR+', 'Triple Neg']                                
INFO       HER2+: 32 samples                                                    
INFO       HR+: 36 samples                                                      
INFO       Triple Neg: 32 samples                                               
INFO     Mislabel indices verified: [(2, 'Array.67'), (4, 'Array.22')]          
INFO         Stage 1 threshold: 0.15 (BA=1.0000, range 0.9000-1.0000).          
INFO           k=15: mean_max_prob=0.6543                                       
INFO           k=20: mean_max_prob=0.6548                                       
INFO           k=30: mean_max_prob=0.6887                                       
INFO           k=50: mean_max_prob=0.6805                                       
INFO       Fold 1: s1=0.9231 (t=0.15)  s2=0.6905  combined=0.7381  auroc=0.9466 
         excl=0.7778 (1)  (3.6s)                                                
INFO         Stage 1 threshold: 0.20 (BA=1.0000, range 0.8600-1.0000).          
INFO           k=15: mean_max_prob=0.7141                                       
INFO           k=20: mean_max_prob=0.7054                                       
INFO           k=30: mean_max_prob=0.7027                                       
INFO           k=50: mean_max_prob=0.6988                                       
INFO       Fold 2: s1=1.0000 (t=0.20)  s2=0.7738  combined=0.8492  auroc=0.9695 
         excl=0.8492 (0)  (3.6s)                                                
INFO         Stage 1 threshold: 0.20 (BA=1.0000, range 0.8667-1.0000).          
INFO           k=15: mean_max_prob=0.7075                                       
INFO           k=20: mean_max_prob=0.7142                                       
INFO           k=30: mean_max_prob=0.6996                                       
INFO           k=50: mean_max_prob=0.6900                                       
INFO       Fold 3: s1=1.0000 (t=0.20)  s2=0.7917  combined=0.8611  auroc=0.9365 
         excl=0.9167 (1)  (3.6s)                                                
INFO         Stage 1 threshold: 0.20 (BA=1.0000, range 0.8933-1.0000).          
INFO           k=15: mean_max_prob=0.7296                                       
INFO           k=20: mean_max_prob=0.7263                                       
INFO           k=30: mean_max_prob=0.7379                                       
INFO           k=50: mean_max_prob=0.7172                                       
INFO       Fold 4: s1=1.0000 (t=0.20)  s2=0.7143  combined=0.8095  auroc=0.9487 
         excl=0.8095 (0)  (3.6s)                                                
INFO         Stage 1 threshold: 0.15 (BA=1.0000, range 0.8767-1.0000).          
INFO           k=15: mean_max_prob=0.7042                                       
INFO           k=20: mean_max_prob=0.6974                                       
INFO           k=30: mean_max_prob=0.6840                                       
INFO           k=50: mean_max_prob=0.6799                                       
INFO       Fold 5: s1=1.0000 (t=0.15)  s2=0.7143  combined=0.8095  auroc=0.9597 
         excl=0.8095 (0)  (3.6s)                                                
  v2_kw_nmc_kens r25 ━━━━━━━━━━━━━━━━━━━━━━━━━━━━━━━━━━━━━━━━ 100% 0:00:18
INFO                                                                            
INFO     Summary for v2_kw_nmc_kens repeat 25:                                  
INFO       Stage 1 (HER2+ vs rest):  0.9846 (+/- 0.0308)                        
INFO       Stage 2 (HR+ vs TN):      0.7369 (+/- 0.0388)                        
INFO       Combined (3-class):       0.8135 (+/- 0.0430)                        
INFO       Combined (excl mislabels): 0.8325 (+/- 0.0478)                       
INFO       Combined fold scores: [0.7381, 0.8492, 0.8611, 0.8095, 0.8095]       
INFO       Total time: 18.0s                                                    
INFO     Fold results saved to                                                  
         /data/cbotos/TB-Project/results/2026-04-24_server_run_v2/hierarchical_n
         ested_cv_v2/data/fold_results_kw_nmc_kens_r25.csv                      
INFO     Checkpoint removed (job complete).                                     
========================================
Finished: 2026-04-24 10:32:52
Elapsed:  0h 0m 19s
Exit:     0
========================================
[HNCV2-TASK-DONE] array=15768 task=224 stage2_pipeline=kw_nmc_kens repeat=25 exit=0 elapsed=19s
