========================================
Hierarchical CV v2 - Job 52 of 350
Stage 1:  kw_rf k=5 (fixed, threshold calibrated)
Stage 2:  en_nmc
Repeat:   2 / 50
Config:   /data/cbotos/TB-Project/results/2026-04-24_server_run_v2/config_snapshot_hierarchical_v2.yaml
Run:      server_run_v2
Node:     node3
CPUs:     1
Memory:   4096MB
Work dir: /data/cbotos/TB-Project
Start:    2026-04-24 06:39:39
========================================
Running: python3 /data/cbotos/TB-Project/code/hierarchical_nested_cv_v2_runner.py --pipeline en_nmc --repeat 2 --config /data/cbotos/TB-Project/results/2026-04-24_server_run_v2/config_snapshot_hierarchical_v2.yaml --name server_run_v2
INFO     Run: 2026-04-24_server_run_v2                                          
INFO     Config:                                                                
         /data/cbotos/TB-Project/results/2026-04-24_server_run_v2/config_snapsho
         t_hierarchical_v2.yaml                                                 
INFO     Stage 1: kw_rf (fixed, binary HER2+ vs rest, threshold calibrated)     
INFO     Stage 2: en_nmc (HR+ vs Triple Neg)                                    
INFO     Repeat seed: 2                                                         
INFO     Stage 2 grid size: 200 combinations                                    
INFO     Loading data...                                                        
INFO     Loaded 100 samples, 273 features.                                      
INFO     Classes: ['HER2+', 'HR+', 'Triple Neg']                                
INFO       HER2+: 32 samples                                                    
INFO       HR+: 36 samples                                                      
INFO       Triple Neg: 32 samples                                               
INFO     Mislabel indices verified: [(2, 'Array.67'), (4, 'Array.22')]          
INFO         Stage 1 threshold: 0.15 (BA=1.0000, range 0.8800-1.0000).          
INFO       Fold 1: s1=1.0000 (t=0.15)  s2=0.5476  combined=0.6984  auroc=0.8776 
         excl=0.6984 (0)  (177.0s)                                              
INFO         Stage 1 threshold: 0.20 (BA=1.0000, range 0.8800-1.0000).          
INFO       Fold 2: s1=1.0000 (t=0.20)  s2=0.7619  combined=0.8413  auroc=0.9695 
         excl=0.8413 (0)  (185.8s)                                              
INFO         Stage 1 threshold: 0.20 (BA=1.0000, range 0.8667-1.0000).          
