========================================
Hierarchical CV v2 - Job 119 of 350
Stage 1:  kw_rf k=5 (fixed, threshold calibrated)
Stage 2:  kw_rf
Repeat:   19 / 50
Config:   /data/cbotos/TB-Project/results/2026-04-24_server_run_v2/config_snapshot_hierarchical_v2.yaml
Run:      server_run_v2
Node:     node1
CPUs:     1
Memory:   4096MB
Work dir: /data/cbotos/TB-Project
Start:    2026-04-24 07:03:41
========================================
Running: python3 /data/cbotos/TB-Project/code/hierarchical_nested_cv_v2_runner.py --pipeline kw_rf --repeat 19 --config /data/cbotos/TB-Project/results/2026-04-24_server_run_v2/config_snapshot_hierarchical_v2.yaml --name server_run_v2
INFO     Run: 2026-04-24_server_run_v2                                          
INFO     Config:                                                                
         /data/cbotos/TB-Project/results/2026-04-24_server_run_v2/config_snapsho
         t_hierarchical_v2.yaml                                                 
INFO     Stage 1: kw_rf (fixed, binary HER2+ vs rest, threshold calibrated)     
INFO     Stage 2: kw_rf (HR+ vs Triple Neg)                                     
INFO     Repeat seed: 19                                                        
INFO     Stage 2 grid size: 32 combinations                                     
INFO     Loading data...                                                        
INFO     Loaded 100 samples, 273 features.                                      
INFO     Classes: ['HER2+', 'HR+', 'Triple Neg']                                
INFO       HER2+: 32 samples                                                    
INFO       HR+: 36 samples                                                      
INFO       Triple Neg: 32 samples                                               
INFO     Mislabel indices verified: [(2, 'Array.67'), (4, 'Array.22')]          
INFO         Stage 1 threshold: 0.15 (BA=1.0000, range 0.8800-1.0000).          
INFO       Fold 1: s1=1.0000 (t=0.15)  s2=0.6071  combined=0.7381  auroc=0.9161 
         excl=0.7778 (1)  (105.1s)                                              
INFO         Stage 1 threshold: 0.20 (BA=1.0000, range 0.8000-1.0000).          
INFO       Fold 2: s1=1.0000 (t=0.20)  s2=0.9167  combined=0.9444  auroc=1.0000 
         excl=0.9444 (0)  (105.2s)                                              
INFO         Stage 1 threshold: 0.30 (BA=1.0000, range 0.9433-1.0000).          
INFO       Fold 3: s1=1.0000 (t=0.30)  s2=0.7708  combined=0.8472  auroc=0.9563 
         excl=0.8472 (0)  (105.3s)                                              
INFO         Stage 1 threshold: 0.15 (BA=1.0000, range 0.8600-1.0000).          
INFO       Fold 4: s1=1.0000 (t=0.15)  s2=0.7857  combined=0.8571  auroc=0.9158 
         excl=0.8968 (1)  (105.1s)                                              
INFO         Stage 1 threshold: 0.15 (BA=1.0000, range 0.8133-1.0000).          
INFO       Fold 5: s1=1.0000 (t=0.15)  s2=0.6429  combined=0.7619  auroc=0.9231 
         excl=0.7619 (0)  (105.0s)                                              
  v2_kw_rf r19 ━━━━━━━━━━━━━━━━━━━━━━━━━━━━━━━━━━━━━━━━ 100% 0:08:45
INFO                                                                            
INFO     Summary for v2_kw_rf repeat 19:                                        
INFO       Stage 1 (HER2+ vs rest):  1.0000 (+/- 0.0000)                        
INFO       Stage 2 (HR+ vs TN):      0.7446 (+/- 0.1107)                        
INFO       Combined (3-class):       0.8298 (+/- 0.0738)                        
INFO       Combined (excl mislabels): 0.8456 (+/- 0.0693)                       
INFO       Combined fold scores: [0.7381, 0.9444, 0.8472, 0.8571, 0.7619]       
INFO       Total time: 525.7s                                                   
INFO     Fold results saved to                                                  
         /data/cbotos/TB-Project/results/2026-04-24_server_run_v2/hierarchical_n
         ested_cv_v2/data/fold_results_kw_rf_r19.csv                            
INFO     Checkpoint removed (job complete).                                     
========================================
Finished: 2026-04-24 07:12:28
Elapsed:  0h 8m 47s
Exit:     0
========================================
[HNCV2-TASK-DONE] array=15768 task=118 stage2_pipeline=kw_rf repeat=19 exit=0 elapsed=527s
