========================================
Hierarchical CV v2 - Job 75 of 350
Stage 1:  kw_rf k=5 (fixed, threshold calibrated)
Stage 2:  en_nmc
Repeat:   25 / 50
Config:   /data/cbotos/TB-Project/results/2026-04-24_server_run_v2/config_snapshot_hierarchical_v2.yaml
Run:      server_run_v2
Node:     node1
CPUs:     1
Memory:   4096MB
Work dir: /data/cbotos/TB-Project
Start:    2026-04-24 06:49:32
========================================
Running: python3 /data/cbotos/TB-Project/code/hierarchical_nested_cv_v2_runner.py --pipeline en_nmc --repeat 25 --config /data/cbotos/TB-Project/results/2026-04-24_server_run_v2/config_snapshot_hierarchical_v2.yaml --name server_run_v2
INFO     Run: 2026-04-24_server_run_v2                                          
INFO     Config:                                                                
         /data/cbotos/TB-Project/results/2026-04-24_server_run_v2/config_snapsho
         t_hierarchical_v2.yaml                                                 
INFO     Stage 1: kw_rf (fixed, binary HER2+ vs rest, threshold calibrated)     
INFO     Stage 2: en_nmc (HR+ vs Triple Neg)                                    
INFO     Repeat seed: 25                                                        
INFO     Resuming from checkpoint: 1 folds already completed.                   
INFO     Stage 2 grid size: 200 combinations                                    
INFO     Loading data...                                                        
INFO     Loaded 100 samples, 273 features.                                      
INFO     Classes: ['HER2+', 'HR+', 'Triple Neg']                                
INFO       HER2+: 32 samples                                                    
INFO       HR+: 36 samples                                                      
INFO       Triple Neg: 32 samples                                               
INFO     Mislabel indices verified: [(2, 'Array.67'), (4, 'Array.22')]          
INFO         Stage 1 threshold: 0.20 (BA=1.0000, range 0.8600-1.0000).          
INFO       Fold 2: s1=1.0000 (t=0.20)  s2=0.8571  combined=0.9048  auroc=0.9386 
         excl=0.9048 (0)  (216.6s)                                              
INFO         Stage 1 threshold: 0.20 (BA=1.0000, range 0.8667-1.0000).          
INFO       Fold 3: s1=1.0000 (t=0.20)  s2=0.8542  combined=0.9028  auroc=0.9742 
         excl=0.9583 (1)  (216.7s)                                              
INFO         Stage 1 threshold: 0.20 (BA=1.0000, range 0.8933-1.0000).          
INFO       Fold 4: s1=1.0000 (t=0.20)  s2=0.7143  combined=0.8095  auroc=0.9487 
         excl=0.8095 (0)  (209.9s)                                              
INFO         Stage 1 threshold: 0.15 (BA=1.0000, range 0.8767-1.0000).          
INFO       Fold 5: s1=1.0000 (t=0.15)  s2=0.6429  combined=0.7619  auroc=0.9560 
         excl=0.7619 (0)  (223.0s)                                              
  v2_en_nmc r25 ━━━━━━━━━━━━━━━━━━━━━━━━━━━━━━━━━━━━━━━━ 100% 0:14:26
INFO                                                                            
INFO     Summary for v2_en_nmc repeat 25:                                       
INFO       Stage 1 (HER2+ vs rest):  0.9846 (+/- 0.0308)                        
INFO       Stage 2 (HR+ vs TN):      0.7375 (+/- 0.1014)                        
INFO       Combined (3-class):       0.8139 (+/- 0.0826)                        
INFO       Combined (excl mislabels): 0.8313 (+/- 0.0880)                       
INFO       Combined fold scores: [0.6905, 0.9048, 0.9028, 0.8095, 0.7619]       
INFO       Total time: 866.3s                                                   
INFO     Fold results saved to                                                  
         /data/cbotos/TB-Project/results/2026-04-24_server_run_v2/hierarchical_n
         ested_cv_v2/data/fold_results_en_nmc_r25.csv                           
INFO     Checkpoint removed (job complete).                                     
========================================
Finished: 2026-04-24 07:04:00
Elapsed:  0h 14m 28s
Exit:     0
========================================
[HNCV2-TASK-DONE] array=15768 task=74 stage2_pipeline=en_nmc repeat=25 exit=0 elapsed=868s
