╭───────────────────── Traceback (most recent call last) ──────────────────────╮
│ /data/cbotos/TB-Project/code/hierarchical_nested_cv_v2_runner.py:935 in      │
│ <module>                                                                     │
│                                                                              │
│   932                                                                        │
│   933                                                                        │
│   934 if __name__ == "__main__":                                             │
│ ❱ 935 │   main()                                                             │
│   936                                                                        │
│                                                                              │
│ /data/cbotos/TB-Project/code/hierarchical_nested_cv_v2_runner.py:864 in main │
│                                                                              │
│   861 │   # Run hierarchical nested CV v2.                                   │
│   862 │   job_start = time.perf_counter()                                    │
│   863 │                                                                      │
│ ❱ 864 │   fold_results = run_single_repeat_v2(                               │
│   865 │   │   X, y, le, feature_names, sample_names,                         │
│   866 │   │   args.pipeline, args.repeat,                                    │
│   867 │   │   stage2_grid, config, log,                                      │
│                                                                              │
│ /data/cbotos/TB-Project/code/hierarchical_nested_cv_v2_runner.py:483 in      │
│ run_single_repeat_v2                                                         │
│                                                                              │
│   480 │   │   if stage2_pipeline_name in V2_GRIDSEARCH_PIPELINES:            │
│   481 │   │   │   # Standard GridSearchCV path.                              │
│   482 │   │   │   proba_s2, best_s2, s2_cv_results, s2_best_params, en_conve │
│ ❱ 483 │   │   │   │   run_stage2_gridsearch(                                 │
│   484 │   │   │   │   │   X_train_s2, y_train_s2, X_test, stage2_pipeline_na │
│   485 │   │   │   │   │   stage2_grid, inner_folds, repeat_seed, config, log │
│   486 │   │   │   │   )                                                      │
│                                                                              │
│ /data/cbotos/TB-Project/code/hierarchical_nested_cv_v2_runner.py:215 in      │
│ run_stage2_gridsearch                                                        │
│                                                                              │
│   212 │   │   │   │   │   en_converged = False                               │
│   213 │   │   │   │   │   log.warning("    SAGA convergence warning in %s.", │
│   214 │   else:                                                              │
│ ❱ 215 │   │   gscv.fit(X_train_s2, y_train_s2)                               │
│   216 │                                                                      │
│   217 │   best_s2 = gscv.best_estimator_                                     │
│   218 │   proba_s2 = best_s2.predict_proba(X_test)                           │
│                                                                              │
│ /data/cbotos/miniconda3/envs/tb_310/lib/python3.10/site-packages/sklearn/bas │
│ e.py:1365 in wrapper                                                         │
│                                                                              │
│   1362 │   │   │   │   │   prefer_skip_nested_validation or global_skip_vali │
│   1363 │   │   │   │   )                                                     │
│   1364 │   │   │   ):                                                        │
│ ❱ 1365 │   │   │   │   return fit_method(estimator, *args, **kwargs)         │
│   1366 │   │                                                                 │
│   1367 │   │   return wrapper                                                │
│   1368                                                                       │
│                                                                              │
│ /data/cbotos/miniconda3/envs/tb_310/lib/python3.10/site-packages/sklearn/mod │
│ el_selection/_search.py:1051 in fit                                          │
│                                                                              │
│   1048 │   │   │   │                                                         │
│   1049 │   │   │   │   return results                                        │
│   1050 │   │   │                                                             │
│ ❱ 1051 │   │   │   self._run_search(evaluate_candidates)                     │
│   1052 │   │   │                                                             │
│   1053 │   │   │   # multimetric is determined here because in the case of a │
│   1054 │   │   │   # self.scoring the return type is only known after callin │
│                                                                              │
│ /data/cbotos/miniconda3/envs/tb_310/lib/python3.10/site-packages/sklearn/mod │
│ el_selection/_search.py:1605 in _run_search                                  │
│                                                                              │
│   1602 │                                                                     │
│   1603 │   def _run_search(self, evaluate_candidates):                       │
│   1604 │   │   """Search all candidates in param_grid"""                     │
│ ❱ 1605 │   │   evaluate_candidates(ParameterGrid(self.param_grid))           │
│   1606                                                                       │
│   1607                                                                       │
│   1608 class RandomizedSearchCV(BaseSearchCV):                               │
│                                                                              │
│ /data/cbotos/miniconda3/envs/tb_310/lib/python3.10/site-packages/sklearn/mod │
│ el_selection/_search.py:1028 in evaluate_candidates                          │
│                                                                              │
│   1025 │   │   │   │   │   │   "splits, got {}".format(n_splits, len(out) // │
│   1026 │   │   │   │   │   )                                                 │
│   1027 │   │   │   │                                                         │
│ ❱ 1028 │   │   │   │   _warn_or_raise_about_fit_failures(out, self.error_sco │
│   1029 │   │   │   │                                                         │
│   1030 │   │   │   │   # For callable self.scoring, the return type is only  │
│   1031 │   │   │   │   # calling. If the return type is a dictionary, the er │
│                                                                              │
│ /data/cbotos/miniconda3/envs/tb_310/lib/python3.10/site-packages/sklearn/mod │
│ el_selection/_validation.py:505 in _warn_or_raise_about_fit_failures         │
│                                                                              │
│    502 │   │   │   │   "You can try to debug the error by setting error_scor │
│    503 │   │   │   │   f"Below are more details about the failures:\n{fit_er │
│    504 │   │   │   )                                                         │
│ ❱  505 │   │   │   raise ValueError(all_fits_failed_message)                 │
│    506 │   │                                                                 │
│    507 │   │   else:                                                         │
│    508 │   │   │   some_fits_failed_message = (                              │
╰──────────────────────────────────────────────────────────────────────────────╯
ValueError: 
All the 40 fits failed.
It is very likely that your model is misconfigured.
You can try to debug the error by setting error_score='raise'.

Below are more details about the failures:
--------------------------------------------------------------------------------
40 fits failed with the following error:
Traceback (most recent call last):
  File 
"/data/cbotos/miniconda3/envs/tb_310/lib/python3.10/site-packages/sklearn/model_
selection/_validation.py", line 859, in _fit_and_score
    estimator.fit(X_train, y_train, **fit_params)
  File 
"/data/cbotos/miniconda3/envs/tb_310/lib/python3.10/site-packages/sklearn/base.p
y", line 1365, in wrapper
    return fit_method(estimator, *args, **kwargs)
  File 
"/data/cbotos/miniconda3/envs/tb_310/lib/python3.10/site-packages/sklearn/pipeli
ne.py", line 655, in fit
    Xt = self._fit(X, y, routed_params, raw_params=params)
  File 
"/data/cbotos/miniconda3/envs/tb_310/lib/python3.10/site-packages/sklearn/pipeli
ne.py", line 589, in _fit
    X, fitted_transformer = fit_transform_one_cached(
  File 
"/data/cbotos/miniconda3/envs/tb_310/lib/python3.10/site-packages/joblib/memory.
py", line 326, in __call__
    return self.func(*args, **kwargs)
  File 
"/data/cbotos/miniconda3/envs/tb_310/lib/python3.10/site-packages/sklearn/pipeli
ne.py", line 1540, in _fit_transform_one
    res = transformer.fit_transform(X, y, **params.get("fit_transform", {}))
  File 
"/data/cbotos/miniconda3/envs/tb_310/lib/python3.10/site-packages/sklearn/utils/
_set_output.py", line 316, in wrapped
    data_to_wrap = f(self, X, *args, **kwargs)
  File 
"/data/cbotos/miniconda3/envs/tb_310/lib/python3.10/site-packages/sklearn/base.p
y", line 897, in fit_transform
    return self.fit(X, y, **fit_params).transform(X)
  File "/data/cbotos/TB-Project/code/utils/cv_components.py", line 62, in fit
    stat, _ = kruskal(*groups)
  File 
"/data/cbotos/miniconda3/envs/tb_310/lib/python3.10/site-packages/scipy/stats/_a
xis_nan_policy.py", line 586, in axis_nan_policy_wrapper
    res = hypotest_fun_out(*samples, **kwds)
  File 
"/data/cbotos/miniconda3/envs/tb_310/lib/python3.10/site-packages/scipy/stats/_s
tats_py.py", line 8608, in kruskal
    raise ValueError('All numbers are identical in kruskal')
ValueError: All numbers are identical in kruskal

