========================================
Hierarchical CV v2 - Job 274 of 350
Stage 1:  kw_rf k=5 (fixed, threshold calibrated)
Stage 2:  nmc_ensemble
Repeat:   24 / 50
Config:   /data/cbotos/TB-Project/results/2026-04-24_server_run_v2/config_snapshot_hierarchical_v2.yaml
Run:      server_run_v2
Node:     node1
CPUs:     1
Memory:   4096MB
Work dir: /data/cbotos/TB-Project
Start:    2026-04-24 11:08:49
========================================
Running: python3 /data/cbotos/TB-Project/code/hierarchical_nested_cv_v2_runner.py --pipeline nmc_ensemble --repeat 24 --config /data/cbotos/TB-Project/results/2026-04-24_server_run_v2/config_snapshot_hierarchical_v2.yaml --name server_run_v2
INFO     Run: 2026-04-24_server_run_v2                                          
INFO     Config:                                                                
         /data/cbotos/TB-Project/results/2026-04-24_server_run_v2/config_snapsho
         t_hierarchical_v2.yaml                                                 
INFO     Stage 1: kw_rf (fixed, binary HER2+ vs rest, threshold calibrated)     
INFO     Stage 2: nmc_ensemble (HR+ vs Triple Neg)                              
INFO     Repeat seed: 24                                                        
INFO     Stage 2: no GridSearchCV (ensemble pipeline)                           
INFO     Loading data...                                                        
INFO     Loaded 100 samples, 273 features.                                      
INFO     Classes: ['HER2+', 'HR+', 'Triple Neg']                                
INFO       HER2+: 32 samples                                                    
INFO       HR+: 36 samples                                                      
INFO       Triple Neg: 32 samples                                               
INFO     Mislabel indices verified: [(2, 'Array.67'), (4, 'Array.22')]          
INFO         Stage 1 threshold: 0.10 (BA=1.0000, range 0.8800-1.0000).          
INFO         Pipeline ensemble component 1: KW k-ensemble                       
INFO           k=15: mean_max_prob=0.6968                                       
INFO           k=20: mean_max_prob=0.7057                                       
INFO           k=30: mean_max_prob=0.7125                                       
INFO           k=50: mean_max_prob=0.7028                                       
INFO         Pipeline ensemble component 2: EN+NMC GridSearchCV                 
INFO         Ensemble mean_max_prob: kens=0.6988, en=0.6973, ratio=1.00         
INFO       Fold 1: s1=0.9615 (t=0.10)  s2=0.7738  combined=0.7937  auroc=0.9695 
         excl=0.7937 (0)  (220.4s)                                              
INFO         Stage 1 threshold: 0.20 (BA=1.0000, range 0.8800-1.0000).          
INFO         Pipeline ensemble component 1: KW k-ensemble                       
INFO           k=15: mean_max_prob=0.6600                                       
INFO           k=20: mean_max_prob=0.6620                                       
INFO           k=30: mean_max_prob=0.6848                                       
INFO           k=50: mean_max_prob=0.6715                                       
INFO         Pipeline ensemble component 2: EN+NMC GridSearchCV                 
INFO         Ensemble mean_max_prob: kens=0.6642, en=0.6524, ratio=1.02         
INFO       Fold 2: s1=1.0000 (t=0.20)  s2=0.7738  combined=0.8492  auroc=0.9466 
         excl=0.8492 (0)  (214.7s)                                              
INFO         Stage 1 threshold: 0.20 (BA=1.0000, range 0.9000-1.0000).          
INFO         Pipeline ensemble component 1: KW k-ensemble                       
INFO           k=15: mean_max_prob=0.7083                                       
INFO           k=20: mean_max_prob=0.7066                                       
INFO           k=30: mean_max_prob=0.7067                                       
INFO           k=50: mean_max_prob=0.6935                                       
INFO         Pipeline ensemble component 2: EN+NMC GridSearchCV                 
INFO         Ensemble mean_max_prob: kens=0.7003, en=0.6540, ratio=1.07         
INFO       Fold 3: s1=1.0000 (t=0.20)  s2=0.7917  combined=0.8611  auroc=0.9777 
         excl=0.8611 (0)  (209.6s)                                              
INFO         Stage 1 threshold: 0.20 (BA=1.0000, range 0.8100-1.0000).          
INFO         Pipeline ensemble component 1: KW k-ensemble                       
INFO           k=15: mean_max_prob=0.6626                                       
INFO           k=20: mean_max_prob=0.6581                                       
INFO           k=30: mean_max_prob=0.6824                                       
INFO           k=50: mean_max_prob=0.6956                                       
INFO         Pipeline ensemble component 2: EN+NMC GridSearchCV                 
INFO         Ensemble mean_max_prob: kens=0.6675, en=0.6717, ratio=0.99         
INFO       Fold 4: s1=0.9643 (t=0.20)  s2=0.6429  combined=0.7143  auroc=0.9451 
         excl=0.7778 (2)  (219.9s)                                              
INFO         Stage 1 threshold: 0.25 (BA=1.0000, range 0.9433-1.0000).          
INFO         Pipeline ensemble component 1: KW k-ensemble                       
INFO           k=15: mean_max_prob=0.7105                                       
INFO           k=20: mean_max_prob=0.7026                                       
INFO           k=30: mean_max_prob=0.7005                                       
INFO           k=50: mean_max_prob=0.7149                                       
INFO         Pipeline ensemble component 2: EN+NMC GridSearchCV                 
INFO         Ensemble mean_max_prob: kens=0.7048, en=0.6807, ratio=1.04         
INFO       Fold 5: s1=1.0000 (t=0.25)  s2=0.7143  combined=0.8095  auroc=0.9451 
         excl=0.8095 (0)  (220.9s)                                              
  v2_nmc_ensemble r24 ━━━━━━━━━━━━━━━━━━━━━━━━━━━━━━━━━━━━━━━━ 100% 0:18:05
INFO                                                                            
INFO     Summary for v2_nmc_ensemble repeat 24:                                 
INFO       Stage 1 (HER2+ vs rest):  0.9852 (+/- 0.0182)                        
INFO       Stage 2 (HR+ vs TN):      0.7393 (+/- 0.0549)                        
INFO       Combined (3-class):       0.8056 (+/- 0.0519)                        
INFO       Combined (excl mislabels): 0.8183 (+/- 0.0320)                       
INFO       Combined fold scores: [0.7937, 0.8492, 0.8611, 0.7143, 0.8095]       
INFO       Total time: 1085.6s                                                  
INFO     Fold results saved to                                                  
         /data/cbotos/TB-Project/results/2026-04-24_server_run_v2/hierarchical_n
         ested_cv_v2/data/fold_results_nmc_ensemble_r24.csv                     
INFO     Checkpoint removed (job complete).                                     
========================================
Finished: 2026-04-24 11:26:56
Elapsed:  0h 18m 7s
Exit:     0
========================================
[HNCV2-TASK-DONE] array=15768 task=273 stage2_pipeline=nmc_ensemble repeat=24 exit=0 elapsed=1087s
