========================================
Hierarchical CV v2 - Job 94 of 350
Stage 1:  kw_rf k=5 (fixed, threshold calibrated)
Stage 2:  en_nmc
Repeat:   44 / 50
Config:   /data/cbotos/TB-Project/results/2026-04-24_server_run_v2/config_snapshot_hierarchical_v2.yaml
Run:      server_run_v2
Node:     node1
CPUs:     1
Memory:   4096MB
Work dir: /data/cbotos/TB-Project
Start:    2026-04-24 06:49:32
========================================
Running: python3 /data/cbotos/TB-Project/code/hierarchical_nested_cv_v2_runner.py --pipeline en_nmc --repeat 44 --config /data/cbotos/TB-Project/results/2026-04-24_server_run_v2/config_snapshot_hierarchical_v2.yaml --name server_run_v2
INFO     Run: 2026-04-24_server_run_v2                                          
INFO     Config:                                                                
         /data/cbotos/TB-Project/results/2026-04-24_server_run_v2/config_snapsho
         t_hierarchical_v2.yaml                                                 
INFO     Stage 1: kw_rf (fixed, binary HER2+ vs rest, threshold calibrated)     
INFO     Stage 2: en_nmc (HR+ vs Triple Neg)                                    
INFO     Repeat seed: 44                                                        
INFO     Resuming from checkpoint: 1 folds already completed.                   
INFO     Stage 2 grid size: 200 combinations                                    
INFO     Loading data...                                                        
INFO     Loaded 100 samples, 273 features.                                      
INFO     Classes: ['HER2+', 'HR+', 'Triple Neg']                                
INFO       HER2+: 32 samples                                                    
INFO       HR+: 36 samples                                                      
INFO       Triple Neg: 32 samples                                               
INFO     Mislabel indices verified: [(2, 'Array.67'), (4, 'Array.22')]          
INFO         Stage 1 threshold: 0.30 (BA=1.0000, range 0.8800-1.0000).          
INFO       Fold 2: s1=1.0000 (t=0.30)  s2=0.7500  combined=0.8333  auroc=0.9161 
         excl=0.8333 (0)  (231.2s)                                              
INFO         Stage 1 threshold: 0.10 (BA=1.0000, range 0.9400-1.0000).          
INFO       Fold 3: s1=1.0000 (t=0.10)  s2=0.8750  combined=0.9167  auroc=0.9851 
         excl=0.9167 (0)  (220.3s)                                              
INFO         Stage 1 threshold: 0.25 (BA=1.0000, range 0.9200-1.0000).          
INFO       Fold 4: s1=1.0000 (t=0.25)  s2=0.5714  combined=0.7143  auroc=0.8828 
         excl=0.7143 (0)  (207.6s)                                              
INFO         Stage 1 threshold: 0.20 (BA=1.0000, range 0.8867-1.0000).          
INFO       Fold 5: s1=1.0000 (t=0.20)  s2=0.7857  combined=0.8571  auroc=0.9194 
         excl=0.9048 (1)  (220.8s)                                              
  v2_en_nmc r44 ━━━━━━━━━━━━━━━━━━━━━━━━━━━━━━━━━━━━━━━━ 100% 0:14:39
INFO                                                                            
INFO     Summary for v2_en_nmc repeat 44:                                       
INFO       Stage 1 (HER2+ vs rest):  1.0000 (+/- 0.0000)                        
INFO       Stage 2 (HR+ vs TN):      0.7821 (+/- 0.1229)                        
INFO       Combined (3-class):       0.8548 (+/- 0.0819)                        
INFO       Combined (excl mislabels): 0.8738 (+/- 0.0957)                       
INFO       Combined fold scores: [0.9524, 0.8333, 0.9167, 0.7143, 0.8571]       
INFO       Total time: 879.9s                                                   
INFO     Fold results saved to                                                  
         /data/cbotos/TB-Project/results/2026-04-24_server_run_v2/hierarchical_n
         ested_cv_v2/data/fold_results_en_nmc_r44.csv                           
INFO     Checkpoint removed (job complete).                                     
========================================
Finished: 2026-04-24 07:04:14
Elapsed:  0h 14m 42s
Exit:     0
========================================
[HNCV2-TASK-DONE] array=15768 task=93 stage2_pipeline=en_nmc repeat=44 exit=0 elapsed=882s
