========================================
Hierarchical CV v2 - Job 97 of 350
Stage 1:  kw_rf k=5 (fixed, threshold calibrated)
Stage 2:  en_nmc
Repeat:   47 / 50
Config:   /data/cbotos/TB-Project/results/2026-04-24_server_run_v2/config_snapshot_hierarchical_v2.yaml
Run:      server_run_v2
Node:     node1
CPUs:     1
Memory:   4096MB
Work dir: /data/cbotos/TB-Project
Start:    2026-04-24 06:49:32
========================================
Running: python3 /data/cbotos/TB-Project/code/hierarchical_nested_cv_v2_runner.py --pipeline en_nmc --repeat 47 --config /data/cbotos/TB-Project/results/2026-04-24_server_run_v2/config_snapshot_hierarchical_v2.yaml --name server_run_v2
INFO     Run: 2026-04-24_server_run_v2                                          
INFO     Config:                                                                
         /data/cbotos/TB-Project/results/2026-04-24_server_run_v2/config_snapsho
         t_hierarchical_v2.yaml                                                 
INFO     Stage 1: kw_rf (fixed, binary HER2+ vs rest, threshold calibrated)     
INFO     Stage 2: en_nmc (HR+ vs Triple Neg)                                    
INFO     Repeat seed: 47                                                        
INFO     Resuming from checkpoint: 1 folds already completed.                   
INFO     Stage 2 grid size: 200 combinations                                    
INFO     Loading data...                                                        
INFO     Loaded 100 samples, 273 features.                                      
INFO     Classes: ['HER2+', 'HR+', 'Triple Neg']                                
INFO       HER2+: 32 samples                                                    
INFO       HR+: 36 samples                                                      
INFO       Triple Neg: 32 samples                                               
INFO     Mislabel indices verified: [(2, 'Array.67'), (4, 'Array.22')]          
INFO         Stage 1 threshold: 0.15 (BA=1.0000, range 0.8400-1.0000).          
INFO       Fold 2: s1=1.0000 (t=0.15)  s2=0.7500  combined=0.8333  auroc=0.9658 
         excl=0.8333 (0)  (227.5s)                                              
INFO         Stage 1 threshold: 0.15 (BA=1.0000, range 0.8700-1.0000).          
INFO       Fold 3: s1=1.0000 (t=0.15)  s2=0.7083  combined=0.8056  auroc=0.9067 
         excl=0.8056 (0)  (201.0s)                                              
INFO         Stage 1 threshold: 0.20 (BA=1.0000, range 0.8867-1.0000).          
INFO       Fold 4: s1=0.9643 (t=0.20)  s2=0.7143  combined=0.7619  auroc=0.9084 
         excl=0.7619 (0)  (209.6s)                                              
INFO         Stage 1 threshold: 0.20 (BA=1.0000, range 0.8667-1.0000).          
INFO       Fold 5: s1=1.0000 (t=0.20)  s2=0.6429  combined=0.7619  auroc=0.9048 
         excl=0.7857 (1)  (209.4s)                                              
  v2_en_nmc r47 ━━━━━━━━━━━━━━━━━━━━━━━━━━━━━━━━━━━━━━━━ 100% 0:14:07
INFO                                                                            
INFO     Summary for v2_en_nmc repeat 47:                                       
INFO       Stage 1 (HER2+ vs rest):  0.9929 (+/- 0.0143)                        
INFO       Stage 2 (HR+ vs TN):      0.7321 (+/- 0.0663)                        
INFO       Combined (3-class):       0.8119 (+/- 0.0504)                        
INFO       Combined (excl mislabels): 0.8144 (+/- 0.0427)                       
INFO       Combined fold scores: [0.8968, 0.8333, 0.8056, 0.7619, 0.7619]       
INFO       Total time: 847.6s                                                   
INFO     Fold results saved to                                                  
         /data/cbotos/TB-Project/results/2026-04-24_server_run_v2/hierarchical_n
         ested_cv_v2/data/fold_results_en_nmc_r47.csv                           
INFO     Checkpoint removed (job complete).                                     
========================================
Finished: 2026-04-24 07:03:41
Elapsed:  0h 14m 9s
Exit:     0
========================================
[HNCV2-TASK-DONE] array=15768 task=96 stage2_pipeline=en_nmc repeat=47 exit=0 elapsed=849s
