========================================
Hierarchical CV v2 - Job 156 of 350
Stage 1:  kw_rf k=5 (fixed, threshold calibrated)
Stage 2:  en_rf
Repeat:   6 / 50
Config:   /data/cbotos/TB-Project/results/2026-04-24_server_run_v2/config_snapshot_hierarchical_v2.yaml
Run:      server_run_v2
Node:     node2
CPUs:     1
Memory:   4096MB
Work dir: /data/cbotos/TB-Project
Start:    2026-04-24 07:09:56
========================================
Running: python3 /data/cbotos/TB-Project/code/hierarchical_nested_cv_v2_runner.py --pipeline en_rf --repeat 6 --config /data/cbotos/TB-Project/results/2026-04-24_server_run_v2/config_snapshot_hierarchical_v2.yaml --name server_run_v2
INFO     Run: 2026-04-24_server_run_v2                                          
INFO     Config:                                                                
         /data/cbotos/TB-Project/results/2026-04-24_server_run_v2/config_snapsho
         t_hierarchical_v2.yaml                                                 
INFO     Stage 1: kw_rf (fixed, binary HER2+ vs rest, threshold calibrated)     
INFO     Stage 2: en_rf (HR+ vs Triple Neg)                                     
INFO     Repeat seed: 6                                                         
INFO     Stage 2 grid size: 800 combinations                                    
INFO     Loading data...                                                        
INFO     Loaded 100 samples, 273 features.                                      
INFO     Classes: ['HER2+', 'HR+', 'Triple Neg']                                
INFO       HER2+: 32 samples                                                    
INFO       HR+: 36 samples                                                      
INFO       Triple Neg: 32 samples                                               
INFO     Mislabel indices verified: [(2, 'Array.67'), (4, 'Array.22')]          
INFO         Stage 1 threshold: 0.20 (BA=1.0000, range 0.9200-1.0000).          
INFO       Fold 1: s1=1.0000 (t=0.20)  s2=0.8571  combined=0.9048  auroc=0.9466 
         excl=0.9048 (0)  (2829.7s)                                             
INFO         Stage 1 threshold: 0.10 (BA=1.0000, range 0.8800-1.0000).          
INFO       Fold 2: s1=0.9615 (t=0.10)  s2=0.5238  combined=0.6349  auroc=0.8785 
         excl=0.6571 (1)  (2837.9s)                                             
INFO         Stage 1 threshold: 0.25 (BA=1.0000, range 0.8800-1.0000).          
INFO       Fold 3: s1=1.0000 (t=0.25)  s2=0.4792  combined=0.6528  auroc=0.8065 
         excl=0.6528 (0)  (2833.0s)                                             
INFO         Stage 1 threshold: 0.20 (BA=1.0000, range 0.9100-1.0000).          
INFO       Fold 4: s1=1.0000 (t=0.20)  s2=0.7143  combined=0.8095  auroc=0.9084 
         excl=0.8095 (0)  (2859.2s)                                             
INFO         Stage 1 threshold: 0.25 (BA=1.0000, range 0.8667-1.0000).          
INFO       Fold 5: s1=1.0000 (t=0.25)  s2=0.7143  combined=0.8095  auroc=0.9121 
         excl=0.8571 (1)  (2807.9s)                                             
  v2_en_rf r6 ━━━━━━━━━━━━━━━━━━━━━━━━━━━━━━━━━━━━━━━━ 100% 3:56:07
INFO                                                                            
INFO     Summary for v2_en_rf repeat 6:                                         
INFO       Stage 1 (HER2+ vs rest):  0.9923 (+/- 0.0154)                        
INFO       Stage 2 (HR+ vs TN):      0.6577 (+/- 0.1386)                        
INFO       Combined (3-class):       0.7623 (+/- 0.1029)                        
INFO       Combined (excl mislabels): 0.7763 (+/- 0.1035)                       
INFO       Combined fold scores: [0.9048, 0.6349, 0.6528, 0.8095, 0.8095]       
INFO       Total time: 14167.9s                                                 
INFO     Fold results saved to                                                  
         /data/cbotos/TB-Project/results/2026-04-24_server_run_v2/hierarchical_n
         ested_cv_v2/data/fold_results_en_rf_r6.csv                             
INFO     Checkpoint removed (job complete).                                     
========================================
Finished: 2026-04-24 11:06:06
Elapsed:  3h 56m 10s
Exit:     0
========================================
[HNCV2-TASK-DONE] array=15768 task=155 stage2_pipeline=en_rf repeat=6 exit=0 elapsed=14170s
