========================================
Hierarchical CV v2 - Job 114 of 350
Stage 1:  kw_rf k=5 (fixed, threshold calibrated)
Stage 2:  kw_rf
Repeat:   14 / 50
Config:   /data/cbotos/TB-Project/results/2026-04-24_server_run_v2/config_snapshot_hierarchical_v2.yaml
Run:      server_run_v2
Node:     node2
CPUs:     1
Memory:   4096MB
Work dir: /data/cbotos/TB-Project
Start:    2026-04-24 07:03:22
========================================
Running: python3 /data/cbotos/TB-Project/code/hierarchical_nested_cv_v2_runner.py --pipeline kw_rf --repeat 14 --config /data/cbotos/TB-Project/results/2026-04-24_server_run_v2/config_snapshot_hierarchical_v2.yaml --name server_run_v2
INFO     Run: 2026-04-24_server_run_v2                                          
INFO     Config:                                                                
         /data/cbotos/TB-Project/results/2026-04-24_server_run_v2/config_snapsho
         t_hierarchical_v2.yaml                                                 
INFO     Stage 1: kw_rf (fixed, binary HER2+ vs rest, threshold calibrated)     
INFO     Stage 2: kw_rf (HR+ vs Triple Neg)                                     
INFO     Repeat seed: 14                                                        
INFO     Stage 2 grid size: 32 combinations                                     
INFO     Loading data...                                                        
INFO     Loaded 100 samples, 273 features.                                      
INFO     Classes: ['HER2+', 'HR+', 'Triple Neg']                                
INFO       HER2+: 32 samples                                                    
INFO       HR+: 36 samples                                                      
INFO       Triple Neg: 32 samples                                               
INFO     Mislabel indices verified: [(2, 'Array.67'), (4, 'Array.22')]          
INFO         Stage 1 threshold: 0.20 (BA=1.0000, range 0.8600-1.0000).          
INFO       Fold 1: s1=1.0000 (t=0.20)  s2=0.7024  combined=0.8016  auroc=0.9466 
         excl=0.8016 (0)  (105.3s)                                              
INFO         Stage 1 threshold: 0.25 (BA=1.0000, range 0.8600-1.0000).          
INFO       Fold 2: s1=1.0000 (t=0.25)  s2=0.5952  combined=0.7302  auroc=0.9237 
         excl=0.7302 (0)  (105.3s)                                              
INFO         Stage 1 threshold: 0.25 (BA=1.0000, range 0.8833-1.0000).          
INFO       Fold 3: s1=1.0000 (t=0.25)  s2=0.6458  combined=0.7639  auroc=0.9182 
         excl=0.7639 (0)  (105.3s)                                              
INFO         Stage 1 threshold: 0.15 (BA=1.0000, range 0.9033-1.0000).          
INFO       Fold 4: s1=1.0000 (t=0.15)  s2=0.5714  combined=0.7143  auroc=0.9084 
         excl=0.7460 (1)  (105.2s)                                              
INFO         Stage 1 threshold: 0.30 (BA=1.0000, range 0.9033-1.0000).          
INFO       Fold 5: s1=1.0000 (t=0.30)  s2=0.5000  combined=0.6667  auroc=0.8388 
         excl=0.6984 (1)  (105.3s)                                              
  v2_kw_rf r14 ━━━━━━━━━━━━━━━━━━━━━━━━━━━━━━━━━━━━━━━━ 100% 0:08:46
INFO                                                                            
INFO     Summary for v2_kw_rf repeat 14:                                        
INFO       Stage 1 (HER2+ vs rest):  1.0000 (+/- 0.0000)                        
INFO       Stage 2 (HR+ vs TN):      0.6030 (+/- 0.0684)                        
INFO       Combined (3-class):       0.7353 (+/- 0.0456)                        
INFO       Combined (excl mislabels): 0.7480 (+/- 0.0344)                       
INFO       Combined fold scores: [0.8016, 0.7302, 0.7639, 0.7143, 0.6667]       
INFO       Total time: 526.4s                                                   
INFO     Fold results saved to                                                  
         /data/cbotos/TB-Project/results/2026-04-24_server_run_v2/hierarchical_n
         ested_cv_v2/data/fold_results_kw_rf_r14.csv                            
INFO     Checkpoint removed (job complete).                                     
========================================
Finished: 2026-04-24 07:12:10
Elapsed:  0h 8m 48s
Exit:     0
========================================
[HNCV2-TASK-DONE] array=15768 task=113 stage2_pipeline=kw_rf repeat=14 exit=0 elapsed=528s
