========================================
Hierarchical CV v2 - Job 96 of 350
Stage 1:  kw_rf k=5 (fixed, threshold calibrated)
Stage 2:  en_nmc
Repeat:   46 / 50
Config:   /data/cbotos/TB-Project/results/2026-04-24_server_run_v2/config_snapshot_hierarchical_v2.yaml
Run:      server_run_v2
Node:     node1
CPUs:     1
Memory:   4096MB
Work dir: /data/cbotos/TB-Project
Start:    2026-04-24 06:49:32
========================================
Running: python3 /data/cbotos/TB-Project/code/hierarchical_nested_cv_v2_runner.py --pipeline en_nmc --repeat 46 --config /data/cbotos/TB-Project/results/2026-04-24_server_run_v2/config_snapshot_hierarchical_v2.yaml --name server_run_v2
INFO     Run: 2026-04-24_server_run_v2                                          
INFO     Config:                                                                
         /data/cbotos/TB-Project/results/2026-04-24_server_run_v2/config_snapsho
         t_hierarchical_v2.yaml                                                 
INFO     Stage 1: kw_rf (fixed, binary HER2+ vs rest, threshold calibrated)     
INFO     Stage 2: en_nmc (HR+ vs Triple Neg)                                    
INFO     Repeat seed: 46                                                        
INFO     Resuming from checkpoint: 1 folds already completed.                   
INFO     Stage 2 grid size: 200 combinations                                    
INFO     Loading data...                                                        
INFO     Loaded 100 samples, 273 features.                                      
INFO     Classes: ['HER2+', 'HR+', 'Triple Neg']                                
INFO       HER2+: 32 samples                                                    
INFO       HR+: 36 samples                                                      
INFO       Triple Neg: 32 samples                                               
INFO     Mislabel indices verified: [(2, 'Array.67'), (4, 'Array.22')]          
INFO         Stage 1 threshold: 0.15 (BA=1.0000, range 0.9000-1.0000).          
INFO       Fold 2: s1=1.0000 (t=0.15)  s2=0.6667  combined=0.7778  auroc=0.9771 
         excl=0.7778 (0)  (224.4s)                                              
INFO         Stage 1 threshold: 0.25 (BA=1.0000, range 0.8833-1.0000).          
INFO       Fold 3: s1=1.0000 (t=0.25)  s2=0.7292  combined=0.8194  auroc=0.9549 
         excl=0.8083 (1)  (212.7s)                                              
INFO         Stage 1 threshold: 0.20 (BA=1.0000, range 0.8233-1.0000).          
INFO       Fold 4: s1=1.0000 (t=0.20)  s2=0.4286  combined=0.6190  auroc=0.8645 
         excl=0.6190 (0)  (215.8s)                                              
INFO         Stage 1 threshold: 0.15 (BA=1.0000, range 0.8633-1.0000).          
INFO       Fold 5: s1=1.0000 (t=0.15)  s2=0.7143  combined=0.8095  auroc=0.9231 
         excl=0.8333 (1)  (207.1s)                                              
  v2_en_nmc r46 ━━━━━━━━━━━━━━━━━━━━━━━━━━━━━━━━━━━━━━━━ 100% 0:14:19
INFO                                                                            
INFO     Summary for v2_en_nmc repeat 46:                                       
INFO       Stage 1 (HER2+ vs rest):  1.0000 (+/- 0.0000)                        
INFO       Stage 2 (HR+ vs TN):      0.6625 (+/- 0.1219)                        
INFO       Combined (3-class):       0.7750 (+/- 0.0812)                        
INFO       Combined (excl mislabels): 0.7775 (+/- 0.0828)                       
INFO       Combined fold scores: [0.8492, 0.7778, 0.8194, 0.619, 0.8095]        
INFO       Total time: 860.0s                                                   
INFO     Fold results saved to                                                  
         /data/cbotos/TB-Project/results/2026-04-24_server_run_v2/hierarchical_n
         ested_cv_v2/data/fold_results_en_nmc_r46.csv                           
INFO     Checkpoint removed (job complete).                                     
========================================
Finished: 2026-04-24 07:03:54
Elapsed:  0h 14m 22s
Exit:     0
========================================
[HNCV2-TASK-DONE] array=15768 task=95 stage2_pipeline=en_nmc repeat=46 exit=0 elapsed=862s
