========================================
Hierarchical CV v2 - Job 323 of 350
Stage 1:  kw_rf k=5 (fixed, threshold calibrated)
Stage 2:  kw_nmc_kgrid
Repeat:   23 / 50
Config:   /data/cbotos/TB-Project/results/2026-04-24_server_run_v2/config_snapshot_hierarchical_v2.yaml
Run:      server_run_v2
Node:     node2
CPUs:     1
Memory:   4096MB
Work dir: /data/cbotos/TB-Project
Start:    2026-04-24 11:16:49
========================================
Running: python3 /data/cbotos/TB-Project/code/hierarchical_nested_cv_v2_runner.py --pipeline kw_nmc_kgrid --repeat 23 --config /data/cbotos/TB-Project/results/2026-04-24_server_run_v2/config_snapshot_hierarchical_v2.yaml --name server_run_v2
INFO     Run: 2026-04-24_server_run_v2                                          
INFO     Config:                                                                
         /data/cbotos/TB-Project/results/2026-04-24_server_run_v2/config_snapsho
         t_hierarchical_v2.yaml                                                 
INFO     Stage 1: kw_rf (fixed, binary HER2+ vs rest, threshold calibrated)     
INFO     Stage 2: kw_nmc_kgrid (HR+ vs Triple Neg)                              
INFO     Repeat seed: 23                                                        
INFO     Stage 2 grid size: 4 combinations                                      
INFO     Loading data...                                                        
INFO     Loaded 100 samples, 273 features.                                      
INFO     Classes: ['HER2+', 'HR+', 'Triple Neg']                                
INFO       HER2+: 32 samples                                                    
INFO       HR+: 36 samples                                                      
INFO       Triple Neg: 32 samples                                               
INFO     Mislabel indices verified: [(2, 'Array.67'), (4, 'Array.22')]          
INFO         Stage 1 threshold: 0.20 (BA=1.0000, range 0.9200-1.0000).          
INFO       Fold 1: s1=1.0000 (t=0.20)  s2=1.0000  combined=1.0000  auroc=1.0000 
         excl=1.0000 (0)  (6.5s)                                                
INFO         Stage 1 threshold: 0.20 (BA=1.0000, range 0.8800-1.0000).          
INFO       Fold 2: s1=0.9615 (t=0.20)  s2=0.7857  combined=0.8571  auroc=0.9777 
         excl=0.8889 (1)  (6.4s)                                                
INFO         Stage 1 threshold: 0.25 (BA=1.0000, range 0.8500-1.0000).          
INFO       Fold 3: s1=1.0000 (t=0.25)  s2=0.6250  combined=0.7500  auroc=0.9335 
         excl=0.7833 (1)  (6.4s)                                                
INFO         Stage 1 threshold: 0.25 (BA=1.0000, range 0.7833-1.0000).          
INFO       Fold 4: s1=1.0000 (t=0.25)  s2=0.6429  combined=0.7619  auroc=0.9084 
         excl=0.7619 (0)  (6.5s)                                                
INFO         Stage 1 threshold: 0.15 (BA=1.0000, range 0.9000-1.0000).          
INFO       Fold 5: s1=1.0000 (t=0.15)  s2=0.7857  combined=0.8571  auroc=0.9744 
         excl=0.8571 (0)  (6.4s)                                                
  v2_kw_nmc_kgrid r23 ━━━━━━━━━━━━━━━━━━━━━━━━━━━━━━━━━━━━━━━━ 100% 0:00:32
INFO                                                                            
INFO     Summary for v2_kw_nmc_kgrid repeat 23:                                 
INFO       Stage 1 (HER2+ vs rest):  0.9923 (+/- 0.0154)                        
INFO       Stage 2 (HR+ vs TN):      0.7679 (+/- 0.1346)                        
INFO       Combined (3-class):       0.8452 (+/- 0.0897)                        
INFO       Combined (excl mislabels): 0.8583 (+/- 0.0848)                       
INFO       Combined fold scores: [1.0, 0.8571, 0.75, 0.7619, 0.8571]            
INFO       Total time: 32.3s                                                    
INFO     Fold results saved to                                                  
         /data/cbotos/TB-Project/results/2026-04-24_server_run_v2/hierarchical_n
         ested_cv_v2/data/fold_results_kw_nmc_kgrid_r23.csv                     
INFO     Checkpoint removed (job complete).                                     
========================================
Finished: 2026-04-24 11:17:22
Elapsed:  0h 0m 33s
Exit:     0
========================================
[HNCV2-TASK-DONE] array=15768 task=322 stage2_pipeline=kw_nmc_kgrid repeat=23 exit=0 elapsed=33s
