========================================
Hierarchical CV v2 - Job 160 of 350
Stage 1:  kw_rf k=5 (fixed, threshold calibrated)
Stage 2:  en_rf
Repeat:   10 / 50
Config:   /data/cbotos/TB-Project/results/2026-04-24_server_run_v2/config_snapshot_hierarchical_v2.yaml
Run:      server_run_v2
Node:     node3
CPUs:     1
Memory:   4096MB
Work dir: /data/cbotos/TB-Project
Start:    2026-04-24 07:10:47
========================================
Running: python3 /data/cbotos/TB-Project/code/hierarchical_nested_cv_v2_runner.py --pipeline en_rf --repeat 10 --config /data/cbotos/TB-Project/results/2026-04-24_server_run_v2/config_snapshot_hierarchical_v2.yaml --name server_run_v2
INFO     Run: 2026-04-24_server_run_v2                                          
INFO     Config:                                                                
         /data/cbotos/TB-Project/results/2026-04-24_server_run_v2/config_snapsho
         t_hierarchical_v2.yaml                                                 
INFO     Stage 1: kw_rf (fixed, binary HER2+ vs rest, threshold calibrated)     
INFO     Stage 2: en_rf (HR+ vs Triple Neg)                                     
INFO     Repeat seed: 10                                                        
INFO     Stage 2 grid size: 800 combinations                                    
INFO     Loading data...                                                        
INFO     Loaded 100 samples, 273 features.                                      
INFO     Classes: ['HER2+', 'HR+', 'Triple Neg']                                
INFO       HER2+: 32 samples                                                    
INFO       HR+: 36 samples                                                      
INFO       Triple Neg: 32 samples                                               
INFO     Mislabel indices verified: [(2, 'Array.67'), (4, 'Array.22')]          
INFO         Stage 1 threshold: 0.15 (BA=1.0000, range 0.8600-1.0000).          
INFO       Fold 1: s1=0.9615 (t=0.15)  s2=0.7619  combined=0.7857  auroc=0.9466 
         excl=0.8333 (1)  (2353.5s)                                             
INFO         Stage 1 threshold: 0.15 (BA=1.0000, range 0.9200-1.0000).          
INFO       Fold 2: s1=1.0000 (t=0.15)  s2=0.6905  combined=0.7937  auroc=0.9502 
         excl=0.7937 (0)  (2341.0s)                                             
INFO         Stage 1 threshold: 0.20 (BA=1.0000, range 0.9233-1.0000).          
INFO       Fold 3: s1=1.0000 (t=0.20)  s2=0.5625  combined=0.7083  auroc=0.8814 
         excl=0.7083 (0)  (2344.8s)                                             
INFO         Stage 1 threshold: 0.15 (BA=1.0000, range 0.7900-1.0000).          
INFO       Fold 4: s1=1.0000 (t=0.15)  s2=0.5714  combined=0.7143  auroc=0.8462 
         excl=0.7460 (1)  (2394.7s)                                             
INFO         Stage 1 threshold: 0.20 (BA=1.0000, range 0.9067-1.0000).          
INFO       Fold 5: s1=1.0000 (t=0.20)  s2=0.2143  combined=0.4762  auroc=0.7399 
         excl=0.4762 (0)  (2389.8s)                                             
  v2_en_rf r10 ━━━━━━━━━━━━━━━━━━━━━━━━━━━━━━━━━━━━━━━━ 100% 3:17:03
INFO                                                                            
INFO     Summary for v2_en_rf repeat 10:                                        
INFO       Stage 1 (HER2+ vs rest):  0.9923 (+/- 0.0154)                        
INFO       Stage 2 (HR+ vs TN):      0.5601 (+/- 0.1884)                        
INFO       Combined (3-class):       0.6956 (+/- 0.1152)                        
INFO       Combined (excl mislabels): 0.7115 (+/- 0.1250)                       
INFO       Combined fold scores: [0.7857, 0.7937, 0.7083, 0.7143, 0.4762]       
INFO       Total time: 11824.0s                                                 
INFO     Fold results saved to                                                  
         /data/cbotos/TB-Project/results/2026-04-24_server_run_v2/hierarchical_n
         ested_cv_v2/data/fold_results_en_rf_r10.csv                            
INFO     Checkpoint removed (job complete).                                     
========================================
Finished: 2026-04-24 10:27:54
Elapsed:  3h 17m 7s
Exit:     0
========================================
[HNCV2-TASK-DONE] array=15768 task=159 stage2_pipeline=en_rf repeat=10 exit=0 elapsed=11827s
