========================================
Hierarchical CV v2 - Job 178 of 350
Stage 1:  kw_rf k=5 (fixed, threshold calibrated)
Stage 2:  en_rf
Repeat:   28 / 50
Config:   /data/cbotos/TB-Project/results/2026-04-24_server_run_v2/config_snapshot_hierarchical_v2.yaml
Run:      server_run_v2
Node:     node1
CPUs:     1
Memory:   4096MB
Work dir: /data/cbotos/TB-Project
Start:    2026-04-24 07:12:43
========================================
Running: python3 /data/cbotos/TB-Project/code/hierarchical_nested_cv_v2_runner.py --pipeline en_rf --repeat 28 --config /data/cbotos/TB-Project/results/2026-04-24_server_run_v2/config_snapshot_hierarchical_v2.yaml --name server_run_v2
INFO     Run: 2026-04-24_server_run_v2                                          
INFO     Config:                                                                
         /data/cbotos/TB-Project/results/2026-04-24_server_run_v2/config_snapsho
         t_hierarchical_v2.yaml                                                 
INFO     Stage 1: kw_rf (fixed, binary HER2+ vs rest, threshold calibrated)     
INFO     Stage 2: en_rf (HR+ vs Triple Neg)                                     
INFO     Repeat seed: 28                                                        
INFO     Stage 2 grid size: 800 combinations                                    
INFO     Loading data...                                                        
INFO     Loaded 100 samples, 273 features.                                      
INFO     Classes: ['HER2+', 'HR+', 'Triple Neg']                                
INFO       HER2+: 32 samples                                                    
INFO       HR+: 36 samples                                                      
INFO       Triple Neg: 32 samples                                               
INFO     Mislabel indices verified: [(2, 'Array.67'), (4, 'Array.22')]          
INFO         Stage 1 threshold: 0.15 (BA=1.0000, range 0.8600-1.0000).          
INFO       Fold 1: s1=0.9615 (t=0.15)  s2=0.5238  combined=0.6825  auroc=0.9237 
         excl=0.6825 (0)  (2808.1s)                                             
INFO         Stage 1 threshold: 0.20 (BA=1.0000, range 0.8200-1.0000).          
INFO       Fold 2: s1=1.0000 (t=0.20)  s2=0.8452  combined=0.8968  auroc=0.9618 
         excl=0.9444 (1)  (2846.1s)                                             
INFO         Stage 1 threshold: 0.20 (BA=1.0000, range 0.9067-1.0000).          
INFO       Fold 3: s1=1.0000 (t=0.20)  s2=0.7083  combined=0.8056  auroc=0.9293 
         excl=0.8500 (1)  (2841.5s)                                             
INFO         Stage 1 threshold: 0.10 (BA=1.0000, range 0.8733-1.0000).          
INFO       Fold 4: s1=0.9643 (t=0.10)  s2=0.7143  combined=0.7619  auroc=0.9267 
         excl=0.7619 (0)  (2829.6s)                                             
INFO         Stage 1 threshold: 0.30 (BA=1.0000, range 0.8800-1.0000).          
INFO       Fold 5: s1=1.0000 (t=0.30)  s2=0.7143  combined=0.8095  auroc=0.8901 
         excl=0.8095 (0)  (2861.2s)                                             
  v2_en_rf r28 ━━━━━━━━━━━━━━━━━━━━━━━━━━━━━━━━━━━━━━━━ 100% 3:56:26
INFO                                                                            
INFO     Summary for v2_en_rf repeat 28:                                        
INFO       Stage 1 (HER2+ vs rest):  0.9852 (+/- 0.0182)                        
INFO       Stage 2 (HR+ vs TN):      0.7012 (+/- 0.1026)                        
INFO       Combined (3-class):       0.7913 (+/- 0.0698)                        
INFO       Combined (excl mislabels): 0.8097 (+/- 0.0874)                       
INFO       Combined fold scores: [0.6825, 0.8968, 0.8056, 0.7619, 0.8095]       
INFO       Total time: 14186.7s                                                 
INFO     Fold results saved to                                                  
         /data/cbotos/TB-Project/results/2026-04-24_server_run_v2/hierarchical_n
         ested_cv_v2/data/fold_results_en_rf_r28.csv                            
INFO     Checkpoint removed (job complete).                                     
========================================
Finished: 2026-04-24 11:09:11
Elapsed:  3h 56m 28s
Exit:     0
========================================
[HNCV2-TASK-DONE] array=15768 task=177 stage2_pipeline=en_rf repeat=28 exit=0 elapsed=14188s
