========================================
Hierarchical CV v2 - Job 204 of 350
Stage 1:  kw_rf k=5 (fixed, threshold calibrated)
Stage 2:  kw_nmc_kens
Repeat:   4 / 50
Config:   /data/cbotos/TB-Project/results/2026-04-24_server_run_v2/config_snapshot_hierarchical_v2.yaml
Run:      server_run_v2
Node:     node3
CPUs:     1
Memory:   4096MB
Work dir: /data/cbotos/TB-Project
Start:    2026-04-24 10:28:53
========================================
Running: python3 /data/cbotos/TB-Project/code/hierarchical_nested_cv_v2_runner.py --pipeline kw_nmc_kens --repeat 4 --config /data/cbotos/TB-Project/results/2026-04-24_server_run_v2/config_snapshot_hierarchical_v2.yaml --name server_run_v2
INFO     Run: 2026-04-24_server_run_v2                                          
INFO     Config:                                                                
         /data/cbotos/TB-Project/results/2026-04-24_server_run_v2/config_snapsho
         t_hierarchical_v2.yaml                                                 
INFO     Stage 1: kw_rf (fixed, binary HER2+ vs rest, threshold calibrated)     
INFO     Stage 2: kw_nmc_kens (HR+ vs Triple Neg)                               
INFO     Repeat seed: 4                                                         
INFO     Stage 2: no GridSearchCV (ensemble pipeline)                           
INFO     Loading data...                                                        
INFO     Loaded 100 samples, 273 features.                                      
INFO     Classes: ['HER2+', 'HR+', 'Triple Neg']                                
INFO       HER2+: 32 samples                                                    
INFO       HR+: 36 samples                                                      
INFO       Triple Neg: 32 samples                                               
INFO     Mislabel indices verified: [(2, 'Array.67'), (4, 'Array.22')]          
INFO         Stage 1 threshold: 0.25 (BA=1.0000, range 0.8400-1.0000).          
INFO           k=15: mean_max_prob=0.6825                                       
INFO           k=20: mean_max_prob=0.6847                                       
INFO           k=30: mean_max_prob=0.6780                                       
INFO           k=50: mean_max_prob=0.6595                                       
INFO       Fold 1: s1=1.0000 (t=0.25)  s2=0.8452  combined=0.8968  auroc=0.9655 
         excl=0.8968 (0)  (3.7s)                                                
INFO         Stage 1 threshold: 0.15 (BA=1.0000, range 0.9000-1.0000).          
INFO           k=15: mean_max_prob=0.7109                                       
INFO           k=20: mean_max_prob=0.7069                                       
INFO           k=30: mean_max_prob=0.7111                                       
INFO           k=50: mean_max_prob=0.7003                                       
INFO       Fold 2: s1=1.0000 (t=0.15)  s2=0.7738  combined=0.8492  auroc=0.9771 
         excl=0.8492 (0)  (3.6s)                                                
INFO         Stage 1 threshold: 0.15 (BA=1.0000, range 0.9033-1.0000).          
INFO           k=15: mean_max_prob=0.6765                                       
INFO           k=20: mean_max_prob=0.6888                                       
INFO           k=30: mean_max_prob=0.7040                                       
INFO           k=50: mean_max_prob=0.7034                                       
INFO       Fold 3: s1=1.0000 (t=0.15)  s2=0.6875  combined=0.7917  auroc=0.9251 
         excl=0.8095 (1)  (3.7s)                                                
INFO         Stage 1 threshold: 0.20 (BA=1.0000, range 0.8667-1.0000).          
INFO           k=15: mean_max_prob=0.7006                                       
INFO           k=20: mean_max_prob=0.6926                                       
INFO           k=30: mean_max_prob=0.7104                                       
INFO           k=50: mean_max_prob=0.7024                                       
INFO       Fold 4: s1=1.0000 (t=0.20)  s2=0.8571  combined=0.9048  auroc=0.9817 
         excl=0.9524 (1)  (3.6s)                                                
INFO         Stage 1 threshold: 0.10 (BA=1.0000, range 0.8833-1.0000).          
INFO           k=15: mean_max_prob=0.7102                                       
INFO           k=20: mean_max_prob=0.7294                                       
INFO           k=30: mean_max_prob=0.7253                                       
INFO           k=50: mean_max_prob=0.7136                                       
INFO       Fold 5: s1=0.9643 (t=0.10)  s2=0.7857  combined=0.8095  auroc=0.8974 
         excl=0.8095 (0)  (3.6s)                                                
  v2_kw_nmc_kens r4 ━━━━━━━━━━━━━━━━━━━━━━━━━━━━━━━━━━━━━━━━ 100% 0:00:18
INFO                                                                            
INFO     Summary for v2_kw_nmc_kens repeat 4:                                   
INFO       Stage 1 (HER2+ vs rest):  0.9929 (+/- 0.0143)                        
INFO       Stage 2 (HR+ vs TN):      0.7899 (+/- 0.0606)                        
INFO       Combined (3-class):       0.8504 (+/- 0.0452)                        
INFO       Combined (excl mislabels): 0.8635 (+/- 0.0548)                       
INFO       Combined fold scores: [0.8968, 0.8492, 0.7917, 0.9048, 0.8095]       
INFO       Total time: 18.2s                                                    
INFO     Fold results saved to                                                  
         /data/cbotos/TB-Project/results/2026-04-24_server_run_v2/hierarchical_n
         ested_cv_v2/data/fold_results_kw_nmc_kens_r4.csv                       
INFO     Checkpoint removed (job complete).                                     
========================================
Finished: 2026-04-24 10:29:13
Elapsed:  0h 0m 20s
Exit:     0
========================================
[HNCV2-TASK-DONE] array=15768 task=203 stage2_pipeline=kw_nmc_kens repeat=4 exit=0 elapsed=20s
