========================================
Hierarchical CV v2 - Job 294 of 350
Stage 1:  kw_rf k=5 (fixed, threshold calibrated)
Stage 2:  nmc_ensemble
Repeat:   44 / 50
Config:   /data/cbotos/TB-Project/results/2026-04-24_server_run_v2/config_snapshot_hierarchical_v2.yaml
Run:      server_run_v2
Node:     node1
CPUs:     1
Memory:   4096MB
Work dir: /data/cbotos/TB-Project
Start:    2026-04-24 11:10:54
========================================
Running: python3 /data/cbotos/TB-Project/code/hierarchical_nested_cv_v2_runner.py --pipeline nmc_ensemble --repeat 44 --config /data/cbotos/TB-Project/results/2026-04-24_server_run_v2/config_snapshot_hierarchical_v2.yaml --name server_run_v2
INFO     Run: 2026-04-24_server_run_v2                                          
INFO     Config:                                                                
         /data/cbotos/TB-Project/results/2026-04-24_server_run_v2/config_snapsho
         t_hierarchical_v2.yaml                                                 
INFO     Stage 1: kw_rf (fixed, binary HER2+ vs rest, threshold calibrated)     
INFO     Stage 2: nmc_ensemble (HR+ vs Triple Neg)                              
INFO     Repeat seed: 44                                                        
INFO     Stage 2: no GridSearchCV (ensemble pipeline)                           
INFO     Loading data...                                                        
INFO     Loaded 100 samples, 273 features.                                      
INFO     Classes: ['HER2+', 'HR+', 'Triple Neg']                                
INFO       HER2+: 32 samples                                                    
INFO       HR+: 36 samples                                                      
INFO       Triple Neg: 32 samples                                               
INFO     Mislabel indices verified: [(2, 'Array.67'), (4, 'Array.22')]          
INFO         Stage 1 threshold: 0.15 (BA=1.0000, range 0.8600-1.0000).          
INFO         Pipeline ensemble component 1: KW k-ensemble                       
INFO           k=15: mean_max_prob=0.6760                                       
INFO           k=20: mean_max_prob=0.6939                                       
INFO           k=30: mean_max_prob=0.6876                                       
INFO           k=50: mean_max_prob=0.6999                                       
INFO         Pipeline ensemble component 2: EN+NMC GridSearchCV                 
INFO         Ensemble mean_max_prob: kens=0.6861, en=0.6590, ratio=1.04         
INFO       Fold 1: s1=1.0000 (t=0.15)  s2=0.9286  combined=0.9524  auroc=0.9805 
         excl=1.0000 (1)  (218.6s)                                              
INFO         Stage 1 threshold: 0.30 (BA=1.0000, range 0.8800-1.0000).          
INFO         Pipeline ensemble component 1: KW k-ensemble                       
INFO           k=15: mean_max_prob=0.6509                                       
INFO           k=20: mean_max_prob=0.6320                                       
INFO           k=30: mean_max_prob=0.6431                                       
INFO           k=50: mean_max_prob=0.6363                                       
INFO         Pipeline ensemble component 2: EN+NMC GridSearchCV                 
INFO         Ensemble mean_max_prob: kens=0.6345, en=0.6264, ratio=1.01         
INFO       Fold 2: s1=1.0000 (t=0.30)  s2=0.5952  combined=0.7302  auroc=0.8971 
         excl=0.7302 (0)  (231.1s)                                              
INFO         Stage 1 threshold: 0.10 (BA=1.0000, range 0.9400-1.0000).          
INFO         Pipeline ensemble component 1: KW k-ensemble                       
INFO           k=15: mean_max_prob=0.6884                                       
INFO           k=20: mean_max_prob=0.6953                                       
INFO           k=30: mean_max_prob=0.7002                                       
INFO           k=50: mean_max_prob=0.7069                                       
INFO         Pipeline ensemble component 2: EN+NMC GridSearchCV                 
INFO         Ensemble mean_max_prob: kens=0.6841, en=0.6558, ratio=1.04         
INFO       Fold 3: s1=1.0000 (t=0.10)  s2=0.8750  combined=0.9167  auroc=0.9926 
         excl=0.9167 (0)  (220.2s)                                              
INFO         Stage 1 threshold: 0.25 (BA=1.0000, range 0.9200-1.0000).          
INFO         Pipeline ensemble component 1: KW k-ensemble                       
INFO           k=15: mean_max_prob=0.7212                                       
INFO           k=20: mean_max_prob=0.7258                                       
INFO           k=30: mean_max_prob=0.7467                                       
INFO           k=50: mean_max_prob=0.7519                                       
INFO         Pipeline ensemble component 2: EN+NMC GridSearchCV                 
INFO         Ensemble mean_max_prob: kens=0.7293, en=0.6538, ratio=1.12         
INFO       Fold 4: s1=1.0000 (t=0.25)  s2=0.6429  combined=0.7619  auroc=0.8974 
         excl=0.7619 (0)  (208.3s)                                              
INFO         Stage 1 threshold: 0.20 (BA=1.0000, range 0.8867-1.0000).          
INFO         Pipeline ensemble component 1: KW k-ensemble                       
INFO           k=15: mean_max_prob=0.7274                                       
INFO           k=20: mean_max_prob=0.7186                                       
INFO           k=30: mean_max_prob=0.7165                                       
INFO           k=50: mean_max_prob=0.6939                                       
INFO         Pipeline ensemble component 2: EN+NMC GridSearchCV                 
INFO         Ensemble mean_max_prob: kens=0.7106, en=0.6697, ratio=1.06         
INFO       Fold 5: s1=1.0000 (t=0.20)  s2=0.7857  combined=0.8571  auroc=0.9707 
         excl=0.9048 (1)  (191.4s)                                              
  v2_nmc_ensemble r44 ━━━━━━━━━━━━━━━━━━━━━━━━━━━━━━━━━━━━━━━━ 100% 0:17:49
INFO                                                                            
INFO     Summary for v2_nmc_ensemble repeat 44:                                 
INFO       Stage 1 (HER2+ vs rest):  1.0000 (+/- 0.0000)                        
INFO       Stage 2 (HR+ vs TN):      0.7655 (+/- 0.1289)                        
INFO       Combined (3-class):       0.8437 (+/- 0.0859)                        
INFO       Combined (excl mislabels): 0.8627 (+/- 0.1013)                       
INFO       Combined fold scores: [0.9524, 0.7302, 0.9167, 0.7619, 0.8571]       
INFO       Total time: 1069.7s                                                  
INFO     Fold results saved to                                                  
         /data/cbotos/TB-Project/results/2026-04-24_server_run_v2/hierarchical_n
         ested_cv_v2/data/fold_results_nmc_ensemble_r44.csv                     
INFO     Checkpoint removed (job complete).                                     
========================================
Finished: 2026-04-24 11:28:45
Elapsed:  0h 17m 51s
Exit:     0
========================================
[HNCV2-TASK-DONE] array=15768 task=293 stage2_pipeline=nmc_ensemble repeat=44 exit=0 elapsed=1071s
