========================================
Hierarchical CV v2 - Job 226 of 350
Stage 1:  kw_rf k=5 (fixed, threshold calibrated)
Stage 2:  kw_nmc_kens
Repeat:   26 / 50
Config:   /data/cbotos/TB-Project/results/2026-04-24_server_run_v2/config_snapshot_hierarchical_v2.yaml
Run:      server_run_v2
Node:     node3
CPUs:     1
Memory:   4096MB
Work dir: /data/cbotos/TB-Project
Start:    2026-04-24 10:32:45
========================================
Running: python3 /data/cbotos/TB-Project/code/hierarchical_nested_cv_v2_runner.py --pipeline kw_nmc_kens --repeat 26 --config /data/cbotos/TB-Project/results/2026-04-24_server_run_v2/config_snapshot_hierarchical_v2.yaml --name server_run_v2
INFO     Run: 2026-04-24_server_run_v2                                          
INFO     Config:                                                                
         /data/cbotos/TB-Project/results/2026-04-24_server_run_v2/config_snapsho
         t_hierarchical_v2.yaml                                                 
INFO     Stage 1: kw_rf (fixed, binary HER2+ vs rest, threshold calibrated)     
INFO     Stage 2: kw_nmc_kens (HR+ vs Triple Neg)                               
INFO     Repeat seed: 26                                                        
INFO     Stage 2: no GridSearchCV (ensemble pipeline)                           
INFO     Loading data...                                                        
INFO     Loaded 100 samples, 273 features.                                      
INFO     Classes: ['HER2+', 'HR+', 'Triple Neg']                                
INFO       HER2+: 32 samples                                                    
INFO       HR+: 36 samples                                                      
INFO       Triple Neg: 32 samples                                               
INFO     Mislabel indices verified: [(2, 'Array.67'), (4, 'Array.22')]          
INFO         Stage 1 threshold: 0.10 (BA=1.0000, range 0.9600-1.0000).          
INFO           k=15: mean_max_prob=0.7207                                       
INFO           k=20: mean_max_prob=0.7138                                       
INFO           k=30: mean_max_prob=0.7125                                       
INFO           k=50: mean_max_prob=0.7050                                       
INFO       Fold 1: s1=0.9615 (t=0.10)  s2=0.7619  combined=0.7857  auroc=0.9274 
         excl=0.8190 (1)  (3.7s)                                                
INFO         Stage 1 threshold: 0.20 (BA=1.0000, range 0.8800-1.0000).          
INFO           k=15: mean_max_prob=0.7003                                       
INFO           k=20: mean_max_prob=0.6825                                       
INFO           k=30: mean_max_prob=0.6893                                       
INFO           k=50: mean_max_prob=0.7099                                       
INFO       Fold 2: s1=1.0000 (t=0.20)  s2=0.8452  combined=0.8968  auroc=0.9771 
         excl=0.9444 (1)  (3.6s)                                                
INFO         Stage 1 threshold: 0.25 (BA=1.0000, range 0.8833-1.0000).          
INFO           k=15: mean_max_prob=0.6361                                       
INFO           k=20: mean_max_prob=0.6234                                       
INFO           k=30: mean_max_prob=0.6519                                       
INFO           k=50: mean_max_prob=0.6470                                       
INFO       Fold 3: s1=1.0000 (t=0.25)  s2=0.6042  combined=0.7361  auroc=0.9182 
         excl=0.7361 (0)  (3.6s)                                                
INFO         Stage 1 threshold: 0.25 (BA=1.0000, range 0.8867-1.0000).          
INFO           k=15: mean_max_prob=0.6969                                       
INFO           k=20: mean_max_prob=0.7103                                       
INFO           k=30: mean_max_prob=0.7037                                       
INFO           k=50: mean_max_prob=0.6876                                       
INFO       Fold 4: s1=1.0000 (t=0.25)  s2=0.9286  combined=0.9524  auroc=1.0000 
         excl=0.9524 (0)  (3.6s)                                                
INFO         Stage 1 threshold: 0.20 (BA=1.0000, range 0.8600-1.0000).          
INFO           k=15: mean_max_prob=0.6658                                       
INFO           k=20: mean_max_prob=0.6694                                       
INFO           k=30: mean_max_prob=0.6926                                       
INFO           k=50: mean_max_prob=0.7160                                       
INFO       Fold 5: s1=1.0000 (t=0.20)  s2=0.6429  combined=0.7619  auroc=0.9231 
         excl=0.7619 (0)  (3.6s)                                                
  v2_kw_nmc_kens r26 ━━━━━━━━━━━━━━━━━━━━━━━━━━━━━━━━━━━━━━━━ 100% 0:00:18
INFO                                                                            
INFO     Summary for v2_kw_nmc_kens repeat 26:                                  
INFO       Stage 1 (HER2+ vs rest):  0.9923 (+/- 0.0154)                        
INFO       Stage 2 (HR+ vs TN):      0.7565 (+/- 0.1214)                        
INFO       Combined (3-class):       0.8266 (+/- 0.0834)                        
INFO       Combined (excl mislabels): 0.8428 (+/- 0.0904)                       
INFO       Combined fold scores: [0.7857, 0.8968, 0.7361, 0.9524, 0.7619]       
INFO       Total time: 18.2s                                                    
INFO     Fold results saved to                                                  
         /data/cbotos/TB-Project/results/2026-04-24_server_run_v2/hierarchical_n
         ested_cv_v2/data/fold_results_kw_nmc_kens_r26.csv                      
INFO     Checkpoint removed (job complete).                                     
========================================
Finished: 2026-04-24 10:33:05
Elapsed:  0h 0m 20s
Exit:     0
========================================
[HNCV2-TASK-DONE] array=15768 task=225 stage2_pipeline=kw_nmc_kens repeat=26 exit=0 elapsed=20s
