========================================
Hierarchical CV v2 - Job 167 of 350
Stage 1:  kw_rf k=5 (fixed, threshold calibrated)
Stage 2:  en_rf
Repeat:   17 / 50
Config:   /data/cbotos/TB-Project/results/2026-04-24_server_run_v2/config_snapshot_hierarchical_v2.yaml
Run:      server_run_v2
Node:     node2
CPUs:     1
Memory:   4096MB
Work dir: /data/cbotos/TB-Project
Start:    2026-04-24 07:12:15
========================================
Running: python3 /data/cbotos/TB-Project/code/hierarchical_nested_cv_v2_runner.py --pipeline en_rf --repeat 17 --config /data/cbotos/TB-Project/results/2026-04-24_server_run_v2/config_snapshot_hierarchical_v2.yaml --name server_run_v2
INFO     Run: 2026-04-24_server_run_v2                                          
INFO     Config:                                                                
         /data/cbotos/TB-Project/results/2026-04-24_server_run_v2/config_snapsho
         t_hierarchical_v2.yaml                                                 
INFO     Stage 1: kw_rf (fixed, binary HER2+ vs rest, threshold calibrated)     
INFO     Stage 2: en_rf (HR+ vs Triple Neg)                                     
INFO     Repeat seed: 17                                                        
INFO     Stage 2 grid size: 800 combinations                                    
INFO     Loading data...                                                        
INFO     Loaded 100 samples, 273 features.                                      
INFO     Classes: ['HER2+', 'HR+', 'Triple Neg']                                
INFO       HER2+: 32 samples                                                    
INFO       HR+: 36 samples                                                      
INFO       Triple Neg: 32 samples                                               
INFO     Mislabel indices verified: [(2, 'Array.67'), (4, 'Array.22')]          
INFO         Stage 1 threshold: 0.20 (BA=1.0000, range 0.9600-1.0000).          
INFO       Fold 1: s1=1.0000 (t=0.20)  s2=0.6310  combined=0.7540  auroc=0.9118 
         excl=0.8333 (2)  (2877.7s)                                             
INFO         Stage 1 threshold: 0.20 (BA=1.0000, range 0.9600-1.0000).          
INFO       Fold 2: s1=0.9615 (t=0.20)  s2=0.7619  combined=0.7937  auroc=0.9621 
         excl=0.7937 (0)  (2875.2s)                                             
INFO         Stage 1 threshold: 0.25 (BA=1.0000, range 0.9067-1.0000).          
INFO       Fold 3: s1=1.0000 (t=0.25)  s2=0.8542  combined=0.9028  auroc=0.9777 
         excl=0.9028 (0)  (2867.9s)                                             
INFO         Stage 1 threshold: 0.15 (BA=1.0000, range 0.8833-1.0000).          
INFO       Fold 4: s1=0.9643 (t=0.15)  s2=0.5714  combined=0.6667  auroc=0.8645 
         excl=0.6667 (0)  (2862.0s)                                             
INFO         Stage 1 threshold: 0.20 (BA=1.0000, range 0.7900-1.0000).          
INFO       Fold 5: s1=1.0000 (t=0.20)  s2=0.7143  combined=0.8095  auroc=0.9304 
         excl=0.8095 (0)  (2836.1s)                                             
  v2_en_rf r17 ━━━━━━━━━━━━━━━━━━━━━━━━━━━━━━━━━━━━━━━━ 100% 3:58:39
INFO                                                                            
INFO     Summary for v2_en_rf repeat 17:                                        
INFO       Stage 1 (HER2+ vs rest):  0.9852 (+/- 0.0182)                        
INFO       Stage 2 (HR+ vs TN):      0.7065 (+/- 0.0989)                        
INFO       Combined (3-class):       0.7853 (+/- 0.0768)                        
INFO       Combined (excl mislabels): 0.8012 (+/- 0.0769)                       
INFO       Combined fold scores: [0.754, 0.7937, 0.9028, 0.6667, 0.8095]        
INFO       Total time: 14319.1s                                                 
INFO     Fold results saved to                                                  
         /data/cbotos/TB-Project/results/2026-04-24_server_run_v2/hierarchical_n
         ested_cv_v2/data/fold_results_en_rf_r17.csv                            
INFO     Checkpoint removed (job complete).                                     
========================================
Finished: 2026-04-24 11:10:55
Elapsed:  3h 58m 40s
Exit:     0
========================================
[HNCV2-TASK-DONE] array=15768 task=166 stage2_pipeline=en_rf repeat=17 exit=0 elapsed=14320s
