========================================
Hierarchical CV v2 - Job 218 of 350
Stage 1:  kw_rf k=5 (fixed, threshold calibrated)
Stage 2:  kw_nmc_kens
Repeat:   18 / 50
Config:   /data/cbotos/TB-Project/results/2026-04-24_server_run_v2/config_snapshot_hierarchical_v2.yaml
Run:      server_run_v2
Node:     node3
CPUs:     1
Memory:   4096MB
Work dir: /data/cbotos/TB-Project
Start:    2026-04-24 10:31:20
========================================
Running: python3 /data/cbotos/TB-Project/code/hierarchical_nested_cv_v2_runner.py --pipeline kw_nmc_kens --repeat 18 --config /data/cbotos/TB-Project/results/2026-04-24_server_run_v2/config_snapshot_hierarchical_v2.yaml --name server_run_v2
INFO     Run: 2026-04-24_server_run_v2                                          
INFO     Config:                                                                
         /data/cbotos/TB-Project/results/2026-04-24_server_run_v2/config_snapsho
         t_hierarchical_v2.yaml                                                 
INFO     Stage 1: kw_rf (fixed, binary HER2+ vs rest, threshold calibrated)     
INFO     Stage 2: kw_nmc_kens (HR+ vs Triple Neg)                               
INFO     Repeat seed: 18                                                        
INFO     Stage 2: no GridSearchCV (ensemble pipeline)                           
INFO     Loading data...                                                        
INFO     Loaded 100 samples, 273 features.                                      
INFO     Classes: ['HER2+', 'HR+', 'Triple Neg']                                
INFO       HER2+: 32 samples                                                    
INFO       HR+: 36 samples                                                      
INFO       Triple Neg: 32 samples                                               
INFO     Mislabel indices verified: [(2, 'Array.67'), (4, 'Array.22')]          
INFO         Stage 1 threshold: 0.15 (BA=1.0000, range 0.8600-1.0000).          
INFO           k=15: mean_max_prob=0.7470                                       
INFO           k=20: mean_max_prob=0.7330                                       
INFO           k=30: mean_max_prob=0.6967                                       
INFO           k=50: mean_max_prob=0.7144                                       
INFO       Fold 1: s1=1.0000 (t=0.15)  s2=0.6071  combined=0.7381  auroc=0.9161 
         excl=0.7381 (0)  (3.8s)                                                
INFO         Stage 1 threshold: 0.20 (BA=1.0000, range 0.8600-1.0000).          
INFO           k=15: mean_max_prob=0.7002                                       
INFO           k=20: mean_max_prob=0.7058                                       
INFO           k=30: mean_max_prob=0.7088                                       
INFO           k=50: mean_max_prob=0.7058                                       
INFO       Fold 2: s1=0.9615 (t=0.20)  s2=0.7024  combined=0.7460  auroc=0.9655 
         excl=0.8222 (2)  (3.7s)                                                
INFO         Stage 1 threshold: 0.15 (BA=1.0000, range 0.8300-1.0000).          
INFO           k=15: mean_max_prob=0.7019                                       
INFO           k=20: mean_max_prob=0.6913                                       
INFO           k=30: mean_max_prob=0.6807                                       
INFO           k=50: mean_max_prob=0.6788                                       
INFO       Fold 3: s1=1.0000 (t=0.15)  s2=0.6875  combined=0.7917  auroc=0.9072 
         excl=0.7917 (0)  (3.8s)                                                
INFO         Stage 1 threshold: 0.15 (BA=1.0000, range 0.9000-1.0000).          
INFO           k=15: mean_max_prob=0.6970                                       
INFO           k=20: mean_max_prob=0.6984                                       
INFO           k=30: mean_max_prob=0.6819                                       
INFO           k=50: mean_max_prob=0.6745                                       
INFO       Fold 4: s1=1.0000 (t=0.15)  s2=0.9286  combined=0.9524  auroc=1.0000 
         excl=0.9524 (0)  (3.7s)                                                
INFO         Stage 1 threshold: 0.25 (BA=1.0000, range 0.9000-1.0000).          
INFO           k=15: mean_max_prob=0.6853                                       
INFO           k=20: mean_max_prob=0.6695                                       
INFO           k=30: mean_max_prob=0.6719                                       
INFO           k=50: mean_max_prob=0.6730                                       
INFO       Fold 5: s1=1.0000 (t=0.25)  s2=0.7143  combined=0.8095  auroc=0.9194 
         excl=0.8095 (0)  (3.7s)                                                
  v2_kw_nmc_kens r18 ━━━━━━━━━━━━━━━━━━━━━━━━━━━━━━━━━━━━━━━━ 100% 0:00:18
INFO                                                                            
INFO     Summary for v2_kw_nmc_kens repeat 18:                                  
INFO       Stage 1 (HER2+ vs rest):  0.9923 (+/- 0.0154)                        
INFO       Stage 2 (HR+ vs TN):      0.7280 (+/- 0.1071)                        
INFO       Combined (3-class):       0.8075 (+/- 0.0773)                        
INFO       Combined (excl mislabels): 0.8228 (+/- 0.0709)                       
INFO       Combined fold scores: [0.7381, 0.746, 0.7917, 0.9524, 0.8095]        
INFO       Total time: 18.8s                                                    
INFO     Fold results saved to                                                  
         /data/cbotos/TB-Project/results/2026-04-24_server_run_v2/hierarchical_n
         ested_cv_v2/data/fold_results_kw_nmc_kens_r18.csv                      
INFO     Checkpoint removed (job complete).                                     
========================================
Finished: 2026-04-24 10:31:40
Elapsed:  0h 0m 20s
Exit:     0
========================================
[HNCV2-TASK-DONE] array=15768 task=217 stage2_pipeline=kw_nmc_kens repeat=18 exit=0 elapsed=20s
