========================================
Hierarchical CV v2 - Job 39 of 350
Stage 1:  kw_rf k=5 (fixed, threshold calibrated)
Stage 2:  kw_nmc
Repeat:   39 / 50
Config:   /data/cbotos/TB-Project/results/2026-04-24_server_run_v2/config_snapshot_hierarchical_v2.yaml
Run:      server_run_v2
Node:     node2
CPUs:     1
Memory:   4096MB
Work dir: /data/cbotos/TB-Project
Start:    2026-04-24 06:48:41
========================================
Running: python3 /data/cbotos/TB-Project/code/hierarchical_nested_cv_v2_runner.py --pipeline kw_nmc --repeat 39 --config /data/cbotos/TB-Project/results/2026-04-24_server_run_v2/config_snapshot_hierarchical_v2.yaml --name server_run_v2
INFO     Run: 2026-04-24_server_run_v2                                          
INFO     Config:                                                                
         /data/cbotos/TB-Project/results/2026-04-24_server_run_v2/config_snapsho
         t_hierarchical_v2.yaml                                                 
INFO     Stage 1: kw_rf (fixed, binary HER2+ vs rest, threshold calibrated)     
INFO     Stage 2: kw_nmc (HR+ vs Triple Neg)                                    
INFO     Repeat seed: 39                                                        
INFO     Stage 2 grid size: 8 combinations                                      
INFO     Loading data...                                                        
INFO     Loaded 100 samples, 273 features.                                      
INFO     Classes: ['HER2+', 'HR+', 'Triple Neg']                                
INFO       HER2+: 32 samples                                                    
INFO       HR+: 36 samples                                                      
INFO       Triple Neg: 32 samples                                               
INFO     Mislabel indices verified: [(2, 'Array.67'), (4, 'Array.22')]          
INFO         Stage 1 threshold: 0.15 (BA=1.0000, range 0.9200-1.0000).          
INFO       Fold 1: s1=1.0000 (t=0.15)  s2=0.8452  combined=0.8968  auroc=0.9695 
         excl=0.8968 (0)  (10.6s)                                               
INFO         Stage 1 threshold: 0.20 (BA=1.0000, range 0.9000-1.0000).          
INFO       Fold 2: s1=1.0000 (t=0.20)  s2=0.6905  combined=0.7937  auroc=0.9426 
         excl=0.7937 (0)  (9.0s)                                                
INFO         Stage 1 threshold: 0.15 (BA=1.0000, range 0.8467-1.0000).          
INFO       Fold 3: s1=1.0000 (t=0.15)  s2=0.7500  combined=0.8333  auroc=0.9851 
         excl=0.8571 (1)  (9.0s)                                                
INFO         Stage 1 threshold: 0.30 (BA=1.0000, range 0.8633-1.0000).          
INFO       Fold 4: s1=1.0000 (t=0.30)  s2=0.6429  combined=0.7619  auroc=0.8425 
         excl=0.7619 (0)  (9.0s)                                                
INFO         Stage 1 threshold: 0.20 (BA=1.0000, range 0.9033-1.0000).          
INFO       Fold 5: s1=1.0000 (t=0.20)  s2=0.6429  combined=0.7619  auroc=0.9341 
         excl=0.7937 (1)  (9.0s)                                                
  v2_kw_nmc r39 ━━━━━━━━━━━━━━━━━━━━━━━━━━━━━━━━━━━━━━━━ 100% 0:00:46
INFO                                                                            
INFO     Summary for v2_kw_nmc repeat 39:                                       
INFO       Stage 1 (HER2+ vs rest):  1.0000 (+/- 0.0000)                        
INFO       Stage 2 (HR+ vs TN):      0.7143 (+/- 0.0764)                        
INFO       Combined (3-class):       0.8095 (+/- 0.0509)                        
INFO       Combined (excl mislabels): 0.8206 (+/- 0.0491)                       
INFO       Combined fold scores: [0.8968, 0.7937, 0.8333, 0.7619, 0.7619]       
INFO       Total time: 46.6s                                                    
INFO     Fold results saved to                                                  
         /data/cbotos/TB-Project/results/2026-04-24_server_run_v2/hierarchical_n
         ested_cv_v2/data/fold_results_kw_nmc_r39.csv                           
INFO     Checkpoint removed (job complete).                                     
========================================
Finished: 2026-04-24 06:49:30
Elapsed:  0h 0m 49s
Exit:     1
========================================
[HNCV2-TASK-DONE] array=15768 task=38 stage2_pipeline=kw_nmc repeat=39 exit=1 elapsed=49s
