========================================
Hierarchical CV v2 - Job 91 of 350
Stage 1:  kw_rf k=5 (fixed, threshold calibrated)
Stage 2:  en_nmc
Repeat:   41 / 50
Config:   /data/cbotos/TB-Project/results/2026-04-24_server_run_v2/config_snapshot_hierarchical_v2.yaml
Run:      server_run_v2
Node:     node2
CPUs:     1
Memory:   4096MB
Work dir: /data/cbotos/TB-Project
Start:    2026-04-24 06:49:32
========================================
Running: python3 /data/cbotos/TB-Project/code/hierarchical_nested_cv_v2_runner.py --pipeline en_nmc --repeat 41 --config /data/cbotos/TB-Project/results/2026-04-24_server_run_v2/config_snapshot_hierarchical_v2.yaml --name server_run_v2
INFO     Run: 2026-04-24_server_run_v2                                          
INFO     Config:                                                                
         /data/cbotos/TB-Project/results/2026-04-24_server_run_v2/config_snapsho
         t_hierarchical_v2.yaml                                                 
INFO     Stage 1: kw_rf (fixed, binary HER2+ vs rest, threshold calibrated)     
INFO     Stage 2: en_nmc (HR+ vs Triple Neg)                                    
INFO     Repeat seed: 41                                                        
INFO     Resuming from checkpoint: 1 folds already completed.                   
INFO     Stage 2 grid size: 200 combinations                                    
INFO     Loading data...                                                        
INFO     Loaded 100 samples, 273 features.                                      
INFO     Classes: ['HER2+', 'HR+', 'Triple Neg']                                
INFO       HER2+: 32 samples                                                    
INFO       HR+: 36 samples                                                      
INFO       Triple Neg: 32 samples                                               
INFO     Mislabel indices verified: [(2, 'Array.67'), (4, 'Array.22')]          
INFO         Stage 1 threshold: 0.10 (BA=1.0000, range 0.9200-1.0000).          
INFO       Fold 2: s1=0.9615 (t=0.10)  s2=0.7738  combined=0.7937  auroc=0.9618 
         excl=0.7937 (0)  (211.9s)                                              
INFO         Stage 1 threshold: 0.15 (BA=1.0000, range 0.7933-1.0000).          
INFO       Fold 3: s1=1.0000 (t=0.15)  s2=0.7292  combined=0.8194  auroc=0.9628 
         excl=0.8194 (0)  (215.9s)                                              
INFO         Stage 1 threshold: 0.15 (BA=1.0000, range 0.9233-1.0000).          
INFO       Fold 4: s1=1.0000 (t=0.15)  s2=0.5714  combined=0.7143  auroc=0.8755 
         excl=0.7460 (1)  (209.9s)                                              
INFO         Stage 1 threshold: 0.25 (BA=1.0000, range 0.8833-1.0000).          
INFO       Fold 5: s1=1.0000 (t=0.25)  s2=0.7857  combined=0.8571  auroc=0.9487 
         excl=0.8968 (1)  (220.5s)                                              
  v2_en_nmc r41 ━━━━━━━━━━━━━━━━━━━━━━━━━━━━━━━━━━━━━━━━ 100% 0:14:18
INFO                                                                            
INFO     Summary for v2_en_nmc repeat 41:                                       
INFO       Stage 1 (HER2+ vs rest):  0.9923 (+/- 0.0154)                        
INFO       Stage 2 (HR+ vs TN):      0.7101 (+/- 0.0771)                        
INFO       Combined (3-class):       0.7956 (+/- 0.0469)                        
INFO       Combined (excl mislabels): 0.8099 (+/- 0.0495)                       
INFO       Combined fold scores: [0.7937, 0.7937, 0.8194, 0.7143, 0.8571]       
INFO       Total time: 858.3s                                                   
INFO     Fold results saved to                                                  
         /data/cbotos/TB-Project/results/2026-04-24_server_run_v2/hierarchical_n
         ested_cv_v2/data/fold_results_en_nmc_r41.csv                           
INFO     Checkpoint removed (job complete).                                     
========================================
Finished: 2026-04-24 07:03:52
Elapsed:  0h 14m 20s
Exit:     0
========================================
[HNCV2-TASK-DONE] array=15768 task=90 stage2_pipeline=en_nmc repeat=41 exit=0 elapsed=860s
