========================================
Hierarchical CV v2 - Job 155 of 350
Stage 1:  kw_rf k=5 (fixed, threshold calibrated)
Stage 2:  en_rf
Repeat:   5 / 50
Config:   /data/cbotos/TB-Project/results/2026-04-24_server_run_v2/config_snapshot_hierarchical_v2.yaml
Run:      server_run_v2
Node:     node2
CPUs:     1
Memory:   4096MB
Work dir: /data/cbotos/TB-Project
Start:    2026-04-24 07:09:52
========================================
Running: python3 /data/cbotos/TB-Project/code/hierarchical_nested_cv_v2_runner.py --pipeline en_rf --repeat 5 --config /data/cbotos/TB-Project/results/2026-04-24_server_run_v2/config_snapshot_hierarchical_v2.yaml --name server_run_v2
INFO     Run: 2026-04-24_server_run_v2                                          
INFO     Config:                                                                
         /data/cbotos/TB-Project/results/2026-04-24_server_run_v2/config_snapsho
         t_hierarchical_v2.yaml                                                 
INFO     Stage 1: kw_rf (fixed, binary HER2+ vs rest, threshold calibrated)     
INFO     Stage 2: en_rf (HR+ vs Triple Neg)                                     
INFO     Repeat seed: 5                                                         
INFO     Stage 2 grid size: 800 combinations                                    
INFO     Loading data...                                                        
INFO     Loaded 100 samples, 273 features.                                      
INFO     Classes: ['HER2+', 'HR+', 'Triple Neg']                                
INFO       HER2+: 32 samples                                                    
INFO       HR+: 36 samples                                                      
INFO       Triple Neg: 32 samples                                               
INFO     Mislabel indices verified: [(2, 'Array.67'), (4, 'Array.22')]          
INFO         Stage 1 threshold: 0.20 (BA=1.0000, range 0.9200-1.0000).          
INFO       Fold 1: s1=1.0000 (t=0.20)  s2=0.5476  combined=0.6984  auroc=0.8590 
         excl=0.6984 (0)  (2854.1s)                                             
INFO         Stage 1 threshold: 0.20 (BA=1.0000, range 0.8200-1.0000).          
INFO       Fold 2: s1=1.0000 (t=0.20)  s2=0.7738  combined=0.8492  auroc=0.9542 
         excl=0.8492 (0)  (2807.9s)                                             
INFO         Stage 1 threshold: 0.10 (BA=1.0000, range 0.8867-1.0000).          
INFO       Fold 3: s1=1.0000 (t=0.10)  s2=0.8750  combined=0.9167  auroc=0.9628 
         excl=0.9167 (0)  (2806.8s)                                             
INFO         Stage 1 threshold: 0.15 (BA=1.0000, range 0.8800-1.0000).          
INFO       Fold 4: s1=1.0000 (t=0.15)  s2=0.6429  combined=0.7619  auroc=0.9048 
         excl=0.7540 (1)  (2803.4s)                                             
INFO         Stage 1 threshold: 0.10 (BA=1.0000, range 0.8867-1.0000).          
INFO       Fold 5: s1=1.0000 (t=0.10)  s2=0.7143  combined=0.8095  auroc=0.9194 
         excl=0.8413 (1)  (2830.8s)                                             
  v2_en_rf r5 ━━━━━━━━━━━━━━━━━━━━━━━━━━━━━━━━━━━━━━━━ 100% 3:55:03
INFO                                                                            
INFO     Summary for v2_en_rf repeat 5:                                         
INFO       Stage 1 (HER2+ vs rest):  1.0000 (+/- 0.0000)                        
INFO       Stage 2 (HR+ vs TN):      0.7107 (+/- 0.1115)                        
INFO       Combined (3-class):       0.8071 (+/- 0.0743)                        
INFO       Combined (excl mislabels): 0.8119 (+/- 0.0768)                       
INFO       Combined fold scores: [0.6984, 0.8492, 0.9167, 0.7619, 0.8095]       
INFO       Total time: 14103.1s                                                 
INFO     Fold results saved to                                                  
         /data/cbotos/TB-Project/results/2026-04-24_server_run_v2/hierarchical_n
         ested_cv_v2/data/fold_results_en_rf_r5.csv                             
INFO     Checkpoint removed (job complete).                                     
========================================
Finished: 2026-04-24 11:04:56
Elapsed:  3h 55m 4s
Exit:     0
========================================
[HNCV2-TASK-DONE] array=15768 task=154 stage2_pipeline=en_rf repeat=5 exit=0 elapsed=14104s
