========================================
Hierarchical CV v2 - Job 211 of 350
Stage 1:  kw_rf k=5 (fixed, threshold calibrated)
Stage 2:  kw_nmc_kens
Repeat:   11 / 50
Config:   /data/cbotos/TB-Project/results/2026-04-24_server_run_v2/config_snapshot_hierarchical_v2.yaml
Run:      server_run_v2
Node:     node3
CPUs:     1
Memory:   4096MB
Work dir: /data/cbotos/TB-Project
Start:    2026-04-24 10:30:06
========================================
Running: python3 /data/cbotos/TB-Project/code/hierarchical_nested_cv_v2_runner.py --pipeline kw_nmc_kens --repeat 11 --config /data/cbotos/TB-Project/results/2026-04-24_server_run_v2/config_snapshot_hierarchical_v2.yaml --name server_run_v2
INFO     Run: 2026-04-24_server_run_v2                                          
INFO     Config:                                                                
         /data/cbotos/TB-Project/results/2026-04-24_server_run_v2/config_snapsho
         t_hierarchical_v2.yaml                                                 
INFO     Stage 1: kw_rf (fixed, binary HER2+ vs rest, threshold calibrated)     
INFO     Stage 2: kw_nmc_kens (HR+ vs Triple Neg)                               
INFO     Repeat seed: 11                                                        
INFO     Stage 2: no GridSearchCV (ensemble pipeline)                           
INFO     Loading data...                                                        
INFO     Loaded 100 samples, 273 features.                                      
INFO     Classes: ['HER2+', 'HR+', 'Triple Neg']                                
INFO       HER2+: 32 samples                                                    
INFO       HR+: 36 samples                                                      
INFO       Triple Neg: 32 samples                                               
INFO     Mislabel indices verified: [(2, 'Array.67'), (4, 'Array.22')]          
INFO         Stage 1 threshold: 0.20 (BA=1.0000, range 0.8800-1.0000).          
INFO           k=15: mean_max_prob=0.6803                                       
INFO           k=20: mean_max_prob=0.6752                                       
INFO           k=30: mean_max_prob=0.6694                                       
INFO           k=50: mean_max_prob=0.6606                                       
INFO       Fold 1: s1=1.0000 (t=0.20)  s2=0.8571  combined=0.9048  auroc=1.0000 
         excl=0.9048 (0)  (3.6s)                                                
INFO         Stage 1 threshold: 0.20 (BA=1.0000, range 0.9400-1.0000).          
INFO           k=15: mean_max_prob=0.7089                                       
INFO           k=20: mean_max_prob=0.7179                                       
INFO           k=30: mean_max_prob=0.7293                                       
INFO           k=50: mean_max_prob=0.7245                                       
INFO       Fold 2: s1=0.8846 (t=0.20)  s2=0.7619  combined=0.7381  auroc=0.9505 
         excl=0.8111 (2)  (3.6s)                                                
INFO         Stage 1 threshold: 0.15 (BA=1.0000, range 0.8467-1.0000).          
INFO           k=15: mean_max_prob=0.7053                                       
INFO           k=20: mean_max_prob=0.6990                                       
INFO           k=30: mean_max_prob=0.6967                                       
INFO           k=50: mean_max_prob=0.6998                                       
INFO       Fold 3: s1=0.9643 (t=0.15)  s2=0.8333  combined=0.8472  auroc=0.9856 
         excl=0.8472 (0)  (3.6s)                                                
INFO         Stage 1 threshold: 0.20 (BA=1.0000, range 0.8700-1.0000).          
INFO           k=15: mean_max_prob=0.7047                                       
INFO           k=20: mean_max_prob=0.7058                                       
INFO           k=30: mean_max_prob=0.7085                                       
INFO           k=50: mean_max_prob=0.7291                                       
INFO       Fold 4: s1=1.0000 (t=0.20)  s2=0.6429  combined=0.7619  auroc=0.9158 
         excl=0.7619 (0)  (3.6s)                                                
INFO         Stage 1 threshold: 0.10 (BA=1.0000, range 0.8467-1.0000).          
INFO           k=15: mean_max_prob=0.7069                                       
INFO           k=20: mean_max_prob=0.7145                                       
INFO           k=30: mean_max_prob=0.7238                                       
INFO           k=50: mean_max_prob=0.6881                                       
INFO       Fold 5: s1=0.9643 (t=0.10)  s2=0.7857  combined=0.8095  auroc=0.9560 
         excl=0.8095 (0)  (3.6s)                                                
  v2_kw_nmc_kens r11 ━━━━━━━━━━━━━━━━━━━━━━━━━━━━━━━━━━━━━━━━ 100% 0:00:18
INFO                                                                            
INFO     Summary for v2_kw_nmc_kens repeat 11:                                  
INFO       Stage 1 (HER2+ vs rest):  0.9626 (+/- 0.0422)                        
INFO       Stage 2 (HR+ vs TN):      0.7762 (+/- 0.0747)                        
INFO       Combined (3-class):       0.8123 (+/- 0.0597)                        
INFO       Combined (excl mislabels): 0.8269 (+/- 0.0474)                       
INFO       Combined fold scores: [0.9048, 0.7381, 0.8472, 0.7619, 0.8095]       
INFO       Total time: 18.0s                                                    
INFO     Fold results saved to                                                  
         /data/cbotos/TB-Project/results/2026-04-24_server_run_v2/hierarchical_n
         ested_cv_v2/data/fold_results_kw_nmc_kens_r11.csv                      
INFO     Checkpoint removed (job complete).                                     
========================================
Finished: 2026-04-24 10:30:25
Elapsed:  0h 0m 19s
Exit:     0
========================================
[HNCV2-TASK-DONE] array=15768 task=210 stage2_pipeline=kw_nmc_kens repeat=11 exit=0 elapsed=19s
