========================================
Hierarchical CV v2 - Job 50 of 350
Stage 1:  kw_rf k=5 (fixed, threshold calibrated)
Stage 2:  kw_nmc
Repeat:   50 / 50
Config:   /data/cbotos/TB-Project/results/2026-04-24_server_run_v2/config_snapshot_hierarchical_v2.yaml
Run:      server_run_v2
Node:     node3
CPUs:     1
Memory:   4096MB
Work dir: /data/cbotos/TB-Project
Start:    2026-04-24 06:38:53
========================================
Running: python3 /data/cbotos/TB-Project/code/hierarchical_nested_cv_v2_runner.py --pipeline kw_nmc --repeat 50 --config /data/cbotos/TB-Project/results/2026-04-24_server_run_v2/config_snapshot_hierarchical_v2.yaml --name server_run_v2
INFO     Run: 2026-04-24_server_run_v2                                          
INFO     Config:                                                                
         /data/cbotos/TB-Project/results/2026-04-24_server_run_v2/config_snapsho
         t_hierarchical_v2.yaml                                                 
INFO     Stage 1: kw_rf (fixed, binary HER2+ vs rest, threshold calibrated)     
INFO     Stage 2: kw_nmc (HR+ vs Triple Neg)                                    
INFO     Repeat seed: 50                                                        
INFO     Stage 2 grid size: 8 combinations                                      
INFO     Loading data...                                                        
INFO     Loaded 100 samples, 273 features.                                      
INFO     Classes: ['HER2+', 'HR+', 'Triple Neg']                                
INFO       HER2+: 32 samples                                                    
INFO       HR+: 36 samples                                                      
INFO       Triple Neg: 32 samples                                               
INFO     Mislabel indices verified: [(2, 'Array.67'), (4, 'Array.22')]          
INFO         Stage 1 threshold: 0.15 (BA=1.0000, range 0.8200-1.0000).          
INFO       Fold 1: s1=0.9615 (t=0.15)  s2=0.7619  combined=0.7857  auroc=0.9618 
         excl=0.8333 (1)  (10.5s)                                               
INFO         Stage 1 threshold: 0.20 (BA=1.0000, range 0.8200-1.0000).          
INFO       Fold 2: s1=1.0000 (t=0.20)  s2=0.6310  combined=0.7540  auroc=0.9008 
         excl=0.7540 (0)  (7.6s)                                                
INFO         Stage 1 threshold: 0.25 (BA=1.0000, range 0.8733-1.0000).          
INFO       Fold 3: s1=1.0000 (t=0.25)  s2=0.6250  combined=0.7500  auroc=0.8735 
         excl=0.7833 (1)  (7.6s)                                                
INFO         Stage 1 threshold: 0.25 (BA=1.0000, range 0.8133-1.0000).          
INFO       Fold 4: s1=1.0000 (t=0.25)  s2=0.9286  combined=0.9524  auroc=1.0000 
         excl=0.9524 (0)  (7.6s)                                                
INFO         Stage 1 threshold: 0.30 (BA=1.0000, range 0.8633-1.0000).          
INFO       Fold 5: s1=1.0000 (t=0.30)  s2=0.7143  combined=0.8095  auroc=0.9560 
         excl=0.8095 (0)  (7.6s)                                                
  v2_kw_nmc r50 ━━━━━━━━━━━━━━━━━━━━━━━━━━━━━━━━━━━━━━━━ 100% 0:00:41
INFO                                                                            
INFO     Summary for v2_kw_nmc repeat 50:                                       
INFO       Stage 1 (HER2+ vs rest):  0.9923 (+/- 0.0154)                        
INFO       Stage 2 (HR+ vs TN):      0.7321 (+/- 0.1109)                        
INFO       Combined (3-class):       0.8103 (+/- 0.0743)                        
INFO       Combined (excl mislabels): 0.8265 (+/- 0.0683)                       
INFO       Combined fold scores: [0.7857, 0.754, 0.75, 0.9524, 0.8095]          
INFO       Total time: 41.0s                                                    
INFO     Fold results saved to                                                  
         /data/cbotos/TB-Project/results/2026-04-24_server_run_v2/hierarchical_n
         ested_cv_v2/data/fold_results_kw_nmc_r50.csv                           
INFO     Checkpoint removed (job complete).                                     
========================================
Finished: 2026-04-24 06:39:38
Elapsed:  0h 0m 45s
Exit:     0
========================================
[HNCV2-TASK-DONE] array=15667 task=49 stage2_pipeline=kw_nmc repeat=50 exit=0 elapsed=45s
