========================================
Hierarchical CV v2 - Job 247 of 350
Stage 1:  kw_rf k=5 (fixed, threshold calibrated)
Stage 2:  kw_nmc_kens
Repeat:   47 / 50
Config:   /data/cbotos/TB-Project/results/2026-04-24_server_run_v2/config_snapshot_hierarchical_v2.yaml
Run:      server_run_v2
Node:     node3
CPUs:     1
Memory:   4096MB
Work dir: /data/cbotos/TB-Project
Start:    2026-04-24 10:36:25
========================================
Running: python3 /data/cbotos/TB-Project/code/hierarchical_nested_cv_v2_runner.py --pipeline kw_nmc_kens --repeat 47 --config /data/cbotos/TB-Project/results/2026-04-24_server_run_v2/config_snapshot_hierarchical_v2.yaml --name server_run_v2
INFO     Run: 2026-04-24_server_run_v2                                          
INFO     Config:                                                                
         /data/cbotos/TB-Project/results/2026-04-24_server_run_v2/config_snapsho
         t_hierarchical_v2.yaml                                                 
INFO     Stage 1: kw_rf (fixed, binary HER2+ vs rest, threshold calibrated)     
INFO     Stage 2: kw_nmc_kens (HR+ vs Triple Neg)                               
INFO     Repeat seed: 47                                                        
INFO     Stage 2: no GridSearchCV (ensemble pipeline)                           
INFO     Loading data...                                                        
INFO     Loaded 100 samples, 273 features.                                      
INFO     Classes: ['HER2+', 'HR+', 'Triple Neg']                                
INFO       HER2+: 32 samples                                                    
INFO       HR+: 36 samples                                                      
INFO       Triple Neg: 32 samples                                               
INFO     Mislabel indices verified: [(2, 'Array.67'), (4, 'Array.22')]          
INFO         Stage 1 threshold: 0.30 (BA=1.0000, range 0.8200-1.0000).          
INFO           k=15: mean_max_prob=0.6725                                       
INFO           k=20: mean_max_prob=0.6741                                       
INFO           k=30: mean_max_prob=0.6939                                       
INFO           k=50: mean_max_prob=0.6723                                       
INFO       Fold 1: s1=1.0000 (t=0.30)  s2=0.7619  combined=0.8413  auroc=0.9618 
         excl=0.8857 (1)  (3.6s)                                                
INFO         Stage 1 threshold: 0.15 (BA=1.0000, range 0.8400-1.0000).          
INFO           k=15: mean_max_prob=0.6551                                       
INFO           k=20: mean_max_prob=0.6460                                       
INFO           k=30: mean_max_prob=0.6567                                       
INFO           k=50: mean_max_prob=0.6437                                       
INFO       Fold 2: s1=1.0000 (t=0.15)  s2=0.8333  combined=0.8889  auroc=0.9582 
         excl=0.8889 (0)  (3.6s)                                                
INFO         Stage 1 threshold: 0.15 (BA=1.0000, range 0.8700-1.0000).          
INFO           k=15: mean_max_prob=0.7003                                       
INFO           k=20: mean_max_prob=0.6945                                       
INFO           k=30: mean_max_prob=0.6926                                       
INFO           k=50: mean_max_prob=0.6810                                       
INFO       Fold 3: s1=1.0000 (t=0.15)  s2=0.7083  combined=0.8056  auroc=0.9444 
         excl=0.8056 (0)  (3.6s)                                                
INFO         Stage 1 threshold: 0.20 (BA=1.0000, range 0.8867-1.0000).          
INFO           k=15: mean_max_prob=0.6983                                       
INFO           k=20: mean_max_prob=0.6976                                       
INFO           k=30: mean_max_prob=0.6888                                       
INFO           k=50: mean_max_prob=0.7011                                       
INFO       Fold 4: s1=0.9643 (t=0.20)  s2=0.6429  combined=0.7143  auroc=0.9084 
         excl=0.7143 (0)  (3.6s)                                                
INFO         Stage 1 threshold: 0.20 (BA=1.0000, range 0.8667-1.0000).          
INFO           k=15: mean_max_prob=0.7155                                       
INFO           k=20: mean_max_prob=0.7273                                       
INFO           k=30: mean_max_prob=0.6748                                       
INFO           k=50: mean_max_prob=0.6665                                       
INFO       Fold 5: s1=1.0000 (t=0.20)  s2=0.7857  combined=0.8571  auroc=0.9267 
         excl=0.8889 (1)  (3.6s)                                                
  v2_kw_nmc_kens r47 ━━━━━━━━━━━━━━━━━━━━━━━━━━━━━━━━━━━━━━━━ 100% 0:00:17
INFO                                                                            
INFO     Summary for v2_kw_nmc_kens repeat 47:                                  
INFO       Stage 1 (HER2+ vs rest):  0.9929 (+/- 0.0143)                        
INFO       Stage 2 (HR+ vs TN):      0.7464 (+/- 0.0656)                        
INFO       Combined (3-class):       0.8214 (+/- 0.0599)                        
INFO       Combined (excl mislabels): 0.8367 (+/- 0.0690)                       
INFO       Combined fold scores: [0.8413, 0.8889, 0.8056, 0.7143, 0.8571]       
INFO       Total time: 18.0s                                                    
INFO     Fold results saved to                                                  
         /data/cbotos/TB-Project/results/2026-04-24_server_run_v2/hierarchical_n
         ested_cv_v2/data/fold_results_kw_nmc_kens_r47.csv                      
INFO     Checkpoint removed (job complete).                                     
========================================
Finished: 2026-04-24 10:36:44
Elapsed:  0h 0m 19s
Exit:     0
========================================
[HNCV2-TASK-DONE] array=15768 task=246 stage2_pipeline=kw_nmc_kens repeat=47 exit=0 elapsed=19s
