============================================================
SECTION 1: DATA VALIDATION
============================================================
Missing values (NaN): 0
Unique CN values: [np.int64(-1), np.int64(0), np.int64(1), np.int64(2)]
  All values are discrete (-1, 0, 1, 2).

Samples in CN data: 100
Samples in clinical data: 100
Overlap: 100

Genomic regions: 2834
Chromosomes: [np.int64(1), np.int64(2), np.int64(3), np.int64(4), np.int64(5), np.int64(6), np.int64(7), np.int64(8), np.int64(9), np.int64(10), np.int64(11), np.int64(12), np.int64(13), np.int64(14), np.int64(15), np.int64(16), np.int64(17), np.int64(18), np.int64(19), np.int64(20), np.int64(21), np.int64(22), np.int64(23)]
  (23 = X chromosome)

Overall CN value distribution:
  -1 (         Loss):    55145  (19.5%)
   0 (       Normal):   165482  (58.4%)
   1 (         Gain):    57271  (20.2%)
   2 (Amplification):     5502  (1.9%)

============================================================
SECTION 2: CLASS DISTRIBUTION
============================================================
Subgroup
HER2+         32
HR+           36
Triple Neg    32

Saved: 01_class_distribution.png

============================================================
SECTION 3: GENOME-WIDE FREQUENCY PLOTS
============================================================
Saved: 02_genome_wide_frequency.png

============================================================
SECTION 4: PCA
============================================================
Variance explained by first 10 PCs:
  PC1: 0.161 (16.1%)
  PC2: 0.062 (6.2%)
  PC3: 0.045 (4.5%)
  PC4: 0.037 (3.7%)
  PC5: 0.034 (3.4%)
  PC6: 0.032 (3.2%)
  PC7: 0.028 (2.8%)
  PC8: 0.026 (2.6%)
  PC9: 0.024 (2.4%)
  PC10: 0.023 (2.3%)
  Cumulative (PC1-10): 0.472 (47.2%)
Saved: 03_pca.png
Saved: pca_coordinates.tsv, pca_variance_explained.tsv

============================================================
SECTION 5: t-SNE
============================================================
  Running t-SNE with perplexity=5 ...
  Running t-SNE with perplexity=15 ...
  Running t-SNE with perplexity=30 ...
Saved: 04_tsne.png
Saved: tsne_perp*.tsv

============================================================
SECTION 6: HIERARCHICAL CLUSTERING
============================================================
Silhouette score (k=3, Ward): 0.092
Saved: 05_hierarchical_clustering.png

============================================================
SECTION 7: PER-REGION STATISTICAL TESTS
============================================================
Bonferroni threshold: 0.05 / 2834 = 1.76e-05
Significant regions: 6 / 2834

6 regions passing Bonferroni correction:
Rank Chr        Start          End   H-stat      p-value Gene(s)
---------------------------------------------------------------------------
   1  17     35076296     35282086     73.9     8.95e-17 TCAP, PNMT, PGAP3 (+6)
   2  17     41062669     41447005     26.1     2.20e-06 MIR4315-1, MIR4315-2, LINC02210 (+7)
   3  17     41458670     41494331     23.7     6.98e-06 MIR4315-1, MIR4315-2, MAPT (+1)
   4  12     85450052     85962613     22.6     1.24e-05 MGAT4C, MIR3059
   5  17     39280577     40847517     22.1     1.58e-05 CD300LG, MPP2, FAM215A (+53)
   6  12     64727853     66012212     22.0     1.66e-05 LLPH, LLPH-DT, TMBIM4 (+6)

Top 20 most discriminative regions (for reference):
Rank Chr        Start          End   H-stat      p-value Gene(s)
---------------------------------------------------------------------------
   1  17     35076296     35282086     73.9     8.95e-17 TCAP, PNMT, PGAP3 (+6)
   2  17     41062669     41447005     26.1     2.20e-06 MIR4315-1, MIR4315-2, LINC02210 (+7)
   3  17     41458670     41494331     23.7     6.98e-06 MIR4315-1, MIR4315-2, MAPT (+1)
   4  12     85450052     85962613     22.6     1.24e-05 MGAT4C, MIR3059
   5  17     39280577     40847517     22.1     1.58e-05 CD300LG, MPP2, FAM215A (+53)
   6  12     64727853     66012212     22.0     1.66e-05 LLPH, LLPH-DT, TMBIM4 (+6)
   7  12     70574871     71644041     21.0     2.72e-05 TBC1D15, TPH2, TRHDE-AS1 (+1)
   8   6    135286400    135498058     20.8     3.05e-05 ALDH8A1, HBS1L, MIR3662
   9  17     42161364     42296514     20.8     3.06e-05 MIR4315-1, MIR4315-2, NSF (+2)
  10  17     38077519     38710043     20.7     3.25e-05 PLEKHH3, CCR10, CNTNAP1 (+28)
  11  17     38035466     38070950     20.7     3.25e-05 TUBG2
  12  12     84542006     85443011     20.6     3.37e-05 RASSF9, NTS, MGAT4C
  13  17     43036086     43085236     20.5     3.62e-05 MIR4315-1, MIR4315-2, NPEPPS (+1)
  14  12     72645832     73204852     20.2     4.03e-05 LINC02882
  15  12     77023447     82859962     20.0     4.47e-05 NAV3, LINC02424, SYT1 (+21)
  16  12     85986743     87258350     19.9     4.79e-05 LOC105369879, LINC02258, MKRN9P (+4)
  17  12     70462057     70560603     19.5     5.89e-05 RAB21, TBC1D15, MRS2P2
  18  12     75396411     75693696     19.5     5.92e-05 OSBPL8, ZDHHC17
  19   5     70422297     70698794     19.3     6.34e-05 MIR4454, OCLNP1, GUSBP3 (+3)
  20  17     40859120     40926154     19.3     6.56e-05 ARHGAP27, PLEKHM1, MIR4315-1 (+1)

Saved: 06_manhattan_kruskal.png
Saved: kruskal_wallis_per_region.tsv

============================================================
SECTION 8: CORRELATION VS GENOMIC DISTANCE
============================================================
Total same-chromosome pairs (within 200 Mb): 226279
  Cross-chromosome baseline: median r = 0.153  (n=10000)
     0-0.1 Mb: median r = 0.920  (n=3293)  vs cross-chr: p=0.00e+00 ***
   0.1-0.5 Mb: median r = 0.825  (n=2300)  vs cross-chr: p=0.00e+00 ***
     0.5-1 Mb: median r = 0.783  (n=2526)  vs cross-chr: p=0.00e+00 ***
       1-2 Mb: median r = 0.730  (n=4917)  vs cross-chr: p=0.00e+00 ***
       2-5 Mb: median r = 0.655  (n=12991)  vs cross-chr: p=0.00e+00 ***
      5-10 Mb: median r = 0.557  (n=19609)  vs cross-chr: p=0.00e+00 ***
     10-20 Mb: median r = 0.441  (n=34183)  vs cross-chr: p=0.00e+00 ***
     20-50 Mb: median r = 0.305  (n=72137)  vs cross-chr: p=0.00e+00 ***
    50-100 Mb: median r = 0.285  (n=48641)  vs cross-chr: p=0.00e+00 ***
   100-200 Mb: median r = 0.165  (n=25682)  vs cross-chr: p=1.81e-35 ***

Saved: 07_correlation_vs_distance.png
Saved: correlation_vs_distance.tsv

============================================================
SECTION 9: SAMPLE SIMILARITY MATRIX
============================================================
Saved: 08_similarity_matrix.png
Saved: hamming_distance_matrix.tsv

============================================================
PHASE 0 EXPLORATION COMPLETE.
  Figures: /data/cbotos/TB-Project/results/2026-04-22_server_run_flat_nested_CV/eda/figures
  Data:    /data/cbotos/TB-Project/results/2026-04-22_server_run_flat_nested_CV/eda/data
============================================================
