========================================
Hierarchical CV - Job 343 of 400
Stage 1:  kw_rf k=5 (fixed, threshold calibrated)
Stage 2:  kw_nmc_kgrid
Repeat:   43 / 50
Config:   /data/cbotos/TB-Project/results/2026-04-24_server_run_v2/config_snapshot_hierarchical.yaml
Run:      server_run_v2
Node:     node2
CPUs:     1
Memory:   4096MB
Work dir: /data/cbotos/TB-Project
Start:    2026-04-24 22:49:30
========================================
Running: python3 /data/cbotos/TB-Project/code/hierarchical_nested_cv_runner.py --pipeline kw_nmc_kgrid --repeat 43 --config /data/cbotos/TB-Project/results/2026-04-24_server_run_v2/config_snapshot_hierarchical.yaml --name server_run_v2
INFO     Run: 2026-04-24_server_run_v2                                          
INFO     Config:                                                                
         /data/cbotos/TB-Project/results/2026-04-24_server_run_v2/config_snapsho
         t_hierarchical.yaml                                                    
INFO     Stage 1: kw_rf (fixed, binary HER2+ vs rest, threshold=0.5)            
INFO     Stage 2: kw_nmc_kgrid (HR+ vs Triple Neg)                              
INFO     Repeat seed: 43                                                        
INFO     Stage 2 grid size: 4 combinations                                      
INFO     Loading data...                                                        
INFO     Loaded 100 samples, 273 features.                                      
INFO     Classes: ['HER2+', 'HR+', 'Triple Neg']                                
INFO       HER2+: 32 samples                                                    
INFO       HR+: 36 samples                                                      
INFO       Triple Neg: 32 samples                                               
INFO     Mislabel indices verified: [(2, 'Array.67'), (4, 'Array.22')]          
INFO       Fold 1: s1=1.0000 (t=0.50)  s2=0.6071  combined=0.7381  auroc=0.9200 
         excl=0.7778 (1)  (3.4s)                                                
INFO       Fold 2: s1=1.0000 (t=0.50)  s2=0.7024  combined=0.8016  auroc=0.9008 
         excl=0.8016 (0)  (3.3s)                                                
INFO       Fold 3: s1=1.0000 (t=0.50)  s2=0.8542  combined=0.9028  auroc=0.9479 
         excl=0.9028 (0)  (3.3s)                                                
INFO       Fold 4: s1=1.0000 (t=0.50)  s2=0.7143  combined=0.8095  auroc=0.9487 
         excl=0.8095 (0)  (3.3s)                                                
INFO       Fold 5: s1=1.0000 (t=0.50)  s2=0.7857  combined=0.8571  auroc=0.9084 
         excl=0.9048 (1)  (3.3s)                                                
  v2_kw_nmc_kgrid r43 ━━━━━━━━━━━━━━━━━━━━━━━━━━━━━━━━━━━━━━━━ 100% 0:00:16
INFO                                                                            
INFO     Summary for v2_kw_nmc_kgrid repeat 43:                                 
INFO       Stage 1 (HER2+ vs rest):  1.0000 (+/- 0.0000)                        
INFO       Stage 2 (HR+ vs TN):      0.7327 (+/- 0.0832)                        
INFO       Combined (3-class):       0.8218 (+/- 0.0554)                        
INFO       Combined (excl mislabels): 0.8393 (+/- 0.0537)                       
INFO       Combined fold scores: [0.7381, 0.8016, 0.9028, 0.8095, 0.8571]       
INFO       Total time: 16.8s                                                    
INFO     Fold results saved to                                                  
         /data/cbotos/TB-Project/results/2026-04-24_server_run_v2/hierarchical_n
         ested_cv/data/fold_results_kw_nmc_kgrid_r43.csv                        
INFO     Checkpoint removed (job complete).                                     
========================================
Finished: 2026-04-24 22:49:48
Elapsed:  0h 0m 18s
Exit:     0
========================================
[HNCV-TASK-DONE] array=16123 task=342 stage2_pipeline=kw_nmc_kgrid repeat=43 exit=0 elapsed=18s
