========================================
Hierarchical CV - Job 354 of 400
Stage 1:  kw_rf k=5 (fixed, threshold calibrated)
Stage 2:  standalone_en
Repeat:   4 / 50
Config:   /data/cbotos/TB-Project/results/2026-04-24_server_run_v2/config_snapshot_hierarchical.yaml
Run:      server_run_v2
Node:     node2
CPUs:     1
Memory:   4096MB
Work dir: /data/cbotos/TB-Project
Start:    2026-04-24 22:49:50
========================================
Running: python3 /data/cbotos/TB-Project/code/hierarchical_nested_cv_runner.py --pipeline standalone_en --repeat 4 --config /data/cbotos/TB-Project/results/2026-04-24_server_run_v2/config_snapshot_hierarchical.yaml --name server_run_v2
INFO     Run: 2026-04-24_server_run_v2                                          
INFO     Config:                                                                
         /data/cbotos/TB-Project/results/2026-04-24_server_run_v2/config_snapsho
         t_hierarchical.yaml                                                    
INFO     Stage 1: kw_rf (fixed, binary HER2+ vs rest, threshold=0.5)            
INFO     Stage 2: standalone_en (HR+ vs Triple Neg)                             
INFO     Repeat seed: 4                                                         
INFO     Stage 2 grid size: 50 combinations                                     
INFO     Loading data...                                                        
INFO     Loaded 100 samples, 273 features.                                      
INFO     Classes: ['HER2+', 'HR+', 'Triple Neg']                                
INFO       HER2+: 32 samples                                                    
INFO       HR+: 36 samples                                                      
INFO       Triple Neg: 32 samples                                               
INFO     Mislabel indices verified: [(2, 'Array.67'), (4, 'Array.22')]          
INFO       Fold 1: s1=1.0000 (t=0.50)  s2=0.6786  combined=0.7857  auroc=0.8840 
         excl=0.7857 (0)  (36.5s)                                               
INFO       Fold 2: s1=1.0000 (t=0.50)  s2=0.7738  combined=0.8492  auroc=0.9771 
         excl=0.8492 (0)  (33.4s)                                               
INFO       Fold 3: s1=1.0000 (t=0.50)  s2=0.6042  combined=0.7361  auroc=0.8889 
         excl=0.7540 (1)  (35.0s)                                               
INFO       Fold 4: s1=1.0000 (t=0.50)  s2=0.9286  combined=0.9524  auroc=1.0000 
         excl=1.0000 (1)  (35.6s)                                               
INFO       Fold 5: s1=1.0000 (t=0.50)  s2=0.7143  combined=0.8095  auroc=0.9267 
         excl=0.8095 (0)  (36.2s)                                               
  v2_standalone_en r4 ━━━━━━━━━━━━━━━━━━━━━━━━━━━━━━━━━━━━━━━━ 100% 0:02:56
INFO                                                                            
INFO     Summary for v2_standalone_en repeat 4:                                 
INFO       Stage 1 (HER2+ vs rest):  1.0000 (+/- 0.0000)                        
INFO       Stage 2 (HR+ vs TN):      0.7399 (+/- 0.1092)                        
INFO       Combined (3-class):       0.8266 (+/- 0.0728)                        
INFO       Combined (excl mislabels): 0.8397 (+/- 0.0860)                       
INFO       Combined fold scores: [0.7857, 0.8492, 0.7361, 0.9524, 0.8095]       
INFO       Total time: 176.6s                                                   
INFO     Fold results saved to                                                  
         /data/cbotos/TB-Project/results/2026-04-24_server_run_v2/hierarchical_n
         ested_cv/data/fold_results_standalone_en_r4.csv                        
INFO     Checkpoint removed (job complete).                                     
========================================
Finished: 2026-04-24 22:52:48
Elapsed:  0h 2m 58s
Exit:     0
========================================
[HNCV-TASK-DONE] array=16123 task=353 stage2_pipeline=standalone_en repeat=4 exit=0 elapsed=178s
