========================================
Hierarchical CV - Job 357 of 400
Stage 1:  kw_rf k=5 (fixed, threshold calibrated)
Stage 2:  standalone_en
Repeat:   7 / 50
Config:   /data/cbotos/TB-Project/results/2026-04-24_server_run_v2/config_snapshot_hierarchical.yaml
Run:      server_run_v2
Node:     node1
CPUs:     1
Memory:   4096MB
Work dir: /data/cbotos/TB-Project
Start:    2026-04-24 22:49:53
========================================
Running: python3 /data/cbotos/TB-Project/code/hierarchical_nested_cv_runner.py --pipeline standalone_en --repeat 7 --config /data/cbotos/TB-Project/results/2026-04-24_server_run_v2/config_snapshot_hierarchical.yaml --name server_run_v2
INFO     Run: 2026-04-24_server_run_v2                                          
INFO     Config:                                                                
         /data/cbotos/TB-Project/results/2026-04-24_server_run_v2/config_snapsho
         t_hierarchical.yaml                                                    
INFO     Stage 1: kw_rf (fixed, binary HER2+ vs rest, threshold=0.5)            
INFO     Stage 2: standalone_en (HR+ vs Triple Neg)                             
INFO     Repeat seed: 7                                                         
INFO     Stage 2 grid size: 50 combinations                                     
INFO     Loading data...                                                        
INFO     Loaded 100 samples, 273 features.                                      
INFO     Classes: ['HER2+', 'HR+', 'Triple Neg']                                
INFO       HER2+: 32 samples                                                    
INFO       HR+: 36 samples                                                      
INFO       Triple Neg: 32 samples                                               
INFO     Mislabel indices verified: [(2, 'Array.67'), (4, 'Array.22')]          
INFO       Fold 1: s1=1.0000 (t=0.50)  s2=0.7738  combined=0.8492  auroc=0.9466 
         excl=0.8889 (1)  (35.4s)                                               
INFO       Fold 2: s1=1.0000 (t=0.50)  s2=0.7500  combined=0.8333  auroc=1.0000 
         excl=0.8333 (0)  (35.0s)                                               
INFO       Fold 3: s1=1.0000 (t=0.50)  s2=0.7917  combined=0.8611  auroc=0.9554 
         excl=0.8611 (0)  (34.6s)                                               
INFO       Fold 4: s1=1.0000 (t=0.50)  s2=0.7857  combined=0.8571  auroc=0.9707 
         excl=0.8571 (0)  (35.5s)                                               
INFO       Fold 5: s1=1.0000 (t=0.50)  s2=0.5714  combined=0.7143  auroc=0.8755 
         excl=0.7460 (1)  (35.0s)                                               
  v2_standalone_en r7 ━━━━━━━━━━━━━━━━━━━━━━━━━━━━━━━━━━━━━━━━ 100% 0:02:55
INFO                                                                            
INFO     Summary for v2_standalone_en repeat 7:                                 
INFO       Stage 1 (HER2+ vs rest):  1.0000 (+/- 0.0000)                        
INFO       Stage 2 (HR+ vs TN):      0.7345 (+/- 0.0828)                        
INFO       Combined (3-class):       0.8230 (+/- 0.0552)                        
INFO       Combined (excl mislabels): 0.8373 (+/- 0.0489)                       
INFO       Combined fold scores: [0.8492, 0.8333, 0.8611, 0.8571, 0.7143]       
INFO       Total time: 175.5s                                                   
INFO     Fold results saved to                                                  
         /data/cbotos/TB-Project/results/2026-04-24_server_run_v2/hierarchical_n
         ested_cv/data/fold_results_standalone_en_r7.csv                        
INFO     Checkpoint removed (job complete).                                     
========================================
Finished: 2026-04-24 22:52:50
Elapsed:  0h 2m 57s
Exit:     0
========================================
[HNCV-TASK-DONE] array=16123 task=356 stage2_pipeline=standalone_en repeat=7 exit=0 elapsed=177s
