========================================
Hierarchical CV - Job 218 of 400
Stage 1:  kw_rf k=5 (fixed, threshold calibrated)
Stage 2:  kw_nmc_kens
Repeat:   18 / 50
Config:   /data/cbotos/TB-Project/results/2026-04-24_server_run_v2/config_snapshot_hierarchical.yaml
Run:      server_run_v2
Node:     node3
CPUs:     1
Memory:   4096MB
Work dir: /data/cbotos/TB-Project
Start:    2026-04-24 22:07:29
========================================
Running: python3 /data/cbotos/TB-Project/code/hierarchical_nested_cv_runner.py --pipeline kw_nmc_kens --repeat 18 --config /data/cbotos/TB-Project/results/2026-04-24_server_run_v2/config_snapshot_hierarchical.yaml --name server_run_v2
INFO     Run: 2026-04-24_server_run_v2                                          
INFO     Config:                                                                
         /data/cbotos/TB-Project/results/2026-04-24_server_run_v2/config_snapsho
         t_hierarchical.yaml                                                    
INFO     Stage 1: kw_rf (fixed, binary HER2+ vs rest, threshold=0.5)            
INFO     Stage 2: kw_nmc_kens (HR+ vs Triple Neg)                               
INFO     Repeat seed: 18                                                        
INFO     Stage 2: no GridSearchCV (ensemble pipeline)                           
INFO     Loading data...                                                        
INFO     Loaded 100 samples, 273 features.                                      
INFO     Classes: ['HER2+', 'HR+', 'Triple Neg']                                
INFO       HER2+: 32 samples                                                    
INFO       HR+: 36 samples                                                      
INFO       Triple Neg: 32 samples                                               
INFO     Mislabel indices verified: [(2, 'Array.67'), (4, 'Array.22')]          
INFO           k=15: mean_max_prob=0.7470                                       
INFO           k=20: mean_max_prob=0.7330                                       
INFO           k=30: mean_max_prob=0.6967                                       
INFO           k=50: mean_max_prob=0.7144                                       
INFO       Fold 1: s1=1.0000 (t=0.50)  s2=0.6071  combined=0.7381  auroc=0.9161 
         excl=0.7381 (0)  (1.0s)                                                
INFO           k=15: mean_max_prob=0.7002                                       
INFO           k=20: mean_max_prob=0.7058                                       
INFO           k=30: mean_max_prob=0.7088                                       
INFO           k=50: mean_max_prob=0.7058                                       
INFO       Fold 2: s1=1.0000 (t=0.50)  s2=0.7024  combined=0.8016  auroc=0.9655 
         excl=0.8889 (2)  (1.0s)                                                
INFO           k=15: mean_max_prob=0.7019                                       
INFO           k=20: mean_max_prob=0.6913                                       
INFO           k=30: mean_max_prob=0.6807                                       
INFO           k=50: mean_max_prob=0.6788                                       
INFO       Fold 3: s1=1.0000 (t=0.50)  s2=0.6875  combined=0.7917  auroc=0.9072 
         excl=0.7917 (0)  (1.0s)                                                
INFO           k=15: mean_max_prob=0.6970                                       
INFO           k=20: mean_max_prob=0.6984                                       
INFO           k=30: mean_max_prob=0.6819                                       
INFO           k=50: mean_max_prob=0.6745                                       
INFO       Fold 4: s1=1.0000 (t=0.50)  s2=0.9286  combined=0.9524  auroc=1.0000 
         excl=0.9524 (0)  (1.0s)                                                
INFO           k=15: mean_max_prob=0.6853                                       
INFO           k=20: mean_max_prob=0.6695                                       
INFO           k=30: mean_max_prob=0.6719                                       
INFO           k=50: mean_max_prob=0.6730                                       
INFO       Fold 5: s1=1.0000 (t=0.50)  s2=0.7143  combined=0.8095  auroc=0.9194 
         excl=0.8095 (0)  (1.0s)                                                
  v2_kw_nmc_kens r18 ━━━━━━━━━━━━━━━━━━━━━━━━━━━━━━━━━━━━━━━━ 100% 0:00:05
INFO                                                                            
INFO     Summary for v2_kw_nmc_kens repeat 18:                                  
INFO       Stage 1 (HER2+ vs rest):  1.0000 (+/- 0.0000)                        
INFO       Stage 2 (HR+ vs TN):      0.7280 (+/- 0.1071)                        
INFO       Combined (3-class):       0.8187 (+/- 0.0714)                        
INFO       Combined (excl mislabels): 0.8361 (+/- 0.0756)                       
INFO       Combined fold scores: [0.7381, 0.8016, 0.7917, 0.9524, 0.8095]       
INFO       Total time: 5.1s                                                     
INFO     Fold results saved to                                                  
         /data/cbotos/TB-Project/results/2026-04-24_server_run_v2/hierarchical_n
         ested_cv/data/fold_results_kw_nmc_kens_r18.csv                         
INFO     Checkpoint removed (job complete).                                     
========================================
Finished: 2026-04-24 22:07:36
Elapsed:  0h 0m 7s
Exit:     0
========================================
[HNCV-TASK-DONE] array=16123 task=217 stage2_pipeline=kw_nmc_kens repeat=18 exit=0 elapsed=7s
