========================================
Hierarchical CV - Job 205 of 400
Stage 1:  kw_rf k=5 (fixed, threshold calibrated)
Stage 2:  kw_nmc_kens
Repeat:   5 / 50
Config:   /data/cbotos/TB-Project/results/2026-04-24_server_run_v2/config_snapshot_hierarchical.yaml
Run:      server_run_v2
Node:     node3
CPUs:     1
Memory:   4096MB
Work dir: /data/cbotos/TB-Project
Start:    2026-04-24 22:06:32
========================================
Running: python3 /data/cbotos/TB-Project/code/hierarchical_nested_cv_runner.py --pipeline kw_nmc_kens --repeat 5 --config /data/cbotos/TB-Project/results/2026-04-24_server_run_v2/config_snapshot_hierarchical.yaml --name server_run_v2
INFO     Run: 2026-04-24_server_run_v2                                          
INFO     Config:                                                                
         /data/cbotos/TB-Project/results/2026-04-24_server_run_v2/config_snapsho
         t_hierarchical.yaml                                                    
INFO     Stage 1: kw_rf (fixed, binary HER2+ vs rest, threshold=0.5)            
INFO     Stage 2: kw_nmc_kens (HR+ vs Triple Neg)                               
INFO     Repeat seed: 5                                                         
INFO     Stage 2: no GridSearchCV (ensemble pipeline)                           
INFO     Loading data...                                                        
INFO     Loaded 100 samples, 273 features.                                      
INFO     Classes: ['HER2+', 'HR+', 'Triple Neg']                                
INFO       HER2+: 32 samples                                                    
INFO       HR+: 36 samples                                                      
INFO       Triple Neg: 32 samples                                               
INFO     Mislabel indices verified: [(2, 'Array.67'), (4, 'Array.22')]          
INFO           k=15: mean_max_prob=0.6852                                       
INFO           k=20: mean_max_prob=0.6973                                       
INFO           k=30: mean_max_prob=0.6850                                       
INFO           k=50: mean_max_prob=0.6638                                       
INFO       Fold 1: s1=1.0000 (t=0.50)  s2=0.7857  combined=0.8571  auroc=0.9389 
         excl=0.8571 (0)  (1.0s)                                                
INFO           k=15: mean_max_prob=0.6940                                       
INFO           k=20: mean_max_prob=0.6984                                       
INFO           k=30: mean_max_prob=0.7169                                       
INFO           k=50: mean_max_prob=0.7318                                       
INFO       Fold 2: s1=1.0000 (t=0.50)  s2=0.7024  combined=0.8016  auroc=0.9237 
         excl=0.8016 (0)  (1.0s)                                                
INFO           k=15: mean_max_prob=0.6838                                       
INFO           k=20: mean_max_prob=0.6895                                       
INFO           k=30: mean_max_prob=0.7055                                       
INFO           k=50: mean_max_prob=0.7026                                       
INFO       Fold 3: s1=1.0000 (t=0.50)  s2=0.8542  combined=0.9028  auroc=0.9812 
         excl=0.9028 (0)  (1.0s)                                                
INFO           k=15: mean_max_prob=0.6710                                       
INFO           k=20: mean_max_prob=0.6991                                       
INFO           k=30: mean_max_prob=0.7043                                       
INFO           k=50: mean_max_prob=0.7118                                       
INFO       Fold 4: s1=1.0000 (t=0.50)  s2=0.7857  combined=0.8571  auroc=0.9341 
         excl=0.9048 (1)  (1.0s)                                                
INFO           k=15: mean_max_prob=0.6878                                       
INFO           k=20: mean_max_prob=0.7013                                       
INFO           k=30: mean_max_prob=0.6985                                       
INFO           k=50: mean_max_prob=0.6677                                       
INFO       Fold 5: s1=1.0000 (t=0.50)  s2=0.7143  combined=0.8095  auroc=0.9414 
         excl=0.8413 (1)  (1.0s)                                                
  v2_kw_nmc_kens r5 ━━━━━━━━━━━━━━━━━━━━━━━━━━━━━━━━━━━━━━━━ 100% 0:00:04
INFO                                                                            
INFO     Summary for v2_kw_nmc_kens repeat 5:                                   
INFO       Stage 1 (HER2+ vs rest):  1.0000 (+/- 0.0000)                        
INFO       Stage 2 (HR+ vs TN):      0.7685 (+/- 0.0552)                        
INFO       Combined (3-class):       0.8456 (+/- 0.0368)                        
INFO       Combined (excl mislabels): 0.8615 (+/- 0.0390)                       
INFO       Combined fold scores: [0.8571, 0.8016, 0.9028, 0.8571, 0.8095]       
INFO       Total time: 5.0s                                                     
INFO     Fold results saved to                                                  
         /data/cbotos/TB-Project/results/2026-04-24_server_run_v2/hierarchical_n
         ested_cv/data/fold_results_kw_nmc_kens_r5.csv                          
INFO     Checkpoint removed (job complete).                                     
========================================
Finished: 2026-04-24 22:06:38
Elapsed:  0h 0m 6s
Exit:     0
========================================
[HNCV-TASK-DONE] array=16123 task=204 stage2_pipeline=kw_nmc_kens repeat=5 exit=0 elapsed=6s
