========================================
Hierarchical CV - Job 370 of 400
Stage 1:  kw_rf k=5 (fixed, threshold calibrated)
Stage 2:  standalone_en
Repeat:   20 / 50
Config:   /data/cbotos/TB-Project/results/2026-04-24_server_run_v2/config_snapshot_hierarchical.yaml
Run:      server_run_v2
Node:     node1
CPUs:     1
Memory:   4096MB
Work dir: /data/cbotos/TB-Project
Start:    2026-04-24 22:52:51
========================================
Running: python3 /data/cbotos/TB-Project/code/hierarchical_nested_cv_runner.py --pipeline standalone_en --repeat 20 --config /data/cbotos/TB-Project/results/2026-04-24_server_run_v2/config_snapshot_hierarchical.yaml --name server_run_v2
INFO     Run: 2026-04-24_server_run_v2                                          
INFO     Config:                                                                
         /data/cbotos/TB-Project/results/2026-04-24_server_run_v2/config_snapsho
         t_hierarchical.yaml                                                    
INFO     Stage 1: kw_rf (fixed, binary HER2+ vs rest, threshold=0.5)            
INFO     Stage 2: standalone_en (HR+ vs Triple Neg)                             
INFO     Repeat seed: 20                                                        
INFO     Stage 2 grid size: 50 combinations                                     
INFO     Loading data...                                                        
INFO     Loaded 100 samples, 273 features.                                      
INFO     Classes: ['HER2+', 'HR+', 'Triple Neg']                                
INFO       HER2+: 32 samples                                                    
INFO       HR+: 36 samples                                                      
INFO       Triple Neg: 32 samples                                               
INFO     Mislabel indices verified: [(2, 'Array.67'), (4, 'Array.22')]          
INFO       Fold 1: s1=1.0000 (t=0.50)  s2=0.5952  combined=0.7302  auroc=0.9078 
         excl=0.7302 (0)  (36.5s)                                               
INFO       Fold 2: s1=1.0000 (t=0.50)  s2=0.7619  combined=0.8413  auroc=0.9389 
         excl=0.8857 (1)  (34.6s)                                               
INFO       Fold 3: s1=1.0000 (t=0.50)  s2=0.3542  combined=0.5694  auroc=0.8398 
         excl=0.5694 (0)  (34.7s)                                               
INFO       Fold 4: s1=1.0000 (t=0.50)  s2=0.7857  combined=0.8571  auroc=0.9560 
         excl=0.8968 (1)  (34.8s)                                               
INFO       Fold 5: s1=1.0000 (t=0.50)  s2=0.8571  combined=0.9048  auroc=0.9560 
         excl=0.9048 (0)  (34.9s)                                               
  v2_standalone_en r20 ━━━━━━━━━━━━━━━━━━━━━━━━━━━━━━━━━━━━━━━━ 100% 0:02:55
INFO                                                                            
INFO     Summary for v2_standalone_en repeat 20:                                
INFO       Stage 1 (HER2+ vs rest):  1.0000 (+/- 0.0000)                        
INFO       Stage 2 (HR+ vs TN):      0.6708 (+/- 0.1801)                        
INFO       Combined (3-class):       0.7806 (+/- 0.1201)                        
INFO       Combined (excl mislabels): 0.7974 (+/- 0.1309)                       
INFO       Combined fold scores: [0.7302, 0.8413, 0.5694, 0.8571, 0.9048]       
INFO       Total time: 175.6s                                                   
INFO     Fold results saved to                                                  
         /data/cbotos/TB-Project/results/2026-04-24_server_run_v2/hierarchical_n
         ested_cv/data/fold_results_standalone_en_r20.csv                       
INFO     Checkpoint removed (job complete).                                     
========================================
Finished: 2026-04-24 22:55:49
Elapsed:  0h 2m 58s
Exit:     0
========================================
[HNCV-TASK-DONE] array=16123 task=369 stage2_pipeline=standalone_en repeat=20 exit=0 elapsed=178s
