========================================
Hierarchical CV - Job 346 of 400
Stage 1:  kw_rf k=5 (fixed, threshold calibrated)
Stage 2:  kw_nmc_kgrid
Repeat:   46 / 50
Config:   /data/cbotos/TB-Project/results/2026-04-24_server_run_v2/config_snapshot_hierarchical.yaml
Run:      server_run_v2
Node:     node1
CPUs:     1
Memory:   4096MB
Work dir: /data/cbotos/TB-Project
Start:    2026-04-24 22:49:32
========================================
Running: python3 /data/cbotos/TB-Project/code/hierarchical_nested_cv_runner.py --pipeline kw_nmc_kgrid --repeat 46 --config /data/cbotos/TB-Project/results/2026-04-24_server_run_v2/config_snapshot_hierarchical.yaml --name server_run_v2
INFO     Run: 2026-04-24_server_run_v2                                          
INFO     Config:                                                                
         /data/cbotos/TB-Project/results/2026-04-24_server_run_v2/config_snapsho
         t_hierarchical.yaml                                                    
INFO     Stage 1: kw_rf (fixed, binary HER2+ vs rest, threshold=0.5)            
INFO     Stage 2: kw_nmc_kgrid (HR+ vs Triple Neg)                              
INFO     Repeat seed: 46                                                        
INFO     Stage 2 grid size: 4 combinations                                      
INFO     Loading data...                                                        
INFO     Loaded 100 samples, 273 features.                                      
INFO     Classes: ['HER2+', 'HR+', 'Triple Neg']                                
INFO       HER2+: 32 samples                                                    
INFO       HR+: 36 samples                                                      
INFO       Triple Neg: 32 samples                                               
INFO     Mislabel indices verified: [(2, 'Array.67'), (4, 'Array.22')]          
INFO       Fold 1: s1=1.0000 (t=0.50)  s2=0.8452  combined=0.8968  auroc=0.9924 
         excl=0.8968 (0)  (3.4s)                                                
INFO       Fold 2: s1=1.0000 (t=0.50)  s2=0.5952  combined=0.7302  auroc=0.9463 
         excl=0.7302 (0)  (3.3s)                                                
INFO       Fold 3: s1=1.0000 (t=0.50)  s2=0.6458  combined=0.7639  auroc=0.8988 
         excl=0.8083 (1)  (3.4s)                                                
INFO       Fold 4: s1=1.0000 (t=0.50)  s2=0.3571  combined=0.5714  auroc=0.8242 
         excl=0.5714 (0)  (3.4s)                                                
INFO       Fold 5: s1=1.0000 (t=0.50)  s2=0.6429  combined=0.7619  auroc=0.9414 
         excl=0.7857 (1)  (3.3s)                                                
  v2_kw_nmc_kgrid r46 ━━━━━━━━━━━━━━━━━━━━━━━━━━━━━━━━━━━━━━━━ 100% 0:00:16
INFO                                                                            
INFO     Summary for v2_kw_nmc_kgrid repeat 46:                                 
INFO       Stage 1 (HER2+ vs rest):  1.0000 (+/- 0.0000)                        
INFO       Stage 2 (HR+ vs TN):      0.6173 (+/- 0.1559)                        
INFO       Combined (3-class):       0.7448 (+/- 0.1040)                        
INFO       Combined (excl mislabels): 0.7585 (+/- 0.1078)                       
INFO       Combined fold scores: [0.8968, 0.7302, 0.7639, 0.5714, 0.7619]       
INFO       Total time: 16.9s                                                    
INFO     Fold results saved to                                                  
         /data/cbotos/TB-Project/results/2026-04-24_server_run_v2/hierarchical_n
         ested_cv/data/fold_results_kw_nmc_kgrid_r46.csv                        
INFO     Checkpoint removed (job complete).                                     
========================================
Finished: 2026-04-24 22:49:51
Elapsed:  0h 0m 19s
Exit:     0
========================================
[HNCV-TASK-DONE] array=16123 task=345 stage2_pipeline=kw_nmc_kgrid repeat=46 exit=0 elapsed=19s
