========================================
Hierarchical CV - Job 149 of 150
Stage 1:  kw_rf k=5 (fixed, threshold calibrated)
Stage 2:  en_nmc_pens
Repeat:   49 / 50
Config:   /data/cbotos/TB-Project/results/2026-04-24_server_run_v2/config_snapshot_hierarchical.yaml
Run:      server_run_v2
Node:     node3
CPUs:     1
Memory:   4096MB
Work dir: /data/cbotos/TB-Project
Start:    2026-04-25 00:12:46
========================================
Running: python3 /data/cbotos/TB-Project/code/hierarchical_nested_cv_runner.py --pipeline en_nmc_pens --repeat 49 --config /data/cbotos/TB-Project/results/2026-04-24_server_run_v2/config_snapshot_hierarchical.yaml --name server_run_v2
INFO     Run: 2026-04-24_server_run_v2                                          
INFO     Config:                                                                
         /data/cbotos/TB-Project/results/2026-04-24_server_run_v2/config_snapsho
         t_hierarchical.yaml                                                    
INFO     Stage 1: kw_rf (fixed, binary HER2+ vs rest, threshold=0.5)            
INFO     Stage 2: en_nmc_pens (HR+ vs Triple Neg)                               
INFO     Repeat seed: 49                                                        
INFO     Stage 2: no GridSearchCV (ensemble pipeline)                           
INFO     Loading data...                                                        
INFO     Loaded 100 samples, 273 features.                                      
INFO     Classes: ['HER2+', 'HR+', 'Triple Neg']                                
INFO       HER2+: 32 samples                                                    
INFO       HR+: 36 samples                                                      
INFO       Triple Neg: 32 samples                                               
INFO     Mislabel indices verified: [(2, 'Array.67'), (4, 'Array.22')]          
INFO     Pooled plateau capped: 80 -> 15 combos                                 
INFO     Pooled plateau: 15 of 200 combos from 250 fold files (best=0.7476,     
         std=0.0547, threshold=0.6929)                                          
INFO       Plateau combo 1: score=0.7476, params={'selector__C': 0.0464159,     
         'selector__l1_ratio': 0.1, 'selector__top_k': 50}                      
INFO       Plateau combo 2: score=0.7459, params={'selector__C': 0.16681,       
         'selector__l1_ratio': 0.3, 'selector__top_k': 50}                      
INFO       Plateau combo 3: score=0.7434, params={'selector__C': 0.599484,      
         'selector__l1_ratio': 0.7, 'selector__top_k': 50}                      
INFO       Plateau combo 4: score=0.7427, params={'selector__C': 0.0464159,     
         'selector__l1_ratio': 0.1, 'selector__top_k': 20}                      
INFO       Plateau combo 5: score=0.7427, params={'selector__C': 0.16681,       
         'selector__l1_ratio': 0.1, 'selector__top_k': 50}                      
INFO       Plateau combo 6: score=0.7414, params={'selector__C': 100.0,         
         'selector__l1_ratio': 0.1, 'selector__top_k': 50}                      
INFO       Plateau combo 7: score=0.7409, params={'selector__C': 100.0,         
         'selector__l1_ratio': 0.3, 'selector__top_k': 50}                      
INFO       Plateau combo 8: score=0.7405, params={'selector__C': 100.0,         
         'selector__l1_ratio': 0.7, 'selector__top_k': 50}                      
INFO       Plateau combo 9: score=0.7405, params={'selector__C': 0.16681,       
         'selector__l1_ratio': 0.5, 'selector__top_k': 50}                      
INFO       Plateau combo 10: score=0.7404, params={'selector__C': 0.599484,     
         'selector__l1_ratio': 0.1, 'selector__top_k': 50}                      
INFO       Plateau combo 11: score=0.7402, params={'selector__C': 27.8256,      
         'selector__l1_ratio': 0.1, 'selector__top_k': 50}                      
INFO       Plateau combo 12: score=0.7399, params={'selector__C': 100.0,        
         'selector__l1_ratio': 0.5, 'selector__top_k': 50}                      
INFO       Plateau combo 13: score=0.7398, params={'selector__C': 7.74264,      
         'selector__l1_ratio': 0.1, 'selector__top_k': 50}                      
INFO       Plateau combo 14: score=0.7397, params={'selector__C': 0.16681,      
         'selector__l1_ratio': 0.5, 'selector__top_k': 20}                      
INFO       Plateau combo 15: score=0.7388, params={'selector__C': 27.8256,      
         'selector__l1_ratio': 0.5, 'selector__top_k': 50}                      
INFO         Retraining 15 plateau models                                       
INFO           [1/15] n_features=50, params={'selector__C': 0.0464159,          
         'selector__l1_ratio': 0.1, 'selector__top_k': 50}                      
INFO           [2/15] n_features=50, params={'selector__C': 0.16681,            
         'selector__l1_ratio': 0.3, 'selector__top_k': 50}                      
INFO           [3/15] n_features=50, params={'selector__C': 0.599484,           
         'selector__l1_ratio': 0.7, 'selector__top_k': 50}                      
INFO           [15/15] n_features=50, params={'selector__C': 27.8256,           
         'selector__l1_ratio': 0.5, 'selector__top_k': 50}                      
INFO         Plateau features: union=84, intersection=17                        
INFO       Fold 1: s1=1.0000 (t=0.50)  s2=0.6190  combined=0.7460  auroc=0.9426 
         excl=0.7460 (0)  (4.3s)                                                
INFO         Retraining 15 plateau models                                       
INFO           [1/15] n_features=50, params={'selector__C': 0.0464159,          
         'selector__l1_ratio': 0.1, 'selector__top_k': 50}                      
INFO           [2/15] n_features=50, params={'selector__C': 0.16681,            
         'selector__l1_ratio': 0.3, 'selector__top_k': 50}                      
INFO           [3/15] n_features=50, params={'selector__C': 0.599484,           
         'selector__l1_ratio': 0.7, 'selector__top_k': 50}                      
INFO           [15/15] n_features=50, params={'selector__C': 27.8256,           
         'selector__l1_ratio': 0.5, 'selector__top_k': 50}                      
INFO         Plateau features: union=106, intersection=17                       
INFO       Fold 2: s1=1.0000 (t=0.50)  s2=0.7738  combined=0.8492  auroc=0.9237 
         excl=0.8492 (0)  (4.8s)                                                
INFO         Retraining 15 plateau models                                       
INFO           [1/15] n_features=50, params={'selector__C': 0.0464159,          
         'selector__l1_ratio': 0.1, 'selector__top_k': 50}                      
INFO           [2/15] n_features=50, params={'selector__C': 0.16681,            
         'selector__l1_ratio': 0.3, 'selector__top_k': 50}                      
INFO           [3/15] n_features=50, params={'selector__C': 0.599484,           
         'selector__l1_ratio': 0.7, 'selector__top_k': 50}                      
INFO           [15/15] n_features=50, params={'selector__C': 27.8256,           
         'selector__l1_ratio': 0.5, 'selector__top_k': 50}                      
INFO         Plateau features: union=88, intersection=16                        
INFO       Fold 3: s1=1.0000 (t=0.50)  s2=0.6458  combined=0.7639  auroc=0.8993 
         excl=0.7937 (1)  (4.6s)                                                
INFO         Retraining 15 plateau models                                       
INFO           [1/15] n_features=50, params={'selector__C': 0.0464159,          
         'selector__l1_ratio': 0.1, 'selector__top_k': 50}                      
INFO           [2/15] n_features=50, params={'selector__C': 0.16681,            
         'selector__l1_ratio': 0.3, 'selector__top_k': 50}                      
INFO           [3/15] n_features=50, params={'selector__C': 0.599484,           
         'selector__l1_ratio': 0.7, 'selector__top_k': 50}                      
INFO           [15/15] n_features=50, params={'selector__C': 27.8256,           
         'selector__l1_ratio': 0.5, 'selector__top_k': 50}                      
INFO         Plateau features: union=96, intersection=17                        
INFO       Fold 4: s1=1.0000 (t=0.50)  s2=0.9286  combined=0.9524  auroc=0.9817 
         excl=0.9524 (0)  (4.7s)                                                
INFO         Retraining 15 plateau models                                       
INFO           [1/15] n_features=50, params={'selector__C': 0.0464159,          
         'selector__l1_ratio': 0.1, 'selector__top_k': 50}                      
INFO           [2/15] n_features=50, params={'selector__C': 0.16681,            
         'selector__l1_ratio': 0.3, 'selector__top_k': 50}                      
INFO           [3/15] n_features=50, params={'selector__C': 0.599484,           
         'selector__l1_ratio': 0.7, 'selector__top_k': 50}                      
INFO           [15/15] n_features=50, params={'selector__C': 27.8256,           
         'selector__l1_ratio': 0.5, 'selector__top_k': 50}                      
INFO         Plateau features: union=86, intersection=16                        
INFO       Fold 5: s1=1.0000 (t=0.50)  s2=0.6429  combined=0.7619  auroc=0.9158 
         excl=0.7857 (1)  (4.3s)                                                
  v2_en_nmc_pens r49 ━━━━━━━━━━━━━━━━━━━━━━━━━━━━━━━━━━━━━━━━ 100% 0:00:22
INFO                                                                            
INFO     Summary for v2_en_nmc_pens repeat 49:                                  
INFO       Stage 1 (HER2+ vs rest):  1.0000 (+/- 0.0000)                        
INFO       Stage 2 (HR+ vs TN):      0.7220 (+/- 0.1166)                        
INFO       Combined (3-class):       0.8147 (+/- 0.0778)                        
INFO       Combined (excl mislabels): 0.8254 (+/- 0.0715)                       
INFO       Combined fold scores: [0.746, 0.8492, 0.7639, 0.9524, 0.7619]        
INFO       Total time: 22.8s                                                    
INFO     Fold results saved to                                                  
         /data/cbotos/TB-Project/results/2026-04-24_server_run_v2/hierarchical_n
         ested_cv/data/fold_results_en_nmc_pens_r49.csv                         
INFO     Checkpoint removed (job complete).                                     
========================================
Finished: 2026-04-25 00:13:12
Elapsed:  0h 0m 26s
Exit:     0
========================================
[HNCV-TASK-DONE] array=16529 task=148 stage2_pipeline=en_nmc_pens repeat=49 exit=0 elapsed=26s
