========================================
Hierarchical CV - Job 267 of 400
Stage 1:  kw_rf k=5 (fixed, threshold calibrated)
Stage 2:  nmc_ensemble
Repeat:   17 / 50
Config:   /data/cbotos/TB-Project/results/2026-04-24_server_run_v2/config_snapshot_hierarchical.yaml
Run:      server_run_v2
Node:     node3
CPUs:     1
Memory:   4096MB
Work dir: /data/cbotos/TB-Project
Start:    2026-04-24 22:38:14
========================================
Running: python3 /data/cbotos/TB-Project/code/hierarchical_nested_cv_runner.py --pipeline nmc_ensemble --repeat 17 --config /data/cbotos/TB-Project/results/2026-04-24_server_run_v2/config_snapshot_hierarchical.yaml --name server_run_v2
INFO     Run: 2026-04-24_server_run_v2                                          
INFO     Config:                                                                
         /data/cbotos/TB-Project/results/2026-04-24_server_run_v2/config_snapsho
         t_hierarchical.yaml                                                    
INFO     Stage 1: kw_rf (fixed, binary HER2+ vs rest, threshold=0.5)            
INFO     Stage 2: nmc_ensemble (HR+ vs Triple Neg)                              
INFO     Repeat seed: 17                                                        
INFO     Stage 2: no GridSearchCV (ensemble pipeline)                           
INFO     Loading data...                                                        
INFO     Loaded 100 samples, 273 features.                                      
INFO     Classes: ['HER2+', 'HR+', 'Triple Neg']                                
INFO       HER2+: 32 samples                                                    
INFO       HR+: 36 samples                                                      
INFO       Triple Neg: 32 samples                                               
INFO     Mislabel indices verified: [(2, 'Array.67'), (4, 'Array.22')]          
INFO         Pipeline ensemble component 1: KW k-ensemble                       
INFO           k=15: mean_max_prob=0.7433                                       
INFO           k=20: mean_max_prob=0.7294                                       
INFO           k=30: mean_max_prob=0.7163                                       
INFO           k=50: mean_max_prob=0.6994                                       
INFO         Pipeline ensemble component 2: EN+NMC GridSearchCV                 
INFO         Ensemble mean_max_prob: kens=0.7191, en=0.6668, ratio=1.08         
INFO       Fold 1: s1=1.0000 (t=0.50)  s2=0.7738  combined=0.8492  auroc=0.9389 
         excl=0.9444 (2)  (183.3s)                                              
INFO         Pipeline ensemble component 1: KW k-ensemble                       
INFO           k=15: mean_max_prob=0.6707                                       
INFO           k=20: mean_max_prob=0.6960                                       
INFO           k=30: mean_max_prob=0.6520                                       
INFO           k=50: mean_max_prob=0.6591                                       
INFO         Pipeline ensemble component 2: EN+NMC GridSearchCV                 
INFO         Ensemble mean_max_prob: kens=0.6583, en=0.6358, ratio=1.04         
INFO       Fold 2: s1=1.0000 (t=0.50)  s2=0.7619  combined=0.8413  auroc=0.9582 
         excl=0.8413 (0)  (179.0s)                                              
INFO         Pipeline ensemble component 1: KW k-ensemble                       
INFO           k=15: mean_max_prob=0.7072                                       
INFO           k=20: mean_max_prob=0.7023                                       
INFO           k=30: mean_max_prob=0.6945                                       
INFO           k=50: mean_max_prob=0.7129                                       
INFO         Pipeline ensemble component 2: EN+NMC GridSearchCV                 
INFO         Ensemble mean_max_prob: kens=0.6994, en=0.6851, ratio=1.02         
INFO       Fold 3: s1=1.0000 (t=0.50)  s2=0.7083  combined=0.8056  auroc=0.9554 
         excl=0.8056 (0)  (178.5s)                                              
INFO         Pipeline ensemble component 1: KW k-ensemble                       
INFO           k=15: mean_max_prob=0.7069                                       
INFO           k=20: mean_max_prob=0.6752                                       
INFO           k=30: mean_max_prob=0.6986                                       
INFO           k=50: mean_max_prob=0.6980                                       
INFO         Pipeline ensemble component 2: EN+NMC GridSearchCV                 
INFO         Ensemble mean_max_prob: kens=0.6793, en=0.6157, ratio=1.10         
INFO       Fold 4: s1=1.0000 (t=0.50)  s2=0.7857  combined=0.8571  auroc=0.9744 
         excl=0.8571 (0)  (177.2s)                                              
INFO         Pipeline ensemble component 1: KW k-ensemble                       
INFO           k=15: mean_max_prob=0.6899                                       
INFO           k=20: mean_max_prob=0.7137                                       
INFO           k=30: mean_max_prob=0.7111                                       
INFO           k=50: mean_max_prob=0.6900                                       
INFO         Pipeline ensemble component 2: EN+NMC GridSearchCV                 
INFO         Ensemble mean_max_prob: kens=0.7008, en=0.6275, ratio=1.12         
INFO       Fold 5: s1=1.0000 (t=0.50)  s2=0.8571  combined=0.9048  auroc=0.9853 
         excl=0.9048 (0)  (172.2s)                                              
  v2_nmc_ensemble r17 ━━━━━━━━━━━━━━━━━━━━━━━━━━━━━━━━━━━━━━━━ 100% 0:14:50
INFO                                                                            
INFO     Summary for v2_nmc_ensemble repeat 17:                                 
INFO       Stage 1 (HER2+ vs rest):  1.0000 (+/- 0.0000)                        
INFO       Stage 2 (HR+ vs TN):      0.7774 (+/- 0.0479)                        
INFO       Combined (3-class):       0.8516 (+/- 0.0319)                        
INFO       Combined (excl mislabels): 0.8706 (+/- 0.0488)                       
INFO       Combined fold scores: [0.8492, 0.8413, 0.8056, 0.8571, 0.9048]       
INFO       Total time: 890.4s                                                   
INFO     Fold results saved to                                                  
         /data/cbotos/TB-Project/results/2026-04-24_server_run_v2/hierarchical_n
         ested_cv/data/fold_results_nmc_ensemble_r17.csv                        
INFO     Checkpoint removed (job complete).                                     
========================================
Finished: 2026-04-24 22:53:06
Elapsed:  0h 14m 52s
Exit:     0
========================================
[HNCV-TASK-DONE] array=16123 task=266 stage2_pipeline=nmc_ensemble repeat=17 exit=0 elapsed=892s
