========================================
Hierarchical CV - Job 375 of 400
Stage 1:  kw_rf k=5 (fixed, threshold calibrated)
Stage 2:  standalone_en
Repeat:   25 / 50
Config:   /data/cbotos/TB-Project/results/2026-04-24_server_run_v2/config_snapshot_hierarchical.yaml
Run:      server_run_v2
Node:     node3
CPUs:     1
Memory:   4096MB
Work dir: /data/cbotos/TB-Project
Start:    2026-04-24 22:52:56
========================================
Running: python3 /data/cbotos/TB-Project/code/hierarchical_nested_cv_runner.py --pipeline standalone_en --repeat 25 --config /data/cbotos/TB-Project/results/2026-04-24_server_run_v2/config_snapshot_hierarchical.yaml --name server_run_v2
INFO     Run: 2026-04-24_server_run_v2                                          
INFO     Config:                                                                
         /data/cbotos/TB-Project/results/2026-04-24_server_run_v2/config_snapsho
         t_hierarchical.yaml                                                    
INFO     Stage 1: kw_rf (fixed, binary HER2+ vs rest, threshold=0.5)            
INFO     Stage 2: standalone_en (HR+ vs Triple Neg)                             
INFO     Repeat seed: 25                                                        
INFO     Stage 2 grid size: 50 combinations                                     
INFO     Loading data...                                                        
INFO     Loaded 100 samples, 273 features.                                      
INFO     Classes: ['HER2+', 'HR+', 'Triple Neg']                                
INFO       HER2+: 32 samples                                                    
INFO       HR+: 36 samples                                                      
INFO       Triple Neg: 32 samples                                               
INFO     Mislabel indices verified: [(2, 'Array.67'), (4, 'Array.22')]          
INFO       Fold 1: s1=1.0000 (t=0.50)  s2=0.7619  combined=0.8413  auroc=0.9429 
         excl=0.8889 (1)  (30.8s)                                               
INFO       Fold 2: s1=1.0000 (t=0.50)  s2=0.7738  combined=0.8492  auroc=0.9393 
         excl=0.8492 (0)  (29.8s)                                               
INFO       Fold 3: s1=1.0000 (t=0.50)  s2=0.5208  combined=0.6806  auroc=0.9003 
         excl=0.7250 (1)  (29.6s)                                               
INFO       Fold 4: s1=1.0000 (t=0.50)  s2=0.7143  combined=0.8095  auroc=0.9341 
         excl=0.8095 (0)  (28.5s)                                               
INFO       Fold 5: s1=1.0000 (t=0.50)  s2=0.7143  combined=0.8095  auroc=0.9414 
         excl=0.8095 (0)  (30.4s)                                               
  v2_standalone_en r25 ━━━━━━━━━━━━━━━━━━━━━━━━━━━━━━━━━━━━━━━━ 100% 0:02:29
INFO                                                                            
INFO     Summary for v2_standalone_en repeat 25:                                
INFO       Stage 1 (HER2+ vs rest):  1.0000 (+/- 0.0000)                        
INFO       Stage 2 (HR+ vs TN):      0.6970 (+/- 0.0914)                        
INFO       Combined (3-class):       0.7980 (+/- 0.0609)                        
INFO       Combined (excl mislabels): 0.8164 (+/- 0.0544)                       
INFO       Combined fold scores: [0.8413, 0.8492, 0.6806, 0.8095, 0.8095]       
INFO       Total time: 149.2s                                                   
INFO     Fold results saved to                                                  
         /data/cbotos/TB-Project/results/2026-04-24_server_run_v2/hierarchical_n
         ested_cv/data/fold_results_standalone_en_r25.csv                       
INFO     Checkpoint removed (job complete).                                     
========================================
Finished: 2026-04-24 22:55:27
Elapsed:  0h 2m 31s
Exit:     0
========================================
[HNCV-TASK-DONE] array=16123 task=374 stage2_pipeline=standalone_en repeat=25 exit=0 elapsed=151s
