========================================
Hierarchical CV - Job 53 of 400
Stage 1:  kw_rf k=5 (fixed, threshold calibrated)
Stage 2:  en_nmc
Repeat:   3 / 50
Config:   /data/cbotos/TB-Project/results/2026-04-24_server_run_v2/config_snapshot_hierarchical.yaml
Run:      server_run_v2
Node:     node3
CPUs:     1
Memory:   4096MB
Work dir: /data/cbotos/TB-Project
Start:    2026-04-24 18:22:37
========================================
Running: python3 /data/cbotos/TB-Project/code/hierarchical_nested_cv_runner.py --pipeline en_nmc --repeat 3 --config /data/cbotos/TB-Project/results/2026-04-24_server_run_v2/config_snapshot_hierarchical.yaml --name server_run_v2
INFO     Run: 2026-04-24_server_run_v2                                          
INFO     Config:                                                                
         /data/cbotos/TB-Project/results/2026-04-24_server_run_v2/config_snapsho
         t_hierarchical.yaml                                                    
INFO     Stage 1: kw_rf (fixed, binary HER2+ vs rest, threshold=0.5)            
INFO     Stage 2: en_nmc (HR+ vs Triple Neg)                                    
INFO     Repeat seed: 3                                                         
INFO     Stage 2 grid size: 200 combinations                                    
INFO     Loading data...                                                        
INFO     Loaded 100 samples, 273 features.                                      
INFO     Classes: ['HER2+', 'HR+', 'Triple Neg']                                
INFO       HER2+: 32 samples                                                    
INFO       HR+: 36 samples                                                      
INFO       Triple Neg: 32 samples                                               
INFO     Mislabel indices verified: [(2, 'Array.67'), (4, 'Array.22')]          
INFO       Fold 1: s1=1.0000 (t=0.50)  s2=0.9286  combined=0.9524  auroc=0.9808 
         excl=0.9524 (0)  (213.5s)                                              
INFO       Fold 2: s1=1.0000 (t=0.50)  s2=0.5952  combined=0.7302  auroc=0.9579 
         excl=0.7524 (1)  (211.1s)                                              
INFO       Fold 3: s1=1.0000 (t=0.50)  s2=0.6875  combined=0.7917  auroc=0.9777 
         excl=0.7917 (0)  (202.8s)                                              
INFO       Fold 4: s1=1.0000 (t=0.50)  s2=0.6429  combined=0.7619  auroc=0.9341 
         excl=0.7937 (1)  (206.5s)                                              
INFO       Fold 5: s1=1.0000 (t=0.50)  s2=0.5000  combined=0.6667  auroc=0.8718 
         excl=0.6667 (0)  (214.6s)                                              
  v2_en_nmc r3 ━━━━━━━━━━━━━━━━━━━━━━━━━━━━━━━━━━━━━━━━ 100% 0:17:28
INFO                                                                            
INFO     Summary for v2_en_nmc repeat 3:                                        
INFO       Stage 1 (HER2+ vs rest):  1.0000 (+/- 0.0000)                        
INFO       Stage 2 (HR+ vs TN):      0.6708 (+/- 0.1431)                        
INFO       Combined (3-class):       0.7806 (+/- 0.0954)                        
INFO       Combined (excl mislabels): 0.7913 (+/- 0.0927)                       
INFO       Combined fold scores: [0.9524, 0.7302, 0.7917, 0.7619, 0.6667]       
INFO       Total time: 1048.6s                                                  
INFO     Fold results saved to                                                  
         /data/cbotos/TB-Project/results/2026-04-24_server_run_v2/hierarchical_n
         ested_cv/data/fold_results_en_nmc_r3.csv                               
INFO     Checkpoint removed (job complete).                                     
========================================
Finished: 2026-04-24 18:40:08
Elapsed:  0h 17m 31s
Exit:     0
========================================
[HNCV-TASK-DONE] array=16123 task=52 stage2_pipeline=en_nmc repeat=3 exit=0 elapsed=1051s
