========================================
Hierarchical CV - Job 31 of 400
Stage 1:  kw_rf k=5 (fixed, threshold calibrated)
Stage 2:  kw_nmc
Repeat:   31 / 50
Config:   /data/cbotos/TB-Project/results/2026-04-24_server_run_v2/config_snapshot_hierarchical.yaml
Run:      server_run_v2
Node:     node2
CPUs:     1
Memory:   4096MB
Work dir: /data/cbotos/TB-Project
Start:    2026-04-24 18:21:50
========================================
Running: python3 /data/cbotos/TB-Project/code/hierarchical_nested_cv_runner.py --pipeline kw_nmc --repeat 31 --config /data/cbotos/TB-Project/results/2026-04-24_server_run_v2/config_snapshot_hierarchical.yaml --name server_run_v2
INFO     Run: 2026-04-24_server_run_v2                                          
INFO     Config:                                                                
         /data/cbotos/TB-Project/results/2026-04-24_server_run_v2/config_snapsho
         t_hierarchical.yaml                                                    
INFO     Stage 1: kw_rf (fixed, binary HER2+ vs rest, threshold=0.5)            
INFO     Stage 2: kw_nmc (HR+ vs Triple Neg)                                    
INFO     Repeat seed: 31                                                        
INFO     Stage 2 grid size: 8 combinations                                      
INFO     Loading data...                                                        
INFO     Loaded 100 samples, 273 features.                                      
INFO     Classes: ['HER2+', 'HR+', 'Triple Neg']                                
INFO       HER2+: 32 samples                                                    
INFO       HR+: 36 samples                                                      
INFO       Triple Neg: 32 samples                                               
INFO     Mislabel indices verified: [(2, 'Array.67'), (4, 'Array.22')]          
INFO       Fold 1: s1=1.0000 (t=0.50)  s2=0.6905  combined=0.7937  auroc=0.9045 
         excl=0.8381 (1)  (7.0s)                                                
INFO       Fold 2: s1=1.0000 (t=0.50)  s2=0.7619  combined=0.8413  auroc=0.9502 
         excl=0.8889 (1)  (5.9s)                                                
INFO       Fold 3: s1=1.0000 (t=0.50)  s2=0.5625  combined=0.7083  auroc=0.8810 
         excl=0.7083 (0)  (5.9s)                                                
INFO       Fold 4: s1=1.0000 (t=0.50)  s2=0.5714  combined=0.7143  auroc=0.9194 
         excl=0.7143 (0)  (5.9s)                                                
INFO       Fold 5: s1=1.0000 (t=0.50)  s2=0.7143  combined=0.8095  auroc=0.8828 
         excl=0.8095 (0)  (5.9s)                                                
  v2_kw_nmc r31 ━━━━━━━━━━━━━━━━━━━━━━━━━━━━━━━━━━━━━━━━ 100% 0:00:30
INFO                                                                            
INFO     Summary for v2_kw_nmc repeat 31:                                       
INFO       Stage 1 (HER2+ vs rest):  1.0000 (+/- 0.0000)                        
INFO       Stage 2 (HR+ vs TN):      0.6601 (+/- 0.0795)                        
INFO       Combined (3-class):       0.7734 (+/- 0.0530)                        
INFO       Combined (excl mislabels): 0.7918 (+/- 0.0705)                       
INFO       Combined fold scores: [0.7937, 0.8413, 0.7083, 0.7143, 0.8095]       
INFO       Total time: 30.7s                                                    
INFO     Fold results saved to                                                  
         /data/cbotos/TB-Project/results/2026-04-24_server_run_v2/hierarchical_n
         ested_cv/data/fold_results_kw_nmc_r31.csv                              
INFO     Checkpoint removed (job complete).                                     
========================================
Finished: 2026-04-24 18:22:39
Elapsed:  0h 0m 49s
Exit:     0
========================================
[HNCV-TASK-DONE] array=16123 task=30 stage2_pipeline=kw_nmc repeat=31 exit=0 elapsed=49s
