========================================
Hierarchical CV - Job 295 of 400
Stage 1:  kw_rf k=5 (fixed, threshold calibrated)
Stage 2:  nmc_ensemble
Repeat:   45 / 50
Config:   /data/cbotos/TB-Project/results/2026-04-24_server_run_v2/config_snapshot_hierarchical.yaml
Run:      server_run_v2
Node:     node2
CPUs:     1
Memory:   4096MB
Work dir: /data/cbotos/TB-Project
Start:    2026-04-24 22:46:57
========================================
Running: python3 /data/cbotos/TB-Project/code/hierarchical_nested_cv_runner.py --pipeline nmc_ensemble --repeat 45 --config /data/cbotos/TB-Project/results/2026-04-24_server_run_v2/config_snapshot_hierarchical.yaml --name server_run_v2
INFO     Run: 2026-04-24_server_run_v2                                          
INFO     Config:                                                                
         /data/cbotos/TB-Project/results/2026-04-24_server_run_v2/config_snapsho
         t_hierarchical.yaml                                                    
INFO     Stage 1: kw_rf (fixed, binary HER2+ vs rest, threshold=0.5)            
INFO     Stage 2: nmc_ensemble (HR+ vs Triple Neg)                              
INFO     Repeat seed: 45                                                        
INFO     Stage 2: no GridSearchCV (ensemble pipeline)                           
INFO     Loading data...                                                        
INFO     Loaded 100 samples, 273 features.                                      
INFO     Classes: ['HER2+', 'HR+', 'Triple Neg']                                
INFO       HER2+: 32 samples                                                    
INFO       HR+: 36 samples                                                      
INFO       Triple Neg: 32 samples                                               
INFO     Mislabel indices verified: [(2, 'Array.67'), (4, 'Array.22')]          
INFO         Pipeline ensemble component 1: KW k-ensemble                       
INFO           k=15: mean_max_prob=0.7124                                       
INFO           k=20: mean_max_prob=0.7207                                       
INFO           k=30: mean_max_prob=0.6984                                       
INFO           k=50: mean_max_prob=0.6939                                       
INFO         Pipeline ensemble component 2: EN+NMC GridSearchCV                 
INFO         Ensemble mean_max_prob: kens=0.6953, en=0.6580, ratio=1.06         
INFO       Fold 1: s1=1.0000 (t=0.50)  s2=0.7738  combined=0.8492  auroc=0.9695 
         excl=0.9048 (1)  (216.5s)                                              
INFO         Pipeline ensemble component 1: KW k-ensemble                       
INFO           k=15: mean_max_prob=0.6807                                       
INFO           k=20: mean_max_prob=0.6916                                       
INFO           k=30: mean_max_prob=0.7017                                       
INFO           k=50: mean_max_prob=0.6993                                       
INFO         Pipeline ensemble component 2: EN+NMC GridSearchCV                 
INFO         Ensemble mean_max_prob: kens=0.6883, en=0.6349, ratio=1.08         
INFO       Fold 2: s1=1.0000 (t=0.50)  s2=0.6071  combined=0.7381  auroc=0.8779 
         excl=0.7381 (0)  (218.3s)                                              
INFO         Pipeline ensemble component 1: KW k-ensemble                       
INFO           k=15: mean_max_prob=0.6839                                       
INFO           k=20: mean_max_prob=0.6813                                       
INFO           k=30: mean_max_prob=0.6831                                       
INFO           k=50: mean_max_prob=0.6988                                       
INFO         Pipeline ensemble component 2: EN+NMC GridSearchCV                 
INFO         Ensemble mean_max_prob: kens=0.6830, en=0.6321, ratio=1.08         
INFO       Fold 3: s1=1.0000 (t=0.50)  s2=0.9167  combined=0.9444  auroc=0.9742 
         excl=0.9444 (0)  (216.5s)                                              
INFO         Pipeline ensemble component 1: KW k-ensemble                       
INFO           k=15: mean_max_prob=0.7025                                       
INFO           k=20: mean_max_prob=0.6952                                       
INFO           k=30: mean_max_prob=0.7037                                       
INFO           k=50: mean_max_prob=0.7002                                       
INFO         Pipeline ensemble component 2: EN+NMC GridSearchCV                 
INFO         Ensemble mean_max_prob: kens=0.6903, en=0.6581, ratio=1.05         
INFO       Fold 4: s1=1.0000 (t=0.50)  s2=0.7857  combined=0.8571  auroc=0.9634 
         excl=0.8889 (1)  (198.4s)                                              
INFO         Pipeline ensemble component 1: KW k-ensemble                       
INFO           k=15: mean_max_prob=0.7267                                       
INFO           k=20: mean_max_prob=0.7126                                       
INFO           k=30: mean_max_prob=0.7159                                       
INFO           k=50: mean_max_prob=0.7257                                       
INFO         Pipeline ensemble component 2: EN+NMC GridSearchCV                 
INFO         Ensemble mean_max_prob: kens=0.7165, en=0.7065, ratio=1.01         
INFO       Fold 5: s1=1.0000 (t=0.50)  s2=0.6429  combined=0.7619  auroc=0.8938 
         excl=0.7619 (0)  (186.6s)                                              
  v2_nmc_ensemble r45 ━━━━━━━━━━━━━━━━━━━━━━━━━━━━━━━━━━━━━━━━ 100% 0:17:16
INFO                                                                            
INFO     Summary for v2_nmc_ensemble repeat 45:                                 
INFO       Stage 1 (HER2+ vs rest):  1.0000 (+/- 0.0000)                        
INFO       Stage 2 (HR+ vs TN):      0.7452 (+/- 0.1108)                        
INFO       Combined (3-class):       0.8302 (+/- 0.0739)                        
INFO       Combined (excl mislabels): 0.8476 (+/- 0.0821)                       
INFO       Combined fold scores: [0.8492, 0.7381, 0.9444, 0.8571, 0.7619]       
INFO       Total time: 1036.3s                                                  
INFO     Fold results saved to                                                  
         /data/cbotos/TB-Project/results/2026-04-24_server_run_v2/hierarchical_n
         ested_cv/data/fold_results_nmc_ensemble_r45.csv                        
INFO     Checkpoint removed (job complete).                                     
========================================
Finished: 2026-04-24 23:04:14
Elapsed:  0h 17m 17s
Exit:     0
========================================
[HNCV-TASK-DONE] array=16123 task=294 stage2_pipeline=nmc_ensemble repeat=45 exit=0 elapsed=1037s
