========================================
Hierarchical CV - Job 300 of 400
Stage 1:  kw_rf k=5 (fixed, threshold calibrated)
Stage 2:  nmc_ensemble
Repeat:   50 / 50
Config:   /data/cbotos/TB-Project/results/2026-04-24_server_run_v2/config_snapshot_hierarchical.yaml
Run:      server_run_v2
Node:     node2
CPUs:     1
Memory:   4096MB
Work dir: /data/cbotos/TB-Project
Start:    2026-04-24 22:47:26
========================================
Running: python3 /data/cbotos/TB-Project/code/hierarchical_nested_cv_runner.py --pipeline nmc_ensemble --repeat 50 --config /data/cbotos/TB-Project/results/2026-04-24_server_run_v2/config_snapshot_hierarchical.yaml --name server_run_v2
INFO     Run: 2026-04-24_server_run_v2                                          
INFO     Config:                                                                
         /data/cbotos/TB-Project/results/2026-04-24_server_run_v2/config_snapsho
         t_hierarchical.yaml                                                    
INFO     Stage 1: kw_rf (fixed, binary HER2+ vs rest, threshold=0.5)            
INFO     Stage 2: nmc_ensemble (HR+ vs Triple Neg)                              
INFO     Repeat seed: 50                                                        
INFO     Stage 2: no GridSearchCV (ensemble pipeline)                           
INFO     Loading data...                                                        
INFO     Loaded 100 samples, 273 features.                                      
INFO     Classes: ['HER2+', 'HR+', 'Triple Neg']                                
INFO       HER2+: 32 samples                                                    
INFO       HR+: 36 samples                                                      
INFO       Triple Neg: 32 samples                                               
INFO     Mislabel indices verified: [(2, 'Array.67'), (4, 'Array.22')]          
INFO         Pipeline ensemble component 1: KW k-ensemble                       
INFO           k=15: mean_max_prob=0.6586                                       
INFO           k=20: mean_max_prob=0.7028                                       
INFO           k=30: mean_max_prob=0.6988                                       
INFO           k=50: mean_max_prob=0.6744                                       
INFO         Pipeline ensemble component 2: EN+NMC GridSearchCV                 
INFO         Ensemble mean_max_prob: kens=0.6720, en=0.6519, ratio=1.03         
INFO       Fold 1: s1=1.0000 (t=0.50)  s2=0.6786  combined=0.7857  auroc=0.9353 
         excl=0.8333 (1)  (217.2s)                                              
INFO         Pipeline ensemble component 1: KW k-ensemble                       
INFO           k=15: mean_max_prob=0.7185                                       
INFO           k=20: mean_max_prob=0.6700                                       
INFO           k=30: mean_max_prob=0.6573                                       
INFO           k=50: mean_max_prob=0.6512                                       
INFO         Pipeline ensemble component 2: EN+NMC GridSearchCV                 
INFO         Ensemble mean_max_prob: kens=0.6582, en=0.6126, ratio=1.07         
INFO       Fold 2: s1=1.0000 (t=0.50)  s2=0.7857  combined=0.8571  auroc=0.9542 
         excl=0.8571 (0)  (220.7s)                                              
INFO         Pipeline ensemble component 1: KW k-ensemble                       
INFO           k=15: mean_max_prob=0.7058                                       
INFO           k=20: mean_max_prob=0.7218                                       
INFO           k=30: mean_max_prob=0.7565                                       
INFO           k=50: mean_max_prob=0.7472                                       
INFO         Pipeline ensemble component 2: EN+NMC GridSearchCV                 
INFO         Ensemble mean_max_prob: kens=0.7240, en=0.6770, ratio=1.07         
INFO       Fold 3: s1=1.0000 (t=0.50)  s2=0.5417  combined=0.6944  auroc=0.8700 
         excl=0.7167 (1)  (215.3s)                                              
INFO         Pipeline ensemble component 1: KW k-ensemble                       
INFO           k=15: mean_max_prob=0.6816                                       
INFO           k=20: mean_max_prob=0.6882                                       
INFO           k=30: mean_max_prob=0.6970                                       
INFO           k=50: mean_max_prob=0.6962                                       
INFO         Pipeline ensemble component 2: EN+NMC GridSearchCV                 
INFO         Ensemble mean_max_prob: kens=0.6815, en=0.6480, ratio=1.05         
INFO       Fold 4: s1=1.0000 (t=0.50)  s2=1.0000  combined=1.0000  auroc=1.0000 
         excl=1.0000 (0)  (203.3s)                                              
INFO         Pipeline ensemble component 1: KW k-ensemble                       
INFO           k=15: mean_max_prob=0.6742                                       
INFO           k=20: mean_max_prob=0.6724                                       
INFO           k=30: mean_max_prob=0.6783                                       
INFO           k=50: mean_max_prob=0.6701                                       
INFO         Pipeline ensemble component 2: EN+NMC GridSearchCV                 
INFO         Ensemble mean_max_prob: kens=0.6668, en=0.6332, ratio=1.05         
INFO       Fold 5: s1=1.0000 (t=0.50)  s2=0.7143  combined=0.8095  auroc=0.9597 
         excl=0.8095 (0)  (192.2s)                                              
  v2_nmc_ensemble r50 ━━━━━━━━━━━━━━━━━━━━━━━━━━━━━━━━━━━━━━━━ 100% 0:17:28
INFO                                                                            
INFO     Summary for v2_nmc_ensemble repeat 50:                                 
INFO       Stage 1 (HER2+ vs rest):  1.0000 (+/- 0.0000)                        
INFO       Stage 2 (HR+ vs TN):      0.7440 (+/- 0.1506)                        
INFO       Combined (3-class):       0.8294 (+/- 0.1004)                        
INFO       Combined (excl mislabels): 0.8433 (+/- 0.0917)                       
INFO       Combined fold scores: [0.7857, 0.8571, 0.6944, 1.0, 0.8095]          
INFO       Total time: 1048.6s                                                  
INFO     Fold results saved to                                                  
         /data/cbotos/TB-Project/results/2026-04-24_server_run_v2/hierarchical_n
         ested_cv/data/fold_results_nmc_ensemble_r50.csv                        
INFO     Checkpoint removed (job complete).                                     
========================================
Finished: 2026-04-24 23:04:56
Elapsed:  0h 17m 30s
Exit:     0
========================================
[HNCV-TASK-DONE] array=16123 task=299 stage2_pipeline=nmc_ensemble repeat=50 exit=0 elapsed=1050s
