========================================
Hierarchical CV - Job 133 of 400
Stage 1:  kw_rf k=5 (fixed, threshold calibrated)
Stage 2:  kw_rf
Repeat:   33 / 50
Config:   /data/cbotos/TB-Project/results/2026-04-24_server_run_v2/config_snapshot_hierarchical.yaml
Run:      server_run_v2
Node:     node3
CPUs:     1
Memory:   4096MB
Work dir: /data/cbotos/TB-Project
Start:    2026-04-24 18:40:39
========================================
Running: python3 /data/cbotos/TB-Project/code/hierarchical_nested_cv_runner.py --pipeline kw_rf --repeat 33 --config /data/cbotos/TB-Project/results/2026-04-24_server_run_v2/config_snapshot_hierarchical.yaml --name server_run_v2
INFO     Run: 2026-04-24_server_run_v2                                          
INFO     Config:                                                                
         /data/cbotos/TB-Project/results/2026-04-24_server_run_v2/config_snapsho
         t_hierarchical.yaml                                                    
INFO     Stage 1: kw_rf (fixed, binary HER2+ vs rest, threshold=0.5)            
INFO     Stage 2: kw_rf (HR+ vs Triple Neg)                                     
INFO     Repeat seed: 33                                                        
INFO     Stage 2 grid size: 32 combinations                                     
INFO     Loading data...                                                        
INFO     Loaded 100 samples, 273 features.                                      
INFO     Classes: ['HER2+', 'HR+', 'Triple Neg']                                
INFO       HER2+: 32 samples                                                    
INFO       HR+: 36 samples                                                      
INFO       Triple Neg: 32 samples                                               
INFO     Mislabel indices verified: [(2, 'Array.67'), (4, 'Array.22')]          
INFO       Fold 1: s1=1.0000 (t=0.50)  s2=0.5357  combined=0.6905  auroc=0.8892 
         excl=0.7238 (1)  (86.4s)                                               
INFO       Fold 2: s1=1.0000 (t=0.50)  s2=0.7738  combined=0.8492  auroc=0.9770 
         excl=0.8492 (0)  (86.1s)                                               
INFO       Fold 3: s1=1.0000 (t=0.50)  s2=0.6458  combined=0.7639  auroc=0.9479 
         excl=0.7639 (0)  (86.0s)                                               
INFO       Fold 4: s1=1.0000 (t=0.50)  s2=0.7857  combined=0.8571  auroc=0.9744 
         excl=0.8571 (0)  (85.8s)                                               
INFO       Fold 5: s1=1.0000 (t=0.50)  s2=0.7143  combined=0.8095  auroc=0.9377 
         excl=0.8413 (1)  (86.5s)                                               
  v2_kw_rf r33 ━━━━━━━━━━━━━━━━━━━━━━━━━━━━━━━━━━━━━━━━ 100% 0:07:10
INFO                                                                            
INFO     Summary for v2_kw_rf repeat 33:                                        
INFO       Stage 1 (HER2+ vs rest):  1.0000 (+/- 0.0000)                        
INFO       Stage 2 (HR+ vs TN):      0.6911 (+/- 0.0922)                        
INFO       Combined (3-class):       0.7940 (+/- 0.0615)                        
INFO       Combined (excl mislabels): 0.8071 (+/- 0.0534)                       
INFO       Combined fold scores: [0.6905, 0.8492, 0.7639, 0.8571, 0.8095]       
INFO       Total time: 430.9s                                                   
INFO     Fold results saved to                                                  
         /data/cbotos/TB-Project/results/2026-04-24_server_run_v2/hierarchical_n
         ested_cv/data/fold_results_kw_rf_r33.csv                               
INFO     Checkpoint removed (job complete).                                     
========================================
Finished: 2026-04-24 18:47:51
Elapsed:  0h 7m 12s
Exit:     0
========================================
[HNCV-TASK-DONE] array=16123 task=132 stage2_pipeline=kw_rf repeat=33 exit=0 elapsed=432s
