========================================
Hierarchical CV - Job 277 of 400
Stage 1:  kw_rf k=5 (fixed, threshold calibrated)
Stage 2:  nmc_ensemble
Repeat:   27 / 50
Config:   /data/cbotos/TB-Project/results/2026-04-24_server_run_v2/config_snapshot_hierarchical.yaml
Run:      server_run_v2
Node:     node1
CPUs:     1
Memory:   4096MB
Work dir: /data/cbotos/TB-Project
Start:    2026-04-24 22:45:11
========================================
Running: python3 /data/cbotos/TB-Project/code/hierarchical_nested_cv_runner.py --pipeline nmc_ensemble --repeat 27 --config /data/cbotos/TB-Project/results/2026-04-24_server_run_v2/config_snapshot_hierarchical.yaml --name server_run_v2
INFO     Run: 2026-04-24_server_run_v2                                          
INFO     Config:                                                                
         /data/cbotos/TB-Project/results/2026-04-24_server_run_v2/config_snapsho
         t_hierarchical.yaml                                                    
INFO     Stage 1: kw_rf (fixed, binary HER2+ vs rest, threshold=0.5)            
INFO     Stage 2: nmc_ensemble (HR+ vs Triple Neg)                              
INFO     Repeat seed: 27                                                        
INFO     Stage 2: no GridSearchCV (ensemble pipeline)                           
INFO     Loading data...                                                        
INFO     Loaded 100 samples, 273 features.                                      
INFO     Classes: ['HER2+', 'HR+', 'Triple Neg']                                
INFO       HER2+: 32 samples                                                    
INFO       HR+: 36 samples                                                      
INFO       Triple Neg: 32 samples                                               
INFO     Mislabel indices verified: [(2, 'Array.67'), (4, 'Array.22')]          
INFO         Pipeline ensemble component 1: KW k-ensemble                       
INFO           k=15: mean_max_prob=0.6911                                       
INFO           k=20: mean_max_prob=0.6881                                       
INFO           k=30: mean_max_prob=0.6951                                       
INFO           k=50: mean_max_prob=0.6975                                       
INFO         Pipeline ensemble component 2: EN+NMC GridSearchCV                 
INFO         Ensemble mean_max_prob: kens=0.6896, en=0.6929, ratio=1.00         
INFO       Fold 1: s1=1.0000 (t=0.50)  s2=0.7619  combined=0.8413  auroc=0.9582 
         excl=0.8413 (0)  (225.4s)                                              
INFO         Pipeline ensemble component 1: KW k-ensemble                       
INFO           k=15: mean_max_prob=0.7368                                       
INFO           k=20: mean_max_prob=0.7137                                       
INFO           k=30: mean_max_prob=0.7005                                       
INFO           k=50: mean_max_prob=0.6778                                       
INFO         Pipeline ensemble component 2: EN+NMC GridSearchCV                 
INFO         Ensemble mean_max_prob: kens=0.7035, en=0.6269, ratio=1.12         
INFO       Fold 2: s1=1.0000 (t=0.50)  s2=0.6905  combined=0.7937  auroc=0.9429 
         excl=0.7937 (0)  (213.9s)                                              
INFO         Pipeline ensemble component 1: KW k-ensemble                       
INFO           k=15: mean_max_prob=0.6731                                       
INFO           k=20: mean_max_prob=0.6672                                       
INFO           k=30: mean_max_prob=0.6870                                       
INFO           k=50: mean_max_prob=0.6885                                       
INFO         Pipeline ensemble component 2: EN+NMC GridSearchCV                 
INFO         Ensemble mean_max_prob: kens=0.6691, en=0.6210, ratio=1.08         
INFO       Fold 3: s1=1.0000 (t=0.50)  s2=0.7083  combined=0.8056  auroc=0.9405 
         excl=0.8056 (0)  (214.7s)                                              
INFO         Pipeline ensemble component 1: KW k-ensemble                       
INFO           k=15: mean_max_prob=0.7206                                       
INFO           k=20: mean_max_prob=0.6841                                       
INFO           k=30: mean_max_prob=0.6769                                       
INFO           k=50: mean_max_prob=0.7063                                       
INFO         Pipeline ensemble component 2: EN+NMC GridSearchCV                 
INFO         Ensemble mean_max_prob: kens=0.6719, en=0.6723, ratio=1.00         
INFO       Fold 4: s1=1.0000 (t=0.50)  s2=0.5714  combined=0.7143  auroc=0.8938 
         excl=0.7460 (1)  (213.4s)                                              
INFO         Pipeline ensemble component 1: KW k-ensemble                       
INFO           k=15: mean_max_prob=0.7171                                       
INFO           k=20: mean_max_prob=0.7369                                       
INFO           k=30: mean_max_prob=0.7310                                       
INFO           k=50: mean_max_prob=0.7145                                       
INFO         Pipeline ensemble component 2: EN+NMC GridSearchCV                 
INFO         Ensemble mean_max_prob: kens=0.7196, en=0.6825, ratio=1.05         
INFO       Fold 5: s1=1.0000 (t=0.50)  s2=0.7857  combined=0.8571  auroc=0.9707 
         excl=0.8968 (1)  (202.6s)                                              
  v2_nmc_ensemble r27 ━━━━━━━━━━━━━━━━━━━━━━━━━━━━━━━━━━━━━━━━ 100% 0:17:50
INFO                                                                            
INFO     Summary for v2_nmc_ensemble repeat 27:                                 
INFO       Stage 1 (HER2+ vs rest):  1.0000 (+/- 0.0000)                        
INFO       Stage 2 (HR+ vs TN):      0.7036 (+/- 0.0746)                        
INFO       Combined (3-class):       0.8024 (+/- 0.0497)                        
INFO       Combined (excl mislabels): 0.8167 (+/- 0.0503)                       
INFO       Combined fold scores: [0.8413, 0.7937, 0.8056, 0.7143, 0.8571]       
INFO       Total time: 1070.0s                                                  
INFO     Fold results saved to                                                  
         /data/cbotos/TB-Project/results/2026-04-24_server_run_v2/hierarchical_n
         ested_cv/data/fold_results_nmc_ensemble_r27.csv                        
INFO     Checkpoint removed (job complete).                                     
========================================
Finished: 2026-04-24 23:03:02
Elapsed:  0h 17m 51s
Exit:     0
========================================
[HNCV-TASK-DONE] array=16123 task=276 stage2_pipeline=nmc_ensemble repeat=27 exit=0 elapsed=1071s
