========================================
Hierarchical CV - Job 63 of 400
Stage 1:  kw_rf k=5 (fixed, threshold calibrated)
Stage 2:  en_nmc
Repeat:   13 / 50
Config:   /data/cbotos/TB-Project/results/2026-04-24_server_run_v2/config_snapshot_hierarchical.yaml
Run:      server_run_v2
Node:     node3
CPUs:     1
Memory:   4096MB
Work dir: /data/cbotos/TB-Project
Start:    2026-04-24 18:22:40
========================================
Running: python3 /data/cbotos/TB-Project/code/hierarchical_nested_cv_runner.py --pipeline en_nmc --repeat 13 --config /data/cbotos/TB-Project/results/2026-04-24_server_run_v2/config_snapshot_hierarchical.yaml --name server_run_v2
INFO     Run: 2026-04-24_server_run_v2                                          
INFO     Config:                                                                
         /data/cbotos/TB-Project/results/2026-04-24_server_run_v2/config_snapsho
         t_hierarchical.yaml                                                    
INFO     Stage 1: kw_rf (fixed, binary HER2+ vs rest, threshold=0.5)            
INFO     Stage 2: en_nmc (HR+ vs Triple Neg)                                    
INFO     Repeat seed: 13                                                        
INFO     Stage 2 grid size: 200 combinations                                    
INFO     Loading data...                                                        
INFO     Loaded 100 samples, 273 features.                                      
INFO     Classes: ['HER2+', 'HR+', 'Triple Neg']                                
INFO       HER2+: 32 samples                                                    
INFO       HR+: 36 samples                                                      
INFO       Triple Neg: 32 samples                                               
INFO     Mislabel indices verified: [(2, 'Array.67'), (4, 'Array.22')]          
INFO       Fold 1: s1=1.0000 (t=0.50)  s2=0.8452  combined=0.8968  auroc=0.9924 
         excl=0.8968 (0)  (235.7s)                                              
INFO       Fold 2: s1=1.0000 (t=0.50)  s2=0.6786  combined=0.7857  auroc=0.9426 
         excl=0.8333 (1)  (208.6s)                                              
INFO       Fold 3: s1=1.0000 (t=0.50)  s2=0.6667  combined=0.7778  auroc=0.9107 
         excl=0.7778 (0)  (215.6s)                                              
INFO       Fold 4: s1=1.0000 (t=0.50)  s2=0.7857  combined=0.8571  auroc=0.9597 
         excl=0.8571 (0)  (211.4s)                                              
INFO       Fold 5: s1=1.0000 (t=0.50)  s2=0.4286  combined=0.6190  auroc=0.8498 
         excl=0.6270 (1)  (211.1s)                                              
  v2_en_nmc r13 ━━━━━━━━━━━━━━━━━━━━━━━━━━━━━━━━━━━━━━━━ 100% 0:18:02
INFO                                                                            
INFO     Summary for v2_en_nmc repeat 13:                                       
INFO       Stage 1 (HER2+ vs rest):  1.0000 (+/- 0.0000)                        
INFO       Stage 2 (HR+ vs TN):      0.6810 (+/- 0.1427)                        
INFO       Combined (3-class):       0.7873 (+/- 0.0952)                        
INFO       Combined (excl mislabels): 0.7984 (+/- 0.0940)                       
INFO       Combined fold scores: [0.8968, 0.7857, 0.7778, 0.8571, 0.619]        
INFO       Total time: 1082.4s                                                  
INFO     Fold results saved to                                                  
         /data/cbotos/TB-Project/results/2026-04-24_server_run_v2/hierarchical_n
         ested_cv/data/fold_results_en_nmc_r13.csv                              
INFO     Checkpoint removed (job complete).                                     
========================================
Finished: 2026-04-24 18:40:45
Elapsed:  0h 18m 5s
Exit:     0
========================================
[HNCV-TASK-DONE] array=16123 task=62 stage2_pipeline=en_nmc repeat=13 exit=0 elapsed=1085s
