========================================
Hierarchical CV - Job 262 of 400
Stage 1:  kw_rf k=5 (fixed, threshold calibrated)
Stage 2:  nmc_ensemble
Repeat:   12 / 50
Config:   /data/cbotos/TB-Project/results/2026-04-24_server_run_v2/config_snapshot_hierarchical.yaml
Run:      server_run_v2
Node:     node3
CPUs:     1
Memory:   4096MB
Work dir: /data/cbotos/TB-Project
Start:    2026-04-24 22:23:16
========================================
Running: python3 /data/cbotos/TB-Project/code/hierarchical_nested_cv_runner.py --pipeline nmc_ensemble --repeat 12 --config /data/cbotos/TB-Project/results/2026-04-24_server_run_v2/config_snapshot_hierarchical.yaml --name server_run_v2
INFO     Run: 2026-04-24_server_run_v2                                          
INFO     Config:                                                                
         /data/cbotos/TB-Project/results/2026-04-24_server_run_v2/config_snapsho
         t_hierarchical.yaml                                                    
INFO     Stage 1: kw_rf (fixed, binary HER2+ vs rest, threshold=0.5)            
INFO     Stage 2: nmc_ensemble (HR+ vs Triple Neg)                              
INFO     Repeat seed: 12                                                        
INFO     Stage 2: no GridSearchCV (ensemble pipeline)                           
INFO     Loading data...                                                        
INFO     Loaded 100 samples, 273 features.                                      
INFO     Classes: ['HER2+', 'HR+', 'Triple Neg']                                
INFO       HER2+: 32 samples                                                    
INFO       HR+: 36 samples                                                      
INFO       Triple Neg: 32 samples                                               
INFO     Mislabel indices verified: [(2, 'Array.67'), (4, 'Array.22')]          
INFO         Pipeline ensemble component 1: KW k-ensemble                       
INFO           k=15: mean_max_prob=0.6987                                       
INFO           k=20: mean_max_prob=0.6694                                       
INFO           k=30: mean_max_prob=0.6833                                       
INFO           k=50: mean_max_prob=0.6755                                       
INFO         Pipeline ensemble component 2: EN+NMC GridSearchCV                 
INFO         Ensemble mean_max_prob: kens=0.6798, en=0.6539, ratio=1.04         
INFO       Fold 1: s1=1.0000 (t=0.50)  s2=0.6905  combined=0.7937  auroc=0.9542 
         excl=0.7937 (0)  (179.7s)                                              
INFO         Pipeline ensemble component 1: KW k-ensemble                       
INFO           k=15: mean_max_prob=0.6496                                       
INFO           k=20: mean_max_prob=0.6507                                       
INFO           k=30: mean_max_prob=0.6748                                       
INFO           k=50: mean_max_prob=0.6451                                       
INFO         Pipeline ensemble component 2: EN+NMC GridSearchCV                 
INFO         Ensemble mean_max_prob: kens=0.6480, en=0.6363, ratio=1.02         
INFO       Fold 2: s1=1.0000 (t=0.50)  s2=0.6905  combined=0.7937  auroc=0.9084 
         excl=0.7937 (0)  (185.0s)                                              
INFO         Pipeline ensemble component 1: KW k-ensemble                       
INFO           k=15: mean_max_prob=0.6730                                       
INFO           k=20: mean_max_prob=0.6933                                       
INFO           k=30: mean_max_prob=0.6993                                       
INFO           k=50: mean_max_prob=0.6925                                       
INFO         Pipeline ensemble component 2: EN+NMC GridSearchCV                 
INFO         Ensemble mean_max_prob: kens=0.6826, en=0.6263, ratio=1.09         
INFO       Fold 3: s1=1.0000 (t=0.50)  s2=0.8750  combined=0.9167  auroc=0.9707 
         excl=0.9524 (1)  (181.7s)                                              
INFO         Pipeline ensemble component 1: KW k-ensemble                       
INFO           k=15: mean_max_prob=0.6887                                       
INFO           k=20: mean_max_prob=0.6925                                       
INFO           k=30: mean_max_prob=0.7107                                       
INFO           k=50: mean_max_prob=0.7054                                       
INFO         Pipeline ensemble component 2: EN+NMC GridSearchCV                 
INFO         Ensemble mean_max_prob: kens=0.6940, en=0.6430, ratio=1.08         
INFO       Fold 4: s1=1.0000 (t=0.50)  s2=0.7143  combined=0.8095  auroc=0.9158 
         excl=0.8492 (1)  (171.7s)                                              
INFO         Pipeline ensemble component 1: KW k-ensemble                       
INFO           k=15: mean_max_prob=0.7190                                       
INFO           k=20: mean_max_prob=0.7258                                       
INFO           k=30: mean_max_prob=0.7489                                       
INFO           k=50: mean_max_prob=0.7633                                       
INFO         Pipeline ensemble component 2: EN+NMC GridSearchCV                 
INFO         Ensemble mean_max_prob: kens=0.7371, en=0.6979, ratio=1.06         
INFO       Fold 5: s1=1.0000 (t=0.50)  s2=0.7857  combined=0.8571  auroc=0.9853 
         excl=0.8571 (0)  (183.1s)                                              
  v2_nmc_ensemble r12 ━━━━━━━━━━━━━━━━━━━━━━━━━━━━━━━━━━━━━━━━ 100% 0:15:01
INFO                                                                            
INFO     Summary for v2_nmc_ensemble repeat 12:                                 
INFO       Stage 1 (HER2+ vs rest):  1.0000 (+/- 0.0000)                        
INFO       Stage 2 (HR+ vs TN):      0.7512 (+/- 0.0711)                        
INFO       Combined (3-class):       0.8341 (+/- 0.0474)                        
INFO       Combined (excl mislabels): 0.8492 (+/- 0.0581)                       
INFO       Combined fold scores: [0.7937, 0.7937, 0.9167, 0.8095, 0.8571]       
INFO       Total time: 901.3s                                                   
INFO     Fold results saved to                                                  
         /data/cbotos/TB-Project/results/2026-04-24_server_run_v2/hierarchical_n
         ested_cv/data/fold_results_nmc_ensemble_r12.csv                        
INFO     Checkpoint removed (job complete).                                     
========================================
Finished: 2026-04-24 22:38:19
Elapsed:  0h 15m 3s
Exit:     0
========================================
[HNCV-TASK-DONE] array=16123 task=261 stage2_pipeline=nmc_ensemble repeat=12 exit=0 elapsed=903s
