========================================
Hierarchical CV - Job 157 of 400
Stage 1:  kw_rf k=5 (fixed, threshold calibrated)
Stage 2:  en_rf
Repeat:   7 / 50
Config:   /data/cbotos/TB-Project/results/2026-04-24_server_run_v2/config_snapshot_hierarchical.yaml
Run:      server_run_v2
Node:     node3
CPUs:     1
Memory:   4096MB
Work dir: /data/cbotos/TB-Project
Start:    2026-04-24 18:47:44
========================================
Running: python3 /data/cbotos/TB-Project/code/hierarchical_nested_cv_runner.py --pipeline en_rf --repeat 7 --config /data/cbotos/TB-Project/results/2026-04-24_server_run_v2/config_snapshot_hierarchical.yaml --name server_run_v2
INFO     Run: 2026-04-24_server_run_v2                                          
INFO     Config:                                                                
         /data/cbotos/TB-Project/results/2026-04-24_server_run_v2/config_snapsho
         t_hierarchical.yaml                                                    
INFO     Stage 1: kw_rf (fixed, binary HER2+ vs rest, threshold=0.5)            
INFO     Stage 2: en_rf (HR+ vs Triple Neg)                                     
INFO     Repeat seed: 7                                                         
INFO     Stage 2 grid size: 800 combinations                                    
INFO     Loading data...                                                        
INFO     Loaded 100 samples, 273 features.                                      
INFO     Classes: ['HER2+', 'HR+', 'Triple Neg']                                
INFO       HER2+: 32 samples                                                    
INFO       HR+: 36 samples                                                      
INFO       Triple Neg: 32 samples                                               
INFO     Mislabel indices verified: [(2, 'Array.67'), (4, 'Array.22')]          
INFO       Fold 1: s1=1.0000 (t=0.50)  s2=0.8571  combined=0.9048  auroc=0.9313 
         excl=0.9444 (1)  (2392.1s)                                             
INFO       Fold 2: s1=1.0000 (t=0.50)  s2=0.6667  combined=0.7778  auroc=0.9075 
         excl=0.7778 (0)  (2408.6s)                                             
INFO       Fold 3: s1=1.0000 (t=0.50)  s2=0.5833  combined=0.7222  auroc=0.9067 
         excl=0.7222 (0)  (2371.8s)                                             
INFO       Fold 4: s1=1.0000 (t=0.50)  s2=0.8571  combined=0.9048  auroc=0.9451 
         excl=0.9048 (0)  (2409.8s)                                             
INFO       Fold 5: s1=1.0000 (t=0.50)  s2=0.5714  combined=0.7143  auroc=0.8901 
         excl=0.7381 (1)  (2415.9s)                                             
  v2_en_rf r7 ━━━━━━━━━━━━━━━━━━━━━━━━━━━━━━━━━━━━━━━━ 100% 3:19:58
INFO                                                                            
INFO     Summary for v2_en_rf repeat 7:                                         
INFO       Stage 1 (HER2+ vs rest):  1.0000 (+/- 0.0000)                        
INFO       Stage 2 (HR+ vs TN):      0.7071 (+/- 0.1268)                        
INFO       Combined (3-class):       0.8048 (+/- 0.0845)                        
INFO       Combined (excl mislabels): 0.8175 (+/- 0.0902)                       
INFO       Combined fold scores: [0.9048, 0.7778, 0.7222, 0.9048, 0.7143]       
INFO       Total time: 11998.3s                                                 
INFO     Fold results saved to                                                  
         /data/cbotos/TB-Project/results/2026-04-24_server_run_v2/hierarchical_n
         ested_cv/data/fold_results_en_rf_r7.csv                                
INFO     Checkpoint removed (job complete).                                     
========================================
Finished: 2026-04-24 22:07:45
Elapsed:  3h 20m 1s
Exit:     0
========================================
[HNCV-TASK-DONE] array=16123 task=156 stage2_pipeline=en_rf repeat=7 exit=0 elapsed=12001s
