========================================
Hierarchical CV - Job 20 of 400
Stage 1:  kw_rf k=5 (fixed, threshold calibrated)
Stage 2:  kw_nmc
Repeat:   20 / 50
Config:   /data/cbotos/TB-Project/results/2026-04-24_server_run_v2/config_snapshot_hierarchical.yaml
Run:      server_run_v2
Node:     node1
CPUs:     1
Memory:   4096MB
Work dir: /data/cbotos/TB-Project
Start:    2026-04-24 18:21:50
========================================
Running: python3 /data/cbotos/TB-Project/code/hierarchical_nested_cv_runner.py --pipeline kw_nmc --repeat 20 --config /data/cbotos/TB-Project/results/2026-04-24_server_run_v2/config_snapshot_hierarchical.yaml --name server_run_v2
INFO     Run: 2026-04-24_server_run_v2                                          
INFO     Config:                                                                
         /data/cbotos/TB-Project/results/2026-04-24_server_run_v2/config_snapsho
         t_hierarchical.yaml                                                    
INFO     Stage 1: kw_rf (fixed, binary HER2+ vs rest, threshold=0.5)            
INFO     Stage 2: kw_nmc (HR+ vs Triple Neg)                                    
INFO     Repeat seed: 20                                                        
INFO     Stage 2 grid size: 8 combinations                                      
INFO     Loading data...                                                        
INFO     Loaded 100 samples, 273 features.                                      
INFO     Classes: ['HER2+', 'HR+', 'Triple Neg']                                
INFO       HER2+: 32 samples                                                    
INFO       HR+: 36 samples                                                      
INFO       Triple Neg: 32 samples                                               
INFO     Mislabel indices verified: [(2, 'Array.67'), (4, 'Array.22')]          
INFO       Fold 1: s1=1.0000 (t=0.50)  s2=0.8333  combined=0.8889  auroc=0.9313 
         excl=0.8889 (0)  (6.8s)                                                
INFO       Fold 2: s1=1.0000 (t=0.50)  s2=0.5952  combined=0.7302  auroc=0.9237 
         excl=0.7524 (1)  (6.0s)                                                
INFO       Fold 3: s1=1.0000 (t=0.50)  s2=0.7083  combined=0.8056  auroc=0.9214 
         excl=0.8056 (0)  (6.0s)                                                
INFO       Fold 4: s1=1.0000 (t=0.50)  s2=0.8571  combined=0.9048  auroc=0.9780 
         excl=0.9444 (1)  (6.0s)                                                
INFO       Fold 5: s1=1.0000 (t=0.50)  s2=0.7143  combined=0.8095  auroc=0.9707 
         excl=0.8095 (0)  (6.0s)                                                
  v2_kw_nmc r20 ━━━━━━━━━━━━━━━━━━━━━━━━━━━━━━━━━━━━━━━━ 100% 0:00:30
INFO                                                                            
INFO     Summary for v2_kw_nmc repeat 20:                                       
INFO       Stage 1 (HER2+ vs rest):  1.0000 (+/- 0.0000)                        
INFO       Stage 2 (HR+ vs TN):      0.7417 (+/- 0.0949)                        
INFO       Combined (3-class):       0.8278 (+/- 0.0633)                        
INFO       Combined (excl mislabels): 0.8402 (+/- 0.0680)                       
INFO       Combined fold scores: [0.8889, 0.7302, 0.8056, 0.9048, 0.8095]       
INFO       Total time: 31.0s                                                    
INFO     Fold results saved to                                                  
         /data/cbotos/TB-Project/results/2026-04-24_server_run_v2/hierarchical_n
         ested_cv/data/fold_results_kw_nmc_r20.csv                              
INFO     Checkpoint removed (job complete).                                     
========================================
Finished: 2026-04-24 18:23:43
Elapsed:  0h 1m 53s
Exit:     0
========================================
[HNCV-TASK-DONE] array=16123 task=19 stage2_pipeline=kw_nmc repeat=20 exit=0 elapsed=113s
