========================================
Hierarchical CV - Job 82 of 400
Stage 1:  kw_rf k=5 (fixed, threshold calibrated)
Stage 2:  en_nmc
Repeat:   32 / 50
Config:   /data/cbotos/TB-Project/results/2026-04-24_server_run_v2/config_snapshot_hierarchical.yaml
Run:      server_run_v2
Node:     node2
CPUs:     1
Memory:   4096MB
Work dir: /data/cbotos/TB-Project
Start:    2026-04-24 18:23:44
========================================
Running: python3 /data/cbotos/TB-Project/code/hierarchical_nested_cv_runner.py --pipeline en_nmc --repeat 32 --config /data/cbotos/TB-Project/results/2026-04-24_server_run_v2/config_snapshot_hierarchical.yaml --name server_run_v2
INFO     Run: 2026-04-24_server_run_v2                                          
INFO     Config:                                                                
         /data/cbotos/TB-Project/results/2026-04-24_server_run_v2/config_snapsho
         t_hierarchical.yaml                                                    
INFO     Stage 1: kw_rf (fixed, binary HER2+ vs rest, threshold=0.5)            
INFO     Stage 2: en_nmc (HR+ vs Triple Neg)                                    
INFO     Repeat seed: 32                                                        
INFO     Stage 2 grid size: 200 combinations                                    
INFO     Loading data...                                                        
INFO     Loaded 100 samples, 273 features.                                      
INFO     Classes: ['HER2+', 'HR+', 'Triple Neg']                                
INFO       HER2+: 32 samples                                                    
INFO       HR+: 36 samples                                                      
INFO       Triple Neg: 32 samples                                               
INFO     Mislabel indices verified: [(2, 'Array.67'), (4, 'Array.22')]          
INFO       Fold 1: s1=1.0000 (t=0.50)  s2=0.6786  combined=0.7857  auroc=0.9396 
         excl=0.8190 (1)  (221.0s)                                              
INFO       Fold 2: s1=1.0000 (t=0.50)  s2=0.7619  combined=0.8413  auroc=0.9621 
         excl=0.8413 (0)  (218.4s)                                              
INFO       Fold 3: s1=1.0000 (t=0.50)  s2=0.9375  combined=0.9583  auroc=0.9926 
         excl=0.9583 (0)  (224.7s)                                              
INFO       Fold 4: s1=1.0000 (t=0.50)  s2=0.7857  combined=0.8571  auroc=0.9267 
         excl=0.8571 (0)  (208.8s)                                              
INFO       Fold 5: s1=1.0000 (t=0.50)  s2=0.8571  combined=0.9048  auroc=0.9487 
         excl=0.9524 (1)  (209.4s)                                              
  v2_en_nmc r32 ━━━━━━━━━━━━━━━━━━━━━━━━━━━━━━━━━━━━━━━━ 100% 0:18:02
INFO                                                                            
INFO     Summary for v2_en_nmc repeat 32:                                       
INFO       Stage 1 (HER2+ vs rest):  1.0000 (+/- 0.0000)                        
INFO       Stage 2 (HR+ vs TN):      0.8042 (+/- 0.0877)                        
INFO       Combined (3-class):       0.8694 (+/- 0.0585)                        
INFO       Combined (excl mislabels): 0.8856 (+/- 0.0582)                       
INFO       Combined fold scores: [0.7857, 0.8413, 0.9583, 0.8571, 0.9048]       
INFO       Total time: 1082.4s                                                  
INFO     Fold results saved to                                                  
         /data/cbotos/TB-Project/results/2026-04-24_server_run_v2/hierarchical_n
         ested_cv/data/fold_results_en_nmc_r32.csv                              
INFO     Checkpoint removed (job complete).                                     
========================================
Finished: 2026-04-24 18:41:48
Elapsed:  0h 18m 4s
Exit:     0
========================================
[HNCV-TASK-DONE] array=16123 task=81 stage2_pipeline=en_nmc repeat=32 exit=0 elapsed=1084s
