========================================
Hierarchical CV - Job 164 of 400
Stage 1:  kw_rf k=5 (fixed, threshold calibrated)
Stage 2:  en_rf
Repeat:   14 / 50
Config:   /data/cbotos/TB-Project/results/2026-04-24_server_run_v2/config_snapshot_hierarchical.yaml
Run:      server_run_v2
Node:     node2
CPUs:     1
Memory:   4096MB
Work dir: /data/cbotos/TB-Project
Start:    2026-04-24 18:48:31
========================================
Running: python3 /data/cbotos/TB-Project/code/hierarchical_nested_cv_runner.py --pipeline en_rf --repeat 14 --config /data/cbotos/TB-Project/results/2026-04-24_server_run_v2/config_snapshot_hierarchical.yaml --name server_run_v2
INFO     Run: 2026-04-24_server_run_v2                                          
INFO     Config:                                                                
         /data/cbotos/TB-Project/results/2026-04-24_server_run_v2/config_snapsho
         t_hierarchical.yaml                                                    
INFO     Stage 1: kw_rf (fixed, binary HER2+ vs rest, threshold=0.5)            
INFO     Stage 2: en_rf (HR+ vs Triple Neg)                                     
INFO     Repeat seed: 14                                                        
INFO     Stage 2 grid size: 800 combinations                                    
INFO     Loading data...                                                        
INFO     Loaded 100 samples, 273 features.                                      
INFO     Classes: ['HER2+', 'HR+', 'Triple Neg']                                
INFO       HER2+: 32 samples                                                    
INFO       HR+: 36 samples                                                      
INFO       Triple Neg: 32 samples                                               
INFO     Mislabel indices verified: [(2, 'Array.67'), (4, 'Array.22')]          
INFO       Fold 1: s1=1.0000 (t=0.50)  s2=0.8571  combined=0.9048  auroc=0.9924 
         excl=0.9048 (0)  (2846.2s)                                             
INFO       Fold 2: s1=1.0000 (t=0.50)  s2=0.6071  combined=0.7381  auroc=0.8776 
         excl=0.7381 (0)  (2827.8s)                                             
INFO       Fold 3: s1=1.0000 (t=0.50)  s2=0.7083  combined=0.8056  auroc=0.9330 
         excl=0.8056 (0)  (2828.0s)                                             
INFO       Fold 4: s1=1.0000 (t=0.50)  s2=0.7143  combined=0.8095  auroc=0.9487 
         excl=0.8413 (1)  (2830.7s)                                             
INFO       Fold 5: s1=1.0000 (t=0.50)  s2=0.5000  combined=0.6667  auroc=0.8938 
         excl=0.7063 (1)  (2860.1s)                                             
  v2_en_rf r14 ━━━━━━━━━━━━━━━━━━━━━━━━━━━━━━━━━━━━━━━━ 100% 3:56:32
INFO                                                                            
INFO     Summary for v2_en_rf repeat 14:                                        
INFO       Stage 1 (HER2+ vs rest):  1.0000 (+/- 0.0000)                        
INFO       Stage 2 (HR+ vs TN):      0.6774 (+/- 0.1192)                        
INFO       Combined (3-class):       0.7849 (+/- 0.0795)                        
INFO       Combined (excl mislabels): 0.7992 (+/- 0.0711)                       
INFO       Combined fold scores: [0.9048, 0.7381, 0.8056, 0.8095, 0.6667]       
INFO       Total time: 14192.9s                                                 
INFO     Fold results saved to                                                  
         /data/cbotos/TB-Project/results/2026-04-24_server_run_v2/hierarchical_n
         ested_cv/data/fold_results_en_rf_r14.csv                               
INFO     Checkpoint removed (job complete).                                     
========================================
Finished: 2026-04-24 22:45:06
Elapsed:  3h 56m 35s
Exit:     0
========================================
[HNCV-TASK-DONE] array=16123 task=163 stage2_pipeline=en_rf repeat=14 exit=0 elapsed=14195s
