========================================
Hierarchical CV - Job 296 of 400
Stage 1:  kw_rf k=5 (fixed, threshold calibrated)
Stage 2:  nmc_ensemble
Repeat:   46 / 50
Config:   /data/cbotos/TB-Project/results/2026-04-24_server_run_v2/config_snapshot_hierarchical.yaml
Run:      server_run_v2
Node:     node1
CPUs:     1
Memory:   4096MB
Work dir: /data/cbotos/TB-Project
Start:    2026-04-24 22:47:02
========================================
Running: python3 /data/cbotos/TB-Project/code/hierarchical_nested_cv_runner.py --pipeline nmc_ensemble --repeat 46 --config /data/cbotos/TB-Project/results/2026-04-24_server_run_v2/config_snapshot_hierarchical.yaml --name server_run_v2
INFO     Run: 2026-04-24_server_run_v2                                          
INFO     Config:                                                                
         /data/cbotos/TB-Project/results/2026-04-24_server_run_v2/config_snapsho
         t_hierarchical.yaml                                                    
INFO     Stage 1: kw_rf (fixed, binary HER2+ vs rest, threshold=0.5)            
INFO     Stage 2: nmc_ensemble (HR+ vs Triple Neg)                              
INFO     Repeat seed: 46                                                        
INFO     Stage 2: no GridSearchCV (ensemble pipeline)                           
INFO     Loading data...                                                        
INFO     Loaded 100 samples, 273 features.                                      
INFO     Classes: ['HER2+', 'HR+', 'Triple Neg']                                
INFO       HER2+: 32 samples                                                    
INFO       HR+: 36 samples                                                      
INFO       Triple Neg: 32 samples                                               
INFO     Mislabel indices verified: [(2, 'Array.67'), (4, 'Array.22')]          
INFO         Pipeline ensemble component 1: KW k-ensemble                       
INFO           k=15: mean_max_prob=0.6859                                       
INFO           k=20: mean_max_prob=0.6944                                       
INFO           k=30: mean_max_prob=0.6958                                       
INFO           k=50: mean_max_prob=0.6946                                       
INFO         Pipeline ensemble component 2: EN+NMC GridSearchCV                 
INFO         Ensemble mean_max_prob: kens=0.6892, en=0.6355, ratio=1.08         
INFO       Fold 1: s1=1.0000 (t=0.50)  s2=0.8452  combined=0.8968  auroc=0.9771 
         excl=0.8968 (0)  (216.0s)                                              
INFO         Pipeline ensemble component 1: KW k-ensemble                       
INFO           k=15: mean_max_prob=0.7071                                       
INFO           k=20: mean_max_prob=0.7128                                       
INFO           k=30: mean_max_prob=0.6988                                       
INFO           k=50: mean_max_prob=0.6773                                       
INFO         Pipeline ensemble component 2: EN+NMC GridSearchCV                 
INFO         Ensemble mean_max_prob: kens=0.6968, en=0.6564, ratio=1.06         
INFO       Fold 2: s1=1.0000 (t=0.50)  s2=0.6667  combined=0.7778  auroc=0.9771 
         excl=0.7778 (0)  (225.3s)                                              
INFO         Pipeline ensemble component 1: KW k-ensemble                       
INFO           k=15: mean_max_prob=0.7232                                       
INFO           k=20: mean_max_prob=0.7087                                       
INFO           k=30: mean_max_prob=0.7049                                       
INFO           k=50: mean_max_prob=0.7105                                       
INFO         Pipeline ensemble component 2: EN+NMC GridSearchCV                 
INFO         Ensemble mean_max_prob: kens=0.7046, en=0.6464, ratio=1.09         
INFO       Fold 3: s1=1.0000 (t=0.50)  s2=0.6458  combined=0.7639  auroc=0.9474 
         excl=0.8083 (1)  (212.2s)                                              
INFO         Pipeline ensemble component 1: KW k-ensemble                       
INFO           k=15: mean_max_prob=0.7616                                       
INFO           k=20: mean_max_prob=0.7484                                       
INFO           k=30: mean_max_prob=0.7126                                       
INFO           k=50: mean_max_prob=0.7280                                       
INFO         Pipeline ensemble component 2: EN+NMC GridSearchCV                 
INFO         Ensemble mean_max_prob: kens=0.7270, en=0.6641, ratio=1.09         
INFO       Fold 4: s1=1.0000 (t=0.50)  s2=0.4286  combined=0.6190  auroc=0.8535 
         excl=0.6190 (0)  (207.4s)                                              
INFO         Pipeline ensemble component 1: KW k-ensemble                       
INFO           k=15: mean_max_prob=0.7122                                       
INFO           k=20: mean_max_prob=0.7105                                       
INFO           k=30: mean_max_prob=0.7249                                       
INFO           k=50: mean_max_prob=0.7176                                       
INFO         Pipeline ensemble component 2: EN+NMC GridSearchCV                 
INFO         Ensemble mean_max_prob: kens=0.7066, en=0.6631, ratio=1.07         
INFO       Fold 5: s1=1.0000 (t=0.50)  s2=0.7857  combined=0.8571  auroc=0.9341 
         excl=0.8889 (1)  (179.4s)                                              
  v2_nmc_ensemble r46 ━━━━━━━━━━━━━━━━━━━━━━━━━━━━━━━━━━━━━━━━ 100% 0:17:20
INFO                                                                            
INFO     Summary for v2_nmc_ensemble repeat 46:                                 
INFO       Stage 1 (HER2+ vs rest):  1.0000 (+/- 0.0000)                        
INFO       Stage 2 (HR+ vs TN):      0.6744 (+/- 0.1434)                        
INFO       Combined (3-class):       0.7829 (+/- 0.0956)                        
INFO       Combined (excl mislabels): 0.7982 (+/- 0.1006)                       
INFO       Combined fold scores: [0.8968, 0.7778, 0.7639, 0.619, 0.8571]        
INFO       Total time: 1040.5s                                                  
INFO     Fold results saved to                                                  
         /data/cbotos/TB-Project/results/2026-04-24_server_run_v2/hierarchical_n
         ested_cv/data/fold_results_nmc_ensemble_r46.csv                        
INFO     Checkpoint removed (job complete).                                     
========================================
Finished: 2026-04-24 23:04:24
Elapsed:  0h 17m 22s
Exit:     0
========================================
[HNCV-TASK-DONE] array=16123 task=295 stage2_pipeline=nmc_ensemble repeat=46 exit=0 elapsed=1042s
