========================================
Hierarchical CV - Job 283 of 400
Stage 1:  kw_rf k=5 (fixed, threshold calibrated)
Stage 2:  nmc_ensemble
Repeat:   33 / 50
Config:   /data/cbotos/TB-Project/results/2026-04-24_server_run_v2/config_snapshot_hierarchical.yaml
Run:      server_run_v2
Node:     node2
CPUs:     1
Memory:   4096MB
Work dir: /data/cbotos/TB-Project
Start:    2026-04-24 22:45:37
========================================
Running: python3 /data/cbotos/TB-Project/code/hierarchical_nested_cv_runner.py --pipeline nmc_ensemble --repeat 33 --config /data/cbotos/TB-Project/results/2026-04-24_server_run_v2/config_snapshot_hierarchical.yaml --name server_run_v2
INFO     Run: 2026-04-24_server_run_v2                                          
INFO     Config:                                                                
         /data/cbotos/TB-Project/results/2026-04-24_server_run_v2/config_snapsho
         t_hierarchical.yaml                                                    
INFO     Stage 1: kw_rf (fixed, binary HER2+ vs rest, threshold=0.5)            
INFO     Stage 2: nmc_ensemble (HR+ vs Triple Neg)                              
INFO     Repeat seed: 33                                                        
INFO     Stage 2: no GridSearchCV (ensemble pipeline)                           
INFO     Loading data...                                                        
INFO     Loaded 100 samples, 273 features.                                      
INFO     Classes: ['HER2+', 'HR+', 'Triple Neg']                                
INFO       HER2+: 32 samples                                                    
INFO       HR+: 36 samples                                                      
INFO       Triple Neg: 32 samples                                               
INFO     Mislabel indices verified: [(2, 'Array.67'), (4, 'Array.22')]          
INFO         Pipeline ensemble component 1: KW k-ensemble                       
INFO           k=15: mean_max_prob=0.6796                                       
INFO           k=20: mean_max_prob=0.6865                                       
INFO           k=30: mean_max_prob=0.7005                                       
INFO           k=50: mean_max_prob=0.6826                                       
INFO         Pipeline ensemble component 2: EN+NMC GridSearchCV                 
INFO         Ensemble mean_max_prob: kens=0.6818, en=0.6362, ratio=1.07         
INFO       Fold 1: s1=1.0000 (t=0.50)  s2=0.6071  combined=0.7381  auroc=0.9161 
         excl=0.7714 (1)  (217.9s)                                              
INFO         Pipeline ensemble component 1: KW k-ensemble                       
INFO           k=15: mean_max_prob=0.7264                                       
INFO           k=20: mean_max_prob=0.7156                                       
INFO           k=30: mean_max_prob=0.7018                                       
INFO           k=50: mean_max_prob=0.6824                                       
INFO         Pipeline ensemble component 2: EN+NMC GridSearchCV                 
INFO         Ensemble mean_max_prob: kens=0.7015, en=0.6652, ratio=1.05         
INFO       Fold 2: s1=1.0000 (t=0.50)  s2=0.7857  combined=0.8571  auroc=0.9692 
         excl=0.8571 (0)  (211.1s)                                              
INFO         Pipeline ensemble component 1: KW k-ensemble                       
INFO           k=15: mean_max_prob=0.6506                                       
INFO           k=20: mean_max_prob=0.6400                                       
INFO           k=30: mean_max_prob=0.6326                                       
INFO           k=50: mean_max_prob=0.6295                                       
INFO         Pipeline ensemble component 2: EN+NMC GridSearchCV                 
INFO         Ensemble mean_max_prob: kens=0.6260, en=0.6481, ratio=0.97         
INFO       Fold 3: s1=1.0000 (t=0.50)  s2=0.7292  combined=0.8194  auroc=0.9628 
         excl=0.8194 (0)  (209.2s)                                              
INFO         Pipeline ensemble component 1: KW k-ensemble                       
INFO           k=15: mean_max_prob=0.6651                                       
INFO           k=20: mean_max_prob=0.6766                                       
INFO           k=30: mean_max_prob=0.6939                                       
INFO           k=50: mean_max_prob=0.6985                                       
INFO         Pipeline ensemble component 2: EN+NMC GridSearchCV                 
INFO         Ensemble mean_max_prob: kens=0.6718, en=0.6172, ratio=1.09         
INFO       Fold 4: s1=1.0000 (t=0.50)  s2=0.8571  combined=0.9048  auroc=0.9377 
         excl=0.9048 (0)  (207.3s)                                              
INFO         Pipeline ensemble component 1: KW k-ensemble                       
INFO           k=15: mean_max_prob=0.6875                                       
INFO           k=20: mean_max_prob=0.6989                                       
INFO           k=30: mean_max_prob=0.7183                                       
INFO           k=50: mean_max_prob=0.7131                                       
INFO         Pipeline ensemble component 2: EN+NMC GridSearchCV                 
INFO         Ensemble mean_max_prob: kens=0.6949, en=0.6633, ratio=1.05         
INFO       Fold 5: s1=1.0000 (t=0.50)  s2=0.5714  combined=0.7143  auroc=0.8828 
         excl=0.7381 (1)  (185.9s)                                              
  v2_nmc_ensemble r33 ━━━━━━━━━━━━━━━━━━━━━━━━━━━━━━━━━━━━━━━━ 100% 0:17:11
INFO                                                                            
INFO     Summary for v2_nmc_ensemble repeat 33:                                 
INFO       Stage 1 (HER2+ vs rest):  1.0000 (+/- 0.0000)                        
INFO       Stage 2 (HR+ vs TN):      0.7101 (+/- 0.1073)                        
INFO       Combined (3-class):       0.8067 (+/- 0.0715)                        
INFO       Combined (excl mislabels): 0.8182 (+/- 0.0594)                       
INFO       Combined fold scores: [0.7381, 0.8571, 0.8194, 0.9048, 0.7143]       
INFO       Total time: 1031.4s                                                  
INFO     Fold results saved to                                                  
         /data/cbotos/TB-Project/results/2026-04-24_server_run_v2/hierarchical_n
         ested_cv/data/fold_results_nmc_ensemble_r33.csv                        
INFO     Checkpoint removed (job complete).                                     
========================================
Finished: 2026-04-24 23:02:50
Elapsed:  0h 17m 13s
Exit:     0
========================================
[HNCV-TASK-DONE] array=16123 task=282 stage2_pipeline=nmc_ensemble repeat=33 exit=0 elapsed=1033s
