========================================
Hierarchical CV - Job 290 of 400
Stage 1:  kw_rf k=5 (fixed, threshold calibrated)
Stage 2:  nmc_ensemble
Repeat:   40 / 50
Config:   /data/cbotos/TB-Project/results/2026-04-24_server_run_v2/config_snapshot_hierarchical.yaml
Run:      server_run_v2
Node:     node2
CPUs:     1
Memory:   4096MB
Work dir: /data/cbotos/TB-Project
Start:    2026-04-24 22:46:33
========================================
Running: python3 /data/cbotos/TB-Project/code/hierarchical_nested_cv_runner.py --pipeline nmc_ensemble --repeat 40 --config /data/cbotos/TB-Project/results/2026-04-24_server_run_v2/config_snapshot_hierarchical.yaml --name server_run_v2
INFO     Run: 2026-04-24_server_run_v2                                          
INFO     Config:                                                                
         /data/cbotos/TB-Project/results/2026-04-24_server_run_v2/config_snapsho
         t_hierarchical.yaml                                                    
INFO     Stage 1: kw_rf (fixed, binary HER2+ vs rest, threshold=0.5)            
INFO     Stage 2: nmc_ensemble (HR+ vs Triple Neg)                              
INFO     Repeat seed: 40                                                        
INFO     Stage 2: no GridSearchCV (ensemble pipeline)                           
INFO     Loading data...                                                        
INFO     Loaded 100 samples, 273 features.                                      
INFO     Classes: ['HER2+', 'HR+', 'Triple Neg']                                
INFO       HER2+: 32 samples                                                    
INFO       HR+: 36 samples                                                      
INFO       Triple Neg: 32 samples                                               
INFO     Mislabel indices verified: [(2, 'Array.67'), (4, 'Array.22')]          
INFO         Pipeline ensemble component 1: KW k-ensemble                       
INFO           k=15: mean_max_prob=0.7197                                       
INFO           k=20: mean_max_prob=0.7233                                       
INFO           k=30: mean_max_prob=0.7244                                       
INFO           k=50: mean_max_prob=0.7110                                       
INFO         Pipeline ensemble component 2: EN+NMC GridSearchCV                 
INFO         Ensemble mean_max_prob: kens=0.7103, en=0.6987, ratio=1.02         
INFO       Fold 1: s1=1.0000 (t=0.50)  s2=0.6905  combined=0.7937  auroc=0.9237 
         excl=0.8333 (1)  (214.6s)                                              
INFO         Pipeline ensemble component 1: KW k-ensemble                       
INFO           k=15: mean_max_prob=0.6855                                       
INFO           k=20: mean_max_prob=0.6819                                       
INFO           k=30: mean_max_prob=0.6908                                       
INFO           k=50: mean_max_prob=0.7120                                       
INFO         Pipeline ensemble component 2: EN+NMC GridSearchCV                 
INFO         Ensemble mean_max_prob: kens=0.6804, en=0.6297, ratio=1.08         
INFO       Fold 2: s1=1.0000 (t=0.50)  s2=0.9286  combined=0.9524  auroc=0.9963 
         excl=0.9524 (0)  (224.9s)                                              
INFO         Pipeline ensemble component 1: KW k-ensemble                       
INFO           k=15: mean_max_prob=0.7046                                       
INFO           k=20: mean_max_prob=0.7087                                       
INFO           k=30: mean_max_prob=0.7043                                       
INFO           k=50: mean_max_prob=0.7025                                       
INFO         Pipeline ensemble component 2: EN+NMC GridSearchCV                 
INFO         Ensemble mean_max_prob: kens=0.7011, en=0.6625, ratio=1.06         
INFO       Fold 3: s1=1.0000 (t=0.50)  s2=0.8542  combined=0.9028  auroc=0.9554 
         excl=0.9028 (0)  (207.4s)                                              
INFO         Pipeline ensemble component 1: KW k-ensemble                       
INFO           k=15: mean_max_prob=0.6507                                       
INFO           k=20: mean_max_prob=0.6378                                       
INFO           k=30: mean_max_prob=0.6481                                       
INFO           k=50: mean_max_prob=0.6300                                       
INFO         Pipeline ensemble component 2: EN+NMC GridSearchCV                 
INFO         Ensemble mean_max_prob: kens=0.6316, en=0.5888, ratio=1.07         
INFO       Fold 4: s1=1.0000 (t=0.50)  s2=0.8571  combined=0.9048  auroc=0.9634 
         excl=0.9048 (0)  (216.7s)                                              
INFO         Pipeline ensemble component 1: KW k-ensemble                       
INFO           k=15: mean_max_prob=0.6755                                       
INFO           k=20: mean_max_prob=0.6853                                       
INFO           k=30: mean_max_prob=0.6828                                       
INFO           k=50: mean_max_prob=0.6859                                       
INFO         Pipeline ensemble component 2: EN+NMC GridSearchCV                 
INFO         Ensemble mean_max_prob: kens=0.6746, en=0.6856, ratio=0.98         
INFO       Fold 5: s1=1.0000 (t=0.50)  s2=0.7143  combined=0.8095  auroc=0.9524 
         excl=0.8492 (1)  (196.9s)                                              
  v2_nmc_ensemble r40 ━━━━━━━━━━━━━━━━━━━━━━━━━━━━━━━━━━━━━━━━ 100% 0:17:40
INFO                                                                            
INFO     Summary for v2_nmc_ensemble repeat 40:                                 
INFO       Stage 1 (HER2+ vs rest):  1.0000 (+/- 0.0000)                        
INFO       Stage 2 (HR+ vs TN):      0.8089 (+/- 0.0913)                        
INFO       Combined (3-class):       0.8726 (+/- 0.0609)                        
INFO       Combined (excl mislabels): 0.8885 (+/- 0.0427)                       
INFO       Combined fold scores: [0.7937, 0.9524, 0.9028, 0.9048, 0.8095]       
INFO       Total time: 1060.5s                                                  
INFO     Fold results saved to                                                  
         /data/cbotos/TB-Project/results/2026-04-24_server_run_v2/hierarchical_n
         ested_cv/data/fold_results_nmc_ensemble_r40.csv                        
INFO     Checkpoint removed (job complete).                                     
========================================
Finished: 2026-04-24 23:04:15
Elapsed:  0h 17m 42s
Exit:     0
========================================
[HNCV-TASK-DONE] array=16123 task=289 stage2_pipeline=nmc_ensemble repeat=40 exit=0 elapsed=1062s
