========================================
Hierarchical CV - Job 254 of 400
Stage 1:  kw_rf k=5 (fixed, threshold calibrated)
Stage 2:  nmc_ensemble
Repeat:   4 / 50
Config:   /data/cbotos/TB-Project/results/2026-04-24_server_run_v2/config_snapshot_hierarchical.yaml
Run:      server_run_v2
Node:     node3
CPUs:     1
Memory:   4096MB
Work dir: /data/cbotos/TB-Project
Start:    2026-04-24 22:08:21
========================================
Running: python3 /data/cbotos/TB-Project/code/hierarchical_nested_cv_runner.py --pipeline nmc_ensemble --repeat 4 --config /data/cbotos/TB-Project/results/2026-04-24_server_run_v2/config_snapshot_hierarchical.yaml --name server_run_v2
INFO     Run: 2026-04-24_server_run_v2                                          
INFO     Config:                                                                
         /data/cbotos/TB-Project/results/2026-04-24_server_run_v2/config_snapsho
         t_hierarchical.yaml                                                    
INFO     Stage 1: kw_rf (fixed, binary HER2+ vs rest, threshold=0.5)            
INFO     Stage 2: nmc_ensemble (HR+ vs Triple Neg)                              
INFO     Repeat seed: 4                                                         
INFO     Stage 2: no GridSearchCV (ensemble pipeline)                           
INFO     Loading data...                                                        
INFO     Loaded 100 samples, 273 features.                                      
INFO     Classes: ['HER2+', 'HR+', 'Triple Neg']                                
INFO       HER2+: 32 samples                                                    
INFO       HR+: 36 samples                                                      
INFO       Triple Neg: 32 samples                                               
INFO     Mislabel indices verified: [(2, 'Array.67'), (4, 'Array.22')]          
INFO         Pipeline ensemble component 1: KW k-ensemble                       
INFO           k=15: mean_max_prob=0.6825                                       
INFO           k=20: mean_max_prob=0.6847                                       
INFO           k=30: mean_max_prob=0.6780                                       
INFO           k=50: mean_max_prob=0.6595                                       
INFO         Pipeline ensemble component 2: EN+NMC GridSearchCV                 
INFO         Ensemble mean_max_prob: kens=0.6738, en=0.5965, ratio=1.13         
INFO       Fold 1: s1=1.0000 (t=0.50)  s2=0.7738  combined=0.8492  auroc=0.9579 
         excl=0.8492 (0)  (185.3s)                                              
INFO         Pipeline ensemble component 1: KW k-ensemble                       
INFO           k=15: mean_max_prob=0.7109                                       
INFO           k=20: mean_max_prob=0.7069                                       
INFO           k=30: mean_max_prob=0.7111                                       
INFO           k=50: mean_max_prob=0.7003                                       
INFO         Pipeline ensemble component 2: EN+NMC GridSearchCV                 
INFO         Ensemble mean_max_prob: kens=0.7004, en=0.6292, ratio=1.11         
INFO       Fold 2: s1=1.0000 (t=0.50)  s2=0.7738  combined=0.8492  auroc=0.9734 
         excl=0.8492 (0)  (168.3s)                                              
INFO         Pipeline ensemble component 1: KW k-ensemble                       
INFO           k=15: mean_max_prob=0.6765                                       
INFO           k=20: mean_max_prob=0.6888                                       
INFO           k=30: mean_max_prob=0.7040                                       
INFO           k=50: mean_max_prob=0.7034                                       
INFO         Pipeline ensemble component 2: EN+NMC GridSearchCV                 
INFO         Ensemble mean_max_prob: kens=0.6869, en=0.6571, ratio=1.05         
INFO       Fold 3: s1=1.0000 (t=0.50)  s2=0.6875  combined=0.7917  auroc=0.9147 
         excl=0.8095 (1)  (182.1s)                                              
INFO         Pipeline ensemble component 1: KW k-ensemble                       
INFO           k=15: mean_max_prob=0.7006                                       
INFO           k=20: mean_max_prob=0.6926                                       
INFO           k=30: mean_max_prob=0.7104                                       
INFO           k=50: mean_max_prob=0.7024                                       
INFO         Pipeline ensemble component 2: EN+NMC GridSearchCV                 
INFO         Ensemble mean_max_prob: kens=0.6990, en=0.6345, ratio=1.10         
INFO       Fold 4: s1=1.0000 (t=0.50)  s2=0.8571  combined=0.9048  auroc=0.9817 
         excl=0.9524 (1)  (178.6s)                                              
INFO         Pipeline ensemble component 1: KW k-ensemble                       
INFO           k=15: mean_max_prob=0.7102                                       
INFO           k=20: mean_max_prob=0.7294                                       
INFO           k=30: mean_max_prob=0.7253                                       
INFO           k=50: mean_max_prob=0.7136                                       
INFO         Pipeline ensemble component 2: EN+NMC GridSearchCV                 
INFO         Ensemble mean_max_prob: kens=0.7131, en=0.6570, ratio=1.09         
INFO       Fold 5: s1=1.0000 (t=0.50)  s2=0.7857  combined=0.8571  auroc=0.9084 
         excl=0.8571 (0)  (177.8s)                                              
  v2_nmc_ensemble r4 ━━━━━━━━━━━━━━━━━━━━━━━━━━━━━━━━━━━━━━━━ 100% 0:14:52
INFO                                                                            
INFO     Summary for v2_nmc_ensemble repeat 4:                                  
INFO       Stage 1 (HER2+ vs rest):  1.0000 (+/- 0.0000)                        
INFO       Stage 2 (HR+ vs TN):      0.7756 (+/- 0.0539)                        
INFO       Combined (3-class):       0.8504 (+/- 0.0359)                        
INFO       Combined (excl mislabels): 0.8635 (+/- 0.0475)                       
INFO       Combined fold scores: [0.8492, 0.8492, 0.7917, 0.9048, 0.8571]       
INFO       Total time: 892.3s                                                   
INFO     Fold results saved to                                                  
         /data/cbotos/TB-Project/results/2026-04-24_server_run_v2/hierarchical_n
         ested_cv/data/fold_results_nmc_ensemble_r4.csv                         
INFO     Checkpoint removed (job complete).                                     
========================================
Finished: 2026-04-24 22:23:15
Elapsed:  0h 14m 54s
Exit:     0
========================================
[HNCV-TASK-DONE] array=16123 task=253 stage2_pipeline=nmc_ensemble repeat=4 exit=0 elapsed=894s
