========================================
Hierarchical CV - Job 308 of 400
Stage 1:  kw_rf k=5 (fixed, threshold calibrated)
Stage 2:  kw_nmc_kgrid
Repeat:   8 / 50
Config:   /data/cbotos/TB-Project/results/2026-04-24_server_run_v2/config_snapshot_hierarchical.yaml
Run:      server_run_v2
Node:     node1
CPUs:     1
Memory:   4096MB
Work dir: /data/cbotos/TB-Project
Start:    2026-04-24 22:48:10
========================================
Running: python3 /data/cbotos/TB-Project/code/hierarchical_nested_cv_runner.py --pipeline kw_nmc_kgrid --repeat 8 --config /data/cbotos/TB-Project/results/2026-04-24_server_run_v2/config_snapshot_hierarchical.yaml --name server_run_v2
INFO     Run: 2026-04-24_server_run_v2                                          
INFO     Config:                                                                
         /data/cbotos/TB-Project/results/2026-04-24_server_run_v2/config_snapsho
         t_hierarchical.yaml                                                    
INFO     Stage 1: kw_rf (fixed, binary HER2+ vs rest, threshold=0.5)            
INFO     Stage 2: kw_nmc_kgrid (HR+ vs Triple Neg)                              
INFO     Repeat seed: 8                                                         
INFO     Stage 2 grid size: 4 combinations                                      
INFO     Loading data...                                                        
INFO     Loaded 100 samples, 273 features.                                      
INFO     Classes: ['HER2+', 'HR+', 'Triple Neg']                                
INFO       HER2+: 32 samples                                                    
INFO       HR+: 36 samples                                                      
INFO       Triple Neg: 32 samples                                               
INFO     Mislabel indices verified: [(2, 'Array.67'), (4, 'Array.22')]          
INFO       Fold 1: s1=1.0000 (t=0.50)  s2=0.6905  combined=0.7937  auroc=0.8932 
         excl=0.7937 (0)  (3.4s)                                                
INFO       Fold 2: s1=1.0000 (t=0.50)  s2=0.5595  combined=0.7063  auroc=0.9618 
         excl=0.7063 (0)  (3.3s)                                                
INFO       Fold 3: s1=1.0000 (t=0.50)  s2=0.6042  combined=0.7361  auroc=0.9554 
         excl=0.7361 (0)  (3.4s)                                                
INFO       Fold 4: s1=1.0000 (t=0.50)  s2=0.4286  combined=0.6190  auroc=0.8388 
         excl=0.6429 (1)  (3.3s)                                                
INFO       Fold 5: s1=1.0000 (t=0.50)  s2=0.7857  combined=0.8571  auroc=0.9267 
         excl=0.8413 (1)  (3.4s)                                                
  v2_kw_nmc_kgrid r8 ━━━━━━━━━━━━━━━━━━━━━━━━━━━━━━━━━━━━━━━━ 100% 0:00:16
INFO                                                                            
INFO     Summary for v2_kw_nmc_kgrid repeat 8:                                  
INFO       Stage 1 (HER2+ vs rest):  1.0000 (+/- 0.0000)                        
INFO       Stage 2 (HR+ vs TN):      0.6137 (+/- 0.1206)                        
INFO       Combined (3-class):       0.7425 (+/- 0.0804)                        
INFO       Combined (excl mislabels): 0.7440 (+/- 0.0688)                       
INFO       Combined fold scores: [0.7937, 0.7063, 0.7361, 0.619, 0.8571]        
INFO       Total time: 16.9s                                                    
INFO     Fold results saved to                                                  
         /data/cbotos/TB-Project/results/2026-04-24_server_run_v2/hierarchical_n
         ested_cv/data/fold_results_kw_nmc_kgrid_r8.csv                         
INFO     Checkpoint removed (job complete).                                     
========================================
Finished: 2026-04-24 22:48:28
Elapsed:  0h 0m 19s
Exit:     0
========================================
[HNCV-TASK-DONE] array=16123 task=307 stage2_pipeline=kw_nmc_kgrid repeat=8 exit=0 elapsed=19s
