========================================
Hierarchical CV - Job 288 of 400
Stage 1:  kw_rf k=5 (fixed, threshold calibrated)
Stage 2:  nmc_ensemble
Repeat:   38 / 50
Config:   /data/cbotos/TB-Project/results/2026-04-24_server_run_v2/config_snapshot_hierarchical.yaml
Run:      server_run_v2
Node:     node1
CPUs:     1
Memory:   4096MB
Work dir: /data/cbotos/TB-Project
Start:    2026-04-24 22:46:28
========================================
Running: python3 /data/cbotos/TB-Project/code/hierarchical_nested_cv_runner.py --pipeline nmc_ensemble --repeat 38 --config /data/cbotos/TB-Project/results/2026-04-24_server_run_v2/config_snapshot_hierarchical.yaml --name server_run_v2
INFO     Run: 2026-04-24_server_run_v2                                          
INFO     Config:                                                                
         /data/cbotos/TB-Project/results/2026-04-24_server_run_v2/config_snapsho
         t_hierarchical.yaml                                                    
INFO     Stage 1: kw_rf (fixed, binary HER2+ vs rest, threshold=0.5)            
INFO     Stage 2: nmc_ensemble (HR+ vs Triple Neg)                              
INFO     Repeat seed: 38                                                        
INFO     Stage 2: no GridSearchCV (ensemble pipeline)                           
INFO     Loading data...                                                        
INFO     Loaded 100 samples, 273 features.                                      
INFO     Classes: ['HER2+', 'HR+', 'Triple Neg']                                
INFO       HER2+: 32 samples                                                    
INFO       HR+: 36 samples                                                      
INFO       Triple Neg: 32 samples                                               
INFO     Mislabel indices verified: [(2, 'Array.67'), (4, 'Array.22')]          
INFO         Pipeline ensemble component 1: KW k-ensemble                       
INFO           k=15: mean_max_prob=0.6933                                       
INFO           k=20: mean_max_prob=0.7064                                       
INFO           k=30: mean_max_prob=0.6798                                       
INFO           k=50: mean_max_prob=0.7021                                       
INFO         Pipeline ensemble component 2: EN+NMC GridSearchCV                 
INFO         Ensemble mean_max_prob: kens=0.6866, en=0.6589, ratio=1.04         
INFO       Fold 1: s1=1.0000 (t=0.50)  s2=0.8333  combined=0.8889  auroc=0.9084 
         excl=0.8889 (0)  (224.2s)                                              
INFO         Pipeline ensemble component 1: KW k-ensemble                       
INFO           k=15: mean_max_prob=0.6875                                       
INFO           k=20: mean_max_prob=0.7047                                       
INFO           k=30: mean_max_prob=0.6957                                       
INFO           k=50: mean_max_prob=0.7119                                       
INFO         Pipeline ensemble component 2: EN+NMC GridSearchCV                 
INFO         Ensemble mean_max_prob: kens=0.6961, en=0.6274, ratio=1.11         
INFO       Fold 2: s1=1.0000 (t=0.50)  s2=0.7024  combined=0.8016  auroc=0.9161 
         excl=0.8016 (0)  (215.9s)                                              
INFO         Pipeline ensemble component 1: KW k-ensemble                       
INFO           k=15: mean_max_prob=0.6829                                       
INFO           k=20: mean_max_prob=0.7016                                       
INFO           k=30: mean_max_prob=0.7221                                       
INFO           k=50: mean_max_prob=0.6978                                       
INFO         Pipeline ensemble component 2: EN+NMC GridSearchCV                 
INFO         Ensemble mean_max_prob: kens=0.6976, en=0.6835, ratio=1.02         
INFO       Fold 3: s1=1.0000 (t=0.50)  s2=0.7708  combined=0.8472  auroc=0.9216 
         excl=0.8472 (0)  (211.8s)                                              
INFO         Pipeline ensemble component 1: KW k-ensemble                       
INFO           k=15: mean_max_prob=0.6595                                       
INFO           k=20: mean_max_prob=0.6675                                       
INFO           k=30: mean_max_prob=0.6686                                       
INFO           k=50: mean_max_prob=0.6695                                       
INFO         Pipeline ensemble component 2: EN+NMC GridSearchCV                 
INFO         Ensemble mean_max_prob: kens=0.6564, en=0.6347, ratio=1.03         
INFO       Fold 4: s1=1.0000 (t=0.50)  s2=0.8571  combined=0.9048  auroc=0.9487 
         excl=0.9444 (1)  (218.2s)                                              
INFO         Pipeline ensemble component 1: KW k-ensemble                       
INFO           k=15: mean_max_prob=0.7007                                       
INFO           k=20: mean_max_prob=0.6906                                       
INFO           k=30: mean_max_prob=0.7129                                       
INFO           k=50: mean_max_prob=0.7087                                       
INFO         Pipeline ensemble component 2: EN+NMC GridSearchCV                 
INFO         Ensemble mean_max_prob: kens=0.7032, en=0.6771, ratio=1.04         
INFO       Fold 5: s1=1.0000 (t=0.50)  s2=0.8571  combined=0.9048  auroc=0.9780 
         excl=0.9444 (1)  (183.4s)                                              
  v2_nmc_ensemble r38 ━━━━━━━━━━━━━━━━━━━━━━━━━━━━━━━━━━━━━━━━ 100% 0:17:33
INFO                                                                            
INFO     Summary for v2_nmc_ensemble repeat 38:                                 
INFO       Stage 1 (HER2+ vs rest):  1.0000 (+/- 0.0000)                        
INFO       Stage 2 (HR+ vs TN):      0.8042 (+/- 0.0599)                        
INFO       Combined (3-class):       0.8694 (+/- 0.0399)                        
INFO       Combined (excl mislabels): 0.8853 (+/- 0.0556)                       
INFO       Combined fold scores: [0.8889, 0.8016, 0.8472, 0.9048, 0.9048]       
INFO       Total time: 1053.6s                                                  
INFO     Fold results saved to                                                  
         /data/cbotos/TB-Project/results/2026-04-24_server_run_v2/hierarchical_n
         ested_cv/data/fold_results_nmc_ensemble_r38.csv                        
INFO     Checkpoint removed (job complete).                                     
========================================
Finished: 2026-04-24 23:04:03
Elapsed:  0h 17m 35s
Exit:     0
========================================
[HNCV-TASK-DONE] array=16123 task=287 stage2_pipeline=nmc_ensemble repeat=38 exit=0 elapsed=1055s
