========================================
Hierarchical CV - Job 228 of 400
Stage 1:  kw_rf k=5 (fixed, threshold calibrated)
Stage 2:  kw_nmc_kens
Repeat:   28 / 50
Config:   /data/cbotos/TB-Project/results/2026-04-24_server_run_v2/config_snapshot_hierarchical.yaml
Run:      server_run_v2
Node:     node3
CPUs:     1
Memory:   4096MB
Work dir: /data/cbotos/TB-Project
Start:    2026-04-24 22:07:46
========================================
Running: python3 /data/cbotos/TB-Project/code/hierarchical_nested_cv_runner.py --pipeline kw_nmc_kens --repeat 28 --config /data/cbotos/TB-Project/results/2026-04-24_server_run_v2/config_snapshot_hierarchical.yaml --name server_run_v2
INFO     Run: 2026-04-24_server_run_v2                                          
INFO     Config:                                                                
         /data/cbotos/TB-Project/results/2026-04-24_server_run_v2/config_snapsho
         t_hierarchical.yaml                                                    
INFO     Stage 1: kw_rf (fixed, binary HER2+ vs rest, threshold=0.5)            
INFO     Stage 2: kw_nmc_kens (HR+ vs Triple Neg)                               
INFO     Repeat seed: 28                                                        
INFO     Stage 2: no GridSearchCV (ensemble pipeline)                           
INFO     Loading data...                                                        
INFO     Loaded 100 samples, 273 features.                                      
INFO     Classes: ['HER2+', 'HR+', 'Triple Neg']                                
INFO       HER2+: 32 samples                                                    
INFO       HR+: 36 samples                                                      
INFO       Triple Neg: 32 samples                                               
INFO     Mislabel indices verified: [(2, 'Array.67'), (4, 'Array.22')]          
INFO           k=15: mean_max_prob=0.7434                                       
INFO           k=20: mean_max_prob=0.7556                                       
INFO           k=30: mean_max_prob=0.7600                                       
INFO           k=50: mean_max_prob=0.7483                                       
INFO       Fold 1: s1=1.0000 (t=0.50)  s2=0.6786  combined=0.7857  auroc=0.8932 
         excl=0.7857 (0)  (1.1s)                                                
INFO           k=15: mean_max_prob=0.7177                                       
INFO           k=20: mean_max_prob=0.7321                                       
INFO           k=30: mean_max_prob=0.7347                                       
INFO           k=50: mean_max_prob=0.7308                                       
INFO       Fold 2: s1=1.0000 (t=0.50)  s2=0.8452  combined=0.8968  auroc=0.9695 
         excl=0.9444 (1)  (1.0s)                                                
INFO           k=15: mean_max_prob=0.6754                                       
INFO           k=20: mean_max_prob=0.6636                                       
INFO           k=30: mean_max_prob=0.6578                                       
INFO           k=50: mean_max_prob=0.6774                                       
INFO       Fold 3: s1=1.0000 (t=0.50)  s2=0.8333  combined=0.8889  auroc=0.9668 
         excl=0.9333 (1)  (1.0s)                                                
INFO           k=15: mean_max_prob=0.7244                                       
INFO           k=20: mean_max_prob=0.7187                                       
INFO           k=30: mean_max_prob=0.6846                                       
INFO           k=50: mean_max_prob=0.6626                                       
INFO       Fold 4: s1=1.0000 (t=0.50)  s2=0.7857  combined=0.8571  auroc=0.9487 
         excl=0.8571 (0)  (1.1s)                                                
INFO           k=15: mean_max_prob=0.6604                                       
INFO           k=20: mean_max_prob=0.6477                                       
INFO           k=30: mean_max_prob=0.6706                                       
INFO           k=50: mean_max_prob=0.6899                                       
INFO       Fold 5: s1=1.0000 (t=0.50)  s2=0.6429  combined=0.7619  auroc=0.9487 
         excl=0.7619 (0)  (1.1s)                                                
  v2_kw_nmc_kens r28 ━━━━━━━━━━━━━━━━━━━━━━━━━━━━━━━━━━━━━━━━ 100% 0:00:05
INFO                                                                            
INFO     Summary for v2_kw_nmc_kens repeat 28:                                  
INFO       Stage 1 (HER2+ vs rest):  1.0000 (+/- 0.0000)                        
INFO       Stage 2 (HR+ vs TN):      0.7571 (+/- 0.0820)                        
INFO       Combined (3-class):       0.8381 (+/- 0.0547)                        
INFO       Combined (excl mislabels): 0.8565 (+/- 0.0743)                       
INFO       Combined fold scores: [0.7857, 0.8968, 0.8889, 0.8571, 0.7619]       
INFO       Total time: 5.3s                                                     
INFO     Fold results saved to                                                  
         /data/cbotos/TB-Project/results/2026-04-24_server_run_v2/hierarchical_n
         ested_cv/data/fold_results_kw_nmc_kens_r28.csv                         
INFO     Checkpoint removed (job complete).                                     
========================================
Finished: 2026-04-24 22:07:53
Elapsed:  0h 0m 7s
Exit:     0
========================================
[HNCV-TASK-DONE] array=16123 task=227 stage2_pipeline=kw_nmc_kens repeat=28 exit=0 elapsed=7s
