========================================
Hierarchical CV - Job 165 of 400
Stage 1:  kw_rf k=5 (fixed, threshold calibrated)
Stage 2:  en_rf
Repeat:   15 / 50
Config:   /data/cbotos/TB-Project/results/2026-04-24_server_run_v2/config_snapshot_hierarchical.yaml
Run:      server_run_v2
Node:     node2
CPUs:     1
Memory:   4096MB
Work dir: /data/cbotos/TB-Project
Start:    2026-04-24 18:48:39
========================================
Running: python3 /data/cbotos/TB-Project/code/hierarchical_nested_cv_runner.py --pipeline en_rf --repeat 15 --config /data/cbotos/TB-Project/results/2026-04-24_server_run_v2/config_snapshot_hierarchical.yaml --name server_run_v2
INFO     Run: 2026-04-24_server_run_v2                                          
INFO     Config:                                                                
         /data/cbotos/TB-Project/results/2026-04-24_server_run_v2/config_snapsho
         t_hierarchical.yaml                                                    
INFO     Stage 1: kw_rf (fixed, binary HER2+ vs rest, threshold=0.5)            
INFO     Stage 2: en_rf (HR+ vs Triple Neg)                                     
INFO     Repeat seed: 15                                                        
INFO     Stage 2 grid size: 800 combinations                                    
INFO     Loading data...                                                        
INFO     Loaded 100 samples, 273 features.                                      
INFO     Classes: ['HER2+', 'HR+', 'Triple Neg']                                
INFO       HER2+: 32 samples                                                    
INFO       HR+: 36 samples                                                      
INFO       Triple Neg: 32 samples                                               
INFO     Mislabel indices verified: [(2, 'Array.67'), (4, 'Array.22')]          
INFO       Fold 1: s1=1.0000 (t=0.50)  s2=0.8333  combined=0.8889  auroc=0.9084 
         excl=0.8889 (0)  (2836.0s)                                             
INFO       Fold 2: s1=1.0000 (t=0.50)  s2=0.8333  combined=0.8889  auroc=0.9542 
         excl=0.9333 (1)  (2871.8s)                                             
INFO       Fold 3: s1=1.0000 (t=0.50)  s2=0.7083  combined=0.8056  auroc=0.9335 
         excl=0.8056 (0)  (2867.2s)                                             
INFO       Fold 4: s1=1.0000 (t=0.50)  s2=0.5000  combined=0.6667  auroc=0.7912 
         excl=0.6667 (0)  (2797.5s)                                             
INFO       Fold 5: s1=1.0000 (t=0.50)  s2=0.6429  combined=0.7619  auroc=0.8938 
         excl=0.7937 (1)  (2841.9s)                                             
  v2_en_rf r15 ━━━━━━━━━━━━━━━━━━━━━━━━━━━━━━━━━━━━━━━━ 100% 3:56:54
INFO                                                                            
INFO     Summary for v2_en_rf repeat 15:                                        
INFO       Stage 1 (HER2+ vs rest):  1.0000 (+/- 0.0000)                        
INFO       Stage 2 (HR+ vs TN):      0.7036 (+/- 0.1256)                        
INFO       Combined (3-class):       0.8024 (+/- 0.0837)                        
INFO       Combined (excl mislabels): 0.8176 (+/- 0.0916)                       
INFO       Combined fold scores: [0.8889, 0.8889, 0.8056, 0.6667, 0.7619]       
INFO       Total time: 14214.6s                                                 
INFO     Fold results saved to                                                  
         /data/cbotos/TB-Project/results/2026-04-24_server_run_v2/hierarchical_n
         ested_cv/data/fold_results_en_rf_r15.csv                               
INFO     Checkpoint removed (job complete).                                     
========================================
Finished: 2026-04-24 22:45:35
Elapsed:  3h 56m 56s
Exit:     0
========================================
[HNCV-TASK-DONE] array=16123 task=164 stage2_pipeline=en_rf repeat=15 exit=0 elapsed=14216s
