========================================
Hierarchical CV - Job 13 of 150
Stage 1:  kw_rf k=5 (fixed, threshold calibrated)
Stage 2:  kw_nmc_pens
Repeat:   13 / 50
Config:   /data/cbotos/TB-Project/results/2026-04-24_server_run_v2/config_snapshot_hierarchical.yaml
Run:      server_run_v2
Node:     node2
CPUs:     1
Memory:   4096MB
Work dir: /data/cbotos/TB-Project
Start:    2026-04-25 00:12:04
========================================
Running: python3 /data/cbotos/TB-Project/code/hierarchical_nested_cv_runner.py --pipeline kw_nmc_pens --repeat 13 --config /data/cbotos/TB-Project/results/2026-04-24_server_run_v2/config_snapshot_hierarchical.yaml --name server_run_v2
INFO     Run: 2026-04-24_server_run_v2                                          
INFO     Config:                                                                
         /data/cbotos/TB-Project/results/2026-04-24_server_run_v2/config_snapsho
         t_hierarchical.yaml                                                    
INFO     Stage 1: kw_rf (fixed, binary HER2+ vs rest, threshold=0.5)            
INFO     Stage 2: kw_nmc_pens (HR+ vs Triple Neg)                               
INFO     Repeat seed: 13                                                        
INFO     Stage 2: no GridSearchCV (ensemble pipeline)                           
INFO     Loading data...                                                        
INFO     Loaded 100 samples, 273 features.                                      
INFO     Classes: ['HER2+', 'HR+', 'Triple Neg']                                
INFO       HER2+: 32 samples                                                    
INFO       HR+: 36 samples                                                      
INFO       Triple Neg: 32 samples                                               
INFO     Mislabel indices verified: [(2, 'Array.67'), (4, 'Array.22')]          
INFO     Pooled plateau: 7 of 8 combos from 250 fold files (best=0.7264,        
         std=0.0615, threshold=0.6649)                                          
INFO       Plateau combo 1: score=0.7264, params={'selector__k': 30}            
INFO       Plateau combo 2: score=0.7220, params={'selector__k': 50}            
INFO       Plateau combo 3: score=0.7212, params={'selector__k': 20}            
INFO       Plateau combo 4: score=0.7066, params={'selector__k': 15}            
INFO       Plateau combo 5: score=0.7065, params={'selector__k': 75}            
INFO       Plateau combo 6: score=0.6950, params={'selector__k': 100}           
INFO       Plateau combo 7: score=0.6786, params={'selector__k': 10}            
INFO         Retraining 7 plateau models                                        
INFO           [1/7] n_features=30, params={'selector__k': 30}                  
INFO           [2/7] n_features=50, params={'selector__k': 50}                  
INFO           [3/7] n_features=20, params={'selector__k': 20}                  
INFO           [7/7] n_features=10, params={'selector__k': 10}                  
INFO         Plateau features: union=100, intersection=10                       
INFO       Fold 1: s1=1.0000 (t=0.50)  s2=0.7738  combined=0.8492  auroc=0.9771 
         excl=0.8492 (0)  (2.0s)                                                
INFO         Retraining 7 plateau models                                        
INFO           [1/7] n_features=30, params={'selector__k': 30}                  
INFO           [2/7] n_features=50, params={'selector__k': 50}                  
INFO           [3/7] n_features=20, params={'selector__k': 20}                  
INFO           [7/7] n_features=10, params={'selector__k': 10}                  
INFO         Plateau features: union=100, intersection=10                       
INFO       Fold 2: s1=1.0000 (t=0.50)  s2=0.7619  combined=0.8413  auroc=0.9618 
         excl=0.8889 (1)  (2.0s)                                                
INFO         Retraining 7 plateau models                                        
INFO           [1/7] n_features=30, params={'selector__k': 30}                  
INFO           [2/7] n_features=50, params={'selector__k': 50}                  
INFO           [3/7] n_features=20, params={'selector__k': 20}                  
INFO           [7/7] n_features=10, params={'selector__k': 10}                  
INFO         Plateau features: union=100, intersection=10                       
INFO       Fold 3: s1=1.0000 (t=0.50)  s2=0.5000  combined=0.6667  auroc=0.8552 
         excl=0.6667 (0)  (1.9s)                                                
INFO         Retraining 7 plateau models                                        
INFO           [1/7] n_features=30, params={'selector__k': 30}                  
INFO           [2/7] n_features=50, params={'selector__k': 50}                  
INFO           [3/7] n_features=20, params={'selector__k': 20}                  
INFO           [7/7] n_features=10, params={'selector__k': 10}                  
INFO         Plateau features: union=100, intersection=10                       
INFO       Fold 4: s1=1.0000 (t=0.50)  s2=0.7857  combined=0.8571  auroc=0.9634 
         excl=0.8571 (0)  (1.5s)                                                
INFO         Retraining 7 plateau models                                        
INFO           [1/7] n_features=30, params={'selector__k': 30}                  
INFO           [2/7] n_features=50, params={'selector__k': 50}                  
INFO           [3/7] n_features=20, params={'selector__k': 20}                  
INFO           [7/7] n_features=10, params={'selector__k': 10}                  
INFO         Plateau features: union=100, intersection=10                       
INFO       Fold 5: s1=1.0000 (t=0.50)  s2=0.5000  combined=0.6667  auroc=0.8132 
         excl=0.6825 (1)  (1.6s)                                                
  v2_kw_nmc_pens r13 ━━━━━━━━━━━━━━━━━━━━━━━━━━━━━━━━━━━━━━━━ 100% 0:00:09
INFO                                                                            
INFO     Summary for v2_kw_nmc_pens repeat 13:                                  
INFO       Stage 1 (HER2+ vs rest):  1.0000 (+/- 0.0000)                        
INFO       Stage 2 (HR+ vs TN):      0.6643 (+/- 0.1343)                        
INFO       Combined (3-class):       0.7762 (+/- 0.0896)                        
INFO       Combined (excl mislabels): 0.7889 (+/- 0.0944)                       
INFO       Combined fold scores: [0.8492, 0.8413, 0.6667, 0.8571, 0.6667]       
INFO       Total time: 9.1s                                                     
INFO     Fold results saved to                                                  
         /data/cbotos/TB-Project/results/2026-04-24_server_run_v2/hierarchical_n
         ested_cv/data/fold_results_kw_nmc_pens_r13.csv                         
INFO     Checkpoint removed (job complete).                                     
========================================
Finished: 2026-04-25 00:12:21
Elapsed:  0h 0m 17s
Exit:     0
========================================
[HNCV-TASK-DONE] array=16529 task=12 stage2_pipeline=kw_nmc_pens repeat=13 exit=0 elapsed=17s
