========================================
Hierarchical CV - Job 252 of 400
Stage 1:  kw_rf k=5 (fixed, threshold calibrated)
Stage 2:  nmc_ensemble
Repeat:   2 / 50
Config:   /data/cbotos/TB-Project/results/2026-04-24_server_run_v2/config_snapshot_hierarchical.yaml
Run:      server_run_v2
Node:     node3
CPUs:     1
Memory:   4096MB
Work dir: /data/cbotos/TB-Project
Start:    2026-04-24 22:08:20
========================================
Running: python3 /data/cbotos/TB-Project/code/hierarchical_nested_cv_runner.py --pipeline nmc_ensemble --repeat 2 --config /data/cbotos/TB-Project/results/2026-04-24_server_run_v2/config_snapshot_hierarchical.yaml --name server_run_v2
INFO     Run: 2026-04-24_server_run_v2                                          
INFO     Config:                                                                
         /data/cbotos/TB-Project/results/2026-04-24_server_run_v2/config_snapsho
         t_hierarchical.yaml                                                    
INFO     Stage 1: kw_rf (fixed, binary HER2+ vs rest, threshold=0.5)            
INFO     Stage 2: nmc_ensemble (HR+ vs Triple Neg)                              
INFO     Repeat seed: 2                                                         
INFO     Stage 2: no GridSearchCV (ensemble pipeline)                           
INFO     Loading data...                                                        
INFO     Loaded 100 samples, 273 features.                                      
INFO     Classes: ['HER2+', 'HR+', 'Triple Neg']                                
INFO       HER2+: 32 samples                                                    
INFO       HR+: 36 samples                                                      
INFO       Triple Neg: 32 samples                                               
INFO     Mislabel indices verified: [(2, 'Array.67'), (4, 'Array.22')]          
INFO         Pipeline ensemble component 1: KW k-ensemble                       
INFO           k=15: mean_max_prob=0.6540                                       
INFO           k=20: mean_max_prob=0.6502                                       
INFO           k=30: mean_max_prob=0.6563                                       
INFO           k=50: mean_max_prob=0.6494                                       
INFO         Pipeline ensemble component 2: EN+NMC GridSearchCV                 
INFO         Ensemble mean_max_prob: kens=0.6369, en=0.6322, ratio=1.01         
INFO       Fold 1: s1=1.0000 (t=0.50)  s2=0.6310  combined=0.7540  auroc=0.9274 
         excl=0.7540 (0)  (176.7s)                                              
INFO         Pipeline ensemble component 1: KW k-ensemble                       
INFO           k=15: mean_max_prob=0.6980                                       
INFO           k=20: mean_max_prob=0.7052                                       
INFO           k=30: mean_max_prob=0.6915                                       
INFO           k=50: mean_max_prob=0.6782                                       
INFO         Pipeline ensemble component 2: EN+NMC GridSearchCV                 
INFO         Ensemble mean_max_prob: kens=0.6881, en=0.6563, ratio=1.05         
INFO       Fold 2: s1=1.0000 (t=0.50)  s2=0.8452  combined=0.8968  auroc=0.9924 
         excl=0.8968 (0)  (184.8s)                                              
INFO         Pipeline ensemble component 1: KW k-ensemble                       
INFO           k=15: mean_max_prob=0.7075                                       
INFO           k=20: mean_max_prob=0.7185                                       
INFO           k=30: mean_max_prob=0.7462                                       
INFO           k=50: mean_max_prob=0.7504                                       
INFO         Pipeline ensemble component 2: EN+NMC GridSearchCV                 
INFO         Ensemble mean_max_prob: kens=0.7170, en=0.6659, ratio=1.08         
INFO       Fold 3: s1=1.0000 (t=0.50)  s2=0.6250  combined=0.7500  auroc=0.8844 
         excl=0.7500 (0)  (181.3s)                                              
INFO         Pipeline ensemble component 1: KW k-ensemble                       
INFO           k=15: mean_max_prob=0.7171                                       
INFO           k=20: mean_max_prob=0.7179                                       
INFO           k=30: mean_max_prob=0.7160                                       
INFO           k=50: mean_max_prob=0.7165                                       
INFO         Pipeline ensemble component 2: EN+NMC GridSearchCV                 
INFO         Ensemble mean_max_prob: kens=0.7081, en=0.6868, ratio=1.03         
INFO       Fold 4: s1=1.0000 (t=0.50)  s2=0.6429  combined=0.7619  auroc=0.9121 
         excl=0.7619 (0)  (166.7s)                                              
INFO         Pipeline ensemble component 1: KW k-ensemble                       
INFO           k=15: mean_max_prob=0.7072                                       
INFO           k=20: mean_max_prob=0.7286                                       
INFO           k=30: mean_max_prob=0.7194                                       
INFO           k=50: mean_max_prob=0.6996                                       
INFO         Pipeline ensemble component 2: EN+NMC GridSearchCV                 
INFO         Ensemble mean_max_prob: kens=0.7120, en=0.6888, ratio=1.03         
INFO       Fold 5: s1=1.0000 (t=0.50)  s2=0.7857  combined=0.8571  auroc=0.9560 
         excl=0.9444 (2)  (182.1s)                                              
  v2_nmc_ensemble r2 ━━━━━━━━━━━━━━━━━━━━━━━━━━━━━━━━━━━━━━━━ 100% 0:14:51
INFO                                                                            
INFO     Summary for v2_nmc_ensemble repeat 2:                                  
INFO       Stage 1 (HER2+ vs rest):  1.0000 (+/- 0.0000)                        
INFO       Stage 2 (HR+ vs TN):      0.7060 (+/- 0.0916)                        
INFO       Combined (3-class):       0.8040 (+/- 0.0610)                        
INFO       Combined (excl mislabels): 0.8214 (+/- 0.0825)                       
INFO       Combined fold scores: [0.754, 0.8968, 0.75, 0.7619, 0.8571]          
INFO       Total time: 891.6s                                                   
INFO     Fold results saved to                                                  
         /data/cbotos/TB-Project/results/2026-04-24_server_run_v2/hierarchical_n
         ested_cv/data/fold_results_nmc_ensemble_r2.csv                         
INFO     Checkpoint removed (job complete).                                     
========================================
Finished: 2026-04-24 22:23:13
Elapsed:  0h 14m 53s
Exit:     0
========================================
[HNCV-TASK-DONE] array=16123 task=251 stage2_pipeline=nmc_ensemble repeat=2 exit=0 elapsed=893s
