========================================
Hierarchical CV - Job 64 of 150
Stage 1:  kw_rf k=5 (fixed, threshold calibrated)
Stage 2:  standalone_en_pens
Repeat:   14 / 50
Config:   /data/cbotos/TB-Project/results/2026-04-24_server_run_v2/config_snapshot_hierarchical.yaml
Run:      server_run_v2
Node:     node3
CPUs:     1
Memory:   4096MB
Work dir: /data/cbotos/TB-Project
Start:    2026-04-25 00:12:22
========================================
Running: python3 /data/cbotos/TB-Project/code/hierarchical_nested_cv_runner.py --pipeline standalone_en_pens --repeat 14 --config /data/cbotos/TB-Project/results/2026-04-24_server_run_v2/config_snapshot_hierarchical.yaml --name server_run_v2
INFO     Run: 2026-04-24_server_run_v2                                          
INFO     Config:                                                                
         /data/cbotos/TB-Project/results/2026-04-24_server_run_v2/config_snapsho
         t_hierarchical.yaml                                                    
INFO     Stage 1: kw_rf (fixed, binary HER2+ vs rest, threshold=0.5)            
INFO     Stage 2: standalone_en_pens (HR+ vs Triple Neg)                        
INFO     Repeat seed: 14                                                        
INFO     Stage 2: no GridSearchCV (ensemble pipeline)                           
INFO     Loading data...                                                        
INFO     Loaded 100 samples, 273 features.                                      
INFO     Classes: ['HER2+', 'HR+', 'Triple Neg']                                
INFO       HER2+: 32 samples                                                    
INFO       HR+: 36 samples                                                      
INFO       Triple Neg: 32 samples                                               
INFO     Mislabel indices verified: [(2, 'Array.67'), (4, 'Array.22')]          
INFO     Pooled plateau capped: 30 -> 15 combos                                 
INFO     Pooled plateau: 15 of 50 combos from 250 fold files (best=0.7583,      
         std=0.0507, threshold=0.7075)                                          
INFO       Plateau combo 1: score=0.7583, params={'clf__C': 0.0464159,          
         'clf__l1_ratio': 0.1}                                                  
INFO       Plateau combo 2: score=0.7456, params={'clf__C': 0.16681,            
         'clf__l1_ratio': 0.1}                                                  
INFO       Plateau combo 3: score=0.7452, params={'clf__C': 0.16681,            
         'clf__l1_ratio': 0.3}                                                  
INFO       Plateau combo 4: score=0.7395, params={'clf__C': 0.599484,           
         'clf__l1_ratio': 0.3}                                                  
INFO       Plateau combo 5: score=0.7388, params={'clf__C': 0.599484,           
         'clf__l1_ratio': 0.1}                                                  
INFO       Plateau combo 6: score=0.7383, params={'clf__C': 0.16681,            
         'clf__l1_ratio': 0.5}                                                  
INFO       Plateau combo 7: score=0.7376, params={'clf__C': 2.15443,            
         'clf__l1_ratio': 0.1}                                                  
INFO       Plateau combo 8: score=0.7367, params={'clf__C': 27.8256,            
         'clf__l1_ratio': 0.5}                                                  
INFO       Plateau combo 9: score=0.7365, params={'clf__C': 0.599484,           
         'clf__l1_ratio': 0.5}                                                  
INFO       Plateau combo 10: score=0.7356, params={'clf__C': 27.8256,           
         'clf__l1_ratio': 0.7}                                                  
INFO       Plateau combo 11: score=0.7350, params={'clf__C': 100.0,             
         'clf__l1_ratio': 0.9}                                                  
INFO       Plateau combo 12: score=0.7350, params={'clf__C': 7.74264,           
         'clf__l1_ratio': 0.3}                                                  
INFO       Plateau combo 13: score=0.7349, params={'clf__C': 27.8256,           
         'clf__l1_ratio': 0.3}                                                  
INFO       Plateau combo 14: score=0.7349, params={'clf__C': 7.74264,           
         'clf__l1_ratio': 0.1}                                                  
INFO       Plateau combo 15: score=0.7343, params={'clf__C': 2.15443,           
         'clf__l1_ratio': 0.3}                                                  
INFO         Retraining 15 plateau models                                       
INFO           [1/15] n_features=78, params={'clf__C': 0.0464159,               
         'clf__l1_ratio': 0.1}                                                  
INFO           [2/15] n_features=123, params={'clf__C': 0.16681,                
         'clf__l1_ratio': 0.1}                                                  
INFO           [3/15] n_features=55, params={'clf__C': 0.16681, 'clf__l1_ratio':
         0.3}                                                                   
INFO           [15/15] n_features=102, params={'clf__C': 2.15443,               
         'clf__l1_ratio': 0.3}                                                  
INFO         Plateau features: union=235, intersection=32                       
INFO       Fold 1: s1=1.0000 (t=0.50)  s2=0.7024  combined=0.8016  auroc=0.9542 
         excl=0.8016 (0)  (4.9s)                                                
INFO         Retraining 15 plateau models                                       
INFO           [1/15] n_features=70, params={'clf__C': 0.0464159,               
         'clf__l1_ratio': 0.1}                                                  
INFO           [2/15] n_features=122, params={'clf__C': 0.16681,                
         'clf__l1_ratio': 0.1}                                                  
INFO           [3/15] n_features=44, params={'clf__C': 0.16681, 'clf__l1_ratio':
         0.3}                                                                   
INFO           [15/15] n_features=103, params={'clf__C': 2.15443,               
         'clf__l1_ratio': 0.3}                                                  
INFO         Plateau features: union=235, intersection=32                       
INFO       Fold 2: s1=1.0000 (t=0.50)  s2=0.6071  combined=0.7381  auroc=0.8852 
         excl=0.7381 (0)  (3.7s)                                                
INFO         Retraining 15 plateau models                                       
INFO           [1/15] n_features=67, params={'clf__C': 0.0464159,               
         'clf__l1_ratio': 0.1}                                                  
INFO           [2/15] n_features=122, params={'clf__C': 0.16681,                
         'clf__l1_ratio': 0.1}                                                  
INFO           [3/15] n_features=51, params={'clf__C': 0.16681, 'clf__l1_ratio':
         0.3}                                                                   
INFO           [15/15] n_features=106, params={'clf__C': 2.15443,               
         'clf__l1_ratio': 0.3}                                                  
INFO         Plateau features: union=238, intersection=28                       
INFO       Fold 3: s1=1.0000 (t=0.50)  s2=0.8542  combined=0.9028  auroc=0.9628 
         excl=0.9028 (0)  (3.9s)                                                
INFO         Retraining 15 plateau models                                       
INFO           [1/15] n_features=70, params={'clf__C': 0.0464159,               
         'clf__l1_ratio': 0.1}                                                  
INFO           [2/15] n_features=118, params={'clf__C': 0.16681,                
         'clf__l1_ratio': 0.1}                                                  
INFO           [3/15] n_features=47, params={'clf__C': 0.16681, 'clf__l1_ratio':
         0.3}                                                                   
INFO           [15/15] n_features=107, params={'clf__C': 2.15443,               
         'clf__l1_ratio': 0.3}                                                  
INFO         Plateau features: union=230, intersection=22                       
INFO       Fold 4: s1=1.0000 (t=0.50)  s2=0.8571  combined=0.9048  auroc=0.9707 
         excl=0.9524 (1)  (3.7s)                                                
INFO         Retraining 15 plateau models                                       
INFO           [1/15] n_features=76, params={'clf__C': 0.0464159,               
         'clf__l1_ratio': 0.1}                                                  
INFO           [2/15] n_features=117, params={'clf__C': 0.16681,                
         'clf__l1_ratio': 0.1}                                                  
INFO           [3/15] n_features=56, params={'clf__C': 0.16681, 'clf__l1_ratio':
         0.3}                                                                   
INFO           [15/15] n_features=97, params={'clf__C': 2.15443,                
         'clf__l1_ratio': 0.3}                                                  
INFO         Plateau features: union=224, intersection=32                       
INFO       Fold 5: s1=1.0000 (t=0.50)  s2=0.6429  combined=0.7619  auroc=0.8828 
         excl=0.8016 (1)  (3.8s)                                                
  v2_standalone_en_pens r14 ━━━━━━━━━━━━━━━━━━━━━━━━━━━━━━━━━━━━━━━ 100% 0:00:20
INFO                                                                            
INFO     Summary for v2_standalone_en_pens repeat 14:                           
INFO       Stage 1 (HER2+ vs rest):  1.0000 (+/- 0.0000)                        
INFO       Stage 2 (HR+ vs TN):      0.7327 (+/- 0.1049)                        
INFO       Combined (3-class):       0.8218 (+/- 0.0699)                        
INFO       Combined (excl mislabels): 0.8393 (+/- 0.0773)                       
INFO       Combined fold scores: [0.8016, 0.7381, 0.9028, 0.9048, 0.7619]       
INFO       Total time: 20.1s                                                    
INFO     Fold results saved to                                                  
         /data/cbotos/TB-Project/results/2026-04-24_server_run_v2/hierarchical_n
         ested_cv/data/fold_results_standalone_en_pens_r14.csv                  
INFO     Checkpoint removed (job complete).                                     
========================================
Finished: 2026-04-25 00:12:45
Elapsed:  0h 0m 23s
Exit:     0
========================================
[HNCV-TASK-DONE] array=16529 task=63 stage2_pipeline=standalone_en_pens repeat=14 exit=0 elapsed=23s
