========================================
Hierarchical CV - Job 223 of 400
Stage 1:  kw_rf k=5 (fixed, threshold calibrated)
Stage 2:  kw_nmc_kens
Repeat:   23 / 50
Config:   /data/cbotos/TB-Project/results/2026-04-24_server_run_v2/config_snapshot_hierarchical.yaml
Run:      server_run_v2
Node:     node3
CPUs:     1
Memory:   4096MB
Work dir: /data/cbotos/TB-Project
Start:    2026-04-24 22:07:38
========================================
Running: python3 /data/cbotos/TB-Project/code/hierarchical_nested_cv_runner.py --pipeline kw_nmc_kens --repeat 23 --config /data/cbotos/TB-Project/results/2026-04-24_server_run_v2/config_snapshot_hierarchical.yaml --name server_run_v2
INFO     Run: 2026-04-24_server_run_v2                                          
INFO     Config:                                                                
         /data/cbotos/TB-Project/results/2026-04-24_server_run_v2/config_snapsho
         t_hierarchical.yaml                                                    
INFO     Stage 1: kw_rf (fixed, binary HER2+ vs rest, threshold=0.5)            
INFO     Stage 2: kw_nmc_kens (HR+ vs Triple Neg)                               
INFO     Repeat seed: 23                                                        
INFO     Stage 2: no GridSearchCV (ensemble pipeline)                           
INFO     Loading data...                                                        
INFO     Loaded 100 samples, 273 features.                                      
INFO     Classes: ['HER2+', 'HR+', 'Triple Neg']                                
INFO       HER2+: 32 samples                                                    
INFO       HR+: 36 samples                                                      
INFO       Triple Neg: 32 samples                                               
INFO     Mislabel indices verified: [(2, 'Array.67'), (4, 'Array.22')]          
INFO           k=15: mean_max_prob=0.6948                                       
INFO           k=20: mean_max_prob=0.6746                                       
INFO           k=30: mean_max_prob=0.7058                                       
INFO           k=50: mean_max_prob=0.6939                                       
INFO       Fold 1: s1=1.0000 (t=0.50)  s2=1.0000  combined=1.0000  auroc=1.0000 
         excl=1.0000 (0)  (1.1s)                                                
INFO           k=15: mean_max_prob=0.7227                                       
INFO           k=20: mean_max_prob=0.7227                                       
INFO           k=30: mean_max_prob=0.7311                                       
INFO           k=50: mean_max_prob=0.6843                                       
INFO       Fold 2: s1=1.0000 (t=0.50)  s2=0.7857  combined=0.8571  auroc=0.9777 
         excl=0.8889 (1)  (1.0s)                                                
INFO           k=15: mean_max_prob=0.6421                                       
INFO           k=20: mean_max_prob=0.6446                                       
INFO           k=30: mean_max_prob=0.6615                                       
INFO           k=50: mean_max_prob=0.6786                                       
INFO       Fold 3: s1=1.0000 (t=0.50)  s2=0.5417  combined=0.6944  auroc=0.9301 
         excl=0.7167 (1)  (1.0s)                                                
INFO           k=15: mean_max_prob=0.7059                                       
INFO           k=20: mean_max_prob=0.6987                                       
INFO           k=30: mean_max_prob=0.6919                                       
INFO           k=50: mean_max_prob=0.6778                                       
INFO       Fold 4: s1=1.0000 (t=0.50)  s2=0.6429  combined=0.7619  auroc=0.9267 
         excl=0.7619 (0)  (1.0s)                                                
INFO           k=15: mean_max_prob=0.7181                                       
INFO           k=20: mean_max_prob=0.7409                                       
INFO           k=30: mean_max_prob=0.7299                                       
INFO           k=50: mean_max_prob=0.6962                                       
INFO       Fold 5: s1=1.0000 (t=0.50)  s2=0.7857  combined=0.8571  auroc=0.9744 
         excl=0.8571 (0)  (1.1s)                                                
  v2_kw_nmc_kens r23 ━━━━━━━━━━━━━━━━━━━━━━━━━━━━━━━━━━━━━━━━ 100% 0:00:05
INFO                                                                            
INFO     Summary for v2_kw_nmc_kens repeat 23:                                  
INFO       Stage 1 (HER2+ vs rest):  1.0000 (+/- 0.0000)                        
INFO       Stage 2 (HR+ vs TN):      0.7512 (+/- 0.1549)                        
INFO       Combined (3-class):       0.8341 (+/- 0.1032)                        
INFO       Combined (excl mislabels): 0.8449 (+/- 0.0995)                       
INFO       Combined fold scores: [1.0, 0.8571, 0.6944, 0.7619, 0.8571]          
INFO       Total time: 5.1s                                                     
INFO     Fold results saved to                                                  
         /data/cbotos/TB-Project/results/2026-04-24_server_run_v2/hierarchical_n
         ested_cv/data/fold_results_kw_nmc_kens_r23.csv                         
INFO     Checkpoint removed (job complete).                                     
========================================
Finished: 2026-04-24 22:07:44
Elapsed:  0h 0m 6s
Exit:     0
========================================
[HNCV-TASK-DONE] array=16123 task=222 stage2_pipeline=kw_nmc_kens repeat=23 exit=0 elapsed=6s
