========================================
Hierarchical CV - Job 248 of 400
Stage 1:  kw_rf k=5 (fixed, threshold calibrated)
Stage 2:  kw_nmc_kens
Repeat:   48 / 50
Config:   /data/cbotos/TB-Project/results/2026-04-24_server_run_v2/config_snapshot_hierarchical.yaml
Run:      server_run_v2
Node:     node3
CPUs:     1
Memory:   4096MB
Work dir: /data/cbotos/TB-Project
Start:    2026-04-24 22:08:12
========================================
Running: python3 /data/cbotos/TB-Project/code/hierarchical_nested_cv_runner.py --pipeline kw_nmc_kens --repeat 48 --config /data/cbotos/TB-Project/results/2026-04-24_server_run_v2/config_snapshot_hierarchical.yaml --name server_run_v2
INFO     Run: 2026-04-24_server_run_v2                                          
INFO     Config:                                                                
         /data/cbotos/TB-Project/results/2026-04-24_server_run_v2/config_snapsho
         t_hierarchical.yaml                                                    
INFO     Stage 1: kw_rf (fixed, binary HER2+ vs rest, threshold=0.5)            
INFO     Stage 2: kw_nmc_kens (HR+ vs Triple Neg)                               
INFO     Repeat seed: 48                                                        
INFO     Stage 2: no GridSearchCV (ensemble pipeline)                           
INFO     Loading data...                                                        
INFO     Loaded 100 samples, 273 features.                                      
INFO     Classes: ['HER2+', 'HR+', 'Triple Neg']                                
INFO       HER2+: 32 samples                                                    
INFO       HR+: 36 samples                                                      
INFO       Triple Neg: 32 samples                                               
INFO     Mislabel indices verified: [(2, 'Array.67'), (4, 'Array.22')]          
INFO           k=15: mean_max_prob=0.7115                                       
INFO           k=20: mean_max_prob=0.7060                                       
INFO           k=30: mean_max_prob=0.6748                                       
INFO           k=50: mean_max_prob=0.6596                                       
INFO       Fold 1: s1=1.0000 (t=0.50)  s2=0.5476  combined=0.6984  auroc=0.9084 
         excl=0.7667 (2)  (1.0s)                                                
INFO           k=15: mean_max_prob=0.6705                                       
INFO           k=20: mean_max_prob=0.6813                                       
INFO           k=30: mean_max_prob=0.6771                                       
INFO           k=50: mean_max_prob=0.6974                                       
INFO       Fold 2: s1=1.0000 (t=0.50)  s2=0.7024  combined=0.8016  auroc=0.9771 
         excl=0.8016 (0)  (1.0s)                                                
INFO           k=15: mean_max_prob=0.7211                                       
INFO           k=20: mean_max_prob=0.7384                                       
INFO           k=30: mean_max_prob=0.7170                                       
INFO           k=50: mean_max_prob=0.7168                                       
INFO       Fold 3: s1=1.0000 (t=0.50)  s2=0.8333  combined=0.8889  auroc=0.9926 
         excl=0.8889 (0)  (1.0s)                                                
INFO           k=15: mean_max_prob=0.6775                                       
INFO           k=20: mean_max_prob=0.6663                                       
INFO           k=30: mean_max_prob=0.6714                                       
INFO           k=50: mean_max_prob=0.6495                                       
INFO       Fold 4: s1=1.0000 (t=0.50)  s2=0.8571  combined=0.9048  auroc=0.9780 
         excl=0.9048 (0)  (1.1s)                                                
INFO           k=15: mean_max_prob=0.7013                                       
INFO           k=20: mean_max_prob=0.7112                                       
INFO           k=30: mean_max_prob=0.6927                                       
INFO           k=50: mean_max_prob=0.6952                                       
INFO       Fold 5: s1=1.0000 (t=0.50)  s2=0.8571  combined=0.9048  auroc=0.9707 
         excl=0.9048 (0)  (1.1s)                                                
  v2_kw_nmc_kens r48 ━━━━━━━━━━━━━━━━━━━━━━━━━━━━━━━━━━━━━━━━ 100% 0:00:05
INFO                                                                            
INFO     Summary for v2_kw_nmc_kens repeat 48:                                  
INFO       Stage 1 (HER2+ vs rest):  1.0000 (+/- 0.0000)                        
INFO       Stage 2 (HR+ vs TN):      0.7595 (+/- 0.1206)                        
INFO       Combined (3-class):       0.8397 (+/- 0.0804)                        
INFO       Combined (excl mislabels): 0.8533 (+/- 0.0579)                       
INFO       Combined fold scores: [0.6984, 0.8016, 0.8889, 0.9048, 0.9048]       
INFO       Total time: 5.3s                                                     
INFO     Fold results saved to                                                  
         /data/cbotos/TB-Project/results/2026-04-24_server_run_v2/hierarchical_n
         ested_cv/data/fold_results_kw_nmc_kens_r48.csv                         
INFO     Checkpoint removed (job complete).                                     
========================================
Finished: 2026-04-24 22:08:19
Elapsed:  0h 0m 7s
Exit:     0
========================================
[HNCV-TASK-DONE] array=16123 task=247 stage2_pipeline=kw_nmc_kens repeat=48 exit=0 elapsed=7s
