========================================
PENS Comparison - Job 78 of 200
Pipeline:       en_nmc_pens
Plateau size:   200 (--max-plateau-size 200)
Repeat seed:    1078
Config:         /data/cbotos/TB-Project/results/2026-04-24_server_run_v2/config_snapshot_pens_comparison.yaml
Run:            server_run_v2
Node:           node1
Start:          2026-05-10 00:59:55
========================================
Running: python3 /data/cbotos/TB-Project/code/hierarchical_nested_cv_runner.py --pipeline en_nmc_pens --repeat 1078 --config /data/cbotos/TB-Project/results/2026-04-24_server_run_v2/config_snapshot_pens_comparison.yaml --name server_run_v2 --max-plateau-size 200 --skip-if-complete
INFO     Starting hierarchical_nested_cv_runner (git: db228813).                
INFO     Run: 2026-04-24_server_run_v2                                          
INFO     Config:                                                                
         /data/cbotos/TB-Project/results/2026-04-24_server_run_v2/config_snapsho
         t_pens_comparison.yaml                                                 
INFO     Stage 1: kw_rf (fixed, binary HER2+ vs rest, threshold=0.5)            
INFO     Stage 2: en_nmc_pens (HR+ vs Triple Neg)                               
INFO     Plateau size override: 200                                             
INFO     Output tag: en_nmc_pens_p200                                           
INFO     Repeat seed: 1078                                                      
INFO     Stage 2: no GridSearchCV (ensemble pipeline)                           
INFO     Loading data...                                                        
INFO     Loaded 100 samples, 273 features.                                      
INFO     Classes: ['HER2+', 'HR+', 'Triple Neg']                                
INFO       HER2+: 32 samples                                                    
INFO       HR+: 36 samples                                                      
INFO       Triple Neg: 32 samples                                               
INFO     Mislabel indices verified: [(2, 'Array.67'), (4, 'Array.22'), (45,     
         'Array.113')]                                                          
INFO     Pooled plateau: 80 of 200 combos from 250 fold files (best=0.7476,     
         std=0.0547, threshold=0.6929)                                          
INFO       Plateau combo 1: score=0.7476, params={'selector__C': 0.0464159,     
         'selector__l1_ratio': 0.1, 'selector__top_k': 50}                      
INFO       Plateau combo 2: score=0.7459, params={'selector__C': 0.16681,       
         'selector__l1_ratio': 0.3, 'selector__top_k': 50}                      
INFO       Plateau combo 3: score=0.7434, params={'selector__C': 0.599484,      
         'selector__l1_ratio': 0.7, 'selector__top_k': 50}                      
INFO       Plateau combo 4: score=0.7427, params={'selector__C': 0.0464159,     
         'selector__l1_ratio': 0.1, 'selector__top_k': 20}                      
INFO       Plateau combo 5: score=0.7427, params={'selector__C': 0.16681,       
         'selector__l1_ratio': 0.1, 'selector__top_k': 50}                      
INFO       Plateau combo 6: score=0.7414, params={'selector__C': 100.0,         
         'selector__l1_ratio': 0.1, 'selector__top_k': 50}                      
INFO       Plateau combo 7: score=0.7409, params={'selector__C': 100.0,         
         'selector__l1_ratio': 0.3, 'selector__top_k': 50}                      
INFO       Plateau combo 8: score=0.7405, params={'selector__C': 100.0,         
         'selector__l1_ratio': 0.7, 'selector__top_k': 50}                      
INFO       Plateau combo 9: score=0.7405, params={'selector__C': 0.16681,       
         'selector__l1_ratio': 0.5, 'selector__top_k': 50}                      
INFO       Plateau combo 10: score=0.7404, params={'selector__C': 0.599484,     
         'selector__l1_ratio': 0.1, 'selector__top_k': 50}                      
INFO       Plateau combo 11: score=0.7402, params={'selector__C': 27.8256,      
         'selector__l1_ratio': 0.1, 'selector__top_k': 50}                      
INFO       Plateau combo 12: score=0.7399, params={'selector__C': 100.0,        
         'selector__l1_ratio': 0.5, 'selector__top_k': 50}                      
INFO       Plateau combo 13: score=0.7398, params={'selector__C': 7.74264,      
         'selector__l1_ratio': 0.1, 'selector__top_k': 50}                      
INFO       Plateau combo 14: score=0.7397, params={'selector__C': 0.16681,      
         'selector__l1_ratio': 0.5, 'selector__top_k': 20}                      
INFO       Plateau combo 15: score=0.7388, params={'selector__C': 27.8256,      
         'selector__l1_ratio': 0.5, 'selector__top_k': 50}                      
INFO       Plateau combo 16: score=0.7387, params={'selector__C': 2.15443,      
         'selector__l1_ratio': 0.1, 'selector__top_k': 50}                      
INFO       Plateau combo 17: score=0.7385, params={'selector__C': 0.599484,     
         'selector__l1_ratio': 0.5, 'selector__top_k': 50}                      
INFO       Plateau combo 18: score=0.7384, params={'selector__C': 0.599484,     
         'selector__l1_ratio': 0.9, 'selector__top_k': 50}                      
INFO       Plateau combo 19: score=0.7383, params={'selector__C': 100.0,        
         'selector__l1_ratio': 0.9, 'selector__top_k': 50}                      
INFO       Plateau combo 20: score=0.7383, params={'selector__C': 2.15443,      
         'selector__l1_ratio': 0.9, 'selector__top_k': 50}                      
INFO       Plateau combo 21: score=0.7380, params={'selector__C': 27.8256,      
         'selector__l1_ratio': 0.3, 'selector__top_k': 50}                      
INFO       Plateau combo 22: score=0.7362, params={'selector__C': 0.599484,     
         'selector__l1_ratio': 0.3, 'selector__top_k': 50}                      
INFO       Plateau combo 23: score=0.7356, params={'selector__C': 0.16681,      
         'selector__l1_ratio': 0.3, 'selector__top_k': 20}                      
INFO       Plateau combo 24: score=0.7339, params={'selector__C': 2.15443,      
         'selector__l1_ratio': 0.7, 'selector__top_k': 50}                      
INFO       Plateau combo 25: score=0.7334, params={'selector__C': 0.16681,      
         'selector__l1_ratio': 0.7, 'selector__top_k': 50}                      
INFO       Plateau combo 26: score=0.7329, params={'selector__C': 7.74264,      
         'selector__l1_ratio': 0.3, 'selector__top_k': 50}                      
INFO       Plateau combo 27: score=0.7328, params={'selector__C': 0.16681,      
         'selector__l1_ratio': 0.7, 'selector__top_k': 20}                      
INFO       Plateau combo 28: score=0.7324, params={'selector__C': 2.15443,      
         'selector__l1_ratio': 0.3, 'selector__top_k': 50}                      
INFO       Plateau combo 29: score=0.7321, params={'selector__C': 27.8256,      
         'selector__l1_ratio': 0.7, 'selector__top_k': 50}                      
INFO       Plateau combo 30: score=0.7303, params={'selector__C': 0.599484,     
         'selector__l1_ratio': 0.9, 'selector__top_k': 20}                      
INFO       Plateau combo 31: score=0.7301, params={'selector__C': 0.599484,     
         'selector__l1_ratio': 0.7, 'selector__top_k': 20}                      
INFO       Plateau combo 32: score=0.7300, params={'selector__C': 0.16681,      
         'selector__l1_ratio': 0.1, 'selector__top_k': 20}                      
INFO       Plateau combo 33: score=0.7298, params={'selector__C': 27.8256,      
         'selector__l1_ratio': 0.9, 'selector__top_k': 50}                      
INFO       Plateau combo 34: score=0.7297, params={'selector__C': 2.15443,      
         'selector__l1_ratio': 0.5, 'selector__top_k': 50}                      
INFO       Plateau combo 35: score=0.7296, params={'selector__C': 7.74264,      
         'selector__l1_ratio': 0.5, 'selector__top_k': 50}                      
INFO       Plateau combo 36: score=0.7294, params={'selector__C': 0.599484,     
         'selector__l1_ratio': 0.5, 'selector__top_k': 20}                      
INFO       Plateau combo 37: score=0.7286, params={'selector__C': 7.74264,      
         'selector__l1_ratio': 0.9, 'selector__top_k': 50}                      
INFO       Plateau combo 38: score=0.7281, params={'selector__C': 2.15443,      
         'selector__l1_ratio': 0.9, 'selector__top_k': 20}                      
INFO       Plateau combo 39: score=0.7280, params={'selector__C': 0.0464159,    
         'selector__l1_ratio': 0.3, 'selector__top_k': 50}                      
INFO       Plateau combo 40: score=0.7280, params={'selector__C': 7.74264,      
         'selector__l1_ratio': 0.7, 'selector__top_k': 50}                      
INFO       Plateau combo 41: score=0.7270, params={'selector__C': 2.15443,      
         'selector__l1_ratio': 0.7, 'selector__top_k': 20}                      
INFO       Plateau combo 42: score=0.7253, params={'selector__C': 0.0464159,    
         'selector__l1_ratio': 0.3, 'selector__top_k': 20}                      
INFO       Plateau combo 43: score=0.7243, params={'selector__C': 0.16681,      
         'selector__l1_ratio': 0.9, 'selector__top_k': 50}                      
INFO       Plateau combo 44: score=0.7238, params={'selector__C': 0.599484,     
         'selector__l1_ratio': 0.3, 'selector__top_k': 20}                      
INFO       Plateau combo 45: score=0.7237, params={'selector__C': 2.15443,      
         'selector__l1_ratio': 0.5, 'selector__top_k': 20}                      
INFO       Plateau combo 46: score=0.7236, params={'selector__C': 0.16681,      
         'selector__l1_ratio': 0.9, 'selector__top_k': 20}                      
INFO       Plateau combo 47: score=0.7232, params={'selector__C': 7.74264,      
         'selector__l1_ratio': 0.9, 'selector__top_k': 20}                      
INFO       Plateau combo 48: score=0.7221, params={'selector__C': 7.74264,      
         'selector__l1_ratio': 0.7, 'selector__top_k': 20}                      
INFO       Plateau combo 49: score=0.7210, params={'selector__C': 0.16681,      
         'selector__l1_ratio': 0.9, 'selector__top_k': 10}                      
INFO       Plateau combo 50: score=0.7205, params={'selector__C': 0.599484,     
         'selector__l1_ratio': 0.1, 'selector__top_k': 20}                      
INFO       Plateau combo 51: score=0.7201, params={'selector__C': 2.15443,      
         'selector__l1_ratio': 0.3, 'selector__top_k': 20}                      
INFO       Plateau combo 52: score=0.7195, params={'selector__C': 0.0129155,    
         'selector__l1_ratio': 0.1, 'selector__top_k': 50}                      
INFO       Plateau combo 53: score=0.7192, params={'selector__C': 0.16681,      
         'selector__l1_ratio': 0.7, 'selector__top_k': 10}                      
INFO       Plateau combo 54: score=0.7167, params={'selector__C': 7.74264,      
         'selector__l1_ratio': 0.5, 'selector__top_k': 20}                      
INFO       Plateau combo 55: score=0.7163, params={'selector__C': 0.0129155,    
         'selector__l1_ratio': 0.1, 'selector__top_k': 20}                      
INFO       Plateau combo 56: score=0.7157, params={'selector__C': 0.16681,      
         'selector__l1_ratio': 0.5, 'selector__top_k': 10}                      
INFO       Plateau combo 57: score=0.7143, params={'selector__C': 27.8256,      
         'selector__l1_ratio': 0.9, 'selector__top_k': 20}                      
INFO       Plateau combo 58: score=0.7136, params={'selector__C': 0.0464159,    
         'selector__l1_ratio': 0.3, 'selector__top_k': 10}                      
INFO       Plateau combo 59: score=0.7126, params={'selector__C': 27.8256,      
         'selector__l1_ratio': 0.7, 'selector__top_k': 20}                      
INFO       Plateau combo 60: score=0.7121, params={'selector__C': 7.74264,      
         'selector__l1_ratio': 0.3, 'selector__top_k': 20}                      
INFO       Plateau combo 61: score=0.7117, params={'selector__C': 2.15443,      
         'selector__l1_ratio': 0.1, 'selector__top_k': 20}                      
INFO       Plateau combo 62: score=0.7108, params={'selector__C': 0.0464159,    
         'selector__l1_ratio': 0.1, 'selector__top_k': 10}                      
INFO       Plateau combo 63: score=0.7105, params={'selector__C': 0.16681,      
         'selector__l1_ratio': 0.3, 'selector__top_k': 10}                      
INFO       Plateau combo 64: score=0.7089, params={'selector__C': 27.8256,      
         'selector__l1_ratio': 0.5, 'selector__top_k': 20}                      
INFO       Plateau combo 65: score=0.7086, params={'selector__C': 0.599484,     
         'selector__l1_ratio': 0.9, 'selector__top_k': 10}                      
INFO       Plateau combo 66: score=0.7082, params={'selector__C': 0.599484,     
         'selector__l1_ratio': 0.7, 'selector__top_k': 10}                      
INFO       Plateau combo 67: score=0.7061, params={'selector__C': 0.599484,     
         'selector__l1_ratio': 0.5, 'selector__top_k': 10}                      
INFO       Plateau combo 68: score=0.7049, params={'selector__C': 7.74264,      
         'selector__l1_ratio': 0.1, 'selector__top_k': 20}                      
INFO       Plateau combo 69: score=0.7025, params={'selector__C': 27.8256,      
         'selector__l1_ratio': 0.3, 'selector__top_k': 20}                      
INFO       Plateau combo 70: score=0.7022, params={'selector__C': 100.0,        
         'selector__l1_ratio': 0.9, 'selector__top_k': 20}                      
INFO       Plateau combo 71: score=0.7018, params={'selector__C': 100.0,        
         'selector__l1_ratio': 0.7, 'selector__top_k': 20}                      
INFO       Plateau combo 72: score=0.7016, params={'selector__C': 100.0,        
         'selector__l1_ratio': 0.5, 'selector__top_k': 20}                      
INFO       Plateau combo 73: score=0.7015, params={'selector__C': 27.8256,      
         'selector__l1_ratio': 0.1, 'selector__top_k': 20}                      
INFO       Plateau combo 74: score=0.7003, params={'selector__C': 100.0,        
         'selector__l1_ratio': 0.3, 'selector__top_k': 20}                      
INFO       Plateau combo 75: score=0.6997, params={'selector__C': 2.15443,      
         'selector__l1_ratio': 0.9, 'selector__top_k': 10}                      
INFO       Plateau combo 76: score=0.6992, params={'selector__C': 100.0,        
         'selector__l1_ratio': 0.1, 'selector__top_k': 20}                      
INFO       Plateau combo 77: score=0.6972, params={'selector__C': 0.16681,      
         'selector__l1_ratio': 0.1, 'selector__top_k': 10}                      
INFO       Plateau combo 78: score=0.6958, params={'selector__C': 0.599484,     
         'selector__l1_ratio': 0.3, 'selector__top_k': 10}                      
INFO       Plateau combo 79: score=0.6955, params={'selector__C': 2.15443,      
         'selector__l1_ratio': 0.7, 'selector__top_k': 10}                      
INFO       Plateau combo 80: score=0.6931, params={'selector__C': 0.0129155,    
         'selector__l1_ratio': 0.1, 'selector__top_k': 10}                      
INFO         Retraining 80 plateau models                                       
INFO           [1/80] n_features=50, params={'selector__C': 0.0464159,          
         'selector__l1_ratio': 0.1, 'selector__top_k': 50}                      
INFO           [2/80] n_features=50, params={'selector__C': 0.16681,            
         'selector__l1_ratio': 0.3, 'selector__top_k': 50}                      
INFO           [3/80] n_features=50, params={'selector__C': 0.599484,           
         'selector__l1_ratio': 0.7, 'selector__top_k': 50}                      
INFO           [80/80] n_features=10, params={'selector__C': 0.0129155,         
         'selector__l1_ratio': 0.1, 'selector__top_k': 10}                      
INFO         Plateau features: union=106, intersection=3                        
INFO       Fold 1: s1=1.0000 (t=0.50)  s2=0.7738  combined=0.8492  auroc=0.9618 
         excl=0.8492 (0)  (19.6s)                                               
INFO         Retraining 80 plateau models                                       
INFO           [1/80] n_features=50, params={'selector__C': 0.0464159,          
         'selector__l1_ratio': 0.1, 'selector__top_k': 50}                      
INFO           [2/80] n_features=50, params={'selector__C': 0.16681,            
         'selector__l1_ratio': 0.3, 'selector__top_k': 50}                      
INFO           [3/80] n_features=50, params={'selector__C': 0.599484,           
         'selector__l1_ratio': 0.7, 'selector__top_k': 50}                      
INFO           [80/80] n_features=10, params={'selector__C': 0.0129155,         
         'selector__l1_ratio': 0.1, 'selector__top_k': 10}                      
INFO         Plateau features: union=103, intersection=3                        
INFO       Fold 2: s1=1.0000 (t=0.50)  s2=0.6905  combined=0.7937  auroc=0.9582 
         excl=0.7937 (0)  (19.1s)                                               
INFO         Retraining 80 plateau models                                       
INFO           [1/80] n_features=50, params={'selector__C': 0.0464159,          
         'selector__l1_ratio': 0.1, 'selector__top_k': 50}                      
INFO           [2/80] n_features=50, params={'selector__C': 0.16681,            
         'selector__l1_ratio': 0.3, 'selector__top_k': 50}                      
INFO           [3/80] n_features=50, params={'selector__C': 0.599484,           
         'selector__l1_ratio': 0.7, 'selector__top_k': 50}                      
INFO           [80/80] n_features=10, params={'selector__C': 0.0129155,         
         'selector__l1_ratio': 0.1, 'selector__top_k': 10}                      
INFO         Plateau features: union=100, intersection=5                        
INFO       Fold 3: s1=1.0000 (t=0.50)  s2=0.7917  combined=0.8611  auroc=0.9554 
         excl=0.8611 (0)  (18.6s)                                               
INFO         Retraining 80 plateau models                                       
INFO           [1/80] n_features=50, params={'selector__C': 0.0464159,          
         'selector__l1_ratio': 0.1, 'selector__top_k': 50}                      
INFO           [2/80] n_features=50, params={'selector__C': 0.16681,            
         'selector__l1_ratio': 0.3, 'selector__top_k': 50}                      
INFO           [3/80] n_features=50, params={'selector__C': 0.599484,           
         'selector__l1_ratio': 0.7, 'selector__top_k': 50}                      
INFO           [80/80] n_features=10, params={'selector__C': 0.0129155,         
         'selector__l1_ratio': 0.1, 'selector__top_k': 10}                      
INFO         Plateau features: union=109, intersection=6                        
INFO       Fold 4: s1=1.0000 (t=0.50)  s2=0.6429  combined=0.7619  auroc=0.9048 
         excl=0.7937 (1)  (18.9s)                                               
INFO         Retraining 80 plateau models                                       
INFO           [1/80] n_features=50, params={'selector__C': 0.0464159,          
         'selector__l1_ratio': 0.1, 'selector__top_k': 50}                      
INFO           [2/80] n_features=50, params={'selector__C': 0.16681,            
         'selector__l1_ratio': 0.3, 'selector__top_k': 50}                      
INFO           [3/80] n_features=50, params={'selector__C': 0.599484,           
         'selector__l1_ratio': 0.7, 'selector__top_k': 50}                      
INFO           [80/80] n_features=10, params={'selector__C': 0.0129155,         
         'selector__l1_ratio': 0.1, 'selector__top_k': 10}                      
INFO         Plateau features: union=103, intersection=4                        
INFO       Fold 5: s1=1.0000 (t=0.50)  s2=0.7143  combined=0.8095  auroc=0.9341 
         excl=0.8889 (2)  (18.7s)                                               
  en_nmc_pens r1078 ━━━━━━━━━━━━━━━━━━━━━━━━━━━━━━━━━━━━━━━━ 100% 0:01:34
INFO                                                                            
INFO     Summary for en_nmc_pens_p200 repeat 1078:                              
INFO       Stage 1 (HER2+ vs rest):  1.0000 (+/- 0.0000)                        
INFO       Stage 2 (HR+ vs TN):      0.7226 (+/- 0.0545)                        
INFO       Combined (3-class):       0.8151 (+/- 0.0363)                        
INFO       Combined (excl mislabels): 0.8373 (+/- 0.0379)                       
INFO       Combined fold scores: [0.8492, 0.7937, 0.8611, 0.7619, 0.8095]       
INFO       Total time: 94.9s                                                    
INFO     Fold results saved to                                                  
         /data/cbotos/TB-Project/results/2026-04-24_server_run_v2/hierarchical_n
         ested_cv/data/fold_results_en_nmc_pens_p200_r1078.csv                  
INFO     Checkpoint removed (job complete).                                     
========================================
Finished: 2026-05-10 01:01:32
Elapsed:  0h 1m 37s
Exit:     0
========================================
[PENS-CMP-DONE] array=18853 task=77 psize=200 repeat=1078 exit=0 elapsed=97s
