============================================================
COMPARE EXPLORATIONS: RAW VS MERGED DATA
============================================================
Raw data: 2834 regions x 100 samples
Merged data: 273 segments x 100 samples

Computing PCA (raw) ...
Computing PCA (merged) ...
Computing t-SNE (raw, perplexity=30) ...
Computing t-SNE (merged, perplexity=30) ...
Computing silhouette scores ...
  Raw: 0.092, Merged: 0.025
Computing Kruskal-Wallis (raw) ...
Computing Kruskal-Wallis (merged) ...
  Bonferroni-significant: raw=6/2834, merged=3/273
Computing adjacent correlations ...
  Median adjacent r: raw=0.925, merged=0.590
Saved: 01_raw_vs_merged_comparison.png

============================================================
COMPARISON COMPLETE.
  Figure: /mnt/d/Coursework/TB-Project/results/figures/compare_explorations
  Log:    /mnt/d/Coursework/TB-Project/results/logs/compare_explorations.log
============================================================
