Run: 2026-04-25_final_hierarchical
Config: /data/cbotos/TB-Project/results/2026-04-25_final_hierarchical/config_snapshot_hierarchical.yaml
Stage 1: kw_rf (fixed, binary HER2+ vs rest, threshold=0.5)
Stage 2: en_rf (HR+ vs Triple Neg)
Repeat seed: 1157
Stage 2 grid size: 800 combinations
Loading data...
Loaded 100 samples, 273 features.
Classes: ['HER2+', 'HR+', 'Triple Neg']
  HER2+: 32 samples
  HR+: 36 samples
  Triple Neg: 32 samples
Mislabel indices verified: [(2, 'Array.67'), (4, 'Array.22'), (45, 'Array.113')]
  Fold 1: s1=1.0000 (t=0.50)  s2=0.5952  combined=0.7302  auroc=0.9542  excl=0.7524 (1)  (2379.2s)
  Fold 2: s1=1.0000 (t=0.50)  s2=0.7738  combined=0.8492  auroc=0.9429  excl=0.8889 (1)  (2389.9s)
  Fold 3: s1=1.0000 (t=0.50)  s2=0.9167  combined=0.9444  auroc=0.9554  excl=0.9444 (0)  (2367.7s)
  Fold 4: s1=1.0000 (t=0.50)  s2=0.8571  combined=0.9048  auroc=0.9634  excl=0.9444 (1)  (2335.5s)
  Fold 5: s1=1.0000 (t=0.50)  s2=0.6429  combined=0.7619  auroc=0.8608  excl=0.7619 (0)  (2340.1s)

Summary for en_rf repeat 1157:
  Stage 1 (HER2+ vs rest):  1.0000 (+/- 0.0000)
  Stage 2 (HR+ vs TN):      0.7571 (+/- 0.1225)
  Combined (3-class):       0.8381 (+/- 0.0816)
  Combined (excl mislabels): 0.8584 (+/- 0.0852)
  Combined fold scores: [0.7302, 0.8492, 0.9444, 0.9048, 0.7619]
  Total time: 11812.5s
Fold results saved to /data/cbotos/TB-Project/results/2026-04-25_final_hierarchical/hierarchical_nested_cv/data/fold_results_en_rf_r1157.csv
Checkpoint removed (job complete).
