Run: 2026-04-25_final_hierarchical
Config: /data/cbotos/TB-Project/results/2026-04-25_final_hierarchical/config_snapshot_hierarchical.yaml
Stage 1: kw_rf (fixed, binary HER2+ vs rest, threshold=0.5)
Stage 2: standalone_en (HR+ vs Triple Neg)
Repeat seed: 1143
Stage 2 grid size: 50 combinations
Loading data...
Loaded 100 samples, 273 features.
Classes: ['HER2+', 'HR+', 'Triple Neg']
  HER2+: 32 samples
  HR+: 36 samples
  Triple Neg: 32 samples
Mislabel indices verified: [(2, 'Array.67'), (4, 'Array.22'), (45, 'Array.113')]
  Fold 1: s1=1.0000 (t=0.50)  s2=0.6071  combined=0.7381  auroc=0.8474  excl=0.8111 (2)  (37.3s)
  Fold 2: s1=1.0000 (t=0.50)  s2=0.8452  combined=0.8968  auroc=0.9808  excl=0.8968 (0)  (35.1s)
  Fold 3: s1=1.0000 (t=0.50)  s2=0.7083  combined=0.8056  auroc=0.9628  excl=0.8056 (0)  (35.7s)
  Fold 4: s1=1.0000 (t=0.50)  s2=0.7857  combined=0.8571  auroc=0.9341  excl=0.8571 (0)  (32.4s)
  Fold 5: s1=1.0000 (t=0.50)  s2=0.7857  combined=0.8571  auroc=0.9414  excl=0.8968 (1)  (35.9s)

Summary for standalone_en repeat 1143:
  Stage 1 (HER2+ vs rest):  1.0000 (+/- 0.0000)
  Stage 2 (HR+ vs TN):      0.7464 (+/- 0.0821)
  Combined (3-class):       0.8310 (+/- 0.0547)
  Combined (excl mislabels): 0.8535 (+/- 0.0397)
  Combined fold scores: [0.7381, 0.8968, 0.8056, 0.8571, 0.8571]
  Total time: 176.5s
Fold results saved to /data/cbotos/TB-Project/results/2026-04-25_final_hierarchical/hierarchical_nested_cv/data/fold_results_standalone_en_r1143.csv
Checkpoint removed (job complete).
