Run: 2026-04-25_final_hierarchical
Config: /data/cbotos/TB-Project/results/2026-04-25_final_hierarchical/config_snapshot_hierarchical.yaml
Stage 1: kw_rf (fixed, binary HER2+ vs rest, threshold=0.5)
Stage 2: standalone_en_pens (HR+ vs Triple Neg)
Repeat seed: 1039
Stage 2: no GridSearchCV (ensemble pipeline)
Loading data...
Loaded 100 samples, 273 features.
Classes: ['HER2+', 'HR+', 'Triple Neg']
  HER2+: 32 samples
  HR+: 36 samples
  Triple Neg: 32 samples
Mislabel indices verified: [(2, 'Array.67'), (4, 'Array.22'), (45, 'Array.113')]
Pooled plateau capped: 30 -> 15 combos
Pooled plateau: 15 of 50 combos from 1000 fold files (best=0.7540, std=0.0469, threshold=0.7071)
  Plateau combo 1: score=0.7540, params={'clf__C': 0.0464159, 'clf__l1_ratio': 0.1}
  Plateau combo 2: score=0.7440, params={'clf__C': 0.16681, 'clf__l1_ratio': 0.3}
  Plateau combo 3: score=0.7431, params={'clf__C': 0.16681, 'clf__l1_ratio': 0.1}
  Plateau combo 4: score=0.7372, params={'clf__C': 0.599484, 'clf__l1_ratio': 0.1}
  Plateau combo 5: score=0.7360, params={'clf__C': 0.599484, 'clf__l1_ratio': 0.3}
  Plateau combo 6: score=0.7334, params={'clf__C': 0.16681, 'clf__l1_ratio': 0.5}
  Plateau combo 7: score=0.7334, params={'clf__C': 2.15443, 'clf__l1_ratio': 0.1}
  Plateau combo 8: score=0.7325, params={'clf__C': 2.15443, 'clf__l1_ratio': 0.3}
  Plateau combo 9: score=0.7320, params={'clf__C': 0.599484, 'clf__l1_ratio': 0.5}
  Plateau combo 10: score=0.7313, params={'clf__C': 7.74264, 'clf__l1_ratio': 0.3}
  Plateau combo 11: score=0.7312, params={'clf__C': 7.74264, 'clf__l1_ratio': 0.1}
  Plateau combo 12: score=0.7305, params={'clf__C': 27.8256, 'clf__l1_ratio': 0.3}
  Plateau combo 13: score=0.7304, params={'clf__C': 27.8256, 'clf__l1_ratio': 0.5}
  Plateau combo 14: score=0.7304, params={'clf__C': 100.0, 'clf__l1_ratio': 0.7}
  Plateau combo 15: score=0.7303, params={'clf__C': 100.0, 'clf__l1_ratio': 0.5}
    Retraining 15 plateau models
      [1/15] n_features=69, params={'clf__C': 0.0464159, 'clf__l1_ratio': 0.1}
      [2/15] n_features=53, params={'clf__C': 0.16681, 'clf__l1_ratio': 0.3}
      [3/15] n_features=110, params={'clf__C': 0.16681, 'clf__l1_ratio': 0.1}
      [15/15] n_features=239, params={'clf__C': 100.0, 'clf__l1_ratio': 0.5}
    Plateau features: union=239, intersection=30
  Fold 1: s1=1.0000 (t=0.50)  s2=0.7619  combined=0.8413  auroc=0.9582  excl=0.8857 (1)  (2.9s)
    Retraining 15 plateau models
      [1/15] n_features=62, params={'clf__C': 0.0464159, 'clf__l1_ratio': 0.1}
      [2/15] n_features=45, params={'clf__C': 0.16681, 'clf__l1_ratio': 0.3}
      [3/15] n_features=108, params={'clf__C': 0.16681, 'clf__l1_ratio': 0.1}
      [15/15] n_features=237, params={'clf__C': 100.0, 'clf__l1_ratio': 0.5}
    Plateau features: union=237, intersection=30
  Fold 2: s1=1.0000 (t=0.50)  s2=0.7857  combined=0.8571  auroc=0.9362  excl=0.8889 (1)  (3.0s)
    Retraining 15 plateau models
      [1/15] n_features=76, params={'clf__C': 0.0464159, 'clf__l1_ratio': 0.1}
      [2/15] n_features=53, params={'clf__C': 0.16681, 'clf__l1_ratio': 0.3}
      [3/15] n_features=121, params={'clf__C': 0.16681, 'clf__l1_ratio': 0.1}
      [15/15] n_features=239, params={'clf__C': 100.0, 'clf__l1_ratio': 0.5}
    Plateau features: union=239, intersection=28
  Fold 3: s1=1.0000 (t=0.50)  s2=0.7500  combined=0.8333  auroc=0.9439  excl=0.8333 (0)  (2.8s)
    Retraining 15 plateau models
      [1/15] n_features=75, params={'clf__C': 0.0464159, 'clf__l1_ratio': 0.1}
      [2/15] n_features=44, params={'clf__C': 0.16681, 'clf__l1_ratio': 0.3}
      [3/15] n_features=116, params={'clf__C': 0.16681, 'clf__l1_ratio': 0.1}
      [15/15] n_features=245, params={'clf__C': 100.0, 'clf__l1_ratio': 0.5}
    Plateau features: union=245, intersection=28
  Fold 4: s1=1.0000 (t=0.50)  s2=0.5714  combined=0.7143  auroc=0.9048  excl=0.7460 (1)  (2.9s)
    Retraining 15 plateau models
      [1/15] n_features=78, params={'clf__C': 0.0464159, 'clf__l1_ratio': 0.1}
      [2/15] n_features=53, params={'clf__C': 0.16681, 'clf__l1_ratio': 0.3}
      [3/15] n_features=127, params={'clf__C': 0.16681, 'clf__l1_ratio': 0.1}
      [15/15] n_features=249, params={'clf__C': 100.0, 'clf__l1_ratio': 0.5}
    Plateau features: union=249, intersection=34
  Fold 5: s1=1.0000 (t=0.50)  s2=0.7143  combined=0.8095  auroc=0.9377  excl=0.8095 (0)  (2.8s)

Summary for standalone_en_pens repeat 1039:
  Stage 1 (HER2+ vs rest):  1.0000 (+/- 0.0000)
  Stage 2 (HR+ vs TN):      0.7167 (+/- 0.0762)
  Combined (3-class):       0.8111 (+/- 0.0508)
  Combined (excl mislabels): 0.8327 (+/- 0.0529)
  Combined fold scores: [0.8413, 0.8571, 0.8333, 0.7143, 0.8095]
  Total time: 14.4s
Fold results saved to /data/cbotos/TB-Project/results/2026-04-25_final_hierarchical/hierarchical_nested_cv/data/fold_results_standalone_en_pens_r1039.csv
Checkpoint removed (job complete).
