Run: 2026-04-25_final_hierarchical
Config: /data/cbotos/TB-Project/results/2026-04-25_final_hierarchical/config_snapshot_hierarchical.yaml
Stage 1: kw_rf (fixed, binary HER2+ vs rest, threshold=0.5)
Stage 2: en_rf (HR+ vs Triple Neg)
Repeat seed: 1025
Stage 2 grid size: 800 combinations
Loading data...
Loaded 100 samples, 273 features.
Classes: ['HER2+', 'HR+', 'Triple Neg']
  HER2+: 32 samples
  HR+: 36 samples
  Triple Neg: 32 samples
Mislabel indices verified: [(2, 'Array.67'), (4, 'Array.22'), (45, 'Array.113')]
  Fold 1: s1=1.0000 (t=0.50)  s2=0.7619  combined=0.8413  auroc=0.9695  excl=0.8413 (0)  (2872.2s)
  Fold 2: s1=1.0000 (t=0.50)  s2=0.6071  combined=0.7381  auroc=0.9237  excl=0.7381 (0)  (2876.3s)
  Fold 3: s1=1.0000 (t=0.50)  s2=0.6042  combined=0.7361  auroc=0.8507  excl=0.8095 (2)  (2857.1s)
  Fold 4: s1=1.0000 (t=0.50)  s2=0.5000  combined=0.6667  auroc=0.8205  excl=0.7063 (1)  (2853.3s)
  Fold 5: s1=1.0000 (t=0.50)  s2=0.6429  combined=0.7619  auroc=0.8974  excl=0.7619 (0)  (2786.1s)

Summary for en_rf repeat 1025:
  Stage 1 (HER2+ vs rest):  1.0000 (+/- 0.0000)
  Stage 2 (HR+ vs TN):      0.6232 (+/- 0.0842)
  Combined (3-class):       0.7488 (+/- 0.0561)
  Combined (excl mislabels): 0.7714 (+/- 0.0485)
  Combined fold scores: [0.8413, 0.7381, 0.7361, 0.6667, 0.7619]
  Total time: 14245.1s
Fold results saved to /data/cbotos/TB-Project/results/2026-04-25_final_hierarchical/hierarchical_nested_cv/data/fold_results_en_rf_r1025.csv
Checkpoint removed (job complete).
