Run: 2026-04-25_final_hierarchical
Config: /data/cbotos/TB-Project/results/2026-04-25_final_hierarchical/config_snapshot_hierarchical.yaml
Stage 1: kw_rf (fixed, binary HER2+ vs rest, threshold=0.5)
Stage 2: kw_nmc (HR+ vs Triple Neg)
Repeat seed: 1151
Stage 2 grid size: 32 combinations
Loading data...
Loaded 100 samples, 273 features.
Classes: ['HER2+', 'HR+', 'Triple Neg']
  HER2+: 32 samples
  HR+: 36 samples
  Triple Neg: 32 samples
Mislabel indices verified: [(2, 'Array.67'), (4, 'Array.22'), (45, 'Array.113')]
  Fold 1: s1=1.0000 (t=0.50)  s2=0.6905  combined=0.7937  auroc=0.9161  excl=0.8381 (1)  (22.1s)
  Fold 2: s1=1.0000 (t=0.50)  s2=0.4524  combined=0.6349  auroc=0.8547  excl=0.6667 (1)  (21.2s)
  Fold 3: s1=1.0000 (t=0.50)  s2=0.7917  combined=0.8611  auroc=0.9291  excl=0.8611 (0)  (21.2s)
  Fold 4: s1=1.0000 (t=0.50)  s2=0.9286  combined=0.9524  auroc=0.9744  excl=0.9524 (0)  (21.1s)
  Fold 5: s1=1.0000 (t=0.50)  s2=0.4286  combined=0.6190  auroc=0.8901  excl=0.6190 (1)  (21.1s)

Summary for kw_nmc repeat 1151:
  Stage 1 (HER2+ vs rest):  1.0000 (+/- 0.0000)
  Stage 2 (HR+ vs TN):      0.6583 (+/- 0.1934)
  Combined (3-class):       0.7722 (+/- 0.1289)
  Combined (excl mislabels): 0.7875 (+/- 0.1250)
  Combined fold scores: [0.7937, 0.6349, 0.8611, 0.9524, 0.619]
  Total time: 106.9s
Fold results saved to /data/cbotos/TB-Project/results/2026-04-25_final_hierarchical/hierarchical_nested_cv/data/fold_results_kw_nmc_r1151.csv
Checkpoint removed (job complete).
