Run: 2026-04-25_final_hierarchical
Config: /data/cbotos/TB-Project/results/2026-04-25_final_hierarchical/config_snapshot_hierarchical.yaml
Stage 1: kw_rf (fixed, binary HER2+ vs rest, threshold=0.5)
Stage 2: kw_rf (HR+ vs Triple Neg)
Repeat seed: 1127
Stage 2 grid size: 32 combinations
Loading data...
Loaded 100 samples, 273 features.
Classes: ['HER2+', 'HR+', 'Triple Neg']
  HER2+: 32 samples
  HR+: 36 samples
  Triple Neg: 32 samples
Mislabel indices verified: [(2, 'Array.67'), (4, 'Array.22'), (45, 'Array.113')]
  Fold 1: s1=1.0000 (t=0.50)  s2=0.7024  combined=0.8016  auroc=0.9081  excl=0.8016 (0)  (102.5s)
  Fold 2: s1=1.0000 (t=0.50)  s2=0.5476  combined=0.6984  auroc=0.9084  excl=0.7500 (3)  (102.5s)
  Fold 3: s1=1.0000 (t=0.50)  s2=0.7500  combined=0.8333  auroc=0.9291  excl=0.8333 (0)  (102.5s)
  Fold 4: s1=1.0000 (t=0.50)  s2=0.7143  combined=0.8095  auroc=0.9304  excl=0.8095 (0)  (102.7s)
  Fold 5: s1=1.0000 (t=0.50)  s2=0.7857  combined=0.8571  auroc=0.9597  excl=0.8571 (0)  (102.8s)

Summary for kw_rf repeat 1127:
  Stage 1 (HER2+ vs rest):  1.0000 (+/- 0.0000)
  Stage 2 (HR+ vs TN):      0.7000 (+/- 0.0816)
  Combined (3-class):       0.8000 (+/- 0.0544)
  Combined (excl mislabels): 0.8103 (+/- 0.0359)
  Combined fold scores: [0.8016, 0.6984, 0.8333, 0.8095, 0.8571]
  Total time: 513.0s
Fold results saved to /data/cbotos/TB-Project/results/2026-04-25_final_hierarchical/hierarchical_nested_cv/data/fold_results_kw_rf_r1127.csv
Checkpoint removed (job complete).
