Run: 2026-04-25_final_hierarchical
Config: /data/cbotos/TB-Project/results/2026-04-25_final_hierarchical/config_snapshot_hierarchical.yaml
Stage 1: kw_rf (fixed, binary HER2+ vs rest, threshold=0.5)
Stage 2: kw_nmc (HR+ vs Triple Neg)
Repeat seed: 1115
Stage 2 grid size: 32 combinations
Loading data...
Loaded 100 samples, 273 features.
Classes: ['HER2+', 'HR+', 'Triple Neg']
  HER2+: 32 samples
  HR+: 36 samples
  Triple Neg: 32 samples
Mislabel indices verified: [(2, 'Array.67'), (4, 'Array.22'), (45, 'Array.113')]
  Fold 1: s1=1.0000 (t=0.50)  s2=0.6190  combined=0.7460  auroc=0.9084  excl=0.7905 (1)  (21.3s)
  Fold 2: s1=1.0000 (t=0.50)  s2=0.9167  combined=0.9444  auroc=0.9924  excl=0.9444 (0)  (21.4s)
  Fold 3: s1=1.0000 (t=0.50)  s2=0.4375  combined=0.6250  auroc=0.8438  excl=0.6250 (0)  (21.4s)
  Fold 4: s1=1.0000 (t=0.50)  s2=0.7857  combined=0.8571  auroc=0.9634  excl=0.9444 (2)  (21.4s)
  Fold 5: s1=1.0000 (t=0.50)  s2=0.9286  combined=0.9524  auroc=0.9927  excl=0.9524 (0)  (21.4s)

Summary for kw_nmc repeat 1115:
  Stage 1 (HER2+ vs rest):  1.0000 (+/- 0.0000)
  Stage 2 (HR+ vs TN):      0.7375 (+/- 0.1871)
  Combined (3-class):       0.8250 (+/- 0.1247)
  Combined (excl mislabels): 0.8513 (+/- 0.1284)
  Combined fold scores: [0.746, 0.9444, 0.625, 0.8571, 0.9524]
  Total time: 106.8s
Fold results saved to /data/cbotos/TB-Project/results/2026-04-25_final_hierarchical/hierarchical_nested_cv/data/fold_results_kw_nmc_r1115.csv
Checkpoint removed (job complete).
