Run: 2026-04-25_final_hierarchical
Config: /data/cbotos/TB-Project/results/2026-04-25_final_hierarchical/config_snapshot_hierarchical.yaml
Stage 1: kw_rf (fixed, binary HER2+ vs rest, threshold=0.5)
Stage 2: kw_rf (HR+ vs Triple Neg)
Repeat seed: 1199
Stage 2 grid size: 32 combinations
Loading data...
Loaded 100 samples, 273 features.
Classes: ['HER2+', 'HR+', 'Triple Neg']
  HER2+: 32 samples
  HR+: 36 samples
  Triple Neg: 32 samples
Mislabel indices verified: [(2, 'Array.67'), (4, 'Array.22'), (45, 'Array.113')]
  Fold 1: s1=1.0000 (t=0.50)  s2=0.5357  combined=0.6905  auroc=0.8332  excl=0.6905 (0)  (102.3s)
  Fold 2: s1=1.0000 (t=0.50)  s2=0.8452  combined=0.8968  auroc=0.9618  excl=0.8968 (0)  (102.5s)
  Fold 3: s1=1.0000 (t=0.50)  s2=0.6250  combined=0.7500  auroc=0.8214  excl=0.7833 (1)  (102.1s)
  Fold 4: s1=1.0000 (t=0.50)  s2=0.6429  combined=0.7619  auroc=0.9451  excl=0.7857 (1)  (101.9s)
  Fold 5: s1=1.0000 (t=0.50)  s2=0.4286  combined=0.6190  auroc=0.7949  excl=0.6349 (1)  (102.3s)

Summary for kw_rf repeat 1199:
  Stage 1 (HER2+ vs rest):  1.0000 (+/- 0.0000)
  Stage 2 (HR+ vs TN):      0.6155 (+/- 0.1378)
  Combined (3-class):       0.7437 (+/- 0.0919)
  Combined (excl mislabels): 0.7583 (+/- 0.0899)
  Combined fold scores: [0.6905, 0.8968, 0.75, 0.7619, 0.619]
  Total time: 511.2s
Fold results saved to /data/cbotos/TB-Project/results/2026-04-25_final_hierarchical/hierarchical_nested_cv/data/fold_results_kw_rf_r1199.csv
Checkpoint removed (job complete).
