Run: 2026-04-25_final_hierarchical
Config: /data/cbotos/TB-Project/results/2026-04-25_final_hierarchical/config_snapshot_hierarchical.yaml
Stage 1: kw_rf (fixed, binary HER2+ vs rest, threshold=0.5)
Stage 2: kw_nmc (HR+ vs Triple Neg)
Repeat seed: 1052
Stage 2 grid size: 32 combinations
Loading data...
Loaded 100 samples, 273 features.
Classes: ['HER2+', 'HR+', 'Triple Neg']
  HER2+: 32 samples
  HR+: 36 samples
  Triple Neg: 32 samples
Mislabel indices verified: [(2, 'Array.67'), (4, 'Array.22'), (45, 'Array.113')]
  Fold 1: s1=1.0000 (t=0.50)  s2=0.5238  combined=0.6825  auroc=0.8397  excl=0.7048 (1)  (18.1s)
  Fold 2: s1=1.0000 (t=0.50)  s2=0.8571  combined=0.9048  auroc=0.9887  excl=0.9048 (0)  (18.1s)
  Fold 3: s1=1.0000 (t=0.50)  s2=0.4167  combined=0.6111  auroc=0.8507  excl=0.6111 (0)  (18.2s)
  Fold 4: s1=1.0000 (t=0.50)  s2=0.7857  combined=0.8571  auroc=0.9780  excl=0.8571 (0)  (18.1s)
  Fold 5: s1=1.0000 (t=0.50)  s2=0.6429  combined=0.7619  auroc=0.9011  excl=0.8333 (2)  (18.2s)

Summary for kw_nmc repeat 1052:
  Stage 1 (HER2+ vs rest):  1.0000 (+/- 0.0000)
  Stage 2 (HR+ vs TN):      0.6452 (+/- 0.1623)
  Combined (3-class):       0.7635 (+/- 0.1082)
  Combined (excl mislabels): 0.7822 (+/- 0.1082)
  Combined fold scores: [0.6825, 0.9048, 0.6111, 0.8571, 0.7619]
  Total time: 90.8s
Fold results saved to /data/cbotos/TB-Project/results/2026-04-25_final_hierarchical/hierarchical_nested_cv/data/fold_results_kw_nmc_r1052.csv
Checkpoint removed (job complete).
