Run: 2026-04-25_final_hierarchical
Config: /data/cbotos/TB-Project/results/2026-04-25_final_hierarchical/config_snapshot_hierarchical.yaml
Stage 1: kw_rf (fixed, binary HER2+ vs rest, threshold=0.5)
Stage 2: en_nmc (HR+ vs Triple Neg)
Repeat seed: 1023
Stage 2 grid size: 800 combinations
Loading data...
Loaded 100 samples, 273 features.
Classes: ['HER2+', 'HR+', 'Triple Neg']
  HER2+: 32 samples
  HR+: 36 samples
  Triple Neg: 32 samples
Mislabel indices verified: [(2, 'Array.67'), (4, 'Array.22'), (45, 'Array.113')]
  Fold 1: s1=1.0000 (t=0.50)  s2=0.7738  combined=0.8492  auroc=0.9008  excl=0.9048 (1)  (838.0s)
  Fold 2: s1=1.0000 (t=0.50)  s2=0.5357  combined=0.6905  auroc=0.8852  excl=0.7222 (1)  (880.9s)
  Fold 3: s1=1.0000 (t=0.50)  s2=0.7708  combined=0.8472  auroc=0.9479  excl=0.8472 (0)  (876.4s)
  Fold 4: s1=1.0000 (t=0.50)  s2=0.6429  combined=0.7619  auroc=0.9451  excl=0.7619 (0)  (903.0s)
  Fold 5: s1=1.0000 (t=0.50)  s2=0.5714  combined=0.7143  auroc=0.8974  excl=0.7381 (1)  (826.3s)

Summary for en_nmc repeat 1023:
  Stage 1 (HER2+ vs rest):  1.0000 (+/- 0.0000)
  Stage 2 (HR+ vs TN):      0.6589 (+/- 0.0988)
  Combined (3-class):       0.7726 (+/- 0.0659)
  Combined (excl mislabels): 0.7948 (+/- 0.0699)
  Combined fold scores: [0.8492, 0.6905, 0.8472, 0.7619, 0.7143]
  Total time: 4325.1s
Fold results saved to /data/cbotos/TB-Project/results/2026-04-25_final_hierarchical/hierarchical_nested_cv/data/fold_results_en_nmc_r1023.csv
Checkpoint removed (job complete).
