Run: 2026-04-25_final_hierarchical
Config: /data/cbotos/TB-Project/results/2026-04-25_final_hierarchical/config_snapshot_hierarchical.yaml
Stage 1: kw_rf (fixed, binary HER2+ vs rest, threshold=0.5)
Stage 2: en_rf (HR+ vs Triple Neg)
Repeat seed: 1005
Stage 2 grid size: 800 combinations
Loading data...
Loaded 100 samples, 273 features.
Classes: ['HER2+', 'HR+', 'Triple Neg']
  HER2+: 32 samples
  HR+: 36 samples
  Triple Neg: 32 samples
Mislabel indices verified: [(2, 'Array.67'), (4, 'Array.22'), (45, 'Array.113')]
  Fold 1: s1=1.0000 (t=0.50)  s2=0.7857  combined=0.8571  auroc=0.9615  excl=0.8889 (1)  (2839.7s)
  Fold 2: s1=1.0000 (t=0.50)  s2=0.6786  combined=0.7857  auroc=0.9310  excl=0.7857 (0)  (2871.5s)
  Fold 3: s1=1.0000 (t=0.50)  s2=0.7292  combined=0.8194  auroc=0.8909  excl=0.8194 (0)  (2821.8s)
  Fold 4: s1=1.0000 (t=0.50)  s2=0.7857  combined=0.8571  auroc=0.9377  excl=0.8968 (1)  (2827.7s)
  Fold 5: s1=1.0000 (t=0.50)  s2=0.7857  combined=0.8571  auroc=0.8938  excl=0.8889 (1)  (2819.5s)

Summary for en_rf repeat 1005:
  Stage 1 (HER2+ vs rest):  1.0000 (+/- 0.0000)
  Stage 2 (HR+ vs TN):      0.7530 (+/- 0.0432)
  Combined (3-class):       0.8353 (+/- 0.0288)
  Combined (excl mislabels): 0.8560 (+/- 0.0450)
  Combined fold scores: [0.8571, 0.7857, 0.8194, 0.8571, 0.8571]
  Total time: 14180.3s
Fold results saved to /data/cbotos/TB-Project/results/2026-04-25_final_hierarchical/hierarchical_nested_cv/data/fold_results_en_rf_r1005.csv
Checkpoint removed (job complete).
