Run: 2026-04-25_final_hierarchical
Config: /data/cbotos/TB-Project/results/2026-04-25_final_hierarchical/config_snapshot_hierarchical.yaml
Stage 1: kw_rf (fixed, binary HER2+ vs rest, threshold=0.5)
Stage 2: en_nmc (HR+ vs Triple Neg)
Repeat seed: 1077
Stage 2 grid size: 800 combinations
Loading data...
Loaded 100 samples, 273 features.
Classes: ['HER2+', 'HR+', 'Triple Neg']
  HER2+: 32 samples
  HR+: 36 samples
  Triple Neg: 32 samples
Mislabel indices verified: [(2, 'Array.67'), (4, 'Array.22'), (45, 'Array.113')]
  Fold 1: s1=1.0000 (t=0.50)  s2=0.6905  combined=0.7937  auroc=0.9083  excl=0.7937 (0)  (851.3s)
  Fold 2: s1=1.0000 (t=0.50)  s2=0.7143  combined=0.8095  auroc=0.9695  excl=0.8333 (1)  (880.2s)
  Fold 3: s1=1.0000 (t=0.50)  s2=0.9167  combined=0.9444  auroc=0.9777  excl=0.9333 (1)  (857.2s)
  Fold 4: s1=1.0000 (t=0.50)  s2=0.7857  combined=0.8571  auroc=0.9634  excl=0.8571 (0)  (803.1s)
  Fold 5: s1=1.0000 (t=0.50)  s2=0.7857  combined=0.8571  auroc=0.9414  excl=0.9048 (1)  (784.9s)

Summary for en_nmc repeat 1077:
  Stage 1 (HER2+ vs rest):  1.0000 (+/- 0.0000)
  Stage 2 (HR+ vs TN):      0.7786 (+/- 0.0788)
  Combined (3-class):       0.8524 (+/- 0.0525)
  Combined (excl mislabels): 0.8644 (+/- 0.0498)
  Combined fold scores: [0.7937, 0.8095, 0.9444, 0.8571, 0.8571]
  Total time: 4177.0s
Fold results saved to /data/cbotos/TB-Project/results/2026-04-25_final_hierarchical/hierarchical_nested_cv/data/fold_results_en_nmc_r1077.csv
Checkpoint removed (job complete).
