Run: 2026-04-25_final_hierarchical
Config: /data/cbotos/TB-Project/results/2026-04-25_final_hierarchical/config_snapshot_hierarchical.yaml
Stage 1: kw_rf (fixed, binary HER2+ vs rest, threshold=0.5)
Stage 2: en_rf (HR+ vs Triple Neg)
Repeat seed: 1042
Stage 2 grid size: 800 combinations
Loading data...
Loaded 100 samples, 273 features.
Classes: ['HER2+', 'HR+', 'Triple Neg']
  HER2+: 32 samples
  HR+: 36 samples
  Triple Neg: 32 samples
Mislabel indices verified: [(2, 'Array.67'), (4, 'Array.22'), (45, 'Array.113')]
  Fold 1: s1=1.0000 (t=0.50)  s2=0.8452  combined=0.8968  auroc=0.9765  excl=0.8857 (1)  (2359.7s)
  Fold 2: s1=1.0000 (t=0.50)  s2=0.6190  combined=0.7460  auroc=0.8970  excl=0.7905 (1)  (2417.4s)
  Fold 3: s1=1.0000 (t=0.50)  s2=0.7500  combined=0.8333  auroc=0.8810  excl=0.8571 (1)  (2375.2s)
  Fold 4: s1=1.0000 (t=0.50)  s2=0.7857  combined=0.8571  auroc=0.9267  excl=0.8571 (0)  (2382.8s)
  Fold 5: s1=1.0000 (t=0.50)  s2=0.5714  combined=0.7143  auroc=0.8938  excl=0.7143 (0)  (2382.0s)

Summary for en_rf repeat 1042:
  Stage 1 (HER2+ vs rest):  1.0000 (+/- 0.0000)
  Stage 2 (HR+ vs TN):      0.7143 (+/- 0.1030)
  Combined (3-class):       0.8095 (+/- 0.0686)
  Combined (excl mislabels): 0.8210 (+/- 0.0618)
  Combined fold scores: [0.8968, 0.746, 0.8333, 0.8571, 0.7143]
  Total time: 11917.2s
Fold results saved to /data/cbotos/TB-Project/results/2026-04-25_final_hierarchical/hierarchical_nested_cv/data/fold_results_en_rf_r1042.csv
Checkpoint removed (job complete).
