Run: 2026-04-25_final_hierarchical
Config: /data/cbotos/TB-Project/results/2026-04-25_final_hierarchical/config_snapshot_hierarchical.yaml
Stage 1: kw_rf (fixed, binary HER2+ vs rest, threshold=0.5)
Stage 2: en_rf (HR+ vs Triple Neg)
Repeat seed: 1194
Stage 2 grid size: 800 combinations
Loading data...
Loaded 100 samples, 273 features.
Classes: ['HER2+', 'HR+', 'Triple Neg']
  HER2+: 32 samples
  HR+: 36 samples
  Triple Neg: 32 samples
Mislabel indices verified: [(2, 'Array.67'), (4, 'Array.22'), (45, 'Array.113')]
  Fold 1: s1=1.0000 (t=0.50)  s2=0.6667  combined=0.7778  auroc=0.8391  excl=0.7778 (1)  (2830.2s)
  Fold 2: s1=1.0000 (t=0.50)  s2=0.7619  combined=0.8413  auroc=0.9167  excl=0.8413 (0)  (2864.6s)
  Fold 3: s1=1.0000 (t=0.50)  s2=0.4375  combined=0.6250  auroc=0.8026  excl=0.6583 (1)  (2830.5s)
  Fold 4: s1=1.0000 (t=0.50)  s2=0.8571  combined=0.9048  auroc=0.9304  excl=0.9444 (1)  (2827.8s)
  Fold 5: s1=1.0000 (t=0.50)  s2=0.4286  combined=0.6190  auroc=0.8205  excl=0.6190 (0)  (2809.2s)

Summary for en_rf repeat 1194:
  Stage 1 (HER2+ vs rest):  1.0000 (+/- 0.0000)
  Stage 2 (HR+ vs TN):      0.6304 (+/- 0.1720)
  Combined (3-class):       0.7536 (+/- 0.1147)
  Combined (excl mislabels): 0.7682 (+/- 0.1190)
  Combined fold scores: [0.7778, 0.8413, 0.625, 0.9048, 0.619]
  Total time: 14162.4s
Fold results saved to /data/cbotos/TB-Project/results/2026-04-25_final_hierarchical/hierarchical_nested_cv/data/fold_results_en_rf_r1194.csv
Checkpoint removed (job complete).
