Run: 2026-04-25_final_hierarchical
Config: /data/cbotos/TB-Project/results/2026-04-25_final_hierarchical/config_snapshot_hierarchical.yaml
Stage 1: kw_rf (fixed, binary HER2+ vs rest, threshold=0.5)
Stage 2: kw_nmc (HR+ vs Triple Neg)
Repeat seed: 1150
Stage 2 grid size: 32 combinations
Loading data...
Loaded 100 samples, 273 features.
Classes: ['HER2+', 'HR+', 'Triple Neg']
  HER2+: 32 samples
  HR+: 36 samples
  Triple Neg: 32 samples
Mislabel indices verified: [(2, 'Array.67'), (4, 'Array.22'), (45, 'Array.113')]
  Fold 1: s1=1.0000 (t=0.50)  s2=0.8571  combined=0.9048  auroc=0.9737  excl=0.9048 (0)  (22.7s)
  Fold 2: s1=1.0000 (t=0.50)  s2=0.9167  combined=0.9444  auroc=0.9808  excl=0.9444 (0)  (22.3s)
  Fold 3: s1=1.0000 (t=0.50)  s2=0.7500  combined=0.8333  auroc=0.9107  excl=0.8667 (1)  (22.2s)
  Fold 4: s1=1.0000 (t=0.50)  s2=0.9286  combined=0.9524  auroc=0.9634  excl=0.9524 (0)  (22.2s)
  Fold 5: s1=1.0000 (t=0.50)  s2=0.6429  combined=0.7619  auroc=0.8755  excl=0.7778 (2)  (22.4s)

Summary for kw_nmc repeat 1150:
  Stage 1 (HER2+ vs rest):  1.0000 (+/- 0.0000)
  Stage 2 (HR+ vs TN):      0.8190 (+/- 0.1084)
  Combined (3-class):       0.8794 (+/- 0.0723)
  Combined (excl mislabels): 0.8892 (+/- 0.0636)
  Combined fold scores: [0.9048, 0.9444, 0.8333, 0.9524, 0.7619]
  Total time: 112.0s
Fold results saved to /data/cbotos/TB-Project/results/2026-04-25_final_hierarchical/hierarchical_nested_cv/data/fold_results_kw_nmc_r1150.csv
Checkpoint removed (job complete).
