Run: 2026-04-25_final_hierarchical
Config: /data/cbotos/TB-Project/results/2026-04-25_final_hierarchical/config_snapshot_hierarchical.yaml
Stage 1: kw_rf (fixed, binary HER2+ vs rest, threshold=0.5)
Stage 2: en_rf (HR+ vs Triple Neg)
Repeat seed: 1117
Stage 2 grid size: 800 combinations
Loading data...
Loaded 100 samples, 273 features.
Classes: ['HER2+', 'HR+', 'Triple Neg']
  HER2+: 32 samples
  HR+: 36 samples
  Triple Neg: 32 samples
Mislabel indices verified: [(2, 'Array.67'), (4, 'Array.22'), (45, 'Array.113')]
  Fold 1: s1=1.0000 (t=0.50)  s2=0.6905  combined=0.7937  auroc=0.9313  excl=0.7937 (0)  (2831.6s)
  Fold 2: s1=1.0000 (t=0.50)  s2=0.5238  combined=0.6825  auroc=0.9084  excl=0.7048 (1)  (2886.0s)
  Fold 3: s1=1.0000 (t=0.50)  s2=0.7708  combined=0.8472  auroc=0.9663  excl=0.8472 (0)  (2873.6s)
  Fold 4: s1=1.0000 (t=0.50)  s2=0.5714  combined=0.7143  auroc=0.9414  excl=0.7143 (0)  (2799.4s)
  Fold 5: s1=1.0000 (t=0.50)  s2=0.6429  combined=0.7619  auroc=0.9487  excl=0.8333 (2)  (2827.2s)

Summary for en_rf repeat 1117:
  Stage 1 (HER2+ vs rest):  1.0000 (+/- 0.0000)
  Stage 2 (HR+ vs TN):      0.6399 (+/- 0.0870)
  Combined (3-class):       0.7599 (+/- 0.0580)
  Combined (excl mislabels): 0.7787 (+/- 0.0592)
  Combined fold scores: [0.7937, 0.6825, 0.8472, 0.7143, 0.7619]
  Total time: 14218.0s
Fold results saved to /data/cbotos/TB-Project/results/2026-04-25_final_hierarchical/hierarchical_nested_cv/data/fold_results_en_rf_r1117.csv
Checkpoint removed (job complete).
