Run: 2026-04-25_final_hierarchical
Config: /data/cbotos/TB-Project/results/2026-04-25_final_hierarchical/config_snapshot_hierarchical.yaml
Stage 1: kw_rf (fixed, binary HER2+ vs rest, threshold=0.5)
Stage 2: kw_rf (HR+ vs Triple Neg)
Repeat seed: 1037
Stage 2 grid size: 32 combinations
Loading data...
Loaded 100 samples, 273 features.
Classes: ['HER2+', 'HR+', 'Triple Neg']
  HER2+: 32 samples
  HR+: 36 samples
  Triple Neg: 32 samples
Mislabel indices verified: [(2, 'Array.67'), (4, 'Array.22'), (45, 'Array.113')]
  Fold 1: s1=1.0000 (t=0.50)  s2=0.8452  combined=0.8968  auroc=0.9811  excl=0.8968 (0)  (87.5s)
  Fold 2: s1=1.0000 (t=0.50)  s2=0.7024  combined=0.8016  auroc=0.9771  excl=0.8016 (0)  (85.2s)
  Fold 3: s1=1.0000 (t=0.50)  s2=0.6667  combined=0.7778  auroc=0.9221  excl=0.8016 (1)  (85.1s)
  Fold 4: s1=1.0000 (t=0.50)  s2=0.7143  combined=0.8095  auroc=0.9707  excl=0.8095 (0)  (85.0s)
  Fold 5: s1=1.0000 (t=0.50)  s2=0.7857  combined=0.8571  auroc=0.9048  excl=0.9524 (2)  (84.7s)

Summary for kw_rf repeat 1037:
  Stage 1 (HER2+ vs rest):  1.0000 (+/- 0.0000)
  Stage 2 (HR+ vs TN):      0.7429 (+/- 0.0642)
  Combined (3-class):       0.8286 (+/- 0.0428)
  Combined (excl mislabels): 0.8524 (+/- 0.0616)
  Combined fold scores: [0.8968, 0.8016, 0.7778, 0.8095, 0.8571]
  Total time: 427.4s
Fold results saved to /data/cbotos/TB-Project/results/2026-04-25_final_hierarchical/hierarchical_nested_cv/data/fold_results_kw_rf_r1037.csv
Checkpoint removed (job complete).
