Run: 2026-04-25_final_hierarchical
Config: /data/cbotos/TB-Project/results/2026-04-25_final_hierarchical/config_snapshot_hierarchical.yaml
Stage 1: kw_rf (fixed, binary HER2+ vs rest, threshold=0.5)
Stage 2: en_rf (HR+ vs Triple Neg)
Repeat seed: 1162
Stage 2 grid size: 800 combinations
Loading data...
Loaded 100 samples, 273 features.
Classes: ['HER2+', 'HR+', 'Triple Neg']
  HER2+: 32 samples
  HR+: 36 samples
  Triple Neg: 32 samples
Mislabel indices verified: [(2, 'Array.67'), (4, 'Array.22'), (45, 'Array.113')]
  Fold 1: s1=1.0000 (t=0.50)  s2=0.5357  combined=0.6905  auroc=0.8776  excl=0.7238 (1)  (2878.6s)
  Fold 2: s1=1.0000 (t=0.50)  s2=0.7619  combined=0.8413  auroc=0.9197  excl=0.8413 (0)  (2874.2s)
  Fold 3: s1=1.0000 (t=0.50)  s2=0.9167  combined=0.9444  auroc=0.9702  excl=0.9444 (0)  (2818.6s)
  Fold 4: s1=1.0000 (t=0.50)  s2=0.7143  combined=0.8095  auroc=0.9341  excl=0.8889 (2)  (2869.5s)
  Fold 5: s1=1.0000 (t=0.50)  s2=0.7143  combined=0.8095  auroc=0.9487  excl=0.8095 (0)  (2823.0s)

Summary for en_rf repeat 1162:
  Stage 1 (HER2+ vs rest):  1.0000 (+/- 0.0000)
  Stage 2 (HR+ vs TN):      0.7286 (+/- 0.1217)
  Combined (3-class):       0.8190 (+/- 0.0812)
  Combined (excl mislabels): 0.8416 (+/- 0.0745)
  Combined fold scores: [0.6905, 0.8413, 0.9444, 0.8095, 0.8095]
  Total time: 14264.0s
Fold results saved to /data/cbotos/TB-Project/results/2026-04-25_final_hierarchical/hierarchical_nested_cv/data/fold_results_en_rf_r1162.csv
Checkpoint removed (job complete).
