Run: 2026-04-25_final_hierarchical
Config: /data/cbotos/TB-Project/results/2026-04-25_final_hierarchical/config_snapshot_hierarchical.yaml
Stage 1: kw_rf (fixed, binary HER2+ vs rest, threshold=0.5)
Stage 2: kw_rf (HR+ vs Triple Neg)
Repeat seed: 1182
Stage 2 grid size: 32 combinations
Loading data...
Loaded 100 samples, 273 features.
Classes: ['HER2+', 'HR+', 'Triple Neg']
  HER2+: 32 samples
  HR+: 36 samples
  Triple Neg: 32 samples
Mislabel indices verified: [(2, 'Array.67'), (4, 'Array.22'), (45, 'Array.113')]
  Fold 1: s1=1.0000 (t=0.50)  s2=0.7619  combined=0.8413  auroc=0.9695  excl=0.8413 (0)  (101.9s)
  Fold 2: s1=1.0000 (t=0.50)  s2=0.6786  combined=0.7857  auroc=0.9313  excl=0.8190 (1)  (101.8s)
  Fold 3: s1=1.0000 (t=0.50)  s2=0.7708  combined=0.8472  auroc=0.9712  excl=0.8472 (0)  (102.1s)
  Fold 4: s1=1.0000 (t=0.50)  s2=0.7857  combined=0.8571  auroc=0.8681  excl=0.8889 (2)  (101.8s)
  Fold 5: s1=1.0000 (t=0.50)  s2=0.2143  combined=0.4762  auroc=0.7216  excl=0.4762 (0)  (102.2s)

Summary for kw_rf repeat 1182:
  Stage 1 (HER2+ vs rest):  1.0000 (+/- 0.0000)
  Stage 2 (HR+ vs TN):      0.6423 (+/- 0.2172)
  Combined (3-class):       0.7615 (+/- 0.1448)
  Combined (excl mislabels): 0.7745 (+/- 0.1509)
  Combined fold scores: [0.8413, 0.7857, 0.8472, 0.8571, 0.4762]
  Total time: 509.8s
Fold results saved to /data/cbotos/TB-Project/results/2026-04-25_final_hierarchical/hierarchical_nested_cv/data/fold_results_kw_rf_r1182.csv
Checkpoint removed (job complete).
