Run: 2026-04-25_final_hierarchical
Config: /data/cbotos/TB-Project/results/2026-04-25_final_hierarchical/config_snapshot_hierarchical.yaml
Stage 1: kw_rf (fixed, binary HER2+ vs rest, threshold=0.5)
Stage 2: standalone_en (HR+ vs Triple Neg)
Repeat seed: 1010
Stage 2 grid size: 50 combinations
Loading data...
Loaded 100 samples, 273 features.
Classes: ['HER2+', 'HR+', 'Triple Neg']
  HER2+: 32 samples
  HR+: 36 samples
  Triple Neg: 32 samples
Mislabel indices verified: [(2, 'Array.67'), (4, 'Array.22'), (45, 'Array.113')]
  Fold 1: s1=1.0000 (t=0.50)  s2=0.7857  combined=0.8571  auroc=0.9396  excl=0.8889 (1)  (35.4s)
  Fold 2: s1=1.0000 (t=0.50)  s2=0.5952  combined=0.7302  auroc=0.9008  excl=0.7524 (1)  (34.3s)
  Fold 3: s1=1.0000 (t=0.50)  s2=0.7083  combined=0.8056  auroc=0.9370  excl=0.8056 (0)  (33.5s)
  Fold 4: s1=1.0000 (t=0.50)  s2=0.6429  combined=0.7619  auroc=0.8938  excl=0.7937 (1)  (34.2s)
  Fold 5: s1=1.0000 (t=0.50)  s2=0.7143  combined=0.8095  auroc=0.9341  excl=0.8095 (0)  (34.9s)

Summary for standalone_en repeat 1010:
  Stage 1 (HER2+ vs rest):  1.0000 (+/- 0.0000)
  Stage 2 (HR+ vs TN):      0.6893 (+/- 0.0652)
  Combined (3-class):       0.7929 (+/- 0.0435)
  Combined (excl mislabels): 0.8100 (+/- 0.0443)
  Combined fold scores: [0.8571, 0.7302, 0.8056, 0.7619, 0.8095]
  Total time: 172.3s
Fold results saved to /data/cbotos/TB-Project/results/2026-04-25_final_hierarchical/hierarchical_nested_cv/data/fold_results_standalone_en_r1010.csv
Checkpoint removed (job complete).
