Run: 2026-04-25_final_hierarchical
Config: /data/cbotos/TB-Project/results/2026-04-25_final_hierarchical/config_snapshot_hierarchical.yaml
Stage 1: kw_rf (fixed, binary HER2+ vs rest, threshold=0.5)
Stage 2: kw_nmc (HR+ vs Triple Neg)
Repeat seed: 1009
Stage 2 grid size: 32 combinations
Loading data...
Loaded 100 samples, 273 features.
Classes: ['HER2+', 'HR+', 'Triple Neg']
  HER2+: 32 samples
  HR+: 36 samples
  Triple Neg: 32 samples
Mislabel indices verified: [(2, 'Array.67'), (4, 'Array.22'), (45, 'Array.113')]
  Fold 1: s1=1.0000 (t=0.50)  s2=0.7619  combined=0.8413  auroc=0.9847  excl=0.8857 (1)  (22.2s)
  Fold 2: s1=1.0000 (t=0.50)  s2=0.6667  combined=0.7778  auroc=1.0000  excl=0.8000 (1)  (21.2s)
  Fold 3: s1=1.0000 (t=0.50)  s2=0.8125  combined=0.8750  auroc=1.0000  excl=0.8750 (0)  (21.4s)
  Fold 4: s1=1.0000 (t=0.50)  s2=0.7143  combined=0.8095  auroc=0.9634  excl=0.8333 (1)  (21.2s)
  Fold 5: s1=1.0000 (t=0.50)  s2=0.7857  combined=0.8571  auroc=0.9560  excl=0.8571 (0)  (21.4s)

Summary for kw_nmc repeat 1009:
  Stage 1 (HER2+ vs rest):  1.0000 (+/- 0.0000)
  Stage 2 (HR+ vs TN):      0.7482 (+/- 0.0520)
  Combined (3-class):       0.8321 (+/- 0.0347)
  Combined (excl mislabels): 0.8502 (+/- 0.0308)
  Combined fold scores: [0.8413, 0.7778, 0.875, 0.8095, 0.8571]
  Total time: 107.5s
Fold results saved to /data/cbotos/TB-Project/results/2026-04-25_final_hierarchical/hierarchical_nested_cv/data/fold_results_kw_nmc_r1009.csv
Checkpoint removed (job complete).
