Run: 2026-04-25_final_hierarchical
Config: /data/cbotos/TB-Project/results/2026-04-25_final_hierarchical/config_snapshot_hierarchical.yaml
Stage 1: kw_rf (fixed, binary HER2+ vs rest, threshold=0.5)
Stage 2: kw_rf (HR+ vs Triple Neg)
Repeat seed: 1151
Stage 2 grid size: 32 combinations
Loading data...
Loaded 100 samples, 273 features.
Classes: ['HER2+', 'HR+', 'Triple Neg']
  HER2+: 32 samples
  HR+: 36 samples
  Triple Neg: 32 samples
Mislabel indices verified: [(2, 'Array.67'), (4, 'Array.22'), (45, 'Array.113')]
  Fold 1: s1=1.0000 (t=0.50)  s2=0.9167  combined=0.9444  auroc=0.9771  excl=1.0000 (1)  (102.3s)
  Fold 2: s1=1.0000 (t=0.50)  s2=0.5357  combined=0.6905  auroc=0.8590  excl=0.7222 (1)  (102.6s)
  Fold 3: s1=1.0000 (t=0.50)  s2=0.6458  combined=0.7639  auroc=0.8993  excl=0.7639 (0)  (102.3s)
  Fold 4: s1=1.0000 (t=0.50)  s2=0.6429  combined=0.7619  auroc=0.9267  excl=0.7619 (0)  (102.4s)
  Fold 5: s1=1.0000 (t=0.50)  s2=0.5714  combined=0.7143  auroc=0.9121  excl=0.7302 (1)  (102.2s)

Summary for kw_rf repeat 1151:
  Stage 1 (HER2+ vs rest):  1.0000 (+/- 0.0000)
  Stage 2 (HR+ vs TN):      0.6625 (+/- 0.1339)
  Combined (3-class):       0.7750 (+/- 0.0893)
  Combined (excl mislabels): 0.7956 (+/- 0.1035)
  Combined fold scores: [0.9444, 0.6905, 0.7639, 0.7619, 0.7143]
  Total time: 511.9s
Fold results saved to /data/cbotos/TB-Project/results/2026-04-25_final_hierarchical/hierarchical_nested_cv/data/fold_results_kw_rf_r1151.csv
Checkpoint removed (job complete).
