Run: 2026-04-25_final_hierarchical
Config: /data/cbotos/TB-Project/results/2026-04-25_final_hierarchical/config_snapshot_hierarchical.yaml
Stage 1: kw_rf (fixed, binary HER2+ vs rest, threshold=0.5)
Stage 2: en_rf (HR+ vs Triple Neg)
Repeat seed: 1198
Stage 2 grid size: 800 combinations
Loading data...
Loaded 100 samples, 273 features.
Classes: ['HER2+', 'HR+', 'Triple Neg']
  HER2+: 32 samples
  HR+: 36 samples
  Triple Neg: 32 samples
Mislabel indices verified: [(2, 'Array.67'), (4, 'Array.22'), (45, 'Array.113')]
  Fold 1: s1=1.0000 (t=0.50)  s2=0.5238  combined=0.6825  auroc=0.8703  excl=0.7222 (1)  (2891.0s)
  Fold 2: s1=1.0000 (t=0.50)  s2=0.7738  combined=0.8492  auroc=0.9542  excl=0.8492 (0)  (2894.3s)
  Fold 3: s1=1.0000 (t=0.50)  s2=0.6667  combined=0.7778  auroc=0.9405  excl=0.8000 (1)  (2911.8s)
  Fold 4: s1=1.0000 (t=0.50)  s2=0.7143  combined=0.8095  auroc=0.9560  excl=0.8095 (0)  (2849.8s)
  Fold 5: s1=1.0000 (t=0.50)  s2=0.5714  combined=0.7143  auroc=0.8388  excl=0.7381 (1)  (2787.5s)

Summary for en_rf repeat 1198:
  Stage 1 (HER2+ vs rest):  1.0000 (+/- 0.0000)
  Stage 2 (HR+ vs TN):      0.6500 (+/- 0.0915)
  Combined (3-class):       0.7667 (+/- 0.0610)
  Combined (excl mislabels): 0.7838 (+/- 0.0471)
  Combined fold scores: [0.6825, 0.8492, 0.7778, 0.8095, 0.7143]
  Total time: 14334.5s
Fold results saved to /data/cbotos/TB-Project/results/2026-04-25_final_hierarchical/hierarchical_nested_cv/data/fold_results_en_rf_r1198.csv
Checkpoint removed (job complete).
