Run: 2026-04-25_final_hierarchical
Config: /data/cbotos/TB-Project/results/2026-04-25_final_hierarchical/config_snapshot_hierarchical.yaml
Stage 1: kw_rf (fixed, binary HER2+ vs rest, threshold=0.5)
Stage 2: en_nmc (HR+ vs Triple Neg)
Repeat seed: 1147
Stage 2 grid size: 800 combinations
Loading data...
Loaded 100 samples, 273 features.
Classes: ['HER2+', 'HR+', 'Triple Neg']
  HER2+: 32 samples
  HR+: 36 samples
  Triple Neg: 32 samples
Mislabel indices verified: [(2, 'Array.67'), (4, 'Array.22'), (45, 'Array.113')]
  Fold 1: s1=1.0000 (t=0.50)  s2=0.6905  combined=0.7937  auroc=0.9386  excl=0.7937 (0)  (835.7s)
  Fold 2: s1=1.0000 (t=0.50)  s2=0.5476  combined=0.6984  auroc=0.9008  excl=0.7429 (1)  (916.2s)
  Fold 3: s1=1.0000 (t=0.50)  s2=0.7917  combined=0.8611  auroc=0.9410  excl=0.8968 (1)  (836.3s)
  Fold 4: s1=1.0000 (t=0.50)  s2=0.8571  combined=0.9048  auroc=0.9780  excl=0.9524 (1)  (803.9s)
  Fold 5: s1=1.0000 (t=0.50)  s2=0.6429  combined=0.7619  auroc=0.9377  excl=0.7619 (0)  (852.5s)

Summary for en_nmc repeat 1147:
  Stage 1 (HER2+ vs rest):  1.0000 (+/- 0.0000)
  Stage 2 (HR+ vs TN):      0.7060 (+/- 0.1091)
  Combined (3-class):       0.8040 (+/- 0.0727)
  Combined (excl mislabels): 0.8295 (+/- 0.0812)
  Combined fold scores: [0.7937, 0.6984, 0.8611, 0.9048, 0.7619]
  Total time: 4244.8s
Fold results saved to /data/cbotos/TB-Project/results/2026-04-25_final_hierarchical/hierarchical_nested_cv/data/fold_results_en_nmc_r1147.csv
Checkpoint removed (job complete).
