Run: 2026-04-25_final_hierarchical
Config: /data/cbotos/TB-Project/results/2026-04-25_final_hierarchical/config_snapshot_hierarchical.yaml
Stage 1: kw_rf (fixed, binary HER2+ vs rest, threshold=0.5)
Stage 2: standalone_en (HR+ vs Triple Neg)
Repeat seed: 1090
Stage 2 grid size: 50 combinations
Loading data...
Loaded 100 samples, 273 features.
Classes: ['HER2+', 'HR+', 'Triple Neg']
  HER2+: 32 samples
  HR+: 36 samples
  Triple Neg: 32 samples
Mislabel indices verified: [(2, 'Array.67'), (4, 'Array.22'), (45, 'Array.113')]
  Fold 1: s1=1.0000 (t=0.50)  s2=0.5595  combined=0.7063  auroc=0.9618  excl=0.7063 (0)  (34.9s)
  Fold 2: s1=1.0000 (t=0.50)  s2=0.6071  combined=0.7381  auroc=0.9466  excl=0.7714 (1)  (36.1s)
  Fold 3: s1=1.0000 (t=0.50)  s2=0.7917  combined=0.8611  auroc=0.9077  excl=0.8611 (0)  (33.5s)
  Fold 4: s1=1.0000 (t=0.50)  s2=0.7857  combined=0.8571  auroc=0.9853  excl=0.8571 (0)  (38.2s)
  Fold 5: s1=1.0000 (t=0.50)  s2=0.6429  combined=0.7619  auroc=0.8791  excl=0.8333 (2)  (34.0s)

Summary for standalone_en repeat 1090:
  Stage 1 (HER2+ vs rest):  1.0000 (+/- 0.0000)
  Stage 2 (HR+ vs TN):      0.6774 (+/- 0.0947)
  Combined (3-class):       0.7849 (+/- 0.0631)
  Combined (excl mislabels): 0.8059 (+/- 0.0592)
  Combined fold scores: [0.7063, 0.7381, 0.8611, 0.8571, 0.7619]
  Total time: 180.8s
Fold results saved to /data/cbotos/TB-Project/results/2026-04-25_final_hierarchical/hierarchical_nested_cv/data/fold_results_standalone_en_r1090.csv
Checkpoint removed (job complete).
