Run: 2026-04-25_final_hierarchical
Config: /data/cbotos/TB-Project/results/2026-04-25_final_hierarchical/config_snapshot_hierarchical.yaml
Stage 1: kw_rf (fixed, binary HER2+ vs rest, threshold=0.5)
Stage 2: kw_rf (HR+ vs Triple Neg)
Repeat seed: 1083
Stage 2 grid size: 32 combinations
Loading data...
Loaded 100 samples, 273 features.
Classes: ['HER2+', 'HR+', 'Triple Neg']
  HER2+: 32 samples
  HR+: 36 samples
  Triple Neg: 32 samples
Mislabel indices verified: [(2, 'Array.67'), (4, 'Array.22'), (45, 'Array.113')]
  Fold 1: s1=1.0000 (t=0.50)  s2=0.8452  combined=0.8968  auroc=0.9924  excl=0.8968 (0)  (101.4s)
  Fold 2: s1=1.0000 (t=0.50)  s2=0.5833  combined=0.7222  auroc=0.9466  excl=0.7333 (1)  (101.0s)
  Fold 3: s1=1.0000 (t=0.50)  s2=0.5833  combined=0.7222  auroc=0.8398  excl=0.7222 (0)  (101.2s)
  Fold 4: s1=1.0000 (t=0.50)  s2=0.5000  combined=0.6667  auroc=0.8791  excl=0.7063 (1)  (101.2s)
  Fold 5: s1=1.0000 (t=0.50)  s2=0.7857  combined=0.8571  auroc=0.9121  excl=0.8968 (1)  (101.1s)

Summary for kw_rf repeat 1083:
  Stage 1 (HER2+ vs rest):  1.0000 (+/- 0.0000)
  Stage 2 (HR+ vs TN):      0.6595 (+/- 0.1323)
  Combined (3-class):       0.7730 (+/- 0.0882)
  Combined (excl mislabels): 0.7911 (+/- 0.0867)
  Combined fold scores: [0.8968, 0.7222, 0.7222, 0.6667, 0.8571]
  Total time: 506.0s
Fold results saved to /data/cbotos/TB-Project/results/2026-04-25_final_hierarchical/hierarchical_nested_cv/data/fold_results_kw_rf_r1083.csv
Checkpoint removed (job complete).
