Run: 2026-04-25_final_hierarchical
Config: /data/cbotos/TB-Project/results/2026-04-25_final_hierarchical/config_snapshot_hierarchical.yaml
Stage 1: kw_rf (fixed, binary HER2+ vs rest, threshold=0.5)
Stage 2: kw_nmc (HR+ vs Triple Neg)
Repeat seed: 1053
Stage 2 grid size: 32 combinations
Loading data...
Loaded 100 samples, 273 features.
Classes: ['HER2+', 'HR+', 'Triple Neg']
  HER2+: 32 samples
  HR+: 36 samples
  Triple Neg: 32 samples
Mislabel indices verified: [(2, 'Array.67'), (4, 'Array.22'), (45, 'Array.113')]
  Fold 1: s1=1.0000 (t=0.50)  s2=0.6786  combined=0.7857  auroc=0.9505  excl=0.8190 (1)  (18.1s)
  Fold 2: s1=1.0000 (t=0.50)  s2=0.7857  combined=0.8571  auroc=0.9356  excl=0.8571 (0)  (18.1s)
  Fold 3: s1=1.0000 (t=0.50)  s2=0.8542  combined=0.9028  auroc=0.9926  excl=0.9583 (1)  (18.1s)
  Fold 4: s1=1.0000 (t=0.50)  s2=0.5714  combined=0.7143  auroc=0.8681  excl=0.7460 (1)  (18.1s)
  Fold 5: s1=1.0000 (t=0.50)  s2=0.8571  combined=0.9048  auroc=0.9817  excl=0.9048 (0)  (18.0s)

Summary for kw_nmc repeat 1053:
  Stage 1 (HER2+ vs rest):  1.0000 (+/- 0.0000)
  Stage 2 (HR+ vs TN):      0.7494 (+/- 0.1101)
  Combined (3-class):       0.8329 (+/- 0.0734)
  Combined (excl mislabels): 0.8571 (+/- 0.0725)
  Combined fold scores: [0.7857, 0.8571, 0.9028, 0.7143, 0.9048]
  Total time: 90.5s
Fold results saved to /data/cbotos/TB-Project/results/2026-04-25_final_hierarchical/hierarchical_nested_cv/data/fold_results_kw_nmc_r1053.csv
Checkpoint removed (job complete).
