Run: 2026-04-25_final_hierarchical
Config: /data/cbotos/TB-Project/results/2026-04-25_final_hierarchical/config_snapshot_hierarchical.yaml
Stage 1: kw_rf (fixed, binary HER2+ vs rest, threshold=0.5)
Stage 2: standalone_en (HR+ vs Triple Neg)
Repeat seed: 1081
Stage 2 grid size: 50 combinations
Loading data...
Loaded 100 samples, 273 features.
Classes: ['HER2+', 'HR+', 'Triple Neg']
  HER2+: 32 samples
  HR+: 36 samples
  Triple Neg: 32 samples
Mislabel indices verified: [(2, 'Array.67'), (4, 'Array.22'), (45, 'Array.113')]
  Fold 1: s1=1.0000 (t=0.50)  s2=0.6905  combined=0.7937  auroc=0.9429  excl=0.8214 (2)  (28.6s)
  Fold 2: s1=1.0000 (t=0.50)  s2=0.8333  combined=0.8889  auroc=0.9383  excl=0.8889 (0)  (27.6s)
  Fold 3: s1=1.0000 (t=0.50)  s2=0.5625  combined=0.7083  auroc=0.9072  excl=0.7083 (0)  (28.6s)
  Fold 4: s1=1.0000 (t=0.50)  s2=0.7857  combined=0.8571  auroc=0.9341  excl=0.9048 (1)  (29.2s)
  Fold 5: s1=1.0000 (t=0.50)  s2=0.7857  combined=0.8571  auroc=1.0000  excl=0.8571 (0)  (29.1s)

Summary for standalone_en repeat 1081:
  Stage 1 (HER2+ vs rest):  1.0000 (+/- 0.0000)
  Stage 2 (HR+ vs TN):      0.7315 (+/- 0.0964)
  Combined (3-class):       0.8210 (+/- 0.0643)
  Combined (excl mislabels): 0.8361 (+/- 0.0700)
  Combined fold scores: [0.7937, 0.8889, 0.7083, 0.8571, 0.8571]
  Total time: 143.1s
Fold results saved to /data/cbotos/TB-Project/results/2026-04-25_final_hierarchical/hierarchical_nested_cv/data/fold_results_standalone_en_r1081.csv
Checkpoint removed (job complete).
