Run: 2026-04-25_final_hierarchical
Config: /data/cbotos/TB-Project/results/2026-04-25_final_hierarchical/config_snapshot_hierarchical.yaml
Stage 1: kw_rf (fixed, binary HER2+ vs rest, threshold=0.5)
Stage 2: en_rf (HR+ vs Triple Neg)
Repeat seed: 1035
Stage 2 grid size: 800 combinations
Loading data...
Loaded 100 samples, 273 features.
Classes: ['HER2+', 'HR+', 'Triple Neg']
  HER2+: 32 samples
  HR+: 36 samples
  Triple Neg: 32 samples
Mislabel indices verified: [(2, 'Array.67'), (4, 'Array.22'), (45, 'Array.113')]
  Fold 1: s1=1.0000 (t=0.50)  s2=0.7619  combined=0.8413  auroc=0.9426  excl=0.8857 (1)  (2818.0s)
  Fold 2: s1=1.0000 (t=0.50)  s2=0.5119  combined=0.6746  auroc=0.8471  excl=0.6746 (0)  (2857.6s)
  Fold 3: s1=1.0000 (t=0.50)  s2=0.7708  combined=0.8472  auroc=0.9554  excl=0.8917 (1)  (2838.2s)
  Fold 4: s1=1.0000 (t=0.50)  s2=0.6429  combined=0.7619  auroc=0.8828  excl=0.8095 (1)  (2833.3s)
  Fold 5: s1=1.0000 (t=0.50)  s2=0.7857  combined=0.8571  auroc=0.9560  excl=0.8571 (0)  (2825.1s)

Summary for en_rf repeat 1035:
  Stage 1 (HER2+ vs rest):  1.0000 (+/- 0.0000)
  Stage 2 (HR+ vs TN):      0.6946 (+/- 0.1046)
  Combined (3-class):       0.7964 (+/- 0.0697)
  Combined (excl mislabels): 0.8237 (+/- 0.0800)
  Combined fold scores: [0.8413, 0.6746, 0.8472, 0.7619, 0.8571]
  Total time: 14172.3s
Fold results saved to /data/cbotos/TB-Project/results/2026-04-25_final_hierarchical/hierarchical_nested_cv/data/fold_results_en_rf_r1035.csv
Checkpoint removed (job complete).
