Run: 2026-04-25_final_hierarchical
Config: /data/cbotos/TB-Project/results/2026-04-25_final_hierarchical/config_snapshot_hierarchical.yaml
Stage 1: kw_rf (fixed, binary HER2+ vs rest, threshold=0.5)
Stage 2: en_rf (HR+ vs Triple Neg)
Repeat seed: 1163
Stage 2 grid size: 800 combinations
Loading data...
Loaded 100 samples, 273 features.
Classes: ['HER2+', 'HR+', 'Triple Neg']
  HER2+: 32 samples
  HR+: 36 samples
  Triple Neg: 32 samples
Mislabel indices verified: [(2, 'Array.67'), (4, 'Array.22'), (45, 'Array.113')]
  Fold 1: s1=1.0000 (t=0.50)  s2=0.5357  combined=0.6905  auroc=0.9161  excl=0.6905 (0)  (2829.4s)
  Fold 2: s1=1.0000 (t=0.50)  s2=0.7738  combined=0.8492  auroc=0.9582  excl=0.9048 (1)  (2873.8s)
  Fold 3: s1=1.0000 (t=0.50)  s2=0.3333  combined=0.5556  auroc=0.8438  excl=0.5794 (1)  (2825.2s)
  Fold 4: s1=1.0000 (t=0.50)  s2=0.7143  combined=0.8095  auroc=0.9560  excl=0.8095 (0)  (2829.1s)
  Fold 5: s1=1.0000 (t=0.50)  s2=0.8571  combined=0.9048  auroc=0.9634  excl=0.9444 (1)  (2789.2s)

Summary for en_rf repeat 1163:
  Stage 1 (HER2+ vs rest):  1.0000 (+/- 0.0000)
  Stage 2 (HR+ vs TN):      0.6429 (+/- 0.1873)
  Combined (3-class):       0.7619 (+/- 0.1249)
  Combined (excl mislabels): 0.7857 (+/- 0.1353)
  Combined fold scores: [0.6905, 0.8492, 0.5556, 0.8095, 0.9048]
  Total time: 14146.8s
Fold results saved to /data/cbotos/TB-Project/results/2026-04-25_final_hierarchical/hierarchical_nested_cv/data/fold_results_en_rf_r1163.csv
Checkpoint removed (job complete).
