Run: 2026-04-25_final_hierarchical
Config: /data/cbotos/TB-Project/results/2026-04-25_final_hierarchical/config_snapshot_hierarchical.yaml
Stage 1: kw_rf (fixed, binary HER2+ vs rest, threshold=0.5)
Stage 2: en_rf (HR+ vs Triple Neg)
Repeat seed: 1135
Stage 2 grid size: 800 combinations
Loading data...
Loaded 100 samples, 273 features.
Classes: ['HER2+', 'HR+', 'Triple Neg']
  HER2+: 32 samples
  HR+: 36 samples
  Triple Neg: 32 samples
Mislabel indices verified: [(2, 'Array.67'), (4, 'Array.22'), (45, 'Array.113')]
  Fold 1: s1=1.0000 (t=0.50)  s2=0.6905  combined=0.7937  auroc=0.9582  excl=0.7937 (0)  (2870.5s)
  Fold 2: s1=1.0000 (t=0.50)  s2=0.7619  combined=0.8413  auroc=0.9353  excl=0.8857 (1)  (2872.0s)
  Fold 3: s1=1.0000 (t=0.50)  s2=0.9375  combined=0.9583  auroc=0.9702  excl=1.0000 (1)  (2834.2s)
  Fold 4: s1=1.0000 (t=0.50)  s2=0.5714  combined=0.7143  auroc=0.8828  excl=0.7143 (0)  (2865.7s)
  Fold 5: s1=1.0000 (t=0.50)  s2=0.7143  combined=0.8095  auroc=0.9158  excl=0.8413 (1)  (2857.5s)

Summary for en_rf repeat 1135:
  Stage 1 (HER2+ vs rest):  1.0000 (+/- 0.0000)
  Stage 2 (HR+ vs TN):      0.7351 (+/- 0.1191)
  Combined (3-class):       0.8234 (+/- 0.0794)
  Combined (excl mislabels): 0.8470 (+/- 0.0953)
  Combined fold scores: [0.7937, 0.8413, 0.9583, 0.7143, 0.8095]
  Total time: 14300.0s
Fold results saved to /data/cbotos/TB-Project/results/2026-04-25_final_hierarchical/hierarchical_nested_cv/data/fold_results_en_rf_r1135.csv
Checkpoint removed (job complete).
