Run: 2026-04-25_final_hierarchical
Config: /data/cbotos/TB-Project/results/2026-04-25_final_hierarchical/config_snapshot_hierarchical.yaml
Stage 1: kw_rf (fixed, binary HER2+ vs rest, threshold=0.5)
Stage 2: en_rf (HR+ vs Triple Neg)
Repeat seed: 1032
Stage 2 grid size: 800 combinations
Loading data...
Loaded 100 samples, 273 features.
Classes: ['HER2+', 'HR+', 'Triple Neg']
  HER2+: 32 samples
  HR+: 36 samples
  Triple Neg: 32 samples
Mislabel indices verified: [(2, 'Array.67'), (4, 'Array.22'), (45, 'Array.113')]
  Fold 1: s1=1.0000 (t=0.50)  s2=0.7619  combined=0.8413  auroc=0.9350  excl=0.8857 (1)  (2813.0s)
  Fold 2: s1=1.0000 (t=0.50)  s2=0.7024  combined=0.8016  auroc=0.9045  excl=0.8016 (0)  (2879.7s)
  Fold 3: s1=1.0000 (t=0.50)  s2=0.7083  combined=0.8056  auroc=0.9182  excl=0.8857 (2)  (2814.5s)
  Fold 4: s1=1.0000 (t=0.50)  s2=0.7857  combined=0.8571  auroc=0.9487  excl=0.8571 (0)  (2858.5s)
  Fold 5: s1=1.0000 (t=0.50)  s2=0.6429  combined=0.7619  auroc=0.9341  excl=0.7619 (0)  (2842.5s)

Summary for en_rf repeat 1032:
  Stage 1 (HER2+ vs rest):  1.0000 (+/- 0.0000)
  Stage 2 (HR+ vs TN):      0.7202 (+/- 0.0499)
  Combined (3-class):       0.8135 (+/- 0.0333)
  Combined (excl mislabels): 0.8384 (+/- 0.0491)
  Combined fold scores: [0.8413, 0.8016, 0.8056, 0.8571, 0.7619]
  Total time: 14208.4s
Fold results saved to /data/cbotos/TB-Project/results/2026-04-25_final_hierarchical/hierarchical_nested_cv/data/fold_results_en_rf_r1032.csv
Checkpoint removed (job complete).
