Run: 2026-04-25_final_hierarchical
Config: /data/cbotos/TB-Project/results/2026-04-25_final_hierarchical/config_snapshot_hierarchical.yaml
Stage 1: kw_rf (fixed, binary HER2+ vs rest, threshold=0.5)
Stage 2: standalone_en (HR+ vs Triple Neg)
Repeat seed: 1169
Stage 2 grid size: 50 combinations
Loading data...
Loaded 100 samples, 273 features.
Classes: ['HER2+', 'HR+', 'Triple Neg']
  HER2+: 32 samples
  HR+: 36 samples
  Triple Neg: 32 samples
Mislabel indices verified: [(2, 'Array.67'), (4, 'Array.22'), (45, 'Array.113')]
  Fold 1: s1=1.0000 (t=0.50)  s2=0.7738  combined=0.8492  auroc=0.9545  excl=0.8492 (0)  (34.5s)
  Fold 2: s1=1.0000 (t=0.50)  s2=0.8452  combined=0.8968  auroc=0.9695  excl=0.8968 (0)  (35.0s)
  Fold 3: s1=1.0000 (t=0.50)  s2=0.8542  combined=0.9028  auroc=0.9405  excl=0.9444 (1)  (34.0s)
  Fold 4: s1=1.0000 (t=0.50)  s2=0.5714  combined=0.7143  auroc=0.8938  excl=0.7143 (0)  (34.7s)
  Fold 5: s1=1.0000 (t=0.50)  s2=0.7143  combined=0.8095  auroc=0.9377  excl=0.9048 (2)  (35.2s)

Summary for standalone_en repeat 1169:
  Stage 1 (HER2+ vs rest):  1.0000 (+/- 0.0000)
  Stage 2 (HR+ vs TN):      0.7518 (+/- 0.1036)
  Combined (3-class):       0.8345 (+/- 0.0690)
  Combined (excl mislabels): 0.8619 (+/- 0.0798)
  Combined fold scores: [0.8492, 0.8968, 0.9028, 0.7143, 0.8095]
  Total time: 173.3s
Fold results saved to /data/cbotos/TB-Project/results/2026-04-25_final_hierarchical/hierarchical_nested_cv/data/fold_results_standalone_en_r1169.csv
Checkpoint removed (job complete).
