Run: 2026-04-25_final_hierarchical
Config: /data/cbotos/TB-Project/results/2026-04-25_final_hierarchical/config_snapshot_hierarchical.yaml
Stage 1: kw_rf (fixed, binary HER2+ vs rest, threshold=0.5)
Stage 2: kw_nmc (HR+ vs Triple Neg)
Repeat seed: 1109
Stage 2 grid size: 32 combinations
Loading data...
Loaded 100 samples, 273 features.
Classes: ['HER2+', 'HR+', 'Triple Neg']
  HER2+: 32 samples
  HR+: 36 samples
  Triple Neg: 32 samples
Mislabel indices verified: [(2, 'Array.67'), (4, 'Array.22'), (45, 'Array.113')]
  Fold 1: s1=1.0000 (t=0.50)  s2=0.7500  combined=0.8333  auroc=0.9393  excl=0.8667 (1)  (21.9s)
  Fold 2: s1=1.0000 (t=0.50)  s2=0.7024  combined=0.8016  auroc=0.9164  excl=0.8333 (1)  (21.0s)
  Fold 3: s1=1.0000 (t=0.50)  s2=0.7292  combined=0.8194  auroc=0.9509  excl=0.8194 (0)  (21.0s)
  Fold 4: s1=1.0000 (t=0.50)  s2=0.4286  combined=0.6190  auroc=0.7692  excl=0.6190 (0)  (21.0s)
  Fold 5: s1=1.0000 (t=0.50)  s2=0.7143  combined=0.8095  auroc=0.8974  excl=0.8492 (1)  (21.0s)

Summary for kw_nmc repeat 1109:
  Stage 1 (HER2+ vs rest):  1.0000 (+/- 0.0000)
  Stage 2 (HR+ vs TN):      0.6649 (+/- 0.1192)
  Combined (3-class):       0.7766 (+/- 0.0795)
  Combined (excl mislabels): 0.7975 (+/- 0.0906)
  Combined fold scores: [0.8333, 0.8016, 0.8194, 0.619, 0.8095]
  Total time: 105.8s
Fold results saved to /data/cbotos/TB-Project/results/2026-04-25_final_hierarchical/hierarchical_nested_cv/data/fold_results_kw_nmc_r1109.csv
Checkpoint removed (job complete).
