Run: 2026-04-25_final_hierarchical
Config: /data/cbotos/TB-Project/results/2026-04-25_final_hierarchical/config_snapshot_hierarchical.yaml
Stage 1: kw_rf (fixed, binary HER2+ vs rest, threshold=0.5)
Stage 2: en_rf (HR+ vs Triple Neg)
Repeat seed: 1109
Stage 2 grid size: 800 combinations
Loading data...
Loaded 100 samples, 273 features.
Classes: ['HER2+', 'HR+', 'Triple Neg']
  HER2+: 32 samples
  HR+: 36 samples
  Triple Neg: 32 samples
Mislabel indices verified: [(2, 'Array.67'), (4, 'Array.22'), (45, 'Array.113')]
  Fold 1: s1=1.0000 (t=0.50)  s2=0.7619  combined=0.8413  auroc=0.9505  excl=0.8857 (1)  (2434.4s)
  Fold 2: s1=1.0000 (t=0.50)  s2=0.7738  combined=0.8492  auroc=0.9466  excl=0.8889 (1)  (2379.4s)
  Fold 3: s1=1.0000 (t=0.50)  s2=0.4583  combined=0.6389  auroc=0.8730  excl=0.6389 (0)  (2368.9s)
  Fold 4: s1=1.0000 (t=0.50)  s2=0.5714  combined=0.7143  auroc=0.8681  excl=0.7143 (0)  (2391.8s)
  Fold 5: s1=1.0000 (t=0.50)  s2=0.7143  combined=0.8095  auroc=0.9194  excl=0.8492 (1)  (2752.5s)

Summary for en_rf repeat 1109:
  Stage 1 (HER2+ vs rest):  1.0000 (+/- 0.0000)
  Stage 2 (HR+ vs TN):      0.6560 (+/- 0.1222)
  Combined (3-class):       0.7706 (+/- 0.0815)
  Combined (excl mislabels): 0.7954 (+/- 0.1009)
  Combined fold scores: [0.8413, 0.8492, 0.6389, 0.7143, 0.8095]
  Total time: 12327.1s
Fold results saved to /data/cbotos/TB-Project/results/2026-04-25_final_hierarchical/hierarchical_nested_cv/data/fold_results_en_rf_r1109.csv
Checkpoint removed (job complete).
