Run: 2026-04-25_final_hierarchical
Config: /data/cbotos/TB-Project/results/2026-04-25_final_hierarchical/config_snapshot_hierarchical.yaml
Stage 1: kw_rf (fixed, binary HER2+ vs rest, threshold=0.5)
Stage 2: kw_rf (HR+ vs Triple Neg)
Repeat seed: 1191
Stage 2 grid size: 32 combinations
Loading data...
Loaded 100 samples, 273 features.
Classes: ['HER2+', 'HR+', 'Triple Neg']
  HER2+: 32 samples
  HR+: 36 samples
  Triple Neg: 32 samples
Mislabel indices verified: [(2, 'Array.67'), (4, 'Array.22'), (45, 'Array.113')]
  Fold 1: s1=1.0000 (t=0.50)  s2=0.7619  combined=0.8413  auroc=0.9728  excl=0.8413 (0)  (102.8s)
  Fold 2: s1=1.0000 (t=0.50)  s2=0.5119  combined=0.6746  auroc=0.8779  excl=0.6857 (1)  (101.3s)
  Fold 3: s1=1.0000 (t=0.50)  s2=0.5208  combined=0.6806  auroc=0.9033  excl=0.6806 (0)  (101.7s)
  Fold 4: s1=1.0000 (t=0.50)  s2=0.7143  combined=0.8095  auroc=0.9341  excl=0.8413 (1)  (101.7s)
  Fold 5: s1=1.0000 (t=0.50)  s2=0.7143  combined=0.8095  auroc=0.9487  excl=0.8492 (1)  (101.9s)

Summary for kw_rf repeat 1191:
  Stage 1 (HER2+ vs rest):  1.0000 (+/- 0.0000)
  Stage 2 (HR+ vs TN):      0.6446 (+/- 0.1062)
  Combined (3-class):       0.7631 (+/- 0.0708)
  Combined (excl mislabels): 0.7796 (+/- 0.0788)
  Combined fold scores: [0.8413, 0.6746, 0.6806, 0.8095, 0.8095]
  Total time: 509.5s
Fold results saved to /data/cbotos/TB-Project/results/2026-04-25_final_hierarchical/hierarchical_nested_cv/data/fold_results_kw_rf_r1191.csv
Checkpoint removed (job complete).
