Run: 2026-04-25_final_hierarchical
Config: /data/cbotos/TB-Project/results/2026-04-25_final_hierarchical/config_snapshot_hierarchical.yaml
Stage 1: kw_rf (fixed, binary HER2+ vs rest, threshold=0.5)
Stage 2: kw_nmc (HR+ vs Triple Neg)
Repeat seed: 1164
Stage 2 grid size: 32 combinations
Loading data...
Loaded 100 samples, 273 features.
Classes: ['HER2+', 'HR+', 'Triple Neg']
  HER2+: 32 samples
  HR+: 36 samples
  Triple Neg: 32 samples
Mislabel indices verified: [(2, 'Array.67'), (4, 'Array.22'), (45, 'Array.113')]
  Fold 1: s1=1.0000 (t=0.50)  s2=0.6905  combined=0.7937  auroc=0.9124  excl=0.8381 (1)  (21.2s)
  Fold 2: s1=1.0000 (t=0.50)  s2=0.8452  combined=0.8968  auroc=0.9695  excl=0.8968 (0)  (21.3s)
  Fold 3: s1=1.0000 (t=0.50)  s2=0.6458  combined=0.7639  auroc=0.9484  excl=0.7639 (0)  (21.2s)
  Fold 4: s1=1.0000 (t=0.50)  s2=0.5714  combined=0.7143  auroc=0.8681  excl=0.7778 (2)  (21.3s)
  Fold 5: s1=1.0000 (t=0.50)  s2=0.9286  combined=0.9524  auroc=0.9853  excl=0.9524 (0)  (21.3s)

Summary for kw_nmc repeat 1164:
  Stage 1 (HER2+ vs rest):  1.0000 (+/- 0.0000)
  Stage 2 (HR+ vs TN):      0.7363 (+/- 0.1314)
  Combined (3-class):       0.8242 (+/- 0.0876)
  Combined (excl mislabels): 0.8458 (+/- 0.0712)
  Combined fold scores: [0.7937, 0.8968, 0.7639, 0.7143, 0.9524]
  Total time: 106.3s
Fold results saved to /data/cbotos/TB-Project/results/2026-04-25_final_hierarchical/hierarchical_nested_cv/data/fold_results_kw_nmc_r1164.csv
Checkpoint removed (job complete).
