Run: 2026-04-25_final_hierarchical
Config: /data/cbotos/TB-Project/results/2026-04-25_final_hierarchical/config_snapshot_hierarchical.yaml
Stage 1: kw_rf (fixed, binary HER2+ vs rest, threshold=0.5)
Stage 2: en_rf (HR+ vs Triple Neg)
Repeat seed: 1075
Stage 2 grid size: 800 combinations
Loading data...
Loaded 100 samples, 273 features.
Classes: ['HER2+', 'HR+', 'Triple Neg']
  HER2+: 32 samples
  HR+: 36 samples
  Triple Neg: 32 samples
Mislabel indices verified: [(2, 'Array.67'), (4, 'Array.22'), (45, 'Array.113')]
  Fold 1: s1=1.0000 (t=0.50)  s2=0.6190  combined=0.7460  auroc=0.9087  excl=0.7905 (1)  (2818.2s)
  Fold 2: s1=1.0000 (t=0.50)  s2=0.6310  combined=0.7540  auroc=0.8471  excl=0.7540 (0)  (2845.2s)
  Fold 3: s1=1.0000 (t=0.50)  s2=0.5625  combined=0.7083  auroc=0.9033  excl=0.7381 (1)  (2823.8s)
  Fold 4: s1=1.0000 (t=0.50)  s2=0.7857  combined=0.8571  auroc=0.9414  excl=0.8889 (1)  (2835.6s)
  Fold 5: s1=1.0000 (t=0.50)  s2=0.7857  combined=0.8571  auroc=0.9377  excl=0.8571 (0)  (2822.3s)

Summary for en_rf repeat 1075:
  Stage 1 (HER2+ vs rest):  1.0000 (+/- 0.0000)
  Stage 2 (HR+ vs TN):      0.6768 (+/- 0.0919)
  Combined (3-class):       0.7845 (+/- 0.0613)
  Combined (excl mislabels): 0.8057 (+/- 0.0584)
  Combined fold scores: [0.746, 0.754, 0.7083, 0.8571, 0.8571]
  Total time: 14145.2s
Fold results saved to /data/cbotos/TB-Project/results/2026-04-25_final_hierarchical/hierarchical_nested_cv/data/fold_results_en_rf_r1075.csv
Checkpoint removed (job complete).
