Run: 2026-04-25_final_hierarchical
Config: /data/cbotos/TB-Project/results/2026-04-25_final_hierarchical/config_snapshot_hierarchical.yaml
Stage 1: kw_rf (fixed, binary HER2+ vs rest, threshold=0.5)
Stage 2: kw_nmc (HR+ vs Triple Neg)
Repeat seed: 1044
Stage 2 grid size: 32 combinations
Loading data...
Loaded 100 samples, 273 features.
Classes: ['HER2+', 'HR+', 'Triple Neg']
  HER2+: 32 samples
  HR+: 36 samples
  Triple Neg: 32 samples
Mislabel indices verified: [(2, 'Array.67'), (4, 'Array.22'), (45, 'Array.113')]
  Fold 1: s1=1.0000 (t=0.50)  s2=0.6786  combined=0.7857  auroc=0.9350  excl=0.7857 (0)  (22.0s)
  Fold 2: s1=1.0000 (t=0.50)  s2=1.0000  combined=1.0000  auroc=1.0000  excl=1.0000 (0)  (21.0s)
  Fold 3: s1=1.0000 (t=0.50)  s2=0.6458  combined=0.7639  auroc=0.9182  excl=0.8381 (2)  (21.0s)
  Fold 4: s1=1.0000 (t=0.50)  s2=0.5714  combined=0.7143  auroc=0.9194  excl=0.7143 (0)  (21.0s)
  Fold 5: s1=1.0000 (t=0.50)  s2=0.7143  combined=0.8095  auroc=0.9194  excl=0.8413 (1)  (21.0s)

Summary for kw_nmc repeat 1044:
  Stage 1 (HER2+ vs rest):  1.0000 (+/- 0.0000)
  Stage 2 (HR+ vs TN):      0.7220 (+/- 0.1468)
  Combined (3-class):       0.8147 (+/- 0.0978)
  Combined (excl mislabels): 0.8359 (+/- 0.0941)
  Combined fold scores: [0.7857, 1.0, 0.7639, 0.7143, 0.8095]
  Total time: 106.1s
Fold results saved to /data/cbotos/TB-Project/results/2026-04-25_final_hierarchical/hierarchical_nested_cv/data/fold_results_kw_nmc_r1044.csv
Checkpoint removed (job complete).
