Run: 2026-04-25_final_hierarchical
Config: /data/cbotos/TB-Project/results/2026-04-25_final_hierarchical/config_snapshot_hierarchical.yaml
Stage 1: kw_rf (fixed, binary HER2+ vs rest, threshold=0.5)
Stage 2: en_nmc (HR+ vs Triple Neg)
Repeat seed: 1067
Stage 2 grid size: 800 combinations
Loading data...
Loaded 100 samples, 273 features.
Classes: ['HER2+', 'HR+', 'Triple Neg']
  HER2+: 32 samples
  HR+: 36 samples
  Triple Neg: 32 samples
Mislabel indices verified: [(2, 'Array.67'), (4, 'Array.22'), (45, 'Array.113')]
  Fold 1: s1=1.0000 (t=0.50)  s2=0.9167  combined=0.9444  auroc=0.9927  excl=1.0000 (1)  (865.6s)
  Fold 2: s1=1.0000 (t=0.50)  s2=0.5476  combined=0.6984  auroc=0.8742  excl=0.6984 (0)  (882.5s)
  Fold 3: s1=1.0000 (t=0.50)  s2=0.6250  combined=0.7500  auroc=0.8770  excl=0.7833 (1)  (898.5s)
  Fold 4: s1=1.0000 (t=0.50)  s2=0.8571  combined=0.9048  auroc=0.9194  excl=0.9444 (1)  (849.4s)
  Fold 5: s1=1.0000 (t=0.50)  s2=0.7143  combined=0.8095  auroc=0.9304  excl=0.8095 (0)  (861.2s)

Summary for en_nmc repeat 1067:
  Stage 1 (HER2+ vs rest):  1.0000 (+/- 0.0000)
  Stage 2 (HR+ vs TN):      0.7321 (+/- 0.1382)
  Combined (3-class):       0.8214 (+/- 0.0921)
  Combined (excl mislabels): 0.8471 (+/- 0.1099)
  Combined fold scores: [0.9444, 0.6984, 0.75, 0.9048, 0.8095]
  Total time: 4357.3s
Fold results saved to /data/cbotos/TB-Project/results/2026-04-25_final_hierarchical/hierarchical_nested_cv/data/fold_results_en_nmc_r1067.csv
Checkpoint removed (job complete).
