Run: 2026-04-25_final_hierarchical
Config: /data/cbotos/TB-Project/results/2026-04-25_final_hierarchical/config_snapshot_hierarchical.yaml
Stage 1: kw_rf (fixed, binary HER2+ vs rest, threshold=0.5)
Stage 2: en_nmc (HR+ vs Triple Neg)
Repeat seed: 1095
Stage 2 grid size: 800 combinations
Loading data...
Loaded 100 samples, 273 features.
Classes: ['HER2+', 'HR+', 'Triple Neg']
  HER2+: 32 samples
  HR+: 36 samples
  Triple Neg: 32 samples
Mislabel indices verified: [(2, 'Array.67'), (4, 'Array.22'), (45, 'Array.113')]
  Fold 1: s1=1.0000 (t=0.50)  s2=0.7024  combined=0.8016  auroc=0.9008  excl=0.8333 (1)  (873.1s)
  Fold 2: s1=1.0000 (t=0.50)  s2=0.6071  combined=0.7381  auroc=0.9313  excl=0.7381 (0)  (885.5s)
  Fold 3: s1=1.0000 (t=0.50)  s2=0.8333  combined=0.8889  auroc=0.9697  excl=0.8889 (0)  (813.8s)
  Fold 4: s1=1.0000 (t=0.50)  s2=0.5714  combined=0.7143  auroc=0.9158  excl=0.8095 (2)  (856.7s)
  Fold 5: s1=1.0000 (t=0.50)  s2=0.8571  combined=0.9048  auroc=0.9890  excl=0.9048 (0)  (831.3s)

Summary for en_nmc repeat 1095:
  Stage 1 (HER2+ vs rest):  1.0000 (+/- 0.0000)
  Stage 2 (HR+ vs TN):      0.7143 (+/- 0.1154)
  Combined (3-class):       0.8095 (+/- 0.0769)
  Combined (excl mislabels): 0.8349 (+/- 0.0597)
  Combined fold scores: [0.8016, 0.7381, 0.8889, 0.7143, 0.9048]
  Total time: 4260.5s
Fold results saved to /data/cbotos/TB-Project/results/2026-04-25_final_hierarchical/hierarchical_nested_cv/data/fold_results_en_nmc_r1095.csv
Checkpoint removed (job complete).
