Run: 2026-04-25_final_hierarchical
Config: /data/cbotos/TB-Project/results/2026-04-25_final_hierarchical/config_snapshot_hierarchical.yaml
Stage 1: kw_rf (fixed, binary HER2+ vs rest, threshold=0.5)
Stage 2: kw_nmc (HR+ vs Triple Neg)
Repeat seed: 1098
Stage 2 grid size: 32 combinations
Loading data...
Loaded 100 samples, 273 features.
Classes: ['HER2+', 'HR+', 'Triple Neg']
  HER2+: 32 samples
  HR+: 36 samples
  Triple Neg: 32 samples
Mislabel indices verified: [(2, 'Array.67'), (4, 'Array.22'), (45, 'Array.113')]
  Fold 1: s1=1.0000 (t=0.50)  s2=0.8452  combined=0.8968  auroc=0.9847  excl=0.8968 (0)  (21.0s)
  Fold 2: s1=1.0000 (t=0.50)  s2=0.8333  combined=0.8889  auroc=0.9695  excl=0.9333 (1)  (21.0s)
  Fold 3: s1=1.0000 (t=0.50)  s2=0.7083  combined=0.8056  auroc=0.9405  excl=0.8056 (0)  (21.0s)
  Fold 4: s1=1.0000 (t=0.50)  s2=0.7143  combined=0.8095  auroc=0.8755  excl=0.8571 (1)  (21.0s)
  Fold 5: s1=1.0000 (t=0.50)  s2=0.5714  combined=0.7143  auroc=0.9194  excl=0.7460 (1)  (21.0s)

Summary for kw_nmc repeat 1098:
  Stage 1 (HER2+ vs rest):  1.0000 (+/- 0.0000)
  Stage 2 (HR+ vs TN):      0.7345 (+/- 0.0997)
  Combined (3-class):       0.8230 (+/- 0.0665)
  Combined (excl mislabels): 0.8478 (+/- 0.0663)
  Combined fold scores: [0.8968, 0.8889, 0.8056, 0.8095, 0.7143]
  Total time: 105.0s
Fold results saved to /data/cbotos/TB-Project/results/2026-04-25_final_hierarchical/hierarchical_nested_cv/data/fold_results_kw_nmc_r1098.csv
Checkpoint removed (job complete).
