Run: 2026-04-25_final_hierarchical
Config: /data/cbotos/TB-Project/results/2026-04-25_final_hierarchical/config_snapshot_hierarchical.yaml
Stage 1: kw_rf (fixed, binary HER2+ vs rest, threshold=0.5)
Stage 2: en_nmc (HR+ vs Triple Neg)
Repeat seed: 1040
Stage 2 grid size: 800 combinations
Loading data...
Loaded 100 samples, 273 features.
Classes: ['HER2+', 'HR+', 'Triple Neg']
  HER2+: 32 samples
  HR+: 36 samples
  Triple Neg: 32 samples
Mislabel indices verified: [(2, 'Array.67'), (4, 'Array.22'), (45, 'Array.113')]
  Fold 1: s1=1.0000 (t=0.50)  s2=0.6071  combined=0.7381  auroc=0.9048  excl=0.7714 (1)  (842.4s)
  Fold 2: s1=1.0000 (t=0.50)  s2=0.9167  combined=0.9444  auroc=0.9924  excl=0.9444 (0)  (898.2s)
  Fold 3: s1=1.0000 (t=0.50)  s2=0.7917  combined=0.8611  auroc=0.9628  excl=0.8968 (1)  (836.7s)
  Fold 4: s1=1.0000 (t=0.50)  s2=0.8571  combined=0.9048  auroc=0.9707  excl=0.9048 (0)  (865.4s)
  Fold 5: s1=1.0000 (t=0.50)  s2=0.8571  combined=0.9048  auroc=0.9707  excl=0.8968 (1)  (861.6s)

Summary for en_nmc repeat 1040:
  Stage 1 (HER2+ vs rest):  1.0000 (+/- 0.0000)
  Stage 2 (HR+ vs TN):      0.8060 (+/- 0.1070)
  Combined (3-class):       0.8706 (+/- 0.0713)
  Combined (excl mislabels): 0.8829 (+/- 0.0584)
  Combined fold scores: [0.7381, 0.9444, 0.8611, 0.9048, 0.9048]
  Total time: 4304.4s
Fold results saved to /data/cbotos/TB-Project/results/2026-04-25_final_hierarchical/hierarchical_nested_cv/data/fold_results_en_nmc_r1040.csv
Checkpoint removed (job complete).
