Run: 2026-04-25_final_hierarchical
Config: /data/cbotos/TB-Project/results/2026-04-25_final_hierarchical/config_snapshot_hierarchical.yaml
Stage 1: kw_rf (fixed, binary HER2+ vs rest, threshold=0.5)
Stage 2: en_nmc (HR+ vs Triple Neg)
Repeat seed: 1046
Stage 2 grid size: 800 combinations
Loading data...
Loaded 100 samples, 273 features.
Classes: ['HER2+', 'HR+', 'Triple Neg']
  HER2+: 32 samples
  HR+: 36 samples
  Triple Neg: 32 samples
Mislabel indices verified: [(2, 'Array.67'), (4, 'Array.22'), (45, 'Array.113')]
  Fold 1: s1=1.0000 (t=0.50)  s2=0.8452  combined=0.8968  auroc=0.9658  excl=0.9524 (1)  (803.1s)
  Fold 2: s1=1.0000 (t=0.50)  s2=0.7024  combined=0.8016  auroc=0.9389  excl=0.8016 (0)  (861.2s)
  Fold 3: s1=1.0000 (t=0.50)  s2=0.6250  combined=0.7500  auroc=0.8512  excl=0.7524 (2)  (830.9s)
  Fold 4: s1=1.0000 (t=0.50)  s2=0.7857  combined=0.8571  auroc=0.9341  excl=0.8571 (0)  (823.9s)
  Fold 5: s1=1.0000 (t=0.50)  s2=0.8571  combined=0.9048  auroc=0.9414  excl=0.9048 (0)  (836.5s)

Summary for en_nmc repeat 1046:
  Stage 1 (HER2+ vs rest):  1.0000 (+/- 0.0000)
  Stage 2 (HR+ vs TN):      0.7631 (+/- 0.0882)
  Combined (3-class):       0.8421 (+/- 0.0588)
  Combined (excl mislabels): 0.8537 (+/- 0.0712)
  Combined fold scores: [0.8968, 0.8016, 0.75, 0.8571, 0.9048]
  Total time: 4156.3s
Fold results saved to /data/cbotos/TB-Project/results/2026-04-25_final_hierarchical/hierarchical_nested_cv/data/fold_results_en_nmc_r1046.csv
Checkpoint removed (job complete).
