Run: 2026-04-25_final_hierarchical
Config: /data/cbotos/TB-Project/results/2026-04-25_final_hierarchical/config_snapshot_hierarchical.yaml
Stage 1: kw_rf (fixed, binary HER2+ vs rest, threshold=0.5)
Stage 2: en_rf (HR+ vs Triple Neg)
Repeat seed: 1051
Stage 2 grid size: 800 combinations
Loading data...
Loaded 100 samples, 273 features.
Classes: ['HER2+', 'HR+', 'Triple Neg']
  HER2+: 32 samples
  HR+: 36 samples
  Triple Neg: 32 samples
Mislabel indices verified: [(2, 'Array.67'), (4, 'Array.22'), (45, 'Array.113')]
  Fold 1: s1=1.0000 (t=0.50)  s2=0.9286  combined=0.9524  auroc=1.0000  excl=0.9524 (0)  (2397.5s)
  Fold 2: s1=1.0000 (t=0.50)  s2=0.8333  combined=0.8889  auroc=0.9612  excl=0.8889 (0)  (2663.9s)
  Fold 3: s1=1.0000 (t=0.50)  s2=0.4792  combined=0.6528  auroc=0.8586  excl=0.6750 (1)  (2768.8s)
  Fold 4: s1=1.0000 (t=0.50)  s2=0.7143  combined=0.8095  auroc=0.9524  excl=0.8492 (1)  (2710.6s)
  Fold 5: s1=1.0000 (t=0.50)  s2=0.5000  combined=0.6667  auroc=0.8388  excl=0.6984 (1)  (2477.5s)

Summary for en_rf repeat 1051:
  Stage 1 (HER2+ vs rest):  1.0000 (+/- 0.0000)
  Stage 2 (HR+ vs TN):      0.6911 (+/- 0.1781)
  Combined (3-class):       0.7940 (+/- 0.1187)
  Combined (excl mislabels): 0.8128 (+/- 0.1083)
  Combined fold scores: [0.9524, 0.8889, 0.6528, 0.8095, 0.6667]
  Total time: 13018.6s
Fold results saved to /data/cbotos/TB-Project/results/2026-04-25_final_hierarchical/hierarchical_nested_cv/data/fold_results_en_rf_r1051.csv
Checkpoint removed (job complete).
