Run: 2026-04-25_final_hierarchical
Config: /data/cbotos/TB-Project/results/2026-04-25_final_hierarchical/config_snapshot_hierarchical.yaml
Stage 1: kw_rf (fixed, binary HER2+ vs rest, threshold=0.5)
Stage 2: standalone_en_pens (HR+ vs Triple Neg)
Repeat seed: 1074
Stage 2: no GridSearchCV (ensemble pipeline)
Loading data...
Loaded 100 samples, 273 features.
Classes: ['HER2+', 'HR+', 'Triple Neg']
  HER2+: 32 samples
  HR+: 36 samples
  Triple Neg: 32 samples
Mislabel indices verified: [(2, 'Array.67'), (4, 'Array.22'), (45, 'Array.113')]
Pooled plateau capped: 30 -> 15 combos
Pooled plateau: 15 of 50 combos from 1000 fold files (best=0.7540, std=0.0469, threshold=0.7071)
  Plateau combo 1: score=0.7540, params={'clf__C': 0.0464159, 'clf__l1_ratio': 0.1}
  Plateau combo 2: score=0.7440, params={'clf__C': 0.16681, 'clf__l1_ratio': 0.3}
  Plateau combo 3: score=0.7431, params={'clf__C': 0.16681, 'clf__l1_ratio': 0.1}
  Plateau combo 4: score=0.7372, params={'clf__C': 0.599484, 'clf__l1_ratio': 0.1}
  Plateau combo 5: score=0.7360, params={'clf__C': 0.599484, 'clf__l1_ratio': 0.3}
  Plateau combo 6: score=0.7334, params={'clf__C': 0.16681, 'clf__l1_ratio': 0.5}
  Plateau combo 7: score=0.7334, params={'clf__C': 2.15443, 'clf__l1_ratio': 0.1}
  Plateau combo 8: score=0.7325, params={'clf__C': 2.15443, 'clf__l1_ratio': 0.3}
  Plateau combo 9: score=0.7320, params={'clf__C': 0.599484, 'clf__l1_ratio': 0.5}
  Plateau combo 10: score=0.7313, params={'clf__C': 7.74264, 'clf__l1_ratio': 0.3}
  Plateau combo 11: score=0.7312, params={'clf__C': 7.74264, 'clf__l1_ratio': 0.1}
  Plateau combo 12: score=0.7305, params={'clf__C': 27.8256, 'clf__l1_ratio': 0.3}
  Plateau combo 13: score=0.7304, params={'clf__C': 27.8256, 'clf__l1_ratio': 0.5}
  Plateau combo 14: score=0.7304, params={'clf__C': 100.0, 'clf__l1_ratio': 0.7}
  Plateau combo 15: score=0.7303, params={'clf__C': 100.0, 'clf__l1_ratio': 0.5}
    Retraining 15 plateau models
      [1/15] n_features=66, params={'clf__C': 0.0464159, 'clf__l1_ratio': 0.1}
      [2/15] n_features=51, params={'clf__C': 0.16681, 'clf__l1_ratio': 0.3}
      [3/15] n_features=117, params={'clf__C': 0.16681, 'clf__l1_ratio': 0.1}
      [15/15] n_features=250, params={'clf__C': 100.0, 'clf__l1_ratio': 0.5}
    Plateau features: union=250, intersection=30
  Fold 1: s1=1.0000 (t=0.50)  s2=0.8452  combined=0.8968  auroc=0.9808  excl=0.9524 (1)  (3.6s)
    Retraining 15 plateau models
      [1/15] n_features=86, params={'clf__C': 0.0464159, 'clf__l1_ratio': 0.1}
      [2/15] n_features=55, params={'clf__C': 0.16681, 'clf__l1_ratio': 0.3}
      [3/15] n_features=129, params={'clf__C': 0.16681, 'clf__l1_ratio': 0.1}
      [15/15] n_features=230, params={'clf__C': 100.0, 'clf__l1_ratio': 0.5}
    Plateau features: union=232, intersection=35
  Fold 2: s1=1.0000 (t=0.50)  s2=0.6190  combined=0.7460  auroc=0.8932  excl=0.7778 (1)  (3.8s)
    Retraining 15 plateau models
      [1/15] n_features=72, params={'clf__C': 0.0464159, 'clf__l1_ratio': 0.1}
      [2/15] n_features=49, params={'clf__C': 0.16681, 'clf__l1_ratio': 0.3}
      [3/15] n_features=121, params={'clf__C': 0.16681, 'clf__l1_ratio': 0.1}
      [15/15] n_features=248, params={'clf__C': 100.0, 'clf__l1_ratio': 0.5}
    Plateau features: union=248, intersection=28
  Fold 3: s1=1.0000 (t=0.50)  s2=0.8750  combined=0.9167  auroc=0.9851  excl=0.9167 (1)  (3.3s)
    Retraining 15 plateau models
      [1/15] n_features=68, params={'clf__C': 0.0464159, 'clf__l1_ratio': 0.1}
      [2/15] n_features=53, params={'clf__C': 0.16681, 'clf__l1_ratio': 0.3}
      [3/15] n_features=117, params={'clf__C': 0.16681, 'clf__l1_ratio': 0.1}
      [15/15] n_features=243, params={'clf__C': 100.0, 'clf__l1_ratio': 0.5}
    Plateau features: union=243, intersection=25
  Fold 4: s1=1.0000 (t=0.50)  s2=0.7857  combined=0.8571  auroc=0.9707  excl=0.8571 (0)  (3.6s)
    Retraining 15 plateau models
      [1/15] n_features=85, params={'clf__C': 0.0464159, 'clf__l1_ratio': 0.1}
      [2/15] n_features=55, params={'clf__C': 0.16681, 'clf__l1_ratio': 0.3}
      [3/15] n_features=123, params={'clf__C': 0.16681, 'clf__l1_ratio': 0.1}
      [15/15] n_features=241, params={'clf__C': 100.0, 'clf__l1_ratio': 0.5}
    Plateau features: union=241, intersection=29
  Fold 5: s1=1.0000 (t=0.50)  s2=0.6429  combined=0.7619  auroc=0.8498  excl=0.7619 (0)  (3.8s)

Summary for standalone_en_pens repeat 1074:
  Stage 1 (HER2+ vs rest):  1.0000 (+/- 0.0000)
  Stage 2 (HR+ vs TN):      0.7536 (+/- 0.1044)
  Combined (3-class):       0.8357 (+/- 0.0696)
  Combined (excl mislabels): 0.8532 (+/- 0.0747)
  Combined fold scores: [0.8968, 0.746, 0.9167, 0.8571, 0.7619]
  Total time: 18.1s
Fold results saved to /data/cbotos/TB-Project/results/2026-04-25_final_hierarchical/hierarchical_nested_cv/data/fold_results_standalone_en_pens_r1074.csv
Checkpoint removed (job complete).
