Run: 2026-04-25_final_hierarchical
Config: /data/cbotos/TB-Project/results/2026-04-25_final_hierarchical/config_snapshot_hierarchical.yaml
Stage 1: kw_rf (fixed, binary HER2+ vs rest, threshold=0.5)
Stage 2: en_rf (HR+ vs Triple Neg)
Repeat seed: 1128
Stage 2 grid size: 800 combinations
Loading data...
Loaded 100 samples, 273 features.
Classes: ['HER2+', 'HR+', 'Triple Neg']
  HER2+: 32 samples
  HR+: 36 samples
  Triple Neg: 32 samples
Mislabel indices verified: [(2, 'Array.67'), (4, 'Array.22'), (45, 'Array.113')]
  Fold 1: s1=1.0000 (t=0.50)  s2=0.8333  combined=0.8889  auroc=0.9154  excl=1.0000 (2)  (2781.7s)
  Fold 2: s1=1.0000 (t=0.50)  s2=0.7738  combined=0.8492  auroc=0.9655  excl=0.8492 (0)  (2793.6s)
  Fold 3: s1=1.0000 (t=0.50)  s2=0.5417  combined=0.6944  auroc=0.7661  excl=0.6944 (0)  (2802.3s)
  Fold 4: s1=1.0000 (t=0.50)  s2=0.5000  combined=0.6667  auroc=0.8535  excl=0.6429 (1)  (2829.9s)
  Fold 5: s1=1.0000 (t=0.50)  s2=0.8571  combined=0.9048  auroc=0.9707  excl=0.9048 (0)  (2798.5s)

Summary for en_rf repeat 1128:
  Stage 1 (HER2+ vs rest):  1.0000 (+/- 0.0000)
  Stage 2 (HR+ vs TN):      0.7012 (+/- 0.1503)
  Combined (3-class):       0.8008 (+/- 0.1002)
  Combined (excl mislabels): 0.8183 (+/- 0.1323)
  Combined fold scores: [0.8889, 0.8492, 0.6944, 0.6667, 0.9048]
  Total time: 14006.2s
Fold results saved to /data/cbotos/TB-Project/results/2026-04-25_final_hierarchical/hierarchical_nested_cv/data/fold_results_en_rf_r1128.csv
Checkpoint removed (job complete).
