Run: 2026-04-25_final_hierarchical
Config: /data/cbotos/TB-Project/results/2026-04-25_final_hierarchical/config_snapshot_hierarchical.yaml
Stage 1: kw_rf (fixed, binary HER2+ vs rest, threshold=0.5)
Stage 2: en_rf (HR+ vs Triple Neg)
Repeat seed: 1143
Stage 2 grid size: 800 combinations
Loading data...
Loaded 100 samples, 273 features.
Classes: ['HER2+', 'HR+', 'Triple Neg']
  HER2+: 32 samples
  HR+: 36 samples
  Triple Neg: 32 samples
Mislabel indices verified: [(2, 'Array.67'), (4, 'Array.22'), (45, 'Array.113')]
  Fold 1: s1=1.0000 (t=0.50)  s2=0.6786  combined=0.7857  auroc=0.8892  excl=0.8667 (2)  (2885.3s)
  Fold 2: s1=1.0000 (t=0.50)  s2=0.7619  combined=0.8413  auroc=0.9655  excl=0.8413 (0)  (2848.3s)
  Fold 3: s1=1.0000 (t=0.50)  s2=0.6250  combined=0.7500  auroc=0.9256  excl=0.7500 (0)  (2846.7s)
  Fold 4: s1=1.0000 (t=0.50)  s2=0.5714  combined=0.7143  auroc=0.8864  excl=0.7143 (0)  (2782.0s)
  Fold 5: s1=1.0000 (t=0.50)  s2=0.7143  combined=0.8095  auroc=0.9267  excl=0.8492 (1)  (2871.0s)

Summary for en_rf repeat 1143:
  Stage 1 (HER2+ vs rest):  1.0000 (+/- 0.0000)
  Stage 2 (HR+ vs TN):      0.6702 (+/- 0.0667)
  Combined (3-class):       0.7802 (+/- 0.0444)
  Combined (excl mislabels): 0.8043 (+/- 0.0605)
  Combined fold scores: [0.7857, 0.8413, 0.75, 0.7143, 0.8095]
  Total time: 14233.3s
Fold results saved to /data/cbotos/TB-Project/results/2026-04-25_final_hierarchical/hierarchical_nested_cv/data/fold_results_en_rf_r1143.csv
Checkpoint removed (job complete).
