Run: 2026-04-25_final_hierarchical
Config: /data/cbotos/TB-Project/results/2026-04-25_final_hierarchical/config_snapshot_hierarchical.yaml
Stage 1: kw_rf (fixed, binary HER2+ vs rest, threshold=0.5)
Stage 2: kw_nmc (HR+ vs Triple Neg)
Repeat seed: 1149
Stage 2 grid size: 32 combinations
Loading data...
Loaded 100 samples, 273 features.
Classes: ['HER2+', 'HR+', 'Triple Neg']
  HER2+: 32 samples
  HR+: 36 samples
  Triple Neg: 32 samples
Mislabel indices verified: [(2, 'Array.67'), (4, 'Array.22'), (45, 'Array.113')]
  Fold 1: s1=1.0000 (t=0.50)  s2=0.7857  combined=0.8571  auroc=0.9463  excl=0.8571 (0)  (20.3s)
  Fold 2: s1=1.0000 (t=0.50)  s2=0.6786  combined=0.7857  auroc=0.9771  excl=0.7857 (0)  (18.8s)
  Fold 3: s1=1.0000 (t=0.50)  s2=0.7292  combined=0.8194  auroc=0.9702  excl=0.8194 (0)  (18.8s)
  Fold 4: s1=1.0000 (t=0.50)  s2=0.7857  combined=0.8571  auroc=0.9634  excl=0.9524 (2)  (18.5s)
  Fold 5: s1=1.0000 (t=0.50)  s2=0.7857  combined=0.8571  auroc=0.9707  excl=0.8968 (1)  (18.0s)

Summary for kw_nmc repeat 1149:
  Stage 1 (HER2+ vs rest):  1.0000 (+/- 0.0000)
  Stage 2 (HR+ vs TN):      0.7530 (+/- 0.0432)
  Combined (3-class):       0.8353 (+/- 0.0288)
  Combined (excl mislabels): 0.8623 (+/- 0.0584)
  Combined fold scores: [0.8571, 0.7857, 0.8194, 0.8571, 0.8571]
  Total time: 94.5s
Fold results saved to /data/cbotos/TB-Project/results/2026-04-25_final_hierarchical/hierarchical_nested_cv/data/fold_results_kw_nmc_r1149.csv
Checkpoint removed (job complete).
