Run: 2026-04-25_final_hierarchical
Config: /data/cbotos/TB-Project/results/2026-04-25_final_hierarchical/config_snapshot_hierarchical.yaml
Stage 1: kw_rf (fixed, binary HER2+ vs rest, threshold=0.5)
Stage 2: standalone_en (HR+ vs Triple Neg)
Repeat seed: 1148
Stage 2 grid size: 50 combinations
Loading data...
Loaded 100 samples, 273 features.
Classes: ['HER2+', 'HR+', 'Triple Neg']
  HER2+: 32 samples
  HR+: 36 samples
  Triple Neg: 32 samples
Mislabel indices verified: [(2, 'Array.67'), (4, 'Array.22'), (45, 'Array.113')]
  Fold 1: s1=1.0000 (t=0.50)  s2=0.7024  combined=0.8016  auroc=0.9237  excl=0.8016 (0)  (37.1s)
  Fold 2: s1=1.0000 (t=0.50)  s2=0.6905  combined=0.7937  auroc=0.9200  excl=0.8333 (1)  (35.3s)
  Fold 3: s1=1.0000 (t=0.50)  s2=0.8750  combined=0.9167  auroc=0.9702  excl=0.9167 (0)  (35.5s)
  Fold 4: s1=1.0000 (t=0.50)  s2=0.7857  combined=0.8571  auroc=0.9634  excl=0.8571 (0)  (36.0s)
  Fold 5: s1=1.0000 (t=0.50)  s2=0.6429  combined=0.7619  auroc=0.9267  excl=0.8000 (2)  (33.6s)

Summary for standalone_en repeat 1148:
  Stage 1 (HER2+ vs rest):  1.0000 (+/- 0.0000)
  Stage 2 (HR+ vs TN):      0.7393 (+/- 0.0820)
  Combined (3-class):       0.8262 (+/- 0.0547)
  Combined (excl mislabels): 0.8417 (+/- 0.0431)
  Combined fold scores: [0.8016, 0.7937, 0.9167, 0.8571, 0.7619]
  Total time: 177.5s
Fold results saved to /data/cbotos/TB-Project/results/2026-04-25_final_hierarchical/hierarchical_nested_cv/data/fold_results_standalone_en_r1148.csv
Checkpoint removed (job complete).
