Run: 2026-04-25_final_hierarchical
Config: /data/cbotos/TB-Project/results/2026-04-25_final_hierarchical/config_snapshot_hierarchical.yaml
Stage 1: kw_rf (fixed, binary HER2+ vs rest, threshold=0.5)
Stage 2: kw_nmc (HR+ vs Triple Neg)
Repeat seed: 1003
Stage 2 grid size: 32 combinations
Loading data...
Loaded 100 samples, 273 features.
Classes: ['HER2+', 'HR+', 'Triple Neg']
  HER2+: 32 samples
  HR+: 36 samples
  Triple Neg: 32 samples
Mislabel indices verified: [(2, 'Array.67'), (4, 'Array.22'), (45, 'Array.113')]
  Fold 1: s1=1.0000 (t=0.50)  s2=0.8571  combined=0.9048  auroc=0.9466  excl=0.9048 (0)  (22.1s)
  Fold 2: s1=1.0000 (t=0.50)  s2=0.6786  combined=0.7857  auroc=0.9161  excl=0.8111 (2)  (21.0s)
  Fold 3: s1=1.0000 (t=0.50)  s2=0.7083  combined=0.8056  auroc=0.9107  excl=0.8056 (0)  (21.3s)
  Fold 4: s1=1.0000 (t=0.50)  s2=0.7143  combined=0.8095  auroc=0.9487  excl=0.8095 (0)  (21.1s)
  Fold 5: s1=1.0000 (t=0.50)  s2=0.5000  combined=0.6667  auroc=0.8132  excl=0.6905 (1)  (21.5s)

Summary for kw_nmc repeat 1003:
  Stage 1 (HER2+ vs rest):  1.0000 (+/- 0.0000)
  Stage 2 (HR+ vs TN):      0.6917 (+/- 0.1141)
  Combined (3-class):       0.7944 (+/- 0.0761)
  Combined (excl mislabels): 0.8043 (+/- 0.0680)
  Combined fold scores: [0.9048, 0.7857, 0.8056, 0.8095, 0.6667]
  Total time: 107.0s
Fold results saved to /data/cbotos/TB-Project/results/2026-04-25_final_hierarchical/hierarchical_nested_cv/data/fold_results_kw_nmc_r1003.csv
Checkpoint removed (job complete).
