Run: 2026-04-25_final_hierarchical
Config: /data/cbotos/TB-Project/results/2026-04-25_final_hierarchical/config_snapshot_hierarchical.yaml
Stage 1: kw_rf (fixed, binary HER2+ vs rest, threshold=0.5)
Stage 2: kw_rf (HR+ vs Triple Neg)
Repeat seed: 1076
Stage 2 grid size: 32 combinations
Loading data...
Loaded 100 samples, 273 features.
Classes: ['HER2+', 'HR+', 'Triple Neg']
  HER2+: 32 samples
  HR+: 36 samples
  Triple Neg: 32 samples
Mislabel indices verified: [(2, 'Array.67'), (4, 'Array.22'), (45, 'Array.113')]
  Fold 1: s1=1.0000 (t=0.50)  s2=0.6667  combined=0.7778  auroc=0.9695  excl=0.8000 (1)  (100.9s)
  Fold 2: s1=1.0000 (t=0.50)  s2=0.7857  combined=0.8571  auroc=0.9426  excl=0.8889 (1)  (101.3s)
  Fold 3: s1=1.0000 (t=0.50)  s2=0.9375  combined=0.9583  auroc=1.0000  excl=0.9583 (0)  (101.4s)
  Fold 4: s1=1.0000 (t=0.50)  s2=0.6429  combined=0.7619  auroc=0.9267  excl=0.7619 (0)  (100.9s)
  Fold 5: s1=1.0000 (t=0.50)  s2=0.4286  combined=0.6190  auroc=0.8095  excl=0.6349 (1)  (101.1s)

Summary for kw_rf repeat 1076:
  Stage 1 (HER2+ vs rest):  1.0000 (+/- 0.0000)
  Stage 2 (HR+ vs TN):      0.6923 (+/- 0.1682)
  Combined (3-class):       0.7948 (+/- 0.1122)
  Combined (excl mislabels): 0.8088 (+/- 0.1107)
  Combined fold scores: [0.7778, 0.8571, 0.9583, 0.7619, 0.619]
  Total time: 505.7s
Fold results saved to /data/cbotos/TB-Project/results/2026-04-25_final_hierarchical/hierarchical_nested_cv/data/fold_results_kw_rf_r1076.csv
Checkpoint removed (job complete).
