Run: 2026-04-25_final_hierarchical
Config: /data/cbotos/TB-Project/results/2026-04-25_final_hierarchical/config_snapshot_hierarchical.yaml
Stage 1: kw_rf (fixed, binary HER2+ vs rest, threshold=0.5)
Stage 2: en_nmc (HR+ vs Triple Neg)
Repeat seed: 1160
Stage 2 grid size: 800 combinations
Loading data...
Loaded 100 samples, 273 features.
Classes: ['HER2+', 'HR+', 'Triple Neg']
  HER2+: 32 samples
  HR+: 36 samples
  Triple Neg: 32 samples
Mislabel indices verified: [(2, 'Array.67'), (4, 'Array.22'), (45, 'Array.113')]
  Fold 1: s1=1.0000 (t=0.50)  s2=0.7738  combined=0.8492  auroc=0.9542  excl=0.9048 (1)  (872.5s)
  Fold 2: s1=1.0000 (t=0.50)  s2=0.9286  combined=0.9524  auroc=0.9924  excl=0.9524 (0)  (873.8s)
  Fold 3: s1=1.0000 (t=0.50)  s2=0.7083  combined=0.8056  auroc=0.9333  excl=0.8056 (0)  (856.8s)
  Fold 4: s1=1.0000 (t=0.50)  s2=0.7143  combined=0.8095  auroc=0.9194  excl=0.8095 (0)  (838.6s)
  Fold 5: s1=1.0000 (t=0.50)  s2=0.5000  combined=0.6667  auroc=0.8388  excl=0.7222 (2)  (796.0s)

Summary for en_nmc repeat 1160:
  Stage 1 (HER2+ vs rest):  1.0000 (+/- 0.0000)
  Stage 2 (HR+ vs TN):      0.7250 (+/- 0.1377)
  Combined (3-class):       0.8167 (+/- 0.0918)
  Combined (excl mislabels): 0.8389 (+/- 0.0810)
  Combined fold scores: [0.8492, 0.9524, 0.8056, 0.8095, 0.6667]
  Total time: 4237.8s
Fold results saved to /data/cbotos/TB-Project/results/2026-04-25_final_hierarchical/hierarchical_nested_cv/data/fold_results_en_nmc_r1160.csv
Checkpoint removed (job complete).
