Run: 2026-04-25_final_hierarchical
Config: /data/cbotos/TB-Project/results/2026-04-25_final_hierarchical/config_snapshot_hierarchical.yaml
Stage 1: kw_rf (fixed, binary HER2+ vs rest, threshold=0.5)
Stage 2: kw_nmc (HR+ vs Triple Neg)
Repeat seed: 1157
Stage 2 grid size: 32 combinations
Loading data...
Loaded 100 samples, 273 features.
Classes: ['HER2+', 'HR+', 'Triple Neg']
  HER2+: 32 samples
  HR+: 36 samples
  Triple Neg: 32 samples
Mislabel indices verified: [(2, 'Array.67'), (4, 'Array.22'), (45, 'Array.113')]
  Fold 1: s1=1.0000 (t=0.50)  s2=0.5357  combined=0.6905  auroc=0.9084  excl=0.7238 (1)  (19.0s)
  Fold 2: s1=1.0000 (t=0.50)  s2=0.6071  combined=0.7381  auroc=0.9124  excl=0.7778 (1)  (18.0s)
  Fold 3: s1=1.0000 (t=0.50)  s2=0.8542  combined=0.9028  auroc=0.9777  excl=0.9028 (0)  (18.0s)
  Fold 4: s1=1.0000 (t=0.50)  s2=0.7143  combined=0.8095  auroc=0.9560  excl=0.8413 (1)  (18.4s)
  Fold 5: s1=1.0000 (t=0.50)  s2=0.6429  combined=0.7619  auroc=0.8755  excl=0.7619 (0)  (17.9s)

Summary for kw_nmc repeat 1157:
  Stage 1 (HER2+ vs rest):  1.0000 (+/- 0.0000)
  Stage 2 (HR+ vs TN):      0.6708 (+/- 0.1083)
  Combined (3-class):       0.7806 (+/- 0.0722)
  Combined (excl mislabels): 0.8015 (+/- 0.0633)
  Combined fold scores: [0.6905, 0.7381, 0.9028, 0.8095, 0.7619]
  Total time: 91.5s
Fold results saved to /data/cbotos/TB-Project/results/2026-04-25_final_hierarchical/hierarchical_nested_cv/data/fold_results_kw_nmc_r1157.csv
Checkpoint removed (job complete).
