Run: 2026-04-25_final_hierarchical
Config: /data/cbotos/TB-Project/results/2026-04-25_final_hierarchical/config_snapshot_hierarchical.yaml
Stage 1: kw_rf (fixed, binary HER2+ vs rest, threshold=0.5)
Stage 2: en_nmc (HR+ vs Triple Neg)
Repeat seed: 1190
Stage 2 grid size: 800 combinations
Loading data...
Loaded 100 samples, 273 features.
Classes: ['HER2+', 'HR+', 'Triple Neg']
  HER2+: 32 samples
  HR+: 36 samples
  Triple Neg: 32 samples
Mislabel indices verified: [(2, 'Array.67'), (4, 'Array.22'), (45, 'Array.113')]
  Fold 1: s1=1.0000 (t=0.50)  s2=0.6786  combined=0.7857  auroc=0.9698  excl=0.7857 (0)  (870.4s)
  Fold 2: s1=1.0000 (t=0.50)  s2=0.7024  combined=0.8016  auroc=0.9274  excl=0.8889 (2)  (859.9s)
  Fold 3: s1=1.0000 (t=0.50)  s2=0.7083  combined=0.8056  auroc=0.9702  excl=0.8056 (0)  (831.2s)
  Fold 4: s1=1.0000 (t=0.50)  s2=0.7857  combined=0.8571  auroc=0.9414  excl=0.8571 (0)  (830.4s)
  Fold 5: s1=1.0000 (t=0.50)  s2=0.7143  combined=0.8095  auroc=0.8974  excl=0.8492 (1)  (833.6s)

Summary for en_nmc repeat 1190:
  Stage 1 (HER2+ vs rest):  1.0000 (+/- 0.0000)
  Stage 2 (HR+ vs TN):      0.7179 (+/- 0.0360)
  Combined (3-class):       0.8119 (+/- 0.0240)
  Combined (excl mislabels): 0.8373 (+/- 0.0371)
  Combined fold scores: [0.7857, 0.8016, 0.8056, 0.8571, 0.8095]
  Total time: 4225.7s
Fold results saved to /data/cbotos/TB-Project/results/2026-04-25_final_hierarchical/hierarchical_nested_cv/data/fold_results_en_nmc_r1190.csv
Checkpoint removed (job complete).
