Run: 2026-04-25_final_hierarchical
Config: /data/cbotos/TB-Project/results/2026-04-25_final_hierarchical/config_snapshot_hierarchical.yaml
Stage 1: kw_rf (fixed, binary HER2+ vs rest, threshold=0.5)
Stage 2: kw_rf (HR+ vs Triple Neg)
Repeat seed: 1082
Stage 2 grid size: 32 combinations
Loading data...
Loaded 100 samples, 273 features.
Classes: ['HER2+', 'HR+', 'Triple Neg']
  HER2+: 32 samples
  HR+: 36 samples
  Triple Neg: 32 samples
Mislabel indices verified: [(2, 'Array.67'), (4, 'Array.22'), (45, 'Array.113')]
  Fold 1: s1=1.0000 (t=0.50)  s2=0.8333  combined=0.8889  auroc=0.9084  excl=0.8889 (0)  (101.9s)
  Fold 2: s1=1.0000 (t=0.50)  s2=0.4762  combined=0.6508  auroc=0.8626  excl=0.6786 (2)  (101.7s)
  Fold 3: s1=1.0000 (t=0.50)  s2=0.5833  combined=0.7222  auroc=0.9405  excl=0.7222 (0)  (102.0s)
  Fold 4: s1=1.0000 (t=0.50)  s2=0.7857  combined=0.8571  auroc=0.9304  excl=0.9048 (1)  (102.3s)
  Fold 5: s1=1.0000 (t=0.50)  s2=0.7857  combined=0.8571  auroc=0.9707  excl=0.8571 (0)  (102.2s)

Summary for kw_rf repeat 1082:
  Stage 1 (HER2+ vs rest):  1.0000 (+/- 0.0000)
  Stage 2 (HR+ vs TN):      0.6929 (+/- 0.1385)
  Combined (3-class):       0.7952 (+/- 0.0923)
  Combined (excl mislabels): 0.8103 (+/- 0.0921)
  Combined fold scores: [0.8889, 0.6508, 0.7222, 0.8571, 0.8571]
  Total time: 510.1s
Fold results saved to /data/cbotos/TB-Project/results/2026-04-25_final_hierarchical/hierarchical_nested_cv/data/fold_results_kw_rf_r1082.csv
Checkpoint removed (job complete).
