Run: 2026-04-25_final_hierarchical
Config: /data/cbotos/TB-Project/results/2026-04-25_final_hierarchical/config_snapshot_hierarchical.yaml
Stage 1: kw_rf (fixed, binary HER2+ vs rest, threshold=0.5)
Stage 2: en_rf (HR+ vs Triple Neg)
Repeat seed: 1177
Stage 2 grid size: 800 combinations
Loading data...
Loaded 100 samples, 273 features.
Classes: ['HER2+', 'HR+', 'Triple Neg']
  HER2+: 32 samples
  HR+: 36 samples
  Triple Neg: 32 samples
Mislabel indices verified: [(2, 'Array.67'), (4, 'Array.22'), (45, 'Array.113')]
  Fold 1: s1=1.0000 (t=0.50)  s2=0.6786  combined=0.7857  auroc=0.8852  excl=0.8190 (1)  (2848.4s)
  Fold 2: s1=1.0000 (t=0.50)  s2=0.6310  combined=0.7540  auroc=0.9386  excl=0.7540 (0)  (2845.1s)
  Fold 3: s1=1.0000 (t=0.50)  s2=0.5833  combined=0.7222  auroc=0.9593  excl=0.7333 (1)  (2814.0s)
  Fold 4: s1=1.0000 (t=0.50)  s2=0.7143  combined=0.8095  auroc=0.8974  excl=0.8095 (0)  (2833.6s)
  Fold 5: s1=1.0000 (t=0.50)  s2=0.7857  combined=0.8571  auroc=0.9341  excl=0.8889 (1)  (2798.2s)

Summary for en_rf repeat 1177:
  Stage 1 (HER2+ vs rest):  1.0000 (+/- 0.0000)
  Stage 2 (HR+ vs TN):      0.6786 (+/- 0.0694)
  Combined (3-class):       0.7857 (+/- 0.0463)
  Combined (excl mislabels): 0.8010 (+/- 0.0546)
  Combined fold scores: [0.7857, 0.754, 0.7222, 0.8095, 0.8571]
  Total time: 14141.2s
Fold results saved to /data/cbotos/TB-Project/results/2026-04-25_final_hierarchical/hierarchical_nested_cv/data/fold_results_en_rf_r1177.csv
Checkpoint removed (job complete).
