Run: 2026-04-25_final_hierarchical
Config: /data/cbotos/TB-Project/results/2026-04-25_final_hierarchical/config_snapshot_hierarchical.yaml
Stage 1: kw_rf (fixed, binary HER2+ vs rest, threshold=0.5)
Stage 2: en_nmc (HR+ vs Triple Neg)
Repeat seed: 1055
Stage 2 grid size: 800 combinations
Loading data...
Loaded 100 samples, 273 features.
Classes: ['HER2+', 'HR+', 'Triple Neg']
  HER2+: 32 samples
  HR+: 36 samples
  Triple Neg: 32 samples
Mislabel indices verified: [(2, 'Array.67'), (4, 'Array.22'), (45, 'Array.113')]
  Fold 1: s1=1.0000 (t=0.50)  s2=0.9167  combined=0.9444  auroc=0.9963  excl=0.9444 (0)  (699.4s)
  Fold 2: s1=1.0000 (t=0.50)  s2=0.4762  combined=0.6508  auroc=0.8437  excl=0.7111 (2)  (718.8s)
  Fold 3: s1=1.0000 (t=0.50)  s2=0.7083  combined=0.8056  auroc=0.9142  excl=0.8500 (1)  (760.1s)
  Fold 4: s1=1.0000 (t=0.50)  s2=0.7857  combined=0.8571  auroc=0.9744  excl=0.8571 (0)  (694.6s)
  Fold 5: s1=1.0000 (t=0.50)  s2=0.6429  combined=0.7619  auroc=0.9194  excl=0.7619 (0)  (722.6s)

Summary for en_nmc repeat 1055:
  Stage 1 (HER2+ vs rest):  1.0000 (+/- 0.0000)
  Stage 2 (HR+ vs TN):      0.7060 (+/- 0.1467)
  Combined (3-class):       0.8040 (+/- 0.0978)
  Combined (excl mislabels): 0.8249 (+/- 0.0811)
  Combined fold scores: [0.9444, 0.6508, 0.8056, 0.8571, 0.7619]
  Total time: 3595.7s
Fold results saved to /data/cbotos/TB-Project/results/2026-04-25_final_hierarchical/hierarchical_nested_cv/data/fold_results_en_nmc_r1055.csv
Checkpoint removed (job complete).
