Run: 2026-04-25_final_hierarchical
Config: /data/cbotos/TB-Project/results/2026-04-25_final_hierarchical/config_snapshot_hierarchical.yaml
Stage 1: kw_rf (fixed, binary HER2+ vs rest, threshold=0.5)
Stage 2: kw_nmc (HR+ vs Triple Neg)
Repeat seed: 1195
Stage 2 grid size: 32 combinations
Loading data...
Loaded 100 samples, 273 features.
Classes: ['HER2+', 'HR+', 'Triple Neg']
  HER2+: 32 samples
  HR+: 36 samples
  Triple Neg: 32 samples
Mislabel indices verified: [(2, 'Array.67'), (4, 'Array.22'), (45, 'Array.113')]
  Fold 1: s1=1.0000 (t=0.50)  s2=0.6071  combined=0.7381  auroc=0.9542  excl=0.7714 (1)  (21.3s)
  Fold 2: s1=1.0000 (t=0.50)  s2=0.8571  combined=0.9048  auroc=0.9695  excl=0.9444 (1)  (21.4s)
  Fold 3: s1=1.0000 (t=0.50)  s2=0.6875  combined=0.7917  auroc=0.9474  excl=0.7917 (0)  (21.4s)
  Fold 4: s1=1.0000 (t=0.50)  s2=0.7143  combined=0.8095  auroc=0.9414  excl=0.8413 (1)  (21.4s)
  Fold 5: s1=1.0000 (t=0.50)  s2=0.8571  combined=0.9048  auroc=0.9707  excl=0.9048 (0)  (21.6s)

Summary for kw_nmc repeat 1195:
  Stage 1 (HER2+ vs rest):  1.0000 (+/- 0.0000)
  Stage 2 (HR+ vs TN):      0.7446 (+/- 0.0984)
  Combined (3-class):       0.8298 (+/- 0.0656)
  Combined (excl mislabels): 0.8507 (+/- 0.0657)
  Combined fold scores: [0.7381, 0.9048, 0.7917, 0.8095, 0.9048]
  Total time: 107.2s
Fold results saved to /data/cbotos/TB-Project/results/2026-04-25_final_hierarchical/hierarchical_nested_cv/data/fold_results_kw_nmc_r1195.csv
Checkpoint removed (job complete).
