Run: 2026-04-25_final_hierarchical
Config: /data/cbotos/TB-Project/results/2026-04-25_final_hierarchical/config_snapshot_hierarchical.yaml
Stage 1: kw_rf (fixed, binary HER2+ vs rest, threshold=0.5)
Stage 2: standalone_en (HR+ vs Triple Neg)
Repeat seed: 1194
Stage 2 grid size: 50 combinations
Loading data...
Loaded 100 samples, 273 features.
Classes: ['HER2+', 'HR+', 'Triple Neg']
  HER2+: 32 samples
  HR+: 36 samples
  Triple Neg: 32 samples
Mislabel indices verified: [(2, 'Array.67'), (4, 'Array.22'), (45, 'Array.113')]
  Fold 1: s1=1.0000 (t=0.50)  s2=0.7738  combined=0.8492  auroc=0.9014  excl=0.8889 (1)  (35.1s)
  Fold 2: s1=1.0000 (t=0.50)  s2=0.8333  combined=0.8889  auroc=1.0000  excl=0.8889 (0)  (36.9s)
  Fold 3: s1=1.0000 (t=0.50)  s2=0.6667  combined=0.7778  auroc=0.8318  excl=0.8333 (1)  (34.8s)
  Fold 4: s1=1.0000 (t=0.50)  s2=0.7857  combined=0.8571  auroc=0.9780  excl=0.8889 (1)  (34.0s)
  Fold 5: s1=1.0000 (t=0.50)  s2=0.4286  combined=0.6190  auroc=0.8462  excl=0.6190 (0)  (31.6s)

Summary for standalone_en repeat 1194:
  Stage 1 (HER2+ vs rest):  1.0000 (+/- 0.0000)
  Stage 2 (HR+ vs TN):      0.6976 (+/- 0.1451)
  Combined (3-class):       0.7984 (+/- 0.0968)
  Combined (excl mislabels): 0.8238 (+/- 0.1046)
  Combined fold scores: [0.8492, 0.8889, 0.7778, 0.8571, 0.619]
  Total time: 172.4s
Fold results saved to /data/cbotos/TB-Project/results/2026-04-25_final_hierarchical/hierarchical_nested_cv/data/fold_results_standalone_en_r1194.csv
Checkpoint removed (job complete).
