Run: 2026-04-25_final_hierarchical
Config: /data/cbotos/TB-Project/results/2026-04-25_final_hierarchical/config_snapshot_hierarchical.yaml
Stage 1: kw_rf (fixed, binary HER2+ vs rest, threshold=0.5)
Stage 2: en_rf (HR+ vs Triple Neg)
Repeat seed: 1071
Stage 2 grid size: 800 combinations
Loading data...
Loaded 100 samples, 273 features.
Classes: ['HER2+', 'HR+', 'Triple Neg']
  HER2+: 32 samples
  HR+: 36 samples
  Triple Neg: 32 samples
Mislabel indices verified: [(2, 'Array.67'), (4, 'Array.22'), (45, 'Array.113')]
  Fold 1: s1=1.0000 (t=0.50)  s2=0.7619  combined=0.8413  auroc=0.9316  excl=0.8857 (1)  (2851.4s)
  Fold 2: s1=1.0000 (t=0.50)  s2=0.6190  combined=0.7460  auroc=0.8968  excl=0.7460 (0)  (2879.4s)
  Fold 3: s1=1.0000 (t=0.50)  s2=0.6458  combined=0.7639  auroc=0.9479  excl=0.8083 (1)  (2843.2s)
  Fold 4: s1=1.0000 (t=0.50)  s2=0.7143  combined=0.8095  auroc=0.9451  excl=0.8095 (0)  (2857.2s)
  Fold 5: s1=1.0000 (t=0.50)  s2=0.7143  combined=0.8095  auroc=0.9048  excl=0.8413 (1)  (2851.5s)

Summary for en_rf repeat 1071:
  Stage 1 (HER2+ vs rest):  1.0000 (+/- 0.0000)
  Stage 2 (HR+ vs TN):      0.6911 (+/- 0.0516)
  Combined (3-class):       0.7940 (+/- 0.0344)
  Combined (excl mislabels): 0.8182 (+/- 0.0458)
  Combined fold scores: [0.8413, 0.746, 0.7639, 0.8095, 0.8095]
  Total time: 14283.7s
Fold results saved to /data/cbotos/TB-Project/results/2026-04-25_final_hierarchical/hierarchical_nested_cv/data/fold_results_en_rf_r1071.csv
Checkpoint removed (job complete).
