Run: 2026-04-25_final_hierarchical
Config: /data/cbotos/TB-Project/results/2026-04-25_final_hierarchical/config_snapshot_hierarchical.yaml
Stage 1: kw_rf (fixed, binary HER2+ vs rest, threshold=0.5)
Stage 2: standalone_en_pens (HR+ vs Triple Neg)
Repeat seed: 1084
Stage 2: no GridSearchCV (ensemble pipeline)
Loading data...
Loaded 100 samples, 273 features.
Classes: ['HER2+', 'HR+', 'Triple Neg']
  HER2+: 32 samples
  HR+: 36 samples
  Triple Neg: 32 samples
Mislabel indices verified: [(2, 'Array.67'), (4, 'Array.22'), (45, 'Array.113')]
Pooled plateau capped: 30 -> 15 combos
Pooled plateau: 15 of 50 combos from 1000 fold files (best=0.7540, std=0.0469, threshold=0.7071)
  Plateau combo 1: score=0.7540, params={'clf__C': 0.0464159, 'clf__l1_ratio': 0.1}
  Plateau combo 2: score=0.7440, params={'clf__C': 0.16681, 'clf__l1_ratio': 0.3}
  Plateau combo 3: score=0.7431, params={'clf__C': 0.16681, 'clf__l1_ratio': 0.1}
  Plateau combo 4: score=0.7372, params={'clf__C': 0.599484, 'clf__l1_ratio': 0.1}
  Plateau combo 5: score=0.7360, params={'clf__C': 0.599484, 'clf__l1_ratio': 0.3}
  Plateau combo 6: score=0.7334, params={'clf__C': 0.16681, 'clf__l1_ratio': 0.5}
  Plateau combo 7: score=0.7334, params={'clf__C': 2.15443, 'clf__l1_ratio': 0.1}
  Plateau combo 8: score=0.7325, params={'clf__C': 2.15443, 'clf__l1_ratio': 0.3}
  Plateau combo 9: score=0.7320, params={'clf__C': 0.599484, 'clf__l1_ratio': 0.5}
  Plateau combo 10: score=0.7313, params={'clf__C': 7.74264, 'clf__l1_ratio': 0.3}
  Plateau combo 11: score=0.7312, params={'clf__C': 7.74264, 'clf__l1_ratio': 0.1}
  Plateau combo 12: score=0.7305, params={'clf__C': 27.8256, 'clf__l1_ratio': 0.3}
  Plateau combo 13: score=0.7304, params={'clf__C': 27.8256, 'clf__l1_ratio': 0.5}
  Plateau combo 14: score=0.7304, params={'clf__C': 100.0, 'clf__l1_ratio': 0.7}
  Plateau combo 15: score=0.7303, params={'clf__C': 100.0, 'clf__l1_ratio': 0.5}
    Retraining 15 plateau models
      [1/15] n_features=74, params={'clf__C': 0.0464159, 'clf__l1_ratio': 0.1}
      [2/15] n_features=50, params={'clf__C': 0.16681, 'clf__l1_ratio': 0.3}
      [3/15] n_features=119, params={'clf__C': 0.16681, 'clf__l1_ratio': 0.1}
      [15/15] n_features=236, params={'clf__C': 100.0, 'clf__l1_ratio': 0.5}
    Plateau features: union=236, intersection=31
  Fold 1: s1=1.0000 (t=0.50)  s2=0.7738  combined=0.8492  auroc=0.9240  excl=0.8889 (1)  (3.7s)
    Retraining 15 plateau models
      [1/15] n_features=64, params={'clf__C': 0.0464159, 'clf__l1_ratio': 0.1}
      [2/15] n_features=46, params={'clf__C': 0.16681, 'clf__l1_ratio': 0.3}
      [3/15] n_features=117, params={'clf__C': 0.16681, 'clf__l1_ratio': 0.1}
      [15/15] n_features=243, params={'clf__C': 100.0, 'clf__l1_ratio': 0.5}
    Plateau features: union=243, intersection=28
  Fold 2: s1=1.0000 (t=0.50)  s2=0.8571  combined=0.9048  auroc=0.9658  excl=0.9048 (0)  (3.3s)
    Retraining 15 plateau models
      [1/15] n_features=75, params={'clf__C': 0.0464159, 'clf__l1_ratio': 0.1}
      [2/15] n_features=48, params={'clf__C': 0.16681, 'clf__l1_ratio': 0.3}
      [3/15] n_features=130, params={'clf__C': 0.16681, 'clf__l1_ratio': 0.1}
      [15/15] n_features=248, params={'clf__C': 100.0, 'clf__l1_ratio': 0.5}
    Plateau features: union=248, intersection=30
  Fold 3: s1=1.0000 (t=0.50)  s2=0.8750  combined=0.9167  auroc=0.9960  excl=0.9167 (0)  (3.1s)
    Retraining 15 plateau models
      [1/15] n_features=73, params={'clf__C': 0.0464159, 'clf__l1_ratio': 0.1}
      [2/15] n_features=51, params={'clf__C': 0.16681, 'clf__l1_ratio': 0.3}
      [3/15] n_features=124, params={'clf__C': 0.16681, 'clf__l1_ratio': 0.1}
      [15/15] n_features=249, params={'clf__C': 100.0, 'clf__l1_ratio': 0.5}
    Plateau features: union=249, intersection=29
  Fold 4: s1=1.0000 (t=0.50)  s2=0.6429  combined=0.7619  auroc=0.9524  excl=0.7857 (1)  (3.1s)
    Retraining 15 plateau models
      [1/15] n_features=74, params={'clf__C': 0.0464159, 'clf__l1_ratio': 0.1}
      [2/15] n_features=51, params={'clf__C': 0.16681, 'clf__l1_ratio': 0.3}
      [3/15] n_features=113, params={'clf__C': 0.16681, 'clf__l1_ratio': 0.1}
      [15/15] n_features=246, params={'clf__C': 100.0, 'clf__l1_ratio': 0.5}
    Plateau features: union=246, intersection=35
  Fold 5: s1=1.0000 (t=0.50)  s2=0.6429  combined=0.7619  auroc=0.9084  excl=0.7857 (1)  (3.2s)

Summary for standalone_en_pens repeat 1084:
  Stage 1 (HER2+ vs rest):  1.0000 (+/- 0.0000)
  Stage 2 (HR+ vs TN):      0.7583 (+/- 0.1003)
  Combined (3-class):       0.8389 (+/- 0.0669)
  Combined (excl mislabels): 0.8563 (+/- 0.0583)
  Combined fold scores: [0.8492, 0.9048, 0.9167, 0.7619, 0.7619]
  Total time: 16.4s
Fold results saved to /data/cbotos/TB-Project/results/2026-04-25_final_hierarchical/hierarchical_nested_cv/data/fold_results_standalone_en_pens_r1084.csv
Checkpoint removed (job complete).
