Run: 2026-04-25_final_hierarchical
Config: /data/cbotos/TB-Project/results/2026-04-25_final_hierarchical/config_snapshot_hierarchical.yaml
Stage 1: kw_rf (fixed, binary HER2+ vs rest, threshold=0.5)
Stage 2: kw_nmc (HR+ vs Triple Neg)
Repeat seed: 1055
Stage 2 grid size: 32 combinations
Loading data...
Loaded 100 samples, 273 features.
Classes: ['HER2+', 'HR+', 'Triple Neg']
  HER2+: 32 samples
  HR+: 36 samples
  Triple Neg: 32 samples
Mislabel indices verified: [(2, 'Array.67'), (4, 'Array.22'), (45, 'Array.113')]
  Fold 1: s1=1.0000 (t=0.50)  s2=0.8333  combined=0.8889  auroc=0.9963  excl=0.8889 (0)  (17.9s)
  Fold 2: s1=1.0000 (t=0.50)  s2=0.7024  combined=0.8016  auroc=0.9008  excl=0.8889 (2)  (18.0s)
  Fold 3: s1=1.0000 (t=0.50)  s2=0.4583  combined=0.6389  auroc=0.8433  excl=0.6500 (1)  (17.9s)
  Fold 4: s1=1.0000 (t=0.50)  s2=0.8571  combined=0.9048  auroc=0.9670  excl=0.9048 (0)  (18.0s)
  Fold 5: s1=1.0000 (t=0.50)  s2=0.8571  combined=0.9048  auroc=0.9414  excl=0.9048 (0)  (17.9s)

Summary for kw_nmc repeat 1055:
  Stage 1 (HER2+ vs rest):  1.0000 (+/- 0.0000)
  Stage 2 (HR+ vs TN):      0.7417 (+/- 0.1529)
  Combined (3-class):       0.8278 (+/- 0.1019)
  Combined (excl mislabels): 0.8475 (+/- 0.0990)
  Combined fold scores: [0.8889, 0.8016, 0.6389, 0.9048, 0.9048]
  Total time: 89.7s
Fold results saved to /data/cbotos/TB-Project/results/2026-04-25_final_hierarchical/hierarchical_nested_cv/data/fold_results_kw_nmc_r1055.csv
Checkpoint removed (job complete).
