Run: 2026-04-25_final_hierarchical
Config: /data/cbotos/TB-Project/results/2026-04-25_final_hierarchical/config_snapshot_hierarchical.yaml
Stage 1: kw_rf (fixed, binary HER2+ vs rest, threshold=0.5)
Stage 2: en_rf (HR+ vs Triple Neg)
Repeat seed: 1049
Stage 2 grid size: 800 combinations
Loading data...
Loaded 100 samples, 273 features.
Classes: ['HER2+', 'HR+', 'Triple Neg']
  HER2+: 32 samples
  HR+: 36 samples
  Triple Neg: 32 samples
Mislabel indices verified: [(2, 'Array.67'), (4, 'Array.22'), (45, 'Array.113')]
  Fold 1: s1=1.0000 (t=0.50)  s2=0.5952  combined=0.7302  auroc=0.9350  excl=0.7302 (0)  (2837.7s)
  Fold 2: s1=1.0000 (t=0.50)  s2=0.7738  combined=0.8492  auroc=0.9469  excl=0.8492 (0)  (2814.7s)
  Fold 3: s1=1.0000 (t=0.50)  s2=0.5625  combined=0.7083  auroc=0.8512  excl=0.7083 (0)  (2858.3s)
  Fold 4: s1=1.0000 (t=0.50)  s2=0.7143  combined=0.8095  auroc=0.9304  excl=0.8571 (1)  (2828.2s)
  Fold 5: s1=1.0000 (t=0.50)  s2=0.7857  combined=0.8571  auroc=0.9744  excl=0.8857 (2)  (2842.3s)

Summary for en_rf repeat 1049:
  Stage 1 (HER2+ vs rest):  1.0000 (+/- 0.0000)
  Stage 2 (HR+ vs TN):      0.6863 (+/- 0.0916)
  Combined (3-class):       0.7909 (+/- 0.0611)
  Combined (excl mislabels): 0.8061 (+/- 0.0723)
  Combined fold scores: [0.7302, 0.8492, 0.7083, 0.8095, 0.8571]
  Total time: 14181.3s
Fold results saved to /data/cbotos/TB-Project/results/2026-04-25_final_hierarchical/hierarchical_nested_cv/data/fold_results_en_rf_r1049.csv
Checkpoint removed (job complete).
