Run: 2026-04-25_final_hierarchical
Config: /data/cbotos/TB-Project/results/2026-04-25_final_hierarchical/config_snapshot_hierarchical.yaml
Stage 1: kw_rf (fixed, binary HER2+ vs rest, threshold=0.5)
Stage 2: en_rf (HR+ vs Triple Neg)
Repeat seed: 1021
Stage 2 grid size: 800 combinations
Loading data...
Loaded 100 samples, 273 features.
Classes: ['HER2+', 'HR+', 'Triple Neg']
  HER2+: 32 samples
  HR+: 36 samples
  Triple Neg: 32 samples
Mislabel indices verified: [(2, 'Array.67'), (4, 'Array.22'), (45, 'Array.113')]
  Fold 1: s1=1.0000 (t=0.50)  s2=0.7857  combined=0.8571  auroc=0.9274  excl=0.8889 (1)  (2858.5s)
  Fold 2: s1=1.0000 (t=0.50)  s2=0.6071  combined=0.7381  auroc=0.8929  excl=0.7381 (0)  (2859.4s)
  Fold 3: s1=1.0000 (t=0.50)  s2=0.7917  combined=0.8611  auroc=0.9330  excl=0.8500 (1)  (2811.6s)
  Fold 4: s1=1.0000 (t=0.50)  s2=0.7857  combined=0.8571  auroc=0.9524  excl=0.8968 (1)  (2867.6s)
  Fold 5: s1=1.0000 (t=0.50)  s2=0.7143  combined=0.8095  auroc=0.9011  excl=0.8095 (0)  (2827.2s)

Summary for en_rf repeat 1021:
  Stage 1 (HER2+ vs rest):  1.0000 (+/- 0.0000)
  Stage 2 (HR+ vs TN):      0.7369 (+/- 0.0709)
  Combined (3-class):       0.8246 (+/- 0.0472)
  Combined (excl mislabels): 0.8367 (+/- 0.0583)
  Combined fold scores: [0.8571, 0.7381, 0.8611, 0.8571, 0.8095]
  Total time: 14224.6s
Fold results saved to /data/cbotos/TB-Project/results/2026-04-25_final_hierarchical/hierarchical_nested_cv/data/fold_results_en_rf_r1021.csv
Checkpoint removed (job complete).
