Run: 2026-04-25_final_hierarchical
Config: /data/cbotos/TB-Project/results/2026-04-25_final_hierarchical/config_snapshot_hierarchical.yaml
Stage 1: kw_rf (fixed, binary HER2+ vs rest, threshold=0.5)
Stage 2: kw_rf (HR+ vs Triple Neg)
Repeat seed: 1141
Stage 2 grid size: 32 combinations
Loading data...
Loaded 100 samples, 273 features.
Classes: ['HER2+', 'HR+', 'Triple Neg']
  HER2+: 32 samples
  HR+: 36 samples
  Triple Neg: 32 samples
Mislabel indices verified: [(2, 'Array.67'), (4, 'Array.22'), (45, 'Array.113')]
  Fold 1: s1=1.0000 (t=0.50)  s2=0.9286  combined=0.9524  auroc=1.0000  excl=0.9524 (0)  (102.2s)
  Fold 2: s1=1.0000 (t=0.50)  s2=0.7500  combined=0.8333  auroc=0.8738  excl=0.8333 (0)  (101.6s)
  Fold 3: s1=1.0000 (t=0.50)  s2=0.8125  combined=0.8750  auroc=0.9514  excl=0.8750 (0)  (101.9s)
  Fold 4: s1=1.0000 (t=0.50)  s2=0.6429  combined=0.7619  auroc=0.9121  excl=0.8333 (2)  (102.0s)
  Fold 5: s1=1.0000 (t=0.50)  s2=0.4286  combined=0.6190  auroc=0.7802  excl=0.6429 (1)  (102.1s)

Summary for kw_rf repeat 1141:
  Stage 1 (HER2+ vs rest):  1.0000 (+/- 0.0000)
  Stage 2 (HR+ vs TN):      0.7125 (+/- 0.1694)
  Combined (3-class):       0.8083 (+/- 0.1130)
  Combined (excl mislabels): 0.8274 (+/- 0.1020)
  Combined fold scores: [0.9524, 0.8333, 0.875, 0.7619, 0.619]
  Total time: 510.6s
Fold results saved to /data/cbotos/TB-Project/results/2026-04-25_final_hierarchical/hierarchical_nested_cv/data/fold_results_kw_rf_r1141.csv
Checkpoint removed (job complete).
