Run: 2026-04-25_final_hierarchical
Config: /data/cbotos/TB-Project/results/2026-04-25_final_hierarchical/config_snapshot_hierarchical.yaml
Stage 1: kw_rf (fixed, binary HER2+ vs rest, threshold=0.5)
Stage 2: standalone_en (HR+ vs Triple Neg)
Repeat seed: 1182
Stage 2 grid size: 50 combinations
Loading data...
Loaded 100 samples, 273 features.
Classes: ['HER2+', 'HR+', 'Triple Neg']
  HER2+: 32 samples
  HR+: 36 samples
  Triple Neg: 32 samples
Mislabel indices verified: [(2, 'Array.67'), (4, 'Array.22'), (45, 'Array.113')]
  Fold 1: s1=1.0000 (t=0.50)  s2=0.8452  combined=0.8968  auroc=0.9924  excl=0.8968 (0)  (34.7s)
  Fold 2: s1=1.0000 (t=0.50)  s2=0.6667  combined=0.7778  auroc=0.9457  excl=0.8000 (1)  (36.2s)
  Fold 3: s1=1.0000 (t=0.50)  s2=0.8750  combined=0.9167  auroc=0.9782  excl=0.9167 (0)  (34.8s)
  Fold 4: s1=1.0000 (t=0.50)  s2=0.6429  combined=0.7619  auroc=0.8425  excl=0.8333 (2)  (33.6s)
  Fold 5: s1=1.0000 (t=0.50)  s2=0.7143  combined=0.8095  auroc=0.9560  excl=0.8095 (0)  (35.7s)

Summary for standalone_en repeat 1182:
  Stage 1 (HER2+ vs rest):  1.0000 (+/- 0.0000)
  Stage 2 (HR+ vs TN):      0.7488 (+/- 0.0942)
  Combined (3-class):       0.8325 (+/- 0.0628)
  Combined (excl mislabels): 0.8513 (+/- 0.0470)
  Combined fold scores: [0.8968, 0.7778, 0.9167, 0.7619, 0.8095]
  Total time: 175.0s
Fold results saved to /data/cbotos/TB-Project/results/2026-04-25_final_hierarchical/hierarchical_nested_cv/data/fold_results_standalone_en_r1182.csv
Checkpoint removed (job complete).
