Run: 2026-04-25_final_hierarchical
Config: /data/cbotos/TB-Project/results/2026-04-25_final_hierarchical/config_snapshot_hierarchical.yaml
Stage 1: kw_rf (fixed, binary HER2+ vs rest, threshold=0.5)
Stage 2: en_rf (HR+ vs Triple Neg)
Repeat seed: 1022
Stage 2 grid size: 800 combinations
Loading data...
Loaded 100 samples, 273 features.
Classes: ['HER2+', 'HR+', 'Triple Neg']
  HER2+: 32 samples
  HR+: 36 samples
  Triple Neg: 32 samples
Mislabel indices verified: [(2, 'Array.67'), (4, 'Array.22'), (45, 'Array.113')]
  Fold 1: s1=1.0000 (t=0.50)  s2=0.7619  combined=0.8413  auroc=0.9847  excl=0.8413 (0)  (2849.8s)
  Fold 2: s1=1.0000 (t=0.50)  s2=0.6190  combined=0.7460  auroc=0.9084  excl=0.7778 (1)  (2857.7s)
  Fold 3: s1=1.0000 (t=0.50)  s2=0.5208  combined=0.6806  auroc=0.8958  excl=0.6806 (0)  (2852.1s)
  Fold 4: s1=1.0000 (t=0.50)  s2=0.7143  combined=0.8095  auroc=0.9780  excl=0.8333 (1)  (2826.8s)
  Fold 5: s1=1.0000 (t=0.50)  s2=0.7143  combined=0.8095  auroc=0.9414  excl=0.8413 (1)  (2844.6s)

Summary for en_rf repeat 1022:
  Stage 1 (HER2+ vs rest):  1.0000 (+/- 0.0000)
  Stage 2 (HR+ vs TN):      0.6661 (+/- 0.0862)
  Combined (3-class):       0.7774 (+/- 0.0575)
  Combined (excl mislabels): 0.7948 (+/- 0.0619)
  Combined fold scores: [0.8413, 0.746, 0.6806, 0.8095, 0.8095]
  Total time: 14240.2s
Fold results saved to /data/cbotos/TB-Project/results/2026-04-25_final_hierarchical/hierarchical_nested_cv/data/fold_results_en_rf_r1022.csv
Checkpoint removed (job complete).
