Run: 2026-04-25_final_hierarchical
Config: /data/cbotos/TB-Project/results/2026-04-25_final_hierarchical/config_snapshot_hierarchical.yaml
Stage 1: kw_rf (fixed, binary HER2+ vs rest, threshold=0.5)
Stage 2: en_rf (HR+ vs Triple Neg)
Repeat seed: 1174
Stage 2 grid size: 800 combinations
Loading data...
Loaded 100 samples, 273 features.
Classes: ['HER2+', 'HR+', 'Triple Neg']
  HER2+: 32 samples
  HR+: 36 samples
  Triple Neg: 32 samples
Mislabel indices verified: [(2, 'Array.67'), (4, 'Array.22'), (45, 'Array.113')]
  Fold 1: s1=1.0000 (t=0.50)  s2=0.5357  combined=0.6905  auroc=0.8556  excl=0.7238 (1)  (2797.6s)
  Fold 2: s1=1.0000 (t=0.50)  s2=0.7024  combined=0.8016  auroc=0.9121  excl=0.8016 (0)  (2812.0s)
  Fold 3: s1=1.0000 (t=0.50)  s2=0.6250  combined=0.7500  auroc=0.9182  excl=0.7857 (1)  (2859.2s)
  Fold 4: s1=1.0000 (t=0.50)  s2=0.6429  combined=0.7619  auroc=0.9267  excl=0.7857 (1)  (2849.0s)
  Fold 5: s1=1.0000 (t=0.50)  s2=0.7143  combined=0.8095  auroc=0.9414  excl=0.8095 (0)  (2838.3s)

Summary for en_rf repeat 1174:
  Stage 1 (HER2+ vs rest):  1.0000 (+/- 0.0000)
  Stage 2 (HR+ vs TN):      0.6440 (+/- 0.0639)
  Combined (3-class):       0.7627 (+/- 0.0426)
  Combined (excl mislabels): 0.7813 (+/- 0.0302)
  Combined fold scores: [0.6905, 0.8016, 0.75, 0.7619, 0.8095]
  Total time: 14156.7s
Fold results saved to /data/cbotos/TB-Project/results/2026-04-25_final_hierarchical/hierarchical_nested_cv/data/fold_results_en_rf_r1174.csv
Checkpoint removed (job complete).
