Run: 2026-04-25_final_hierarchical
Config: /data/cbotos/TB-Project/results/2026-04-25_final_hierarchical/config_snapshot_hierarchical.yaml
Stage 1: kw_rf (fixed, binary HER2+ vs rest, threshold=0.5)
Stage 2: en_rf (HR+ vs Triple Neg)
Repeat seed: 1136
Stage 2 grid size: 800 combinations
Loading data...
Loaded 100 samples, 273 features.
Classes: ['HER2+', 'HR+', 'Triple Neg']
  HER2+: 32 samples
  HR+: 36 samples
  Triple Neg: 32 samples
Mislabel indices verified: [(2, 'Array.67'), (4, 'Array.22'), (45, 'Array.113')]
  Fold 1: s1=1.0000 (t=0.50)  s2=0.7738  combined=0.8492  auroc=0.9502  excl=0.8492 (0)  (2869.3s)
  Fold 2: s1=1.0000 (t=0.50)  s2=0.5238  combined=0.6825  auroc=0.8666  excl=0.7444 (2)  (2868.9s)
  Fold 3: s1=1.0000 (t=0.50)  s2=0.7708  combined=0.8472  auroc=0.9554  excl=0.8472 (0)  (2855.4s)
  Fold 4: s1=1.0000 (t=0.50)  s2=0.9286  combined=0.9524  auroc=0.9927  excl=1.0000 (1)  (2845.1s)
  Fold 5: s1=1.0000 (t=0.50)  s2=0.7857  combined=0.8571  auroc=0.9707  excl=0.8571 (0)  (2846.0s)

Summary for en_rf repeat 1136:
  Stage 1 (HER2+ vs rest):  1.0000 (+/- 0.0000)
  Stage 2 (HR+ vs TN):      0.7565 (+/- 0.1305)
  Combined (3-class):       0.8377 (+/- 0.0870)
  Combined (excl mislabels): 0.8596 (+/- 0.0815)
  Combined fold scores: [0.8492, 0.6825, 0.8472, 0.9524, 0.8571]
  Total time: 14284.8s
Fold results saved to /data/cbotos/TB-Project/results/2026-04-25_final_hierarchical/hierarchical_nested_cv/data/fold_results_en_rf_r1136.csv
Checkpoint removed (job complete).
