Run: 2026-04-25_final_hierarchical
Config: /data/cbotos/TB-Project/results/2026-04-25_final_hierarchical/config_snapshot_hierarchical.yaml
Stage 1: kw_rf (fixed, binary HER2+ vs rest, threshold=0.5)
Stage 2: standalone_en (HR+ vs Triple Neg)
Repeat seed: 1079
Stage 2 grid size: 50 combinations
Loading data...
Loaded 100 samples, 273 features.
Classes: ['HER2+', 'HR+', 'Triple Neg']
  HER2+: 32 samples
  HR+: 36 samples
  Triple Neg: 32 samples
Mislabel indices verified: [(2, 'Array.67'), (4, 'Array.22'), (45, 'Array.113')]
  Fold 1: s1=1.0000 (t=0.50)  s2=0.6071  combined=0.7381  auroc=0.8855  excl=0.7778 (1)  (35.8s)
  Fold 2: s1=1.0000 (t=0.50)  s2=0.7619  combined=0.8413  auroc=0.9771  excl=0.8413 (0)  (34.8s)
  Fold 3: s1=1.0000 (t=0.50)  s2=0.6875  combined=0.7917  auroc=0.9072  excl=0.8750 (2)  (34.9s)
  Fold 4: s1=1.0000 (t=0.50)  s2=0.7857  combined=0.8571  auroc=0.9267  excl=0.8571 (0)  (35.5s)
  Fold 5: s1=1.0000 (t=0.50)  s2=0.7143  combined=0.8095  auroc=0.9707  excl=0.8095 (0)  (34.4s)

Summary for standalone_en repeat 1079:
  Stage 1 (HER2+ vs rest):  1.0000 (+/- 0.0000)
  Stage 2 (HR+ vs TN):      0.7113 (+/- 0.0625)
  Combined (3-class):       0.8075 (+/- 0.0417)
  Combined (excl mislabels): 0.8321 (+/- 0.0347)
  Combined fold scores: [0.7381, 0.8413, 0.7917, 0.8571, 0.8095]
  Total time: 176.3s
Fold results saved to /data/cbotos/TB-Project/results/2026-04-25_final_hierarchical/hierarchical_nested_cv/data/fold_results_standalone_en_r1079.csv
Checkpoint removed (job complete).
