Run: 2026-04-25_final_hierarchical
Config: /data/cbotos/TB-Project/results/2026-04-25_final_hierarchical/config_snapshot_hierarchical.yaml
Stage 1: kw_rf (fixed, binary HER2+ vs rest, threshold=0.5)
Stage 2: en_rf (HR+ vs Triple Neg)
Repeat seed: 1027
Stage 2 grid size: 800 combinations
Loading data...
Loaded 100 samples, 273 features.
Classes: ['HER2+', 'HR+', 'Triple Neg']
  HER2+: 32 samples
  HR+: 36 samples
  Triple Neg: 32 samples
Mislabel indices verified: [(2, 'Array.67'), (4, 'Array.22'), (45, 'Array.113')]
  Fold 1: s1=1.0000 (t=0.50)  s2=0.7500  combined=0.8333  auroc=0.8971  excl=0.9167 (3)  (2825.2s)
  Fold 2: s1=1.0000 (t=0.50)  s2=0.3929  combined=0.5952  auroc=0.8053  excl=0.5952 (0)  (2863.2s)
  Fold 3: s1=1.0000 (t=0.50)  s2=0.8542  combined=0.9028  auroc=0.9737  excl=0.9028 (0)  (2834.6s)
  Fold 4: s1=1.0000 (t=0.50)  s2=0.7143  combined=0.8095  auroc=0.9158  excl=0.8095 (0)  (2806.3s)
  Fold 5: s1=1.0000 (t=0.50)  s2=0.9286  combined=0.9524  auroc=1.0000  excl=0.9524 (0)  (2839.5s)

Summary for en_rf repeat 1027:
  Stage 1 (HER2+ vs rest):  1.0000 (+/- 0.0000)
  Stage 2 (HR+ vs TN):      0.7280 (+/- 0.1839)
  Combined (3-class):       0.8187 (+/- 0.1226)
  Combined (excl mislabels): 0.8353 (+/- 0.1290)
  Combined fold scores: [0.8333, 0.5952, 0.9028, 0.8095, 0.9524]
  Total time: 14175.5s
Fold results saved to /data/cbotos/TB-Project/results/2026-04-25_final_hierarchical/hierarchical_nested_cv/data/fold_results_en_rf_r1027.csv
Checkpoint removed (job complete).
