Run: 2026-04-25_final_hierarchical
Config: /data/cbotos/TB-Project/results/2026-04-25_final_hierarchical/config_snapshot_hierarchical.yaml
Stage 1: kw_rf (fixed, binary HER2+ vs rest, threshold=0.5)
Stage 2: kw_rf (HR+ vs Triple Neg)
Repeat seed: 1066
Stage 2 grid size: 32 combinations
Loading data...
Loaded 100 samples, 273 features.
Classes: ['HER2+', 'HR+', 'Triple Neg']
  HER2+: 32 samples
  HR+: 36 samples
  Triple Neg: 32 samples
Mislabel indices verified: [(2, 'Array.67'), (4, 'Array.22'), (45, 'Array.113')]
  Fold 1: s1=1.0000 (t=0.50)  s2=0.8333  combined=0.8889  auroc=0.9353  excl=0.9333 (1)  (102.1s)
  Fold 2: s1=1.0000 (t=0.50)  s2=0.6905  combined=0.7937  auroc=0.9542  excl=0.7937 (0)  (102.3s)
  Fold 3: s1=1.0000 (t=0.50)  s2=0.6667  combined=0.7778  auroc=0.9221  excl=0.8016 (1)  (102.2s)
  Fold 4: s1=1.0000 (t=0.50)  s2=0.9286  combined=0.9524  auroc=0.9670  excl=0.9524 (0)  (102.2s)
  Fold 5: s1=1.0000 (t=0.50)  s2=0.5714  combined=0.7143  auroc=0.8828  excl=0.7540 (1)  (102.1s)

Summary for kw_rf repeat 1066:
  Stage 1 (HER2+ vs rest):  1.0000 (+/- 0.0000)
  Stage 2 (HR+ vs TN):      0.7381 (+/- 0.1269)
  Combined (3-class):       0.8254 (+/- 0.0846)
  Combined (excl mislabels): 0.8470 (+/- 0.0802)
  Combined fold scores: [0.8889, 0.7937, 0.7778, 0.9524, 0.7143]
  Total time: 510.9s
Fold results saved to /data/cbotos/TB-Project/results/2026-04-25_final_hierarchical/hierarchical_nested_cv/data/fold_results_kw_rf_r1066.csv
Checkpoint removed (job complete).
