Run: 2026-04-25_final_hierarchical
Config: /data/cbotos/TB-Project/results/2026-04-25_final_hierarchical/config_snapshot_hierarchical.yaml
Stage 1: kw_rf (fixed, binary HER2+ vs rest, threshold=0.5)
Stage 2: kw_rf (HR+ vs Triple Neg)
Repeat seed: 1078
Stage 2 grid size: 32 combinations
Loading data...
Loaded 100 samples, 273 features.
Classes: ['HER2+', 'HR+', 'Triple Neg']
  HER2+: 32 samples
  HR+: 36 samples
  Triple Neg: 32 samples
Mislabel indices verified: [(2, 'Array.67'), (4, 'Array.22'), (45, 'Array.113')]
  Fold 1: s1=1.0000 (t=0.50)  s2=0.8452  combined=0.8968  auroc=0.9692  excl=0.8968 (0)  (89.0s)
  Fold 2: s1=1.0000 (t=0.50)  s2=0.7619  combined=0.8413  auroc=0.9084  excl=0.8413 (0)  (85.9s)
  Fold 3: s1=1.0000 (t=0.50)  s2=0.7917  combined=0.8611  auroc=0.9777  excl=0.8611 (0)  (86.4s)
  Fold 4: s1=1.0000 (t=0.50)  s2=0.7143  combined=0.8095  auroc=0.8974  excl=0.8413 (1)  (88.0s)
  Fold 5: s1=1.0000 (t=0.50)  s2=0.7143  combined=0.8095  auroc=0.9560  excl=0.8889 (2)  (90.3s)

Summary for kw_rf repeat 1078:
  Stage 1 (HER2+ vs rest):  1.0000 (+/- 0.0000)
  Stage 2 (HR+ vs TN):      0.7655 (+/- 0.0496)
  Combined (3-class):       0.8437 (+/- 0.0331)
  Combined (excl mislabels): 0.8659 (+/- 0.0233)
  Combined fold scores: [0.8968, 0.8413, 0.8611, 0.8095, 0.8095]
  Total time: 439.7s
Fold results saved to /data/cbotos/TB-Project/results/2026-04-25_final_hierarchical/hierarchical_nested_cv/data/fold_results_kw_rf_r1078.csv
Checkpoint removed (job complete).
