Run: 2026-04-25_final_hierarchical
Config: /data/cbotos/TB-Project/results/2026-04-25_final_hierarchical/config_snapshot_hierarchical.yaml
Stage 1: kw_rf (fixed, binary HER2+ vs rest, threshold=0.5)
Stage 2: kw_rf (HR+ vs Triple Neg)
Repeat seed: 1041
Stage 2 grid size: 32 combinations
Loading data...
Loaded 100 samples, 273 features.
Classes: ['HER2+', 'HR+', 'Triple Neg']
  HER2+: 32 samples
  HR+: 36 samples
  Triple Neg: 32 samples
Mislabel indices verified: [(2, 'Array.67'), (4, 'Array.22'), (45, 'Array.113')]
  Fold 1: s1=1.0000 (t=0.50)  s2=0.4643  combined=0.6429  auroc=0.8855  excl=0.7000 (2)  (102.4s)
  Fold 2: s1=1.0000 (t=0.50)  s2=0.6905  combined=0.7937  auroc=0.9466  excl=0.7937 (0)  (102.0s)
  Fold 3: s1=1.0000 (t=0.50)  s2=0.6667  combined=0.7778  auroc=0.9107  excl=0.7778 (0)  (101.6s)
  Fold 4: s1=1.0000 (t=0.50)  s2=0.7857  combined=0.8571  auroc=0.9304  excl=0.9048 (1)  (101.7s)
  Fold 5: s1=1.0000 (t=0.50)  s2=0.3571  combined=0.5714  auroc=0.8059  excl=0.5714 (0)  (101.4s)

Summary for kw_rf repeat 1041:
  Stage 1 (HER2+ vs rest):  1.0000 (+/- 0.0000)
  Stage 2 (HR+ vs TN):      0.5929 (+/- 0.1576)
  Combined (3-class):       0.7286 (+/- 0.1051)
  Combined (excl mislabels): 0.7495 (+/- 0.1105)
  Combined fold scores: [0.6429, 0.7937, 0.7778, 0.8571, 0.5714]
  Total time: 509.2s
Fold results saved to /data/cbotos/TB-Project/results/2026-04-25_final_hierarchical/hierarchical_nested_cv/data/fold_results_kw_rf_r1041.csv
Checkpoint removed (job complete).
