Run: 2026-04-25_final_hierarchical
Config: /data/cbotos/TB-Project/results/2026-04-25_final_hierarchical/config_snapshot_hierarchical.yaml
Stage 1: kw_rf (fixed, binary HER2+ vs rest, threshold=0.5)
Stage 2: kw_rf (HR+ vs Triple Neg)
Repeat seed: 1093
Stage 2 grid size: 32 combinations
Loading data...
Loaded 100 samples, 273 features.
Classes: ['HER2+', 'HR+', 'Triple Neg']
  HER2+: 32 samples
  HR+: 36 samples
  Triple Neg: 32 samples
Mislabel indices verified: [(2, 'Array.67'), (4, 'Array.22'), (45, 'Array.113')]
  Fold 1: s1=1.0000 (t=0.50)  s2=0.7500  combined=0.8333  auroc=0.9466  excl=0.8333 (0)  (89.7s)
  Fold 2: s1=1.0000 (t=0.50)  s2=0.8452  combined=0.8968  auroc=0.9695  excl=0.9524 (1)  (91.4s)
  Fold 3: s1=1.0000 (t=0.50)  s2=0.7083  combined=0.8056  auroc=0.8725  excl=0.8056 (0)  (90.0s)
  Fold 4: s1=1.0000 (t=0.50)  s2=0.9286  combined=0.9524  auroc=0.9780  excl=1.0000 (1)  (87.2s)
  Fold 5: s1=1.0000 (t=0.50)  s2=0.5000  combined=0.6667  auroc=0.9121  excl=0.6905 (1)  (87.0s)

Summary for kw_rf repeat 1093:
  Stage 1 (HER2+ vs rest):  1.0000 (+/- 0.0000)
  Stage 2 (HR+ vs TN):      0.7464 (+/- 0.1450)
  Combined (3-class):       0.8310 (+/- 0.0967)
  Combined (excl mislabels): 0.8563 (+/- 0.1100)
  Combined fold scores: [0.8333, 0.8968, 0.8056, 0.9524, 0.6667]
  Total time: 445.3s
Fold results saved to /data/cbotos/TB-Project/results/2026-04-25_final_hierarchical/hierarchical_nested_cv/data/fold_results_kw_rf_r1093.csv
Checkpoint removed (job complete).
