Run: 2026-04-25_final_hierarchical
Config: /data/cbotos/TB-Project/results/2026-04-25_final_hierarchical/config_snapshot_hierarchical.yaml
Stage 1: kw_rf (fixed, binary HER2+ vs rest, threshold=0.5)
Stage 2: en_nmc (HR+ vs Triple Neg)
Repeat seed: 1155
Stage 2 grid size: 800 combinations
Loading data...
Loaded 100 samples, 273 features.
Classes: ['HER2+', 'HR+', 'Triple Neg']
  HER2+: 32 samples
  HR+: 36 samples
  Triple Neg: 32 samples
Mislabel indices verified: [(2, 'Array.67'), (4, 'Array.22'), (45, 'Array.113')]
  Fold 1: s1=1.0000 (t=0.50)  s2=0.6905  combined=0.7937  auroc=0.9353  excl=0.7937 (0)  (747.3s)
  Fold 2: s1=1.0000 (t=0.50)  s2=0.9286  combined=0.9524  auroc=0.9695  excl=0.9524 (0)  (693.1s)
  Fold 3: s1=1.0000 (t=0.50)  s2=0.5417  combined=0.6944  auroc=0.8993  excl=0.6667 (2)  (690.1s)
  Fold 4: s1=1.0000 (t=0.50)  s2=0.7143  combined=0.8095  auroc=0.9267  excl=0.8492 (1)  (696.9s)
  Fold 5: s1=1.0000 (t=0.50)  s2=0.8571  combined=0.9048  auroc=0.9414  excl=0.9048 (0)  (710.2s)

Summary for en_nmc repeat 1155:
  Stage 1 (HER2+ vs rest):  1.0000 (+/- 0.0000)
  Stage 2 (HR+ vs TN):      0.7464 (+/- 0.1353)
  Combined (3-class):       0.8310 (+/- 0.0902)
  Combined (excl mislabels): 0.8333 (+/- 0.0989)
  Combined fold scores: [0.7937, 0.9524, 0.6944, 0.8095, 0.9048]
  Total time: 3537.7s
Fold results saved to /data/cbotos/TB-Project/results/2026-04-25_final_hierarchical/hierarchical_nested_cv/data/fold_results_en_nmc_r1155.csv
Checkpoint removed (job complete).
