Run: 2026-04-25_final_hierarchical
Config: /data/cbotos/TB-Project/results/2026-04-25_final_hierarchical/config_snapshot_hierarchical.yaml
Stage 1: kw_rf (fixed, binary HER2+ vs rest, threshold=0.5)
Stage 2: en_nmc (HR+ vs Triple Neg)
Repeat seed: 1010
Stage 2 grid size: 800 combinations
Loading data...
Loaded 100 samples, 273 features.
Classes: ['HER2+', 'HR+', 'Triple Neg']
  HER2+: 32 samples
  HR+: 36 samples
  Triple Neg: 32 samples
Mislabel indices verified: [(2, 'Array.67'), (4, 'Array.22'), (45, 'Array.113')]
  Fold 1: s1=1.0000 (t=0.50)  s2=0.7857  combined=0.8571  auroc=0.9466  excl=0.8889 (1)  (811.6s)
  Fold 2: s1=1.0000 (t=0.50)  s2=0.6786  combined=0.7857  auroc=0.8663  excl=0.8190 (1)  (846.7s)
  Fold 3: s1=1.0000 (t=0.50)  s2=0.5625  combined=0.7083  auroc=0.8817  excl=0.7083 (0)  (804.0s)
  Fold 4: s1=1.0000 (t=0.50)  s2=0.6429  combined=0.7619  auroc=0.8755  excl=0.7857 (1)  (819.7s)
  Fold 5: s1=1.0000 (t=0.50)  s2=0.9286  combined=0.9524  auroc=0.9744  excl=0.9524 (0)  (839.4s)

Summary for en_nmc repeat 1010:
  Stage 1 (HER2+ vs rest):  1.0000 (+/- 0.0000)
  Stage 2 (HR+ vs TN):      0.7196 (+/- 0.1267)
  Combined (3-class):       0.8131 (+/- 0.0845)
  Combined (excl mislabels): 0.8309 (+/- 0.0841)
  Combined fold scores: [0.8571, 0.7857, 0.7083, 0.7619, 0.9524]
  Total time: 4121.6s
Fold results saved to /data/cbotos/TB-Project/results/2026-04-25_final_hierarchical/hierarchical_nested_cv/data/fold_results_en_nmc_r1010.csv
Checkpoint removed (job complete).
