Run: 2026-04-25_final_hierarchical
Config: /data/cbotos/TB-Project/results/2026-04-25_final_hierarchical/config_snapshot_hierarchical.yaml
Stage 1: kw_rf (fixed, binary HER2+ vs rest, threshold=0.5)
Stage 2: standalone_en (HR+ vs Triple Neg)
Repeat seed: 1145
Stage 2 grid size: 50 combinations
Loading data...
Loaded 100 samples, 273 features.
Classes: ['HER2+', 'HR+', 'Triple Neg']
  HER2+: 32 samples
  HR+: 36 samples
  Triple Neg: 32 samples
Mislabel indices verified: [(2, 'Array.67'), (4, 'Array.22'), (45, 'Array.113')]
  Fold 1: s1=1.0000 (t=0.50)  s2=0.7619  combined=0.8413  auroc=0.9658  excl=0.8413 (0)  (36.6s)
  Fold 2: s1=1.0000 (t=0.50)  s2=0.8333  combined=0.8889  auroc=0.9924  excl=0.9333 (1)  (36.2s)
  Fold 3: s1=1.0000 (t=0.50)  s2=0.5833  combined=0.7222  auroc=0.8259  excl=0.7667 (1)  (33.8s)
  Fold 4: s1=1.0000 (t=0.50)  s2=0.5714  combined=0.7143  auroc=0.9048  excl=0.7540 (1)  (33.5s)
  Fold 5: s1=1.0000 (t=0.50)  s2=0.6429  combined=0.7619  auroc=0.9560  excl=0.7619 (0)  (35.7s)

Summary for standalone_en repeat 1145:
  Stage 1 (HER2+ vs rest):  1.0000 (+/- 0.0000)
  Stage 2 (HR+ vs TN):      0.6786 (+/- 0.1027)
  Combined (3-class):       0.7857 (+/- 0.0685)
  Combined (excl mislabels): 0.8114 (+/- 0.0686)
  Combined fold scores: [0.8413, 0.8889, 0.7222, 0.7143, 0.7619]
  Total time: 175.9s
Fold results saved to /data/cbotos/TB-Project/results/2026-04-25_final_hierarchical/hierarchical_nested_cv/data/fold_results_standalone_en_r1145.csv
Checkpoint removed (job complete).
