Run: 2026-04-25_final_hierarchical
Config: /data/cbotos/TB-Project/results/2026-04-25_final_hierarchical/config_snapshot_hierarchical.yaml
Stage 1: kw_rf (fixed, binary HER2+ vs rest, threshold=0.5)
Stage 2: kw_nmc (HR+ vs Triple Neg)
Repeat seed: 1042
Stage 2 grid size: 32 combinations
Loading data...
Loaded 100 samples, 273 features.
Classes: ['HER2+', 'HR+', 'Triple Neg']
  HER2+: 32 samples
  HR+: 36 samples
  Triple Neg: 32 samples
Mislabel indices verified: [(2, 'Array.67'), (4, 'Array.22'), (45, 'Array.113')]
  Fold 1: s1=1.0000 (t=0.50)  s2=0.9167  combined=0.9444  auroc=0.9924  excl=1.0000 (1)  (22.3s)
  Fold 2: s1=1.0000 (t=0.50)  s2=0.9167  combined=0.9444  auroc=1.0000  excl=0.9333 (1)  (21.1s)
  Fold 3: s1=1.0000 (t=0.50)  s2=0.8125  combined=0.8750  auroc=0.9628  excl=0.9048 (1)  (21.1s)
  Fold 4: s1=1.0000 (t=0.50)  s2=0.9286  combined=0.9524  auroc=0.9963  excl=0.9524 (0)  (21.2s)
  Fold 5: s1=1.0000 (t=0.50)  s2=0.7143  combined=0.8095  auroc=0.9597  excl=0.8095 (0)  (21.1s)

Summary for kw_nmc repeat 1042:
  Stage 1 (HER2+ vs rest):  1.0000 (+/- 0.0000)
  Stage 2 (HR+ vs TN):      0.8577 (+/- 0.0832)
  Combined (3-class):       0.9052 (+/- 0.0554)
  Combined (excl mislabels): 0.9200 (+/- 0.0633)
  Combined fold scores: [0.9444, 0.9444, 0.875, 0.9524, 0.8095]
  Total time: 106.8s
Fold results saved to /data/cbotos/TB-Project/results/2026-04-25_final_hierarchical/hierarchical_nested_cv/data/fold_results_kw_nmc_r1042.csv
Checkpoint removed (job complete).
