Run: 2026-04-25_final_hierarchical
Config: /data/cbotos/TB-Project/results/2026-04-25_final_hierarchical/config_snapshot_hierarchical.yaml
Stage 1: kw_rf (fixed, binary HER2+ vs rest, threshold=0.5)
Stage 2: en_rf (HR+ vs Triple Neg)
Repeat seed: 1129
Stage 2 grid size: 800 combinations
Loading data...
Loaded 100 samples, 273 features.
Classes: ['HER2+', 'HR+', 'Triple Neg']
  HER2+: 32 samples
  HR+: 36 samples
  Triple Neg: 32 samples
Mislabel indices verified: [(2, 'Array.67'), (4, 'Array.22'), (45, 'Array.113')]
  Fold 1: s1=1.0000 (t=0.50)  s2=0.7024  combined=0.8016  auroc=0.9048  excl=0.8016 (0)  (2837.2s)
  Fold 2: s1=1.0000 (t=0.50)  s2=0.9286  combined=0.9524  auroc=0.9884  excl=0.9524 (0)  (2817.4s)
  Fold 3: s1=1.0000 (t=0.50)  s2=0.5417  combined=0.6944  auroc=0.8919  excl=0.7524 (2)  (2801.2s)
  Fold 4: s1=1.0000 (t=0.50)  s2=0.7143  combined=0.8095  auroc=0.9011  excl=0.8095 (0)  (2855.7s)
  Fold 5: s1=1.0000 (t=0.50)  s2=0.7143  combined=0.8095  auroc=0.9414  excl=0.8492 (1)  (2837.3s)

Summary for en_rf repeat 1129:
  Stage 1 (HER2+ vs rest):  1.0000 (+/- 0.0000)
  Stage 2 (HR+ vs TN):      0.7202 (+/- 0.1230)
  Combined (3-class):       0.8135 (+/- 0.0820)
  Combined (excl mislabels): 0.8330 (+/- 0.0672)
  Combined fold scores: [0.8016, 0.9524, 0.6944, 0.8095, 0.8095]
  Total time: 14148.9s
Fold results saved to /data/cbotos/TB-Project/results/2026-04-25_final_hierarchical/hierarchical_nested_cv/data/fold_results_en_rf_r1129.csv
Checkpoint removed (job complete).
