Run: 2026-04-25_final_hierarchical
Config: /data/cbotos/TB-Project/results/2026-04-25_final_hierarchical/config_snapshot_hierarchical.yaml
Stage 1: kw_rf (fixed, binary HER2+ vs rest, threshold=0.5)
Stage 2: kw_rf (HR+ vs Triple Neg)
Repeat seed: 1025
Stage 2 grid size: 32 combinations
Loading data...
Loaded 100 samples, 273 features.
Classes: ['HER2+', 'HR+', 'Triple Neg']
  HER2+: 32 samples
  HR+: 36 samples
  Triple Neg: 32 samples
Mislabel indices verified: [(2, 'Array.67'), (4, 'Array.22'), (45, 'Array.113')]
  Fold 1: s1=1.0000 (t=0.50)  s2=0.7500  combined=0.8333  auroc=0.9695  excl=0.8333 (0)  (88.1s)
  Fold 2: s1=1.0000 (t=0.50)  s2=0.9286  combined=0.9524  auroc=0.9657  excl=0.9524 (0)  (85.9s)
  Fold 3: s1=1.0000 (t=0.50)  s2=0.5208  combined=0.6806  auroc=0.8884  excl=0.7429 (2)  (85.6s)
  Fold 4: s1=1.0000 (t=0.50)  s2=0.7143  combined=0.8095  auroc=0.9414  excl=0.8492 (1)  (86.1s)
  Fold 5: s1=1.0000 (t=0.50)  s2=0.7143  combined=0.8095  auroc=0.9048  excl=0.8095 (0)  (85.5s)

Summary for kw_rf repeat 1025:
  Stage 1 (HER2+ vs rest):  1.0000 (+/- 0.0000)
  Stage 2 (HR+ vs TN):      0.7256 (+/- 0.1296)
  Combined (3-class):       0.8171 (+/- 0.0864)
  Combined (excl mislabels): 0.8375 (+/- 0.0680)
  Combined fold scores: [0.8333, 0.9524, 0.6806, 0.8095, 0.8095]
  Total time: 439.6s
Fold results saved to /data/cbotos/TB-Project/results/2026-04-25_final_hierarchical/hierarchical_nested_cv/data/fold_results_kw_rf_r1025.csv
Checkpoint removed (job complete).
