Run: 2026-04-25_final_hierarchical
Config: /data/cbotos/TB-Project/results/2026-04-25_final_hierarchical/config_snapshot_hierarchical.yaml
Stage 1: kw_rf (fixed, binary HER2+ vs rest, threshold=0.5)
Stage 2: en_rf (HR+ vs Triple Neg)
Repeat seed: 1096
Stage 2 grid size: 800 combinations
Loading data...
Loaded 100 samples, 273 features.
Classes: ['HER2+', 'HR+', 'Triple Neg']
  HER2+: 32 samples
  HR+: 36 samples
  Triple Neg: 32 samples
Mislabel indices verified: [(2, 'Array.67'), (4, 'Array.22'), (45, 'Array.113')]
  Fold 1: s1=1.0000 (t=0.50)  s2=0.6190  combined=0.7460  auroc=0.8932  excl=0.7905 (1)  (2900.1s)
  Fold 2: s1=1.0000 (t=0.50)  s2=0.5952  combined=0.7302  auroc=0.9200  excl=0.7524 (1)  (2857.9s)
  Fold 3: s1=1.0000 (t=0.50)  s2=0.7500  combined=0.8333  auroc=0.9702  excl=0.8571 (1)  (2837.0s)
  Fold 4: s1=1.0000 (t=0.50)  s2=0.6429  combined=0.7619  auroc=0.9084  excl=0.7619 (0)  (2858.5s)
  Fold 5: s1=1.0000 (t=0.50)  s2=0.7143  combined=0.8095  auroc=0.9414  excl=0.8095 (0)  (2862.2s)

Summary for en_rf repeat 1096:
  Stage 1 (HER2+ vs rest):  1.0000 (+/- 0.0000)
  Stage 2 (HR+ vs TN):      0.6643 (+/- 0.0585)
  Combined (3-class):       0.7762 (+/- 0.0390)
  Combined (excl mislabels): 0.7943 (+/- 0.0374)
  Combined fold scores: [0.746, 0.7302, 0.8333, 0.7619, 0.8095]
  Total time: 14315.9s
Fold results saved to /data/cbotos/TB-Project/results/2026-04-25_final_hierarchical/hierarchical_nested_cv/data/fold_results_en_rf_r1096.csv
Checkpoint removed (job complete).
