Run: 2026-04-25_final_hierarchical
Config: /data/cbotos/TB-Project/results/2026-04-25_final_hierarchical/config_snapshot_hierarchical.yaml
Stage 1: kw_rf (fixed, binary HER2+ vs rest, threshold=0.5)
Stage 2: kw_nmc (HR+ vs Triple Neg)
Repeat seed: 1092
Stage 2 grid size: 32 combinations
Loading data...
Loaded 100 samples, 273 features.
Classes: ['HER2+', 'HR+', 'Triple Neg']
  HER2+: 32 samples
  HR+: 36 samples
  Triple Neg: 32 samples
Mislabel indices verified: [(2, 'Array.67'), (4, 'Array.22'), (45, 'Array.113')]
  Fold 1: s1=1.0000 (t=0.50)  s2=0.9167  combined=0.9444  auroc=0.9771  excl=0.9444 (0)  (21.2s)
  Fold 2: s1=1.0000 (t=0.50)  s2=0.6905  combined=0.7937  auroc=0.9618  excl=0.7937 (0)  (21.3s)
  Fold 3: s1=1.0000 (t=0.50)  s2=0.4375  combined=0.6250  auroc=0.7872  excl=0.6250 (0)  (21.2s)
  Fold 4: s1=1.0000 (t=0.50)  s2=0.7143  combined=0.8095  auroc=0.9304  excl=0.8492 (1)  (21.3s)
  Fold 5: s1=1.0000 (t=0.50)  s2=0.6429  combined=0.7619  auroc=0.9121  excl=0.8190 (2)  (21.2s)

Summary for kw_nmc repeat 1092:
  Stage 1 (HER2+ vs rest):  1.0000 (+/- 0.0000)
  Stage 2 (HR+ vs TN):      0.6804 (+/- 0.1533)
  Combined (3-class):       0.7869 (+/- 0.1022)
  Combined (excl mislabels): 0.8063 (+/- 0.1040)
  Combined fold scores: [0.9444, 0.7937, 0.625, 0.8095, 0.7619]
  Total time: 106.3s
Fold results saved to /data/cbotos/TB-Project/results/2026-04-25_final_hierarchical/hierarchical_nested_cv/data/fold_results_kw_nmc_r1092.csv
Checkpoint removed (job complete).
