Run: 2026-04-25_final_hierarchical
Config: /data/cbotos/TB-Project/results/2026-04-25_final_hierarchical/config_snapshot_hierarchical.yaml
Stage 1: kw_rf (fixed, binary HER2+ vs rest, threshold=0.5)
Stage 2: en_rf (HR+ vs Triple Neg)
Repeat seed: 1149
Stage 2 grid size: 800 combinations
Loading data...
Loaded 100 samples, 273 features.
Classes: ['HER2+', 'HR+', 'Triple Neg']
  HER2+: 32 samples
  HR+: 36 samples
  Triple Neg: 32 samples
Mislabel indices verified: [(2, 'Array.67'), (4, 'Array.22'), (45, 'Array.113')]
  Fold 1: s1=1.0000 (t=0.50)  s2=0.5595  combined=0.7063  auroc=0.8852  excl=0.7063 (0)  (2847.4s)
  Fold 2: s1=1.0000 (t=0.50)  s2=0.4405  combined=0.6270  auroc=0.8277  excl=0.6270 (0)  (2849.0s)
  Fold 3: s1=1.0000 (t=0.50)  s2=0.7708  combined=0.8472  auroc=0.9593  excl=0.8472 (0)  (2816.1s)
  Fold 4: s1=1.0000 (t=0.50)  s2=0.7857  combined=0.8571  auroc=0.9780  excl=0.9333 (2)  (2789.3s)
  Fold 5: s1=1.0000 (t=0.50)  s2=0.7143  combined=0.8095  auroc=0.9121  excl=0.8492 (1)  (2822.8s)

Summary for en_rf repeat 1149:
  Stage 1 (HER2+ vs rest):  1.0000 (+/- 0.0000)
  Stage 2 (HR+ vs TN):      0.6542 (+/- 0.1335)
  Combined (3-class):       0.7694 (+/- 0.0890)
  Combined (excl mislabels): 0.7926 (+/- 0.1103)
  Combined fold scores: [0.7063, 0.627, 0.8472, 0.8571, 0.8095]
  Total time: 14124.7s
Fold results saved to /data/cbotos/TB-Project/results/2026-04-25_final_hierarchical/hierarchical_nested_cv/data/fold_results_en_rf_r1149.csv
Checkpoint removed (job complete).
