Run: 2026-04-25_final_hierarchical
Config: /data/cbotos/TB-Project/results/2026-04-25_final_hierarchical/config_snapshot_hierarchical.yaml
Stage 1: kw_rf (fixed, binary HER2+ vs rest, threshold=0.5)
Stage 2: en_rf (HR+ vs Triple Neg)
Repeat seed: 1151
Stage 2 grid size: 800 combinations
Loading data...
Loaded 100 samples, 273 features.
Classes: ['HER2+', 'HR+', 'Triple Neg']
  HER2+: 32 samples
  HR+: 36 samples
  Triple Neg: 32 samples
Mislabel indices verified: [(2, 'Array.67'), (4, 'Array.22'), (45, 'Array.113')]
  Fold 1: s1=1.0000 (t=0.50)  s2=0.7619  combined=0.8413  auroc=0.9505  excl=0.8857 (1)  (2794.3s)
  Fold 2: s1=1.0000 (t=0.50)  s2=0.3690  combined=0.5794  auroc=0.8666  excl=0.6111 (1)  (2843.4s)
  Fold 3: s1=1.0000 (t=0.50)  s2=0.5208  combined=0.6806  auroc=0.8725  excl=0.6806 (0)  (2868.7s)
  Fold 4: s1=1.0000 (t=0.50)  s2=0.5000  combined=0.6667  auroc=0.8205  excl=0.6667 (0)  (2888.0s)
  Fold 5: s1=1.0000 (t=0.50)  s2=0.7143  combined=0.8095  auroc=0.9267  excl=0.8413 (1)  (2813.1s)

Summary for en_rf repeat 1151:
  Stage 1 (HER2+ vs rest):  1.0000 (+/- 0.0000)
  Stage 2 (HR+ vs TN):      0.5732 (+/- 0.1451)
  Combined (3-class):       0.7155 (+/- 0.0967)
  Combined (excl mislabels): 0.7371 (+/- 0.1067)
  Combined fold scores: [0.8413, 0.5794, 0.6806, 0.6667, 0.8095]
  Total time: 14208.8s
Fold results saved to /data/cbotos/TB-Project/results/2026-04-25_final_hierarchical/hierarchical_nested_cv/data/fold_results_en_rf_r1151.csv
Checkpoint removed (job complete).
