Run: 2026-04-25_final_hierarchical
Config: /data/cbotos/TB-Project/results/2026-04-25_final_hierarchical/config_snapshot_hierarchical.yaml
Stage 1: kw_rf (fixed, binary HER2+ vs rest, threshold=0.5)
Stage 2: en_nmc_pens (HR+ vs Triple Neg)
Repeat seed: 1110
Stage 2: no GridSearchCV (ensemble pipeline)
Loading data...
Loaded 100 samples, 273 features.
Classes: ['HER2+', 'HR+', 'Triple Neg']
  HER2+: 32 samples
  HR+: 36 samples
  Triple Neg: 32 samples
Mislabel indices verified: [(2, 'Array.67'), (4, 'Array.22'), (45, 'Array.113')]
Pooled plateau capped: 298 -> 15 combos
Pooled plateau: 15 of 800 combos from 1000 fold files (best=0.7432, std=0.0496, threshold=0.6935)
  Plateau combo 1: score=0.7432, params={'clf__shrink_threshold': None, 'selector__C': 0.0464159, 'selector__l1_ratio': 0.1, 'selector__top_k': 50}
  Plateau combo 2: score=0.7428, params={'clf__shrink_threshold': 0.2, 'selector__C': 0.0464159, 'selector__l1_ratio': 0.1, 'selector__top_k': 50}
  Plateau combo 3: score=0.7426, params={'clf__shrink_threshold': 0.1, 'selector__C': 0.0464159, 'selector__l1_ratio': 0.1, 'selector__top_k': 50}
  Plateau combo 4: score=0.7417, params={'clf__shrink_threshold': 0.2, 'selector__C': 0.16681, 'selector__l1_ratio': 0.5, 'selector__top_k': 50}
  Plateau combo 5: score=0.7411, params={'clf__shrink_threshold': 0.1, 'selector__C': 0.16681, 'selector__l1_ratio': 0.5, 'selector__top_k': 50}
  Plateau combo 6: score=0.7391, params={'clf__shrink_threshold': 0.5, 'selector__C': 0.16681, 'selector__l1_ratio': 0.5, 'selector__top_k': 50}
  Plateau combo 7: score=0.7388, params={'clf__shrink_threshold': None, 'selector__C': 0.16681, 'selector__l1_ratio': 0.5, 'selector__top_k': 50}
  Plateau combo 8: score=0.7388, params={'clf__shrink_threshold': 0.5, 'selector__C': 0.0464159, 'selector__l1_ratio': 0.1, 'selector__top_k': 50}
  Plateau combo 9: score=0.7387, params={'clf__shrink_threshold': 0.2, 'selector__C': 0.599484, 'selector__l1_ratio': 0.7, 'selector__top_k': 50}
  Plateau combo 10: score=0.7386, params={'clf__shrink_threshold': 0.1, 'selector__C': 0.16681, 'selector__l1_ratio': 0.3, 'selector__top_k': 50}
  Plateau combo 11: score=0.7386, params={'clf__shrink_threshold': 0.2, 'selector__C': 0.16681, 'selector__l1_ratio': 0.3, 'selector__top_k': 50}
  Plateau combo 12: score=0.7385, params={'clf__shrink_threshold': None, 'selector__C': 0.16681, 'selector__l1_ratio': 0.1, 'selector__top_k': 50}
  Plateau combo 13: score=0.7380, params={'clf__shrink_threshold': 0.2, 'selector__C': 0.16681, 'selector__l1_ratio': 0.1, 'selector__top_k': 50}
  Plateau combo 14: score=0.7376, params={'clf__shrink_threshold': 0.1, 'selector__C': 0.16681, 'selector__l1_ratio': 0.1, 'selector__top_k': 50}
  Plateau combo 15: score=0.7376, params={'clf__shrink_threshold': 0.1, 'selector__C': 0.599484, 'selector__l1_ratio': 0.7, 'selector__top_k': 50}
    Retraining 15 plateau models
      [1/15] n_features=50, params={'clf__shrink_threshold': None, 'selector__C': 0.0464159, 'selector__l1_ratio': 0.1, 'selector__top_k': 50}
      [2/15] n_features=50, params={'clf__shrink_threshold': 0.2, 'selector__C': 0.0464159, 'selector__l1_ratio': 0.1, 'selector__top_k': 50}
      [3/15] n_features=50, params={'clf__shrink_threshold': 0.1, 'selector__C': 0.0464159, 'selector__l1_ratio': 0.1, 'selector__top_k': 50}
      [15/15] n_features=50, params={'clf__shrink_threshold': 0.1, 'selector__C': 0.599484, 'selector__l1_ratio': 0.7, 'selector__top_k': 50}
    Plateau features: union=74, intersection=31
  Fold 1: s1=1.0000 (t=0.50)  s2=0.7738  combined=0.8492  auroc=0.9808  excl=0.8492 (0)  (1.8s)
    Retraining 15 plateau models
      [1/15] n_features=50, params={'clf__shrink_threshold': None, 'selector__C': 0.0464159, 'selector__l1_ratio': 0.1, 'selector__top_k': 50}
      [2/15] n_features=50, params={'clf__shrink_threshold': 0.2, 'selector__C': 0.0464159, 'selector__l1_ratio': 0.1, 'selector__top_k': 50}
      [3/15] n_features=50, params={'clf__shrink_threshold': 0.1, 'selector__C': 0.0464159, 'selector__l1_ratio': 0.1, 'selector__top_k': 50}
      [15/15] n_features=50, params={'clf__shrink_threshold': 0.1, 'selector__C': 0.599484, 'selector__l1_ratio': 0.7, 'selector__top_k': 50}
    Plateau features: union=85, intersection=23
  Fold 2: s1=1.0000 (t=0.50)  s2=0.6905  combined=0.7937  auroc=0.9545  excl=0.7937 (0)  (1.8s)
    Retraining 15 plateau models
      [1/15] n_features=50, params={'clf__shrink_threshold': None, 'selector__C': 0.0464159, 'selector__l1_ratio': 0.1, 'selector__top_k': 50}
      [2/15] n_features=50, params={'clf__shrink_threshold': 0.2, 'selector__C': 0.0464159, 'selector__l1_ratio': 0.1, 'selector__top_k': 50}
      [3/15] n_features=50, params={'clf__shrink_threshold': 0.1, 'selector__C': 0.0464159, 'selector__l1_ratio': 0.1, 'selector__top_k': 50}
      [15/15] n_features=50, params={'clf__shrink_threshold': 0.1, 'selector__C': 0.599484, 'selector__l1_ratio': 0.7, 'selector__top_k': 50}
    Plateau features: union=76, intersection=27
  Fold 3: s1=1.0000 (t=0.50)  s2=0.8542  combined=0.9028  auroc=0.9702  excl=0.9444 (1)  (1.7s)
    Retraining 15 plateau models
      [1/15] n_features=50, params={'clf__shrink_threshold': None, 'selector__C': 0.0464159, 'selector__l1_ratio': 0.1, 'selector__top_k': 50}
      [2/15] n_features=50, params={'clf__shrink_threshold': 0.2, 'selector__C': 0.0464159, 'selector__l1_ratio': 0.1, 'selector__top_k': 50}
      [3/15] n_features=50, params={'clf__shrink_threshold': 0.1, 'selector__C': 0.0464159, 'selector__l1_ratio': 0.1, 'selector__top_k': 50}
      [15/15] n_features=50, params={'clf__shrink_threshold': 0.1, 'selector__C': 0.599484, 'selector__l1_ratio': 0.7, 'selector__top_k': 50}
    Plateau features: union=81, intersection=25
  Fold 4: s1=1.0000 (t=0.50)  s2=0.6429  combined=0.7619  auroc=0.8828  excl=0.7619 (0)  (1.8s)
    Retraining 15 plateau models
      [1/15] n_features=50, params={'clf__shrink_threshold': None, 'selector__C': 0.0464159, 'selector__l1_ratio': 0.1, 'selector__top_k': 50}
      [2/15] n_features=50, params={'clf__shrink_threshold': 0.2, 'selector__C': 0.0464159, 'selector__l1_ratio': 0.1, 'selector__top_k': 50}
      [3/15] n_features=50, params={'clf__shrink_threshold': 0.1, 'selector__C': 0.0464159, 'selector__l1_ratio': 0.1, 'selector__top_k': 50}
      [15/15] n_features=50, params={'clf__shrink_threshold': 0.1, 'selector__C': 0.599484, 'selector__l1_ratio': 0.7, 'selector__top_k': 50}
    Plateau features: union=104, intersection=20
  Fold 5: s1=1.0000 (t=0.50)  s2=0.7857  combined=0.8571  auroc=0.9560  excl=0.9048 (2)  (1.8s)

Summary for en_nmc_pens repeat 1110:
  Stage 1 (HER2+ vs rest):  1.0000 (+/- 0.0000)
  Stage 2 (HR+ vs TN):      0.7494 (+/- 0.0745)
  Combined (3-class):       0.8329 (+/- 0.0496)
  Combined (excl mislabels): 0.8508 (+/- 0.0676)
  Combined fold scores: [0.8492, 0.7937, 0.9028, 0.7619, 0.8571]
  Total time: 8.9s
Fold results saved to /data/cbotos/TB-Project/results/2026-04-25_final_hierarchical/hierarchical_nested_cv/data/fold_results_en_nmc_pens_r1110.csv
Checkpoint removed (job complete).
