Run: 2026-04-25_final_hierarchical
Config: /data/cbotos/TB-Project/results/2026-04-25_final_hierarchical/config_snapshot_hierarchical.yaml
Stage 1: kw_rf (fixed, binary HER2+ vs rest, threshold=0.5)
Stage 2: en_nmc (HR+ vs Triple Neg)
Repeat seed: 1030
Stage 2 grid size: 800 combinations
Loading data...
Loaded 100 samples, 273 features.
Classes: ['HER2+', 'HR+', 'Triple Neg']
  HER2+: 32 samples
  HR+: 36 samples
  Triple Neg: 32 samples
Mislabel indices verified: [(2, 'Array.67'), (4, 'Array.22'), (45, 'Array.113')]
  Fold 1: s1=1.0000 (t=0.50)  s2=0.7738  combined=0.8492  auroc=0.9731  excl=0.8381 (1)  (891.2s)
  Fold 2: s1=1.0000 (t=0.50)  s2=0.5952  combined=0.7302  auroc=0.9502  excl=0.7302 (0)  (847.4s)
  Fold 3: s1=1.0000 (t=0.50)  s2=0.6042  combined=0.7361  auroc=0.9330  excl=0.7361 (0)  (835.5s)
  Fold 4: s1=1.0000 (t=0.50)  s2=0.7857  combined=0.8571  auroc=0.9487  excl=0.8571 (0)  (904.9s)
  Fold 5: s1=1.0000 (t=0.50)  s2=0.8571  combined=0.9048  auroc=0.9597  excl=1.0000 (2)  (842.1s)

Summary for en_nmc repeat 1030:
  Stage 1 (HER2+ vs rest):  1.0000 (+/- 0.0000)
  Stage 2 (HR+ vs TN):      0.7232 (+/- 0.1048)
  Combined (3-class):       0.8155 (+/- 0.0699)
  Combined (excl mislabels): 0.8323 (+/- 0.0984)
  Combined fold scores: [0.8492, 0.7302, 0.7361, 0.8571, 0.9048]
  Total time: 4321.9s
Fold results saved to /data/cbotos/TB-Project/results/2026-04-25_final_hierarchical/hierarchical_nested_cv/data/fold_results_en_nmc_r1030.csv
Checkpoint removed (job complete).
