Run: 2026-04-25_final_hierarchical
Config: /data/cbotos/TB-Project/results/2026-04-25_final_hierarchical/config_snapshot_hierarchical.yaml
Stage 1: kw_rf (fixed, binary HER2+ vs rest, threshold=0.5)
Stage 2: en_rf (HR+ vs Triple Neg)
Repeat seed: 1052
Stage 2 grid size: 800 combinations
Loading data...
Loaded 100 samples, 273 features.
Classes: ['HER2+', 'HR+', 'Triple Neg']
  HER2+: 32 samples
  HR+: 36 samples
  Triple Neg: 32 samples
Mislabel indices verified: [(2, 'Array.67'), (4, 'Array.22'), (45, 'Array.113')]
  Fold 1: s1=1.0000 (t=0.50)  s2=0.4524  combined=0.6349  auroc=0.8434  excl=0.6571 (1)  (2398.8s)
  Fold 2: s1=1.0000 (t=0.50)  s2=0.9286  combined=0.9524  auroc=0.9924  excl=0.9524 (0)  (2527.9s)
  Fold 3: s1=1.0000 (t=0.50)  s2=0.5625  combined=0.7083  auroc=0.8507  excl=0.7083 (0)  (2751.2s)
  Fold 4: s1=1.0000 (t=0.50)  s2=0.7143  combined=0.8095  auroc=0.9158  excl=0.8095 (0)  (2650.5s)
  Fold 5: s1=1.0000 (t=0.50)  s2=0.6429  combined=0.7619  auroc=0.9194  excl=0.8333 (2)  (2406.0s)

Summary for en_rf repeat 1052:
  Stage 1 (HER2+ vs rest):  1.0000 (+/- 0.0000)
  Stage 2 (HR+ vs TN):      0.6601 (+/- 0.1600)
  Combined (3-class):       0.7734 (+/- 0.1067)
  Combined (excl mislabels): 0.7921 (+/- 0.1029)
  Combined fold scores: [0.6349, 0.9524, 0.7083, 0.8095, 0.7619]
  Total time: 12734.7s
Fold results saved to /data/cbotos/TB-Project/results/2026-04-25_final_hierarchical/hierarchical_nested_cv/data/fold_results_en_rf_r1052.csv
Checkpoint removed (job complete).
