Run: 2026-04-25_final_hierarchical
Config: /data/cbotos/TB-Project/results/2026-04-25_final_hierarchical/config_snapshot_hierarchical.yaml
Stage 1: kw_rf (fixed, binary HER2+ vs rest, threshold=0.5)
Stage 2: standalone_en (HR+ vs Triple Neg)
Repeat seed: 1188
Stage 2 grid size: 50 combinations
Loading data...
Loaded 100 samples, 273 features.
Classes: ['HER2+', 'HR+', 'Triple Neg']
  HER2+: 32 samples
  HR+: 36 samples
  Triple Neg: 32 samples
Mislabel indices verified: [(2, 'Array.67'), (4, 'Array.22'), (45, 'Array.113')]
  Fold 1: s1=1.0000 (t=0.50)  s2=0.7500  combined=0.8333  auroc=0.9847  excl=0.8333 (0)  (29.2s)
  Fold 2: s1=1.0000 (t=0.50)  s2=0.5952  combined=0.7302  auroc=0.9389  excl=0.7302 (0)  (30.3s)
  Fold 3: s1=1.0000 (t=0.50)  s2=0.7292  combined=0.8194  auroc=0.9628  excl=0.9048 (2)  (27.9s)
  Fold 4: s1=1.0000 (t=0.50)  s2=0.7857  combined=0.8571  auroc=0.9304  excl=0.8968 (1)  (28.3s)
  Fold 5: s1=1.0000 (t=0.50)  s2=0.8571  combined=0.9048  auroc=1.0000  excl=0.9048 (0)  (28.0s)

Summary for standalone_en repeat 1188:
  Stage 1 (HER2+ vs rest):  1.0000 (+/- 0.0000)
  Stage 2 (HR+ vs TN):      0.7435 (+/- 0.0859)
  Combined (3-class):       0.8290 (+/- 0.0573)
  Combined (excl mislabels): 0.8540 (+/- 0.0675)
  Combined fold scores: [0.8333, 0.7302, 0.8194, 0.8571, 0.9048]
  Total time: 144.0s
Fold results saved to /data/cbotos/TB-Project/results/2026-04-25_final_hierarchical/hierarchical_nested_cv/data/fold_results_standalone_en_r1188.csv
Checkpoint removed (job complete).
