Run: 2026-04-25_final_hierarchical
Config: /data/cbotos/TB-Project/results/2026-04-25_final_hierarchical/config_snapshot_hierarchical.yaml
Stage 1: kw_rf (fixed, binary HER2+ vs rest, threshold=0.5)
Stage 2: en_rf (HR+ vs Triple Neg)
Repeat seed: 1002
Stage 2 grid size: 800 combinations
Loading data...
Loaded 100 samples, 273 features.
Classes: ['HER2+', 'HR+', 'Triple Neg']
  HER2+: 32 samples
  HR+: 36 samples
  Triple Neg: 32 samples
Mislabel indices verified: [(2, 'Array.67'), (4, 'Array.22'), (45, 'Array.113')]
  Fold 1: s1=1.0000 (t=0.50)  s2=0.7619  combined=0.8413  auroc=0.9389  excl=0.8413 (0)  (2859.1s)
  Fold 2: s1=1.0000 (t=0.50)  s2=0.8452  combined=0.8968  auroc=0.9542  excl=0.8968 (0)  (2858.1s)
  Fold 3: s1=1.0000 (t=0.50)  s2=0.7083  combined=0.8056  auroc=0.9330  excl=0.8056 (0)  (2859.1s)
  Fold 4: s1=1.0000 (t=0.50)  s2=0.5000  combined=0.6667  auroc=0.7985  excl=0.6984 (1)  (2835.7s)
  Fold 5: s1=1.0000 (t=0.50)  s2=0.2857  combined=0.5238  auroc=0.6465  excl=0.5000 (2)  (2889.9s)

Summary for en_rf repeat 1002:
  Stage 1 (HER2+ vs rest):  1.0000 (+/- 0.0000)
  Stage 2 (HR+ vs TN):      0.6202 (+/- 0.2024)
  Combined (3-class):       0.7468 (+/- 0.1349)
  Combined (excl mislabels): 0.7484 (+/- 0.1401)
  Combined fold scores: [0.8413, 0.8968, 0.8056, 0.6667, 0.5238]
  Total time: 14302.1s
Fold results saved to /data/cbotos/TB-Project/results/2026-04-25_final_hierarchical/hierarchical_nested_cv/data/fold_results_en_rf_r1002.csv
Checkpoint removed (job complete).
