Run directory: /data/cbotos/TB-Project/results/2026-04-22_server_run_flat_nested_CV
Reading fold results from: /data/cbotos/TB-Project/results/2026-04-22_server_run_flat_nested_CV/nested_cv_2x2/data
Found 200 fold result files.
Aggregated 1000 fold rows across 4 pipelines and 50 repeats.
Saved aggregated fold results: /data/cbotos/TB-Project/results/2026-04-22_server_run_flat_nested_CV/nested_cv_analysis/data/all_fold_results.csv
Computed per-repeat means for 200 pipeline-repeat pairs.
Summary statistics:
  KW + RF: mean=0.7910 +/- 0.0246, median=0.7931, n_repeats=50
  EN + RF: mean=0.7702 +/- 0.0289, median=0.7740, n_repeats=50
  EN + NMC: mean=0.7458 +/- 0.0320, median=0.7504, n_repeats=50
  KW + NMC: mean=0.6314 +/- 0.0311, median=0.6327, n_repeats=50
Saved summary statistics: /data/cbotos/TB-Project/results/2026-04-22_server_run_flat_nested_CV/nested_cv_analysis/data/summary_statistics.csv
Friedman test: chi2=117.2405, p=0.000000
  kw_nmc vs kw_rf: W=0.0, p=0.000000, p_corrected=0.000000 *
  kw_nmc vs en_nmc: W=0.0, p=0.000000, p_corrected=0.000000 *
  kw_nmc vs en_rf: W=0.0, p=0.000000, p_corrected=0.000000 *
  kw_rf vs en_nmc: W=15.0, p=0.000000, p_corrected=0.000000 *
  kw_rf vs en_rf: W=247.5, p=0.000167, p_corrected=0.001000 *
  en_nmc vs en_rf: W=202.0, p=0.000026, p_corrected=0.000157 *
Saved pairwise Wilcoxon tests: /data/cbotos/TB-Project/results/2026-04-22_server_run_flat_nested_CV/nested_cv_analysis/data/pairwise_wilcoxon.csv
Nadeau-Bengio tests: k=5 folds, r=50 repeats, n_test=20, n_train=80, correction_factor=0.2540
  kw_nmc vs kw_rf: diff=-0.1596, t=-2.996, df=249, p=0.003012, p_corrected=0.018070 *
  kw_nmc vs en_nmc: diff=-0.1144, t=-2.016, df=249, p=0.044859, p_corrected=0.269155 
  kw_nmc vs en_rf: diff=-0.1388, t=-2.273, df=249, p=0.023867, p_corrected=0.143201 
  kw_rf vs en_nmc: diff=0.0452, t=1.011, df=249, p=0.312799, p_corrected=1.000000 
  kw_rf vs en_rf: diff=0.0208, t=0.526, df=249, p=0.599512, p_corrected=1.000000 
  en_nmc vs en_rf: diff=-0.0244, t=-0.519, df=249, p=0.604310, p_corrected=1.000000 
Saved Nadeau-Bengio tests: /data/cbotos/TB-Project/results/2026-04-22_server_run_flat_nested_CV/nested_cv_analysis/data/pairwise_nadeau_bengio.csv
Winning pipeline: KW + RF (mean balanced accuracy = 0.7910)
Error agreement analysis (5000 total sample-predictions):
  KW + NMC: 1846 errors (36.9% error rate)
  KW + RF: 1058 errors (21.2% error rate)
  EN + NMC: 1280 errors (25.6% error rate)
  EN + RF: 1167 errors (23.3% error rate)
Pairwise error overlap (Jaccard index of error sets):
  KW + NMC vs KW + RF: Jaccard=0.372, P(KW + RF wrong | KW + NMC wrong)=0.426, P(KW + NMC wrong | KW + RF wrong)=0.744
  KW + NMC vs EN + NMC: Jaccard=0.414, P(EN + NMC wrong | KW + NMC wrong)=0.496, P(KW + NMC wrong | EN + NMC wrong)=0.715
  KW + NMC vs EN + RF: Jaccard=0.357, P(EN + RF wrong | KW + NMC wrong)=0.430, P(KW + NMC wrong | EN + RF wrong)=0.680
  KW + RF vs EN + NMC: Jaccard=0.420, P(EN + NMC wrong | KW + RF wrong)=0.654, P(KW + RF wrong | EN + NMC wrong)=0.541
  KW + RF vs EN + RF: Jaccard=0.542, P(EN + RF wrong | KW + RF wrong)=0.739, P(KW + RF wrong | EN + RF wrong)=0.670
  EN + NMC vs EN + RF: Jaccard=0.455, P(EN + RF wrong | EN + NMC wrong)=0.598, P(EN + NMC wrong | EN + RF wrong)=0.656
Saved error agreement matrices.
Saved figure: /data/cbotos/TB-Project/results/2026-04-22_server_run_flat_nested_CV/nested_cv_analysis/figures/01_pipeline_comparison.png
Saved figure: /data/cbotos/TB-Project/results/2026-04-22_server_run_flat_nested_CV/nested_cv_analysis/figures/02_interaction_plot.png
Saved figure: /data/cbotos/TB-Project/results/2026-04-22_server_run_flat_nested_CV/nested_cv_analysis/figures/03_repeat_convergence.png
Saved figure: /data/cbotos/TB-Project/results/2026-04-22_server_run_flat_nested_CV/nested_cv_analysis/figures/04_feature_importance.png
Saved figure: /data/cbotos/TB-Project/results/2026-04-22_server_run_flat_nested_CV/nested_cv_analysis/figures/05_confusion_matrices.png
Saved figure: /data/cbotos/TB-Project/results/2026-04-22_server_run_flat_nested_CV/nested_cv_analysis/figures/06_error_agreement.png
Analysis complete.
