2026-05-10 00:53:46,023 - INFO - Starting hierarchical_nested_cv_runner (git: db228813).
2026-05-10 00:53:46,027 - INFO - Run: 2026-04-24_server_run_v2
2026-05-10 00:53:46,028 - INFO - Config: /data/cbotos/TB-Project/results/2026-04-24_server_run_v2/config_snapshot_pens_comparison.yaml
2026-05-10 00:53:46,031 - INFO - Stage 1: kw_rf (fixed, binary HER2+ vs rest, threshold=0.5)
2026-05-10 00:53:46,033 - INFO - Stage 2: en_nmc_pens (HR+ vs Triple Neg)
2026-05-10 00:53:46,035 - INFO - Plateau size override: 50
2026-05-10 00:53:46,037 - INFO - Output tag: en_nmc_pens_p50
2026-05-10 00:53:46,039 - INFO - Repeat seed: 1037
2026-05-10 00:53:46,045 - INFO - Stage 2: no GridSearchCV (ensemble pipeline)
2026-05-10 00:53:46,047 - INFO - Loading data...
2026-05-10 00:53:46,073 - INFO - Loaded 100 samples, 273 features.
2026-05-10 00:53:46,074 - INFO - Classes: ['HER2+', 'HR+', 'Triple Neg']
2026-05-10 00:53:46,075 - INFO -   HER2+: 32 samples
2026-05-10 00:53:46,076 - INFO -   HR+: 36 samples
2026-05-10 00:53:46,077 - INFO -   Triple Neg: 32 samples
2026-05-10 00:53:46,078 - INFO - Mislabel indices verified: [(2, 'Array.67'), (4, 'Array.22'), (45, 'Array.113')]
2026-05-10 00:53:49,802 - INFO - Pooled plateau capped: 80 -> 50 combos
2026-05-10 00:53:49,808 - INFO - Pooled plateau: 50 of 200 combos from 250 fold files (best=0.7476, std=0.0547, threshold=0.6929)
2026-05-10 00:53:49,809 - INFO -   Plateau combo 1: score=0.7476, params={'selector__C': 0.0464159, 'selector__l1_ratio': 0.1, 'selector__top_k': 50}
2026-05-10 00:53:49,811 - INFO -   Plateau combo 2: score=0.7459, params={'selector__C': 0.16681, 'selector__l1_ratio': 0.3, 'selector__top_k': 50}
2026-05-10 00:53:49,812 - INFO -   Plateau combo 3: score=0.7434, params={'selector__C': 0.599484, 'selector__l1_ratio': 0.7, 'selector__top_k': 50}
2026-05-10 00:53:49,813 - INFO -   Plateau combo 4: score=0.7427, params={'selector__C': 0.0464159, 'selector__l1_ratio': 0.1, 'selector__top_k': 20}
2026-05-10 00:53:49,814 - INFO -   Plateau combo 5: score=0.7427, params={'selector__C': 0.16681, 'selector__l1_ratio': 0.1, 'selector__top_k': 50}
2026-05-10 00:53:49,815 - INFO -   Plateau combo 6: score=0.7414, params={'selector__C': 100.0, 'selector__l1_ratio': 0.1, 'selector__top_k': 50}
2026-05-10 00:53:49,817 - INFO -   Plateau combo 7: score=0.7409, params={'selector__C': 100.0, 'selector__l1_ratio': 0.3, 'selector__top_k': 50}
2026-05-10 00:53:49,818 - INFO -   Plateau combo 8: score=0.7405, params={'selector__C': 100.0, 'selector__l1_ratio': 0.7, 'selector__top_k': 50}
2026-05-10 00:53:49,819 - INFO -   Plateau combo 9: score=0.7405, params={'selector__C': 0.16681, 'selector__l1_ratio': 0.5, 'selector__top_k': 50}
2026-05-10 00:53:49,820 - INFO -   Plateau combo 10: score=0.7404, params={'selector__C': 0.599484, 'selector__l1_ratio': 0.1, 'selector__top_k': 50}
2026-05-10 00:53:49,821 - INFO -   Plateau combo 11: score=0.7402, params={'selector__C': 27.8256, 'selector__l1_ratio': 0.1, 'selector__top_k': 50}
2026-05-10 00:53:49,822 - INFO -   Plateau combo 12: score=0.7399, params={'selector__C': 100.0, 'selector__l1_ratio': 0.5, 'selector__top_k': 50}
2026-05-10 00:53:49,824 - INFO -   Plateau combo 13: score=0.7398, params={'selector__C': 7.74264, 'selector__l1_ratio': 0.1, 'selector__top_k': 50}
2026-05-10 00:53:49,825 - INFO -   Plateau combo 14: score=0.7397, params={'selector__C': 0.16681, 'selector__l1_ratio': 0.5, 'selector__top_k': 20}
2026-05-10 00:53:49,826 - INFO -   Plateau combo 15: score=0.7388, params={'selector__C': 27.8256, 'selector__l1_ratio': 0.5, 'selector__top_k': 50}
2026-05-10 00:53:49,827 - INFO -   Plateau combo 16: score=0.7387, params={'selector__C': 2.15443, 'selector__l1_ratio': 0.1, 'selector__top_k': 50}
2026-05-10 00:53:49,828 - INFO -   Plateau combo 17: score=0.7385, params={'selector__C': 0.599484, 'selector__l1_ratio': 0.5, 'selector__top_k': 50}
2026-05-10 00:53:49,829 - INFO -   Plateau combo 18: score=0.7384, params={'selector__C': 0.599484, 'selector__l1_ratio': 0.9, 'selector__top_k': 50}
2026-05-10 00:53:49,831 - INFO -   Plateau combo 19: score=0.7383, params={'selector__C': 100.0, 'selector__l1_ratio': 0.9, 'selector__top_k': 50}
2026-05-10 00:53:49,832 - INFO -   Plateau combo 20: score=0.7383, params={'selector__C': 2.15443, 'selector__l1_ratio': 0.9, 'selector__top_k': 50}
2026-05-10 00:53:49,833 - INFO -   Plateau combo 21: score=0.7380, params={'selector__C': 27.8256, 'selector__l1_ratio': 0.3, 'selector__top_k': 50}
2026-05-10 00:53:49,834 - INFO -   Plateau combo 22: score=0.7362, params={'selector__C': 0.599484, 'selector__l1_ratio': 0.3, 'selector__top_k': 50}
2026-05-10 00:53:49,835 - INFO -   Plateau combo 23: score=0.7356, params={'selector__C': 0.16681, 'selector__l1_ratio': 0.3, 'selector__top_k': 20}
2026-05-10 00:53:49,837 - INFO -   Plateau combo 24: score=0.7339, params={'selector__C': 2.15443, 'selector__l1_ratio': 0.7, 'selector__top_k': 50}
2026-05-10 00:53:49,838 - INFO -   Plateau combo 25: score=0.7334, params={'selector__C': 0.16681, 'selector__l1_ratio': 0.7, 'selector__top_k': 50}
2026-05-10 00:53:49,839 - INFO -   Plateau combo 26: score=0.7329, params={'selector__C': 7.74264, 'selector__l1_ratio': 0.3, 'selector__top_k': 50}
2026-05-10 00:53:49,840 - INFO -   Plateau combo 27: score=0.7328, params={'selector__C': 0.16681, 'selector__l1_ratio': 0.7, 'selector__top_k': 20}
2026-05-10 00:53:49,841 - INFO -   Plateau combo 28: score=0.7324, params={'selector__C': 2.15443, 'selector__l1_ratio': 0.3, 'selector__top_k': 50}
2026-05-10 00:53:49,843 - INFO -   Plateau combo 29: score=0.7321, params={'selector__C': 27.8256, 'selector__l1_ratio': 0.7, 'selector__top_k': 50}
2026-05-10 00:53:49,844 - INFO -   Plateau combo 30: score=0.7303, params={'selector__C': 0.599484, 'selector__l1_ratio': 0.9, 'selector__top_k': 20}
2026-05-10 00:53:49,845 - INFO -   Plateau combo 31: score=0.7301, params={'selector__C': 0.599484, 'selector__l1_ratio': 0.7, 'selector__top_k': 20}
2026-05-10 00:53:49,846 - INFO -   Plateau combo 32: score=0.7300, params={'selector__C': 0.16681, 'selector__l1_ratio': 0.1, 'selector__top_k': 20}
2026-05-10 00:53:49,847 - INFO -   Plateau combo 33: score=0.7298, params={'selector__C': 27.8256, 'selector__l1_ratio': 0.9, 'selector__top_k': 50}
2026-05-10 00:53:49,848 - INFO -   Plateau combo 34: score=0.7297, params={'selector__C': 2.15443, 'selector__l1_ratio': 0.5, 'selector__top_k': 50}
2026-05-10 00:53:49,850 - INFO -   Plateau combo 35: score=0.7296, params={'selector__C': 7.74264, 'selector__l1_ratio': 0.5, 'selector__top_k': 50}
2026-05-10 00:53:49,851 - INFO -   Plateau combo 36: score=0.7294, params={'selector__C': 0.599484, 'selector__l1_ratio': 0.5, 'selector__top_k': 20}
2026-05-10 00:53:49,852 - INFO -   Plateau combo 37: score=0.7286, params={'selector__C': 7.74264, 'selector__l1_ratio': 0.9, 'selector__top_k': 50}
2026-05-10 00:53:49,853 - INFO -   Plateau combo 38: score=0.7281, params={'selector__C': 2.15443, 'selector__l1_ratio': 0.9, 'selector__top_k': 20}
2026-05-10 00:53:49,854 - INFO -   Plateau combo 39: score=0.7280, params={'selector__C': 0.0464159, 'selector__l1_ratio': 0.3, 'selector__top_k': 50}
2026-05-10 00:53:49,855 - INFO -   Plateau combo 40: score=0.7280, params={'selector__C': 7.74264, 'selector__l1_ratio': 0.7, 'selector__top_k': 50}
2026-05-10 00:53:49,857 - INFO -   Plateau combo 41: score=0.7270, params={'selector__C': 2.15443, 'selector__l1_ratio': 0.7, 'selector__top_k': 20}
2026-05-10 00:53:49,858 - INFO -   Plateau combo 42: score=0.7253, params={'selector__C': 0.0464159, 'selector__l1_ratio': 0.3, 'selector__top_k': 20}
2026-05-10 00:53:49,859 - INFO -   Plateau combo 43: score=0.7243, params={'selector__C': 0.16681, 'selector__l1_ratio': 0.9, 'selector__top_k': 50}
2026-05-10 00:53:49,860 - INFO -   Plateau combo 44: score=0.7238, params={'selector__C': 0.599484, 'selector__l1_ratio': 0.3, 'selector__top_k': 20}
2026-05-10 00:53:49,861 - INFO -   Plateau combo 45: score=0.7237, params={'selector__C': 2.15443, 'selector__l1_ratio': 0.5, 'selector__top_k': 20}
2026-05-10 00:53:49,862 - INFO -   Plateau combo 46: score=0.7236, params={'selector__C': 0.16681, 'selector__l1_ratio': 0.9, 'selector__top_k': 20}
2026-05-10 00:53:49,864 - INFO -   Plateau combo 47: score=0.7232, params={'selector__C': 7.74264, 'selector__l1_ratio': 0.9, 'selector__top_k': 20}
2026-05-10 00:53:49,865 - INFO -   Plateau combo 48: score=0.7221, params={'selector__C': 7.74264, 'selector__l1_ratio': 0.7, 'selector__top_k': 20}
2026-05-10 00:53:49,866 - INFO -   Plateau combo 49: score=0.7210, params={'selector__C': 0.16681, 'selector__l1_ratio': 0.9, 'selector__top_k': 10}
2026-05-10 00:53:49,867 - INFO -   Plateau combo 50: score=0.7205, params={'selector__C': 0.599484, 'selector__l1_ratio': 0.1, 'selector__top_k': 20}
2026-05-10 00:53:50,725 - INFO -     Retraining 50 plateau models
2026-05-10 00:53:50,790 - INFO -       [1/50] n_features=50, params={'selector__C': 0.0464159, 'selector__l1_ratio': 0.1, 'selector__top_k': 50}
2026-05-10 00:53:50,870 - INFO -       [2/50] n_features=50, params={'selector__C': 0.16681, 'selector__l1_ratio': 0.3, 'selector__top_k': 50}
2026-05-10 00:53:51,082 - INFO -       [3/50] n_features=50, params={'selector__C': 0.599484, 'selector__l1_ratio': 0.7, 'selector__top_k': 50}
2026-05-10 00:54:04,083 - INFO -       [50/50] n_features=20, params={'selector__C': 0.599484, 'selector__l1_ratio': 0.1, 'selector__top_k': 20}
2026-05-10 00:54:04,085 - INFO -     Plateau features: union=120, intersection=9
2026-05-10 00:54:04,093 - INFO -   Fold 1: s1=1.0000 (t=0.50)  s2=0.7738  combined=0.8492  auroc=0.9811  excl=0.8492 (0)  (14.2s)
2026-05-10 00:54:04,736 - INFO -     Retraining 50 plateau models
2026-05-10 00:54:04,757 - INFO -       [1/50] n_features=50, params={'selector__C': 0.0464159, 'selector__l1_ratio': 0.1, 'selector__top_k': 50}
2026-05-10 00:54:04,807 - INFO -       [2/50] n_features=50, params={'selector__C': 0.16681, 'selector__l1_ratio': 0.3, 'selector__top_k': 50}
2026-05-10 00:54:04,958 - INFO -       [3/50] n_features=50, params={'selector__C': 0.599484, 'selector__l1_ratio': 0.7, 'selector__top_k': 50}
2026-05-10 00:54:16,424 - INFO -       [50/50] n_features=20, params={'selector__C': 0.599484, 'selector__l1_ratio': 0.1, 'selector__top_k': 20}
2026-05-10 00:54:16,426 - INFO -     Plateau features: union=104, intersection=6
2026-05-10 00:54:16,435 - INFO -   Fold 2: s1=1.0000 (t=0.50)  s2=0.7738  combined=0.8492  auroc=0.9618  excl=0.8492 (0)  (12.3s)
2026-05-10 00:54:17,081 - INFO -     Retraining 50 plateau models
2026-05-10 00:54:17,103 - INFO -       [1/50] n_features=50, params={'selector__C': 0.0464159, 'selector__l1_ratio': 0.1, 'selector__top_k': 50}
2026-05-10 00:54:17,156 - INFO -       [2/50] n_features=50, params={'selector__C': 0.16681, 'selector__l1_ratio': 0.3, 'selector__top_k': 50}
2026-05-10 00:54:17,322 - INFO -       [3/50] n_features=50, params={'selector__C': 0.599484, 'selector__l1_ratio': 0.7, 'selector__top_k': 50}
2026-05-10 00:54:29,672 - INFO -       [50/50] n_features=20, params={'selector__C': 0.599484, 'selector__l1_ratio': 0.1, 'selector__top_k': 20}
2026-05-10 00:54:29,674 - INFO -     Plateau features: union=100, intersection=5
2026-05-10 00:54:29,683 - INFO -   Fold 3: s1=1.0000 (t=0.50)  s2=0.7917  combined=0.8611  auroc=0.9444  excl=0.8968 (1)  (13.2s)
2026-05-10 00:54:30,322 - INFO -     Retraining 50 plateau models
2026-05-10 00:54:30,344 - INFO -       [1/50] n_features=50, params={'selector__C': 0.0464159, 'selector__l1_ratio': 0.1, 'selector__top_k': 50}
2026-05-10 00:54:30,394 - INFO -       [2/50] n_features=50, params={'selector__C': 0.16681, 'selector__l1_ratio': 0.3, 'selector__top_k': 50}
2026-05-10 00:54:30,546 - INFO -       [3/50] n_features=50, params={'selector__C': 0.599484, 'selector__l1_ratio': 0.7, 'selector__top_k': 50}
2026-05-10 00:54:41,170 - INFO -       [50/50] n_features=20, params={'selector__C': 0.599484, 'selector__l1_ratio': 0.1, 'selector__top_k': 20}
2026-05-10 00:54:41,172 - INFO -     Plateau features: union=108, intersection=6
2026-05-10 00:54:41,181 - INFO -   Fold 4: s1=1.0000 (t=0.50)  s2=0.8571  combined=0.9048  auroc=0.9853  excl=0.9048 (0)  (11.5s)
2026-05-10 00:54:41,821 - INFO -     Retraining 50 plateau models
2026-05-10 00:54:41,841 - INFO -       [1/50] n_features=50, params={'selector__C': 0.0464159, 'selector__l1_ratio': 0.1, 'selector__top_k': 50}
2026-05-10 00:54:41,889 - INFO -       [2/50] n_features=50, params={'selector__C': 0.16681, 'selector__l1_ratio': 0.3, 'selector__top_k': 50}
2026-05-10 00:54:42,024 - INFO -       [3/50] n_features=50, params={'selector__C': 0.599484, 'selector__l1_ratio': 0.7, 'selector__top_k': 50}
2026-05-10 00:54:52,383 - INFO -       [50/50] n_features=20, params={'selector__C': 0.599484, 'selector__l1_ratio': 0.1, 'selector__top_k': 20}
2026-05-10 00:54:52,385 - INFO -     Plateau features: union=119, intersection=7
2026-05-10 00:54:52,394 - INFO -   Fold 5: s1=1.0000 (t=0.50)  s2=0.5714  combined=0.7143  auroc=0.8718  excl=0.8095 (2)  (11.2s)
2026-05-10 00:54:52,398 - INFO - 
2026-05-10 00:54:52,398 - INFO - Summary for en_nmc_pens_p50 repeat 1037:
2026-05-10 00:54:52,399 - INFO -   Stage 1 (HER2+ vs rest):  1.0000 (+/- 0.0000)
2026-05-10 00:54:52,400 - INFO -   Stage 2 (HR+ vs TN):      0.7536 (+/- 0.0961)
2026-05-10 00:54:52,401 - INFO -   Combined (3-class):       0.8357 (+/- 0.0641)
2026-05-10 00:54:52,402 - INFO -   Combined (excl mislabels): 0.8619 (+/- 0.0350)
2026-05-10 00:54:52,403 - INFO -   Combined fold scores: [0.8492, 0.8492, 0.8611, 0.9048, 0.7143]
2026-05-10 00:54:52,403 - INFO -   Total time: 62.5s
2026-05-10 00:54:52,410 - INFO - Fold results saved to /data/cbotos/TB-Project/results/2026-04-24_server_run_v2/hierarchical_nested_cv/data/fold_results_en_nmc_pens_p50_r1037.csv
2026-05-10 00:54:52,411 - INFO - Checkpoint removed (job complete).
