2026-05-10 00:57:04,510 - INFO - Starting hierarchical_nested_cv_runner (git: db228813).
2026-05-10 00:57:04,514 - INFO - Run: 2026-04-24_server_run_v2
2026-05-10 00:57:04,514 - INFO - Config: /data/cbotos/TB-Project/results/2026-04-24_server_run_v2/config_snapshot_pens_comparison.yaml
2026-05-10 00:57:04,515 - INFO - Stage 1: kw_rf (fixed, binary HER2+ vs rest, threshold=0.5)
2026-05-10 00:57:04,516 - INFO - Stage 2: en_nmc_pens (HR+ vs Triple Neg)
2026-05-10 00:57:04,517 - INFO - Plateau size override: 50
2026-05-10 00:57:04,517 - INFO - Output tag: en_nmc_pens_p50
2026-05-10 00:57:04,518 - INFO - Repeat seed: 1174
2026-05-10 00:57:04,519 - INFO - Stage 2: no GridSearchCV (ensemble pipeline)
2026-05-10 00:57:04,520 - INFO - Loading data...
2026-05-10 00:57:04,530 - INFO - Loaded 100 samples, 273 features.
2026-05-10 00:57:04,531 - INFO - Classes: ['HER2+', 'HR+', 'Triple Neg']
2026-05-10 00:57:04,532 - INFO -   HER2+: 32 samples
2026-05-10 00:57:04,532 - INFO -   HR+: 36 samples
2026-05-10 00:57:04,533 - INFO -   Triple Neg: 32 samples
2026-05-10 00:57:04,534 - INFO - Mislabel indices verified: [(2, 'Array.67'), (4, 'Array.22'), (45, 'Array.113')]
2026-05-10 00:57:05,259 - INFO - Pooled plateau capped: 80 -> 50 combos
2026-05-10 00:57:05,263 - INFO - Pooled plateau: 50 of 200 combos from 250 fold files (best=0.7476, std=0.0547, threshold=0.6929)
2026-05-10 00:57:05,265 - INFO -   Plateau combo 1: score=0.7476, params={'selector__C': 0.0464159, 'selector__l1_ratio': 0.1, 'selector__top_k': 50}
2026-05-10 00:57:05,266 - INFO -   Plateau combo 2: score=0.7459, params={'selector__C': 0.16681, 'selector__l1_ratio': 0.3, 'selector__top_k': 50}
2026-05-10 00:57:05,267 - INFO -   Plateau combo 3: score=0.7434, params={'selector__C': 0.599484, 'selector__l1_ratio': 0.7, 'selector__top_k': 50}
2026-05-10 00:57:05,268 - INFO -   Plateau combo 4: score=0.7427, params={'selector__C': 0.0464159, 'selector__l1_ratio': 0.1, 'selector__top_k': 20}
2026-05-10 00:57:05,268 - INFO -   Plateau combo 5: score=0.7427, params={'selector__C': 0.16681, 'selector__l1_ratio': 0.1, 'selector__top_k': 50}
2026-05-10 00:57:05,269 - INFO -   Plateau combo 6: score=0.7414, params={'selector__C': 100.0, 'selector__l1_ratio': 0.1, 'selector__top_k': 50}
2026-05-10 00:57:05,270 - INFO -   Plateau combo 7: score=0.7409, params={'selector__C': 100.0, 'selector__l1_ratio': 0.3, 'selector__top_k': 50}
2026-05-10 00:57:05,271 - INFO -   Plateau combo 8: score=0.7405, params={'selector__C': 100.0, 'selector__l1_ratio': 0.7, 'selector__top_k': 50}
2026-05-10 00:57:05,272 - INFO -   Plateau combo 9: score=0.7405, params={'selector__C': 0.16681, 'selector__l1_ratio': 0.5, 'selector__top_k': 50}
2026-05-10 00:57:05,273 - INFO -   Plateau combo 10: score=0.7404, params={'selector__C': 0.599484, 'selector__l1_ratio': 0.1, 'selector__top_k': 50}
2026-05-10 00:57:05,274 - INFO -   Plateau combo 11: score=0.7402, params={'selector__C': 27.8256, 'selector__l1_ratio': 0.1, 'selector__top_k': 50}
2026-05-10 00:57:05,275 - INFO -   Plateau combo 12: score=0.7399, params={'selector__C': 100.0, 'selector__l1_ratio': 0.5, 'selector__top_k': 50}
2026-05-10 00:57:05,275 - INFO -   Plateau combo 13: score=0.7398, params={'selector__C': 7.74264, 'selector__l1_ratio': 0.1, 'selector__top_k': 50}
2026-05-10 00:57:05,276 - INFO -   Plateau combo 14: score=0.7397, params={'selector__C': 0.16681, 'selector__l1_ratio': 0.5, 'selector__top_k': 20}
2026-05-10 00:57:05,277 - INFO -   Plateau combo 15: score=0.7388, params={'selector__C': 27.8256, 'selector__l1_ratio': 0.5, 'selector__top_k': 50}
2026-05-10 00:57:05,278 - INFO -   Plateau combo 16: score=0.7387, params={'selector__C': 2.15443, 'selector__l1_ratio': 0.1, 'selector__top_k': 50}
2026-05-10 00:57:05,279 - INFO -   Plateau combo 17: score=0.7385, params={'selector__C': 0.599484, 'selector__l1_ratio': 0.5, 'selector__top_k': 50}
2026-05-10 00:57:05,280 - INFO -   Plateau combo 18: score=0.7384, params={'selector__C': 0.599484, 'selector__l1_ratio': 0.9, 'selector__top_k': 50}
2026-05-10 00:57:05,281 - INFO -   Plateau combo 19: score=0.7383, params={'selector__C': 100.0, 'selector__l1_ratio': 0.9, 'selector__top_k': 50}
2026-05-10 00:57:05,282 - INFO -   Plateau combo 20: score=0.7383, params={'selector__C': 2.15443, 'selector__l1_ratio': 0.9, 'selector__top_k': 50}
2026-05-10 00:57:05,282 - INFO -   Plateau combo 21: score=0.7380, params={'selector__C': 27.8256, 'selector__l1_ratio': 0.3, 'selector__top_k': 50}
2026-05-10 00:57:05,283 - INFO -   Plateau combo 22: score=0.7362, params={'selector__C': 0.599484, 'selector__l1_ratio': 0.3, 'selector__top_k': 50}
2026-05-10 00:57:05,284 - INFO -   Plateau combo 23: score=0.7356, params={'selector__C': 0.16681, 'selector__l1_ratio': 0.3, 'selector__top_k': 20}
2026-05-10 00:57:05,285 - INFO -   Plateau combo 24: score=0.7339, params={'selector__C': 2.15443, 'selector__l1_ratio': 0.7, 'selector__top_k': 50}
2026-05-10 00:57:05,286 - INFO -   Plateau combo 25: score=0.7334, params={'selector__C': 0.16681, 'selector__l1_ratio': 0.7, 'selector__top_k': 50}
2026-05-10 00:57:05,287 - INFO -   Plateau combo 26: score=0.7329, params={'selector__C': 7.74264, 'selector__l1_ratio': 0.3, 'selector__top_k': 50}
2026-05-10 00:57:05,288 - INFO -   Plateau combo 27: score=0.7328, params={'selector__C': 0.16681, 'selector__l1_ratio': 0.7, 'selector__top_k': 20}
2026-05-10 00:57:05,289 - INFO -   Plateau combo 28: score=0.7324, params={'selector__C': 2.15443, 'selector__l1_ratio': 0.3, 'selector__top_k': 50}
2026-05-10 00:57:05,289 - INFO -   Plateau combo 29: score=0.7321, params={'selector__C': 27.8256, 'selector__l1_ratio': 0.7, 'selector__top_k': 50}
2026-05-10 00:57:05,290 - INFO -   Plateau combo 30: score=0.7303, params={'selector__C': 0.599484, 'selector__l1_ratio': 0.9, 'selector__top_k': 20}
2026-05-10 00:57:05,291 - INFO -   Plateau combo 31: score=0.7301, params={'selector__C': 0.599484, 'selector__l1_ratio': 0.7, 'selector__top_k': 20}
2026-05-10 00:57:05,292 - INFO -   Plateau combo 32: score=0.7300, params={'selector__C': 0.16681, 'selector__l1_ratio': 0.1, 'selector__top_k': 20}
2026-05-10 00:57:05,293 - INFO -   Plateau combo 33: score=0.7298, params={'selector__C': 27.8256, 'selector__l1_ratio': 0.9, 'selector__top_k': 50}
2026-05-10 00:57:05,294 - INFO -   Plateau combo 34: score=0.7297, params={'selector__C': 2.15443, 'selector__l1_ratio': 0.5, 'selector__top_k': 50}
2026-05-10 00:57:05,295 - INFO -   Plateau combo 35: score=0.7296, params={'selector__C': 7.74264, 'selector__l1_ratio': 0.5, 'selector__top_k': 50}
2026-05-10 00:57:05,296 - INFO -   Plateau combo 36: score=0.7294, params={'selector__C': 0.599484, 'selector__l1_ratio': 0.5, 'selector__top_k': 20}
2026-05-10 00:57:05,296 - INFO -   Plateau combo 37: score=0.7286, params={'selector__C': 7.74264, 'selector__l1_ratio': 0.9, 'selector__top_k': 50}
2026-05-10 00:57:05,297 - INFO -   Plateau combo 38: score=0.7281, params={'selector__C': 2.15443, 'selector__l1_ratio': 0.9, 'selector__top_k': 20}
2026-05-10 00:57:05,298 - INFO -   Plateau combo 39: score=0.7280, params={'selector__C': 0.0464159, 'selector__l1_ratio': 0.3, 'selector__top_k': 50}
2026-05-10 00:57:05,299 - INFO -   Plateau combo 40: score=0.7280, params={'selector__C': 7.74264, 'selector__l1_ratio': 0.7, 'selector__top_k': 50}
2026-05-10 00:57:05,300 - INFO -   Plateau combo 41: score=0.7270, params={'selector__C': 2.15443, 'selector__l1_ratio': 0.7, 'selector__top_k': 20}
2026-05-10 00:57:05,301 - INFO -   Plateau combo 42: score=0.7253, params={'selector__C': 0.0464159, 'selector__l1_ratio': 0.3, 'selector__top_k': 20}
2026-05-10 00:57:05,302 - INFO -   Plateau combo 43: score=0.7243, params={'selector__C': 0.16681, 'selector__l1_ratio': 0.9, 'selector__top_k': 50}
2026-05-10 00:57:05,303 - INFO -   Plateau combo 44: score=0.7238, params={'selector__C': 0.599484, 'selector__l1_ratio': 0.3, 'selector__top_k': 20}
2026-05-10 00:57:05,303 - INFO -   Plateau combo 45: score=0.7237, params={'selector__C': 2.15443, 'selector__l1_ratio': 0.5, 'selector__top_k': 20}
2026-05-10 00:57:05,304 - INFO -   Plateau combo 46: score=0.7236, params={'selector__C': 0.16681, 'selector__l1_ratio': 0.9, 'selector__top_k': 20}
2026-05-10 00:57:05,305 - INFO -   Plateau combo 47: score=0.7232, params={'selector__C': 7.74264, 'selector__l1_ratio': 0.9, 'selector__top_k': 20}
2026-05-10 00:57:05,306 - INFO -   Plateau combo 48: score=0.7221, params={'selector__C': 7.74264, 'selector__l1_ratio': 0.7, 'selector__top_k': 20}
2026-05-10 00:57:05,307 - INFO -   Plateau combo 49: score=0.7210, params={'selector__C': 0.16681, 'selector__l1_ratio': 0.9, 'selector__top_k': 10}
2026-05-10 00:57:05,308 - INFO -   Plateau combo 50: score=0.7205, params={'selector__C': 0.599484, 'selector__l1_ratio': 0.1, 'selector__top_k': 20}
2026-05-10 00:57:05,975 - INFO -     Retraining 50 plateau models
2026-05-10 00:57:05,999 - INFO -       [1/50] n_features=50, params={'selector__C': 0.0464159, 'selector__l1_ratio': 0.1, 'selector__top_k': 50}
2026-05-10 00:57:06,059 - INFO -       [2/50] n_features=50, params={'selector__C': 0.16681, 'selector__l1_ratio': 0.3, 'selector__top_k': 50}
2026-05-10 00:57:06,217 - INFO -       [3/50] n_features=50, params={'selector__C': 0.599484, 'selector__l1_ratio': 0.7, 'selector__top_k': 50}
2026-05-10 00:57:17,308 - INFO -       [50/50] n_features=20, params={'selector__C': 0.599484, 'selector__l1_ratio': 0.1, 'selector__top_k': 20}
2026-05-10 00:57:17,310 - INFO -     Plateau features: union=108, intersection=4
2026-05-10 00:57:17,319 - INFO -   Fold 1: s1=1.0000 (t=0.50)  s2=0.6905  combined=0.7937  auroc=0.9695  excl=0.8381 (1)  (12.0s)
2026-05-10 00:57:17,966 - INFO -     Retraining 50 plateau models
2026-05-10 00:57:17,986 - INFO -       [1/50] n_features=50, params={'selector__C': 0.0464159, 'selector__l1_ratio': 0.1, 'selector__top_k': 50}
2026-05-10 00:57:18,042 - INFO -       [2/50] n_features=50, params={'selector__C': 0.16681, 'selector__l1_ratio': 0.3, 'selector__top_k': 50}
2026-05-10 00:57:18,246 - INFO -       [3/50] n_features=50, params={'selector__C': 0.599484, 'selector__l1_ratio': 0.7, 'selector__top_k': 50}
2026-05-10 00:57:28,899 - INFO -       [50/50] n_features=20, params={'selector__C': 0.599484, 'selector__l1_ratio': 0.1, 'selector__top_k': 20}
2026-05-10 00:57:28,901 - INFO -     Plateau features: union=117, intersection=5
2026-05-10 00:57:28,910 - INFO -   Fold 2: s1=1.0000 (t=0.50)  s2=0.7738  combined=0.8492  auroc=0.9618  excl=0.8492 (0)  (11.6s)
2026-05-10 00:57:29,555 - INFO -     Retraining 50 plateau models
2026-05-10 00:57:29,576 - INFO -       [1/50] n_features=50, params={'selector__C': 0.0464159, 'selector__l1_ratio': 0.1, 'selector__top_k': 50}
2026-05-10 00:57:29,623 - INFO -       [2/50] n_features=50, params={'selector__C': 0.16681, 'selector__l1_ratio': 0.3, 'selector__top_k': 50}
2026-05-10 00:57:29,764 - INFO -       [3/50] n_features=50, params={'selector__C': 0.599484, 'selector__l1_ratio': 0.7, 'selector__top_k': 50}
2026-05-10 00:57:41,656 - INFO -       [50/50] n_features=20, params={'selector__C': 0.599484, 'selector__l1_ratio': 0.1, 'selector__top_k': 20}
2026-05-10 00:57:41,658 - INFO -     Plateau features: union=108, intersection=7
2026-05-10 00:57:41,667 - INFO -   Fold 3: s1=1.0000 (t=0.50)  s2=0.7083  combined=0.8056  auroc=0.9479  excl=0.8413 (1)  (12.8s)
2026-05-10 00:57:42,309 - INFO -     Retraining 50 plateau models
2026-05-10 00:57:42,330 - INFO -       [1/50] n_features=50, params={'selector__C': 0.0464159, 'selector__l1_ratio': 0.1, 'selector__top_k': 50}
2026-05-10 00:57:42,399 - INFO -       [2/50] n_features=50, params={'selector__C': 0.16681, 'selector__l1_ratio': 0.3, 'selector__top_k': 50}
2026-05-10 00:57:42,560 - INFO -       [3/50] n_features=50, params={'selector__C': 0.599484, 'selector__l1_ratio': 0.7, 'selector__top_k': 50}
2026-05-10 00:57:53,916 - INFO -       [50/50] n_features=20, params={'selector__C': 0.599484, 'selector__l1_ratio': 0.1, 'selector__top_k': 20}
2026-05-10 00:57:53,918 - INFO -     Plateau features: union=109, intersection=7
2026-05-10 00:57:53,927 - INFO -   Fold 4: s1=1.0000 (t=0.50)  s2=0.7857  combined=0.8571  auroc=0.9744  excl=0.8889 (1)  (12.3s)
2026-05-10 00:57:54,569 - INFO -     Retraining 50 plateau models
2026-05-10 00:57:54,591 - INFO -       [1/50] n_features=50, params={'selector__C': 0.0464159, 'selector__l1_ratio': 0.1, 'selector__top_k': 50}
2026-05-10 00:57:54,639 - INFO -       [2/50] n_features=50, params={'selector__C': 0.16681, 'selector__l1_ratio': 0.3, 'selector__top_k': 50}
2026-05-10 00:57:54,801 - INFO -       [3/50] n_features=50, params={'selector__C': 0.599484, 'selector__l1_ratio': 0.7, 'selector__top_k': 50}
2026-05-10 00:58:06,058 - INFO -       [50/50] n_features=20, params={'selector__C': 0.599484, 'selector__l1_ratio': 0.1, 'selector__top_k': 20}
2026-05-10 00:58:06,060 - INFO -     Plateau features: union=103, intersection=7
2026-05-10 00:58:06,069 - INFO -   Fold 5: s1=1.0000 (t=0.50)  s2=0.7857  combined=0.8571  auroc=0.9853  excl=0.8571 (0)  (12.1s)
2026-05-10 00:58:06,073 - INFO - 
2026-05-10 00:58:06,074 - INFO - Summary for en_nmc_pens_p50 repeat 1174:
2026-05-10 00:58:06,074 - INFO -   Stage 1 (HER2+ vs rest):  1.0000 (+/- 0.0000)
2026-05-10 00:58:06,075 - INFO -   Stage 2 (HR+ vs TN):      0.7488 (+/- 0.0410)
2026-05-10 00:58:06,076 - INFO -   Combined (3-class):       0.8325 (+/- 0.0273)
2026-05-10 00:58:06,077 - INFO -   Combined (excl mislabels): 0.8549 (+/- 0.0182)
2026-05-10 00:58:06,078 - INFO -   Combined fold scores: [0.7937, 0.8492, 0.8056, 0.8571, 0.8571]
2026-05-10 00:58:06,079 - INFO -   Total time: 60.8s
2026-05-10 00:58:06,085 - INFO - Fold results saved to /data/cbotos/TB-Project/results/2026-04-24_server_run_v2/hierarchical_nested_cv/data/fold_results_en_nmc_pens_p50_r1174.csv
2026-05-10 00:58:06,086 - INFO - Checkpoint removed (job complete).
