2026-05-10 01:03:10,328 - INFO - Starting hierarchical_nested_cv_runner (git: db228813).
2026-05-10 01:03:10,331 - INFO - Run: 2026-04-24_server_run_v2
2026-05-10 01:03:10,332 - INFO - Config: /data/cbotos/TB-Project/results/2026-04-24_server_run_v2/config_snapshot_pens_comparison.yaml
2026-05-10 01:03:10,333 - INFO - Stage 1: kw_rf (fixed, binary HER2+ vs rest, threshold=0.5)
2026-05-10 01:03:10,333 - INFO - Stage 2: en_nmc_pens (HR+ vs Triple Neg)
2026-05-10 01:03:10,334 - INFO - Plateau size override: 200
2026-05-10 01:03:10,335 - INFO - Output tag: en_nmc_pens_p200
2026-05-10 01:03:10,335 - INFO - Repeat seed: 1161
2026-05-10 01:03:10,337 - INFO - Stage 2: no GridSearchCV (ensemble pipeline)
2026-05-10 01:03:10,338 - INFO - Loading data...
2026-05-10 01:03:10,348 - INFO - Loaded 100 samples, 273 features.
2026-05-10 01:03:10,349 - INFO - Classes: ['HER2+', 'HR+', 'Triple Neg']
2026-05-10 01:03:10,349 - INFO -   HER2+: 32 samples
2026-05-10 01:03:10,350 - INFO -   HR+: 36 samples
2026-05-10 01:03:10,351 - INFO -   Triple Neg: 32 samples
2026-05-10 01:03:10,351 - INFO - Mislabel indices verified: [(2, 'Array.67'), (4, 'Array.22'), (45, 'Array.113')]
2026-05-10 01:03:11,064 - INFO - Pooled plateau: 80 of 200 combos from 250 fold files (best=0.7476, std=0.0547, threshold=0.6929)
2026-05-10 01:03:11,065 - INFO -   Plateau combo 1: score=0.7476, params={'selector__C': 0.0464159, 'selector__l1_ratio': 0.1, 'selector__top_k': 50}
2026-05-10 01:03:11,066 - INFO -   Plateau combo 2: score=0.7459, params={'selector__C': 0.16681, 'selector__l1_ratio': 0.3, 'selector__top_k': 50}
2026-05-10 01:03:11,067 - INFO -   Plateau combo 3: score=0.7434, params={'selector__C': 0.599484, 'selector__l1_ratio': 0.7, 'selector__top_k': 50}
2026-05-10 01:03:11,068 - INFO -   Plateau combo 4: score=0.7427, params={'selector__C': 0.0464159, 'selector__l1_ratio': 0.1, 'selector__top_k': 20}
2026-05-10 01:03:11,069 - INFO -   Plateau combo 5: score=0.7427, params={'selector__C': 0.16681, 'selector__l1_ratio': 0.1, 'selector__top_k': 50}
2026-05-10 01:03:11,070 - INFO -   Plateau combo 6: score=0.7414, params={'selector__C': 100.0, 'selector__l1_ratio': 0.1, 'selector__top_k': 50}
2026-05-10 01:03:11,071 - INFO -   Plateau combo 7: score=0.7409, params={'selector__C': 100.0, 'selector__l1_ratio': 0.3, 'selector__top_k': 50}
2026-05-10 01:03:11,072 - INFO -   Plateau combo 8: score=0.7405, params={'selector__C': 100.0, 'selector__l1_ratio': 0.7, 'selector__top_k': 50}
2026-05-10 01:03:11,072 - INFO -   Plateau combo 9: score=0.7405, params={'selector__C': 0.16681, 'selector__l1_ratio': 0.5, 'selector__top_k': 50}
2026-05-10 01:03:11,073 - INFO -   Plateau combo 10: score=0.7404, params={'selector__C': 0.599484, 'selector__l1_ratio': 0.1, 'selector__top_k': 50}
2026-05-10 01:03:11,074 - INFO -   Plateau combo 11: score=0.7402, params={'selector__C': 27.8256, 'selector__l1_ratio': 0.1, 'selector__top_k': 50}
2026-05-10 01:03:11,075 - INFO -   Plateau combo 12: score=0.7399, params={'selector__C': 100.0, 'selector__l1_ratio': 0.5, 'selector__top_k': 50}
2026-05-10 01:03:11,076 - INFO -   Plateau combo 13: score=0.7398, params={'selector__C': 7.74264, 'selector__l1_ratio': 0.1, 'selector__top_k': 50}
2026-05-10 01:03:11,077 - INFO -   Plateau combo 14: score=0.7397, params={'selector__C': 0.16681, 'selector__l1_ratio': 0.5, 'selector__top_k': 20}
2026-05-10 01:03:11,078 - INFO -   Plateau combo 15: score=0.7388, params={'selector__C': 27.8256, 'selector__l1_ratio': 0.5, 'selector__top_k': 50}
2026-05-10 01:03:11,079 - INFO -   Plateau combo 16: score=0.7387, params={'selector__C': 2.15443, 'selector__l1_ratio': 0.1, 'selector__top_k': 50}
2026-05-10 01:03:11,079 - INFO -   Plateau combo 17: score=0.7385, params={'selector__C': 0.599484, 'selector__l1_ratio': 0.5, 'selector__top_k': 50}
2026-05-10 01:03:11,080 - INFO -   Plateau combo 18: score=0.7384, params={'selector__C': 0.599484, 'selector__l1_ratio': 0.9, 'selector__top_k': 50}
2026-05-10 01:03:11,081 - INFO -   Plateau combo 19: score=0.7383, params={'selector__C': 100.0, 'selector__l1_ratio': 0.9, 'selector__top_k': 50}
2026-05-10 01:03:11,082 - INFO -   Plateau combo 20: score=0.7383, params={'selector__C': 2.15443, 'selector__l1_ratio': 0.9, 'selector__top_k': 50}
2026-05-10 01:03:11,083 - INFO -   Plateau combo 21: score=0.7380, params={'selector__C': 27.8256, 'selector__l1_ratio': 0.3, 'selector__top_k': 50}
2026-05-10 01:03:11,084 - INFO -   Plateau combo 22: score=0.7362, params={'selector__C': 0.599484, 'selector__l1_ratio': 0.3, 'selector__top_k': 50}
2026-05-10 01:03:11,085 - INFO -   Plateau combo 23: score=0.7356, params={'selector__C': 0.16681, 'selector__l1_ratio': 0.3, 'selector__top_k': 20}
2026-05-10 01:03:11,086 - INFO -   Plateau combo 24: score=0.7339, params={'selector__C': 2.15443, 'selector__l1_ratio': 0.7, 'selector__top_k': 50}
2026-05-10 01:03:11,087 - INFO -   Plateau combo 25: score=0.7334, params={'selector__C': 0.16681, 'selector__l1_ratio': 0.7, 'selector__top_k': 50}
2026-05-10 01:03:11,087 - INFO -   Plateau combo 26: score=0.7329, params={'selector__C': 7.74264, 'selector__l1_ratio': 0.3, 'selector__top_k': 50}
2026-05-10 01:03:11,088 - INFO -   Plateau combo 27: score=0.7328, params={'selector__C': 0.16681, 'selector__l1_ratio': 0.7, 'selector__top_k': 20}
2026-05-10 01:03:11,089 - INFO -   Plateau combo 28: score=0.7324, params={'selector__C': 2.15443, 'selector__l1_ratio': 0.3, 'selector__top_k': 50}
2026-05-10 01:03:11,090 - INFO -   Plateau combo 29: score=0.7321, params={'selector__C': 27.8256, 'selector__l1_ratio': 0.7, 'selector__top_k': 50}
2026-05-10 01:03:11,091 - INFO -   Plateau combo 30: score=0.7303, params={'selector__C': 0.599484, 'selector__l1_ratio': 0.9, 'selector__top_k': 20}
2026-05-10 01:03:11,092 - INFO -   Plateau combo 31: score=0.7301, params={'selector__C': 0.599484, 'selector__l1_ratio': 0.7, 'selector__top_k': 20}
2026-05-10 01:03:11,093 - INFO -   Plateau combo 32: score=0.7300, params={'selector__C': 0.16681, 'selector__l1_ratio': 0.1, 'selector__top_k': 20}
2026-05-10 01:03:11,094 - INFO -   Plateau combo 33: score=0.7298, params={'selector__C': 27.8256, 'selector__l1_ratio': 0.9, 'selector__top_k': 50}
2026-05-10 01:03:11,094 - INFO -   Plateau combo 34: score=0.7297, params={'selector__C': 2.15443, 'selector__l1_ratio': 0.5, 'selector__top_k': 50}
2026-05-10 01:03:11,095 - INFO -   Plateau combo 35: score=0.7296, params={'selector__C': 7.74264, 'selector__l1_ratio': 0.5, 'selector__top_k': 50}
2026-05-10 01:03:11,096 - INFO -   Plateau combo 36: score=0.7294, params={'selector__C': 0.599484, 'selector__l1_ratio': 0.5, 'selector__top_k': 20}
2026-05-10 01:03:11,097 - INFO -   Plateau combo 37: score=0.7286, params={'selector__C': 7.74264, 'selector__l1_ratio': 0.9, 'selector__top_k': 50}
2026-05-10 01:03:11,098 - INFO -   Plateau combo 38: score=0.7281, params={'selector__C': 2.15443, 'selector__l1_ratio': 0.9, 'selector__top_k': 20}
2026-05-10 01:03:11,099 - INFO -   Plateau combo 39: score=0.7280, params={'selector__C': 0.0464159, 'selector__l1_ratio': 0.3, 'selector__top_k': 50}
2026-05-10 01:03:11,100 - INFO -   Plateau combo 40: score=0.7280, params={'selector__C': 7.74264, 'selector__l1_ratio': 0.7, 'selector__top_k': 50}
2026-05-10 01:03:11,101 - INFO -   Plateau combo 41: score=0.7270, params={'selector__C': 2.15443, 'selector__l1_ratio': 0.7, 'selector__top_k': 20}
2026-05-10 01:03:11,102 - INFO -   Plateau combo 42: score=0.7253, params={'selector__C': 0.0464159, 'selector__l1_ratio': 0.3, 'selector__top_k': 20}
2026-05-10 01:03:11,103 - INFO -   Plateau combo 43: score=0.7243, params={'selector__C': 0.16681, 'selector__l1_ratio': 0.9, 'selector__top_k': 50}
2026-05-10 01:03:11,103 - INFO -   Plateau combo 44: score=0.7238, params={'selector__C': 0.599484, 'selector__l1_ratio': 0.3, 'selector__top_k': 20}
2026-05-10 01:03:11,104 - INFO -   Plateau combo 45: score=0.7237, params={'selector__C': 2.15443, 'selector__l1_ratio': 0.5, 'selector__top_k': 20}
2026-05-10 01:03:11,105 - INFO -   Plateau combo 46: score=0.7236, params={'selector__C': 0.16681, 'selector__l1_ratio': 0.9, 'selector__top_k': 20}
2026-05-10 01:03:11,106 - INFO -   Plateau combo 47: score=0.7232, params={'selector__C': 7.74264, 'selector__l1_ratio': 0.9, 'selector__top_k': 20}
2026-05-10 01:03:11,107 - INFO -   Plateau combo 48: score=0.7221, params={'selector__C': 7.74264, 'selector__l1_ratio': 0.7, 'selector__top_k': 20}
2026-05-10 01:03:11,108 - INFO -   Plateau combo 49: score=0.7210, params={'selector__C': 0.16681, 'selector__l1_ratio': 0.9, 'selector__top_k': 10}
2026-05-10 01:03:11,109 - INFO -   Plateau combo 50: score=0.7205, params={'selector__C': 0.599484, 'selector__l1_ratio': 0.1, 'selector__top_k': 20}
2026-05-10 01:03:11,110 - INFO -   Plateau combo 51: score=0.7201, params={'selector__C': 2.15443, 'selector__l1_ratio': 0.3, 'selector__top_k': 20}
2026-05-10 01:03:11,110 - INFO -   Plateau combo 52: score=0.7195, params={'selector__C': 0.0129155, 'selector__l1_ratio': 0.1, 'selector__top_k': 50}
2026-05-10 01:03:11,111 - INFO -   Plateau combo 53: score=0.7192, params={'selector__C': 0.16681, 'selector__l1_ratio': 0.7, 'selector__top_k': 10}
2026-05-10 01:03:11,112 - INFO -   Plateau combo 54: score=0.7167, params={'selector__C': 7.74264, 'selector__l1_ratio': 0.5, 'selector__top_k': 20}
2026-05-10 01:03:11,113 - INFO -   Plateau combo 55: score=0.7163, params={'selector__C': 0.0129155, 'selector__l1_ratio': 0.1, 'selector__top_k': 20}
2026-05-10 01:03:11,114 - INFO -   Plateau combo 56: score=0.7157, params={'selector__C': 0.16681, 'selector__l1_ratio': 0.5, 'selector__top_k': 10}
2026-05-10 01:03:11,115 - INFO -   Plateau combo 57: score=0.7143, params={'selector__C': 27.8256, 'selector__l1_ratio': 0.9, 'selector__top_k': 20}
2026-05-10 01:03:11,116 - INFO -   Plateau combo 58: score=0.7136, params={'selector__C': 0.0464159, 'selector__l1_ratio': 0.3, 'selector__top_k': 10}
2026-05-10 01:03:11,117 - INFO -   Plateau combo 59: score=0.7126, params={'selector__C': 27.8256, 'selector__l1_ratio': 0.7, 'selector__top_k': 20}
2026-05-10 01:03:11,118 - INFO -   Plateau combo 60: score=0.7121, params={'selector__C': 7.74264, 'selector__l1_ratio': 0.3, 'selector__top_k': 20}
2026-05-10 01:03:11,119 - INFO -   Plateau combo 61: score=0.7117, params={'selector__C': 2.15443, 'selector__l1_ratio': 0.1, 'selector__top_k': 20}
2026-05-10 01:03:11,120 - INFO -   Plateau combo 62: score=0.7108, params={'selector__C': 0.0464159, 'selector__l1_ratio': 0.1, 'selector__top_k': 10}
2026-05-10 01:03:11,121 - INFO -   Plateau combo 63: score=0.7105, params={'selector__C': 0.16681, 'selector__l1_ratio': 0.3, 'selector__top_k': 10}
2026-05-10 01:03:11,122 - INFO -   Plateau combo 64: score=0.7089, params={'selector__C': 27.8256, 'selector__l1_ratio': 0.5, 'selector__top_k': 20}
2026-05-10 01:03:11,123 - INFO -   Plateau combo 65: score=0.7086, params={'selector__C': 0.599484, 'selector__l1_ratio': 0.9, 'selector__top_k': 10}
2026-05-10 01:03:11,123 - INFO -   Plateau combo 66: score=0.7082, params={'selector__C': 0.599484, 'selector__l1_ratio': 0.7, 'selector__top_k': 10}
2026-05-10 01:03:11,124 - INFO -   Plateau combo 67: score=0.7061, params={'selector__C': 0.599484, 'selector__l1_ratio': 0.5, 'selector__top_k': 10}
2026-05-10 01:03:11,125 - INFO -   Plateau combo 68: score=0.7049, params={'selector__C': 7.74264, 'selector__l1_ratio': 0.1, 'selector__top_k': 20}
2026-05-10 01:03:11,126 - INFO -   Plateau combo 69: score=0.7025, params={'selector__C': 27.8256, 'selector__l1_ratio': 0.3, 'selector__top_k': 20}
2026-05-10 01:03:11,127 - INFO -   Plateau combo 70: score=0.7022, params={'selector__C': 100.0, 'selector__l1_ratio': 0.9, 'selector__top_k': 20}
2026-05-10 01:03:11,128 - INFO -   Plateau combo 71: score=0.7018, params={'selector__C': 100.0, 'selector__l1_ratio': 0.7, 'selector__top_k': 20}
2026-05-10 01:03:11,129 - INFO -   Plateau combo 72: score=0.7016, params={'selector__C': 100.0, 'selector__l1_ratio': 0.5, 'selector__top_k': 20}
2026-05-10 01:03:11,130 - INFO -   Plateau combo 73: score=0.7015, params={'selector__C': 27.8256, 'selector__l1_ratio': 0.1, 'selector__top_k': 20}
2026-05-10 01:03:11,130 - INFO -   Plateau combo 74: score=0.7003, params={'selector__C': 100.0, 'selector__l1_ratio': 0.3, 'selector__top_k': 20}
2026-05-10 01:03:11,131 - INFO -   Plateau combo 75: score=0.6997, params={'selector__C': 2.15443, 'selector__l1_ratio': 0.9, 'selector__top_k': 10}
2026-05-10 01:03:11,132 - INFO -   Plateau combo 76: score=0.6992, params={'selector__C': 100.0, 'selector__l1_ratio': 0.1, 'selector__top_k': 20}
2026-05-10 01:03:11,133 - INFO -   Plateau combo 77: score=0.6972, params={'selector__C': 0.16681, 'selector__l1_ratio': 0.1, 'selector__top_k': 10}
2026-05-10 01:03:11,134 - INFO -   Plateau combo 78: score=0.6958, params={'selector__C': 0.599484, 'selector__l1_ratio': 0.3, 'selector__top_k': 10}
2026-05-10 01:03:11,135 - INFO -   Plateau combo 79: score=0.6955, params={'selector__C': 2.15443, 'selector__l1_ratio': 0.7, 'selector__top_k': 10}
2026-05-10 01:03:11,136 - INFO -   Plateau combo 80: score=0.6931, params={'selector__C': 0.0129155, 'selector__l1_ratio': 0.1, 'selector__top_k': 10}
2026-05-10 01:03:11,791 - INFO -     Retraining 80 plateau models
2026-05-10 01:03:11,812 - INFO -       [1/80] n_features=50, params={'selector__C': 0.0464159, 'selector__l1_ratio': 0.1, 'selector__top_k': 50}
2026-05-10 01:03:11,864 - INFO -       [2/80] n_features=50, params={'selector__C': 0.16681, 'selector__l1_ratio': 0.3, 'selector__top_k': 50}
2026-05-10 01:03:12,015 - INFO -       [3/80] n_features=50, params={'selector__C': 0.599484, 'selector__l1_ratio': 0.7, 'selector__top_k': 50}
2026-05-10 01:03:31,373 - INFO -       [80/80] n_features=10, params={'selector__C': 0.0129155, 'selector__l1_ratio': 0.1, 'selector__top_k': 10}
2026-05-10 01:03:31,375 - INFO -     Plateau features: union=115, intersection=2
2026-05-10 01:03:31,384 - INFO -   Fold 1: s1=1.0000 (t=0.50)  s2=0.7143  combined=0.8095  auroc=0.9618  excl=0.8095 (0)  (20.2s)
2026-05-10 01:03:32,024 - INFO -     Retraining 80 plateau models
2026-05-10 01:03:32,045 - INFO -       [1/80] n_features=50, params={'selector__C': 0.0464159, 'selector__l1_ratio': 0.1, 'selector__top_k': 50}
2026-05-10 01:03:32,100 - INFO -       [2/80] n_features=50, params={'selector__C': 0.16681, 'selector__l1_ratio': 0.3, 'selector__top_k': 50}
2026-05-10 01:03:32,238 - INFO -       [3/80] n_features=50, params={'selector__C': 0.599484, 'selector__l1_ratio': 0.7, 'selector__top_k': 50}
2026-05-10 01:03:48,601 - INFO -       [80/80] n_features=10, params={'selector__C': 0.0129155, 'selector__l1_ratio': 0.1, 'selector__top_k': 10}
2026-05-10 01:03:48,603 - INFO -     Plateau features: union=115, intersection=5
2026-05-10 01:03:48,612 - INFO -   Fold 2: s1=1.0000 (t=0.50)  s2=0.7024  combined=0.8016  auroc=0.9383  excl=0.8889 (2)  (17.2s)
2026-05-10 01:03:49,250 - INFO -     Retraining 80 plateau models
2026-05-10 01:03:49,271 - INFO -       [1/80] n_features=50, params={'selector__C': 0.0464159, 'selector__l1_ratio': 0.1, 'selector__top_k': 50}
2026-05-10 01:03:49,324 - INFO -       [2/80] n_features=50, params={'selector__C': 0.16681, 'selector__l1_ratio': 0.3, 'selector__top_k': 50}
2026-05-10 01:03:49,497 - INFO -       [3/80] n_features=50, params={'selector__C': 0.599484, 'selector__l1_ratio': 0.7, 'selector__top_k': 50}
2026-05-10 01:04:07,762 - INFO -       [80/80] n_features=10, params={'selector__C': 0.0129155, 'selector__l1_ratio': 0.1, 'selector__top_k': 10}
2026-05-10 01:04:07,764 - INFO -     Plateau features: union=103, intersection=2
2026-05-10 01:04:07,773 - INFO -   Fold 3: s1=1.0000 (t=0.50)  s2=0.8125  combined=0.8750  auroc=0.9514  excl=0.8750 (0)  (19.2s)
2026-05-10 01:04:08,410 - INFO -     Retraining 80 plateau models
2026-05-10 01:04:08,433 - INFO -       [1/80] n_features=50, params={'selector__C': 0.0464159, 'selector__l1_ratio': 0.1, 'selector__top_k': 50}
2026-05-10 01:04:08,490 - INFO -       [2/80] n_features=50, params={'selector__C': 0.16681, 'selector__l1_ratio': 0.3, 'selector__top_k': 50}
2026-05-10 01:04:08,688 - INFO -       [3/80] n_features=50, params={'selector__C': 0.599484, 'selector__l1_ratio': 0.7, 'selector__top_k': 50}
2026-05-10 01:04:27,982 - INFO -       [80/80] n_features=10, params={'selector__C': 0.0129155, 'selector__l1_ratio': 0.1, 'selector__top_k': 10}
2026-05-10 01:04:27,984 - INFO -     Plateau features: union=109, intersection=3
2026-05-10 01:04:27,993 - INFO -   Fold 4: s1=1.0000 (t=0.50)  s2=0.7857  combined=0.8571  auroc=0.9707  excl=0.8571 (0)  (20.2s)
2026-05-10 01:04:28,629 - INFO -     Retraining 80 plateau models
2026-05-10 01:04:28,651 - INFO -       [1/80] n_features=50, params={'selector__C': 0.0464159, 'selector__l1_ratio': 0.1, 'selector__top_k': 50}
2026-05-10 01:04:28,707 - INFO -       [2/80] n_features=50, params={'selector__C': 0.16681, 'selector__l1_ratio': 0.3, 'selector__top_k': 50}
2026-05-10 01:04:28,866 - INFO -       [3/80] n_features=50, params={'selector__C': 0.599484, 'selector__l1_ratio': 0.7, 'selector__top_k': 50}
2026-05-10 01:04:48,134 - INFO -       [80/80] n_features=10, params={'selector__C': 0.0129155, 'selector__l1_ratio': 0.1, 'selector__top_k': 10}
2026-05-10 01:04:48,136 - INFO -     Plateau features: union=110, intersection=2
2026-05-10 01:04:48,144 - INFO -   Fold 5: s1=1.0000 (t=0.50)  s2=0.7143  combined=0.8095  auroc=0.9451  excl=0.8333 (1)  (20.1s)
2026-05-10 01:04:48,147 - INFO - 
2026-05-10 01:04:48,147 - INFO - Summary for en_nmc_pens_p200 repeat 1161:
2026-05-10 01:04:48,148 - INFO -   Stage 1 (HER2+ vs rest):  1.0000 (+/- 0.0000)
2026-05-10 01:04:48,149 - INFO -   Stage 2 (HR+ vs TN):      0.7458 (+/- 0.0445)
2026-05-10 01:04:48,150 - INFO -   Combined (3-class):       0.8306 (+/- 0.0297)
2026-05-10 01:04:48,150 - INFO -   Combined (excl mislabels): 0.8528 (+/- 0.0285)
2026-05-10 01:04:48,151 - INFO -   Combined fold scores: [0.8095, 0.8016, 0.875, 0.8571, 0.8095]
2026-05-10 01:04:48,152 - INFO -   Total time: 97.0s
2026-05-10 01:04:48,157 - INFO - Fold results saved to /data/cbotos/TB-Project/results/2026-04-24_server_run_v2/hierarchical_nested_cv/data/fold_results_en_nmc_pens_p200_r1161.csv
2026-05-10 01:04:48,158 - INFO - Checkpoint removed (job complete).
