2026-05-10 01:08:22,197 - INFO - Starting hierarchical_nested_cv_runner (git: db228813).
2026-05-10 01:08:22,202 - INFO - Run: 2026-04-24_server_run_v2
2026-05-10 01:08:22,203 - INFO - Config: /data/cbotos/TB-Project/results/2026-04-24_server_run_v2/config_snapshot_pens_comparison.yaml
2026-05-10 01:08:22,204 - INFO - Stage 1: kw_rf (fixed, binary HER2+ vs rest, threshold=0.5)
2026-05-10 01:08:22,205 - INFO - Stage 2: en_nmc_pens (HR+ vs Triple Neg)
2026-05-10 01:08:22,205 - INFO - Plateau size override: no cap (all qualifying)
2026-05-10 01:08:22,206 - INFO - Output tag: en_nmc_pens_pall
2026-05-10 01:08:22,207 - INFO - Repeat seed: 1140
2026-05-10 01:08:22,209 - INFO - Stage 2: no GridSearchCV (ensemble pipeline)
2026-05-10 01:08:22,210 - INFO - Loading data...
2026-05-10 01:08:22,222 - INFO - Loaded 100 samples, 273 features.
2026-05-10 01:08:22,224 - INFO - Classes: ['HER2+', 'HR+', 'Triple Neg']
2026-05-10 01:08:22,225 - INFO -   HER2+: 32 samples
2026-05-10 01:08:22,226 - INFO -   HR+: 36 samples
2026-05-10 01:08:22,227 - INFO -   Triple Neg: 32 samples
2026-05-10 01:08:22,228 - INFO - Mislabel indices verified: [(2, 'Array.67'), (4, 'Array.22'), (45, 'Array.113')]
2026-05-10 01:08:23,062 - INFO - Pooled plateau uncapped: using all 80 qualifying combos
2026-05-10 01:08:23,067 - INFO - Pooled plateau: 80 of 200 combos from 250 fold files (best=0.7476, std=0.0547, threshold=0.6929)
2026-05-10 01:08:23,069 - INFO -   Plateau combo 1: score=0.7476, params={'selector__C': 0.0464159, 'selector__l1_ratio': 0.1, 'selector__top_k': 50}
2026-05-10 01:08:23,070 - INFO -   Plateau combo 2: score=0.7459, params={'selector__C': 0.16681, 'selector__l1_ratio': 0.3, 'selector__top_k': 50}
2026-05-10 01:08:23,071 - INFO -   Plateau combo 3: score=0.7434, params={'selector__C': 0.599484, 'selector__l1_ratio': 0.7, 'selector__top_k': 50}
2026-05-10 01:08:23,073 - INFO -   Plateau combo 4: score=0.7427, params={'selector__C': 0.0464159, 'selector__l1_ratio': 0.1, 'selector__top_k': 20}
2026-05-10 01:08:23,074 - INFO -   Plateau combo 5: score=0.7427, params={'selector__C': 0.16681, 'selector__l1_ratio': 0.1, 'selector__top_k': 50}
2026-05-10 01:08:23,075 - INFO -   Plateau combo 6: score=0.7414, params={'selector__C': 100.0, 'selector__l1_ratio': 0.1, 'selector__top_k': 50}
2026-05-10 01:08:23,076 - INFO -   Plateau combo 7: score=0.7409, params={'selector__C': 100.0, 'selector__l1_ratio': 0.3, 'selector__top_k': 50}
2026-05-10 01:08:23,077 - INFO -   Plateau combo 8: score=0.7405, params={'selector__C': 100.0, 'selector__l1_ratio': 0.7, 'selector__top_k': 50}
2026-05-10 01:08:23,078 - INFO -   Plateau combo 9: score=0.7405, params={'selector__C': 0.16681, 'selector__l1_ratio': 0.5, 'selector__top_k': 50}
2026-05-10 01:08:23,079 - INFO -   Plateau combo 10: score=0.7404, params={'selector__C': 0.599484, 'selector__l1_ratio': 0.1, 'selector__top_k': 50}
2026-05-10 01:08:23,081 - INFO -   Plateau combo 11: score=0.7402, params={'selector__C': 27.8256, 'selector__l1_ratio': 0.1, 'selector__top_k': 50}
2026-05-10 01:08:23,082 - INFO -   Plateau combo 12: score=0.7399, params={'selector__C': 100.0, 'selector__l1_ratio': 0.5, 'selector__top_k': 50}
2026-05-10 01:08:23,083 - INFO -   Plateau combo 13: score=0.7398, params={'selector__C': 7.74264, 'selector__l1_ratio': 0.1, 'selector__top_k': 50}
2026-05-10 01:08:23,084 - INFO -   Plateau combo 14: score=0.7397, params={'selector__C': 0.16681, 'selector__l1_ratio': 0.5, 'selector__top_k': 20}
2026-05-10 01:08:23,085 - INFO -   Plateau combo 15: score=0.7388, params={'selector__C': 27.8256, 'selector__l1_ratio': 0.5, 'selector__top_k': 50}
2026-05-10 01:08:23,086 - INFO -   Plateau combo 16: score=0.7387, params={'selector__C': 2.15443, 'selector__l1_ratio': 0.1, 'selector__top_k': 50}
2026-05-10 01:08:23,087 - INFO -   Plateau combo 17: score=0.7385, params={'selector__C': 0.599484, 'selector__l1_ratio': 0.5, 'selector__top_k': 50}
2026-05-10 01:08:23,088 - INFO -   Plateau combo 18: score=0.7384, params={'selector__C': 0.599484, 'selector__l1_ratio': 0.9, 'selector__top_k': 50}
2026-05-10 01:08:23,090 - INFO -   Plateau combo 19: score=0.7383, params={'selector__C': 100.0, 'selector__l1_ratio': 0.9, 'selector__top_k': 50}
2026-05-10 01:08:23,091 - INFO -   Plateau combo 20: score=0.7383, params={'selector__C': 2.15443, 'selector__l1_ratio': 0.9, 'selector__top_k': 50}
2026-05-10 01:08:23,092 - INFO -   Plateau combo 21: score=0.7380, params={'selector__C': 27.8256, 'selector__l1_ratio': 0.3, 'selector__top_k': 50}
2026-05-10 01:08:23,093 - INFO -   Plateau combo 22: score=0.7362, params={'selector__C': 0.599484, 'selector__l1_ratio': 0.3, 'selector__top_k': 50}
2026-05-10 01:08:23,094 - INFO -   Plateau combo 23: score=0.7356, params={'selector__C': 0.16681, 'selector__l1_ratio': 0.3, 'selector__top_k': 20}
2026-05-10 01:08:23,095 - INFO -   Plateau combo 24: score=0.7339, params={'selector__C': 2.15443, 'selector__l1_ratio': 0.7, 'selector__top_k': 50}
2026-05-10 01:08:23,096 - INFO -   Plateau combo 25: score=0.7334, params={'selector__C': 0.16681, 'selector__l1_ratio': 0.7, 'selector__top_k': 50}
2026-05-10 01:08:23,098 - INFO -   Plateau combo 26: score=0.7329, params={'selector__C': 7.74264, 'selector__l1_ratio': 0.3, 'selector__top_k': 50}
2026-05-10 01:08:23,099 - INFO -   Plateau combo 27: score=0.7328, params={'selector__C': 0.16681, 'selector__l1_ratio': 0.7, 'selector__top_k': 20}
2026-05-10 01:08:23,100 - INFO -   Plateau combo 28: score=0.7324, params={'selector__C': 2.15443, 'selector__l1_ratio': 0.3, 'selector__top_k': 50}
2026-05-10 01:08:23,101 - INFO -   Plateau combo 29: score=0.7321, params={'selector__C': 27.8256, 'selector__l1_ratio': 0.7, 'selector__top_k': 50}
2026-05-10 01:08:23,102 - INFO -   Plateau combo 30: score=0.7303, params={'selector__C': 0.599484, 'selector__l1_ratio': 0.9, 'selector__top_k': 20}
2026-05-10 01:08:23,103 - INFO -   Plateau combo 31: score=0.7301, params={'selector__C': 0.599484, 'selector__l1_ratio': 0.7, 'selector__top_k': 20}
2026-05-10 01:08:23,104 - INFO -   Plateau combo 32: score=0.7300, params={'selector__C': 0.16681, 'selector__l1_ratio': 0.1, 'selector__top_k': 20}
2026-05-10 01:08:23,105 - INFO -   Plateau combo 33: score=0.7298, params={'selector__C': 27.8256, 'selector__l1_ratio': 0.9, 'selector__top_k': 50}
2026-05-10 01:08:23,106 - INFO -   Plateau combo 34: score=0.7297, params={'selector__C': 2.15443, 'selector__l1_ratio': 0.5, 'selector__top_k': 50}
2026-05-10 01:08:23,108 - INFO -   Plateau combo 35: score=0.7296, params={'selector__C': 7.74264, 'selector__l1_ratio': 0.5, 'selector__top_k': 50}
2026-05-10 01:08:23,109 - INFO -   Plateau combo 36: score=0.7294, params={'selector__C': 0.599484, 'selector__l1_ratio': 0.5, 'selector__top_k': 20}
2026-05-10 01:08:23,110 - INFO -   Plateau combo 37: score=0.7286, params={'selector__C': 7.74264, 'selector__l1_ratio': 0.9, 'selector__top_k': 50}
2026-05-10 01:08:23,111 - INFO -   Plateau combo 38: score=0.7281, params={'selector__C': 2.15443, 'selector__l1_ratio': 0.9, 'selector__top_k': 20}
2026-05-10 01:08:23,112 - INFO -   Plateau combo 39: score=0.7280, params={'selector__C': 0.0464159, 'selector__l1_ratio': 0.3, 'selector__top_k': 50}
2026-05-10 01:08:23,113 - INFO -   Plateau combo 40: score=0.7280, params={'selector__C': 7.74264, 'selector__l1_ratio': 0.7, 'selector__top_k': 50}
2026-05-10 01:08:23,114 - INFO -   Plateau combo 41: score=0.7270, params={'selector__C': 2.15443, 'selector__l1_ratio': 0.7, 'selector__top_k': 20}
2026-05-10 01:08:23,115 - INFO -   Plateau combo 42: score=0.7253, params={'selector__C': 0.0464159, 'selector__l1_ratio': 0.3, 'selector__top_k': 20}
2026-05-10 01:08:23,117 - INFO -   Plateau combo 43: score=0.7243, params={'selector__C': 0.16681, 'selector__l1_ratio': 0.9, 'selector__top_k': 50}
2026-05-10 01:08:23,118 - INFO -   Plateau combo 44: score=0.7238, params={'selector__C': 0.599484, 'selector__l1_ratio': 0.3, 'selector__top_k': 20}
2026-05-10 01:08:23,119 - INFO -   Plateau combo 45: score=0.7237, params={'selector__C': 2.15443, 'selector__l1_ratio': 0.5, 'selector__top_k': 20}
2026-05-10 01:08:23,120 - INFO -   Plateau combo 46: score=0.7236, params={'selector__C': 0.16681, 'selector__l1_ratio': 0.9, 'selector__top_k': 20}
2026-05-10 01:08:23,121 - INFO -   Plateau combo 47: score=0.7232, params={'selector__C': 7.74264, 'selector__l1_ratio': 0.9, 'selector__top_k': 20}
2026-05-10 01:08:23,122 - INFO -   Plateau combo 48: score=0.7221, params={'selector__C': 7.74264, 'selector__l1_ratio': 0.7, 'selector__top_k': 20}
2026-05-10 01:08:23,123 - INFO -   Plateau combo 49: score=0.7210, params={'selector__C': 0.16681, 'selector__l1_ratio': 0.9, 'selector__top_k': 10}
2026-05-10 01:08:23,125 - INFO -   Plateau combo 50: score=0.7205, params={'selector__C': 0.599484, 'selector__l1_ratio': 0.1, 'selector__top_k': 20}
2026-05-10 01:08:23,126 - INFO -   Plateau combo 51: score=0.7201, params={'selector__C': 2.15443, 'selector__l1_ratio': 0.3, 'selector__top_k': 20}
2026-05-10 01:08:23,127 - INFO -   Plateau combo 52: score=0.7195, params={'selector__C': 0.0129155, 'selector__l1_ratio': 0.1, 'selector__top_k': 50}
2026-05-10 01:08:23,128 - INFO -   Plateau combo 53: score=0.7192, params={'selector__C': 0.16681, 'selector__l1_ratio': 0.7, 'selector__top_k': 10}
2026-05-10 01:08:23,129 - INFO -   Plateau combo 54: score=0.7167, params={'selector__C': 7.74264, 'selector__l1_ratio': 0.5, 'selector__top_k': 20}
2026-05-10 01:08:23,130 - INFO -   Plateau combo 55: score=0.7163, params={'selector__C': 0.0129155, 'selector__l1_ratio': 0.1, 'selector__top_k': 20}
2026-05-10 01:08:23,131 - INFO -   Plateau combo 56: score=0.7157, params={'selector__C': 0.16681, 'selector__l1_ratio': 0.5, 'selector__top_k': 10}
2026-05-10 01:08:23,132 - INFO -   Plateau combo 57: score=0.7143, params={'selector__C': 27.8256, 'selector__l1_ratio': 0.9, 'selector__top_k': 20}
2026-05-10 01:08:23,133 - INFO -   Plateau combo 58: score=0.7136, params={'selector__C': 0.0464159, 'selector__l1_ratio': 0.3, 'selector__top_k': 10}
2026-05-10 01:08:23,135 - INFO -   Plateau combo 59: score=0.7126, params={'selector__C': 27.8256, 'selector__l1_ratio': 0.7, 'selector__top_k': 20}
2026-05-10 01:08:23,136 - INFO -   Plateau combo 60: score=0.7121, params={'selector__C': 7.74264, 'selector__l1_ratio': 0.3, 'selector__top_k': 20}
2026-05-10 01:08:23,137 - INFO -   Plateau combo 61: score=0.7117, params={'selector__C': 2.15443, 'selector__l1_ratio': 0.1, 'selector__top_k': 20}
2026-05-10 01:08:23,139 - INFO -   Plateau combo 62: score=0.7108, params={'selector__C': 0.0464159, 'selector__l1_ratio': 0.1, 'selector__top_k': 10}
2026-05-10 01:08:23,140 - INFO -   Plateau combo 63: score=0.7105, params={'selector__C': 0.16681, 'selector__l1_ratio': 0.3, 'selector__top_k': 10}
2026-05-10 01:08:23,141 - INFO -   Plateau combo 64: score=0.7089, params={'selector__C': 27.8256, 'selector__l1_ratio': 0.5, 'selector__top_k': 20}
2026-05-10 01:08:23,142 - INFO -   Plateau combo 65: score=0.7086, params={'selector__C': 0.599484, 'selector__l1_ratio': 0.9, 'selector__top_k': 10}
2026-05-10 01:08:23,143 - INFO -   Plateau combo 66: score=0.7082, params={'selector__C': 0.599484, 'selector__l1_ratio': 0.7, 'selector__top_k': 10}
2026-05-10 01:08:23,144 - INFO -   Plateau combo 67: score=0.7061, params={'selector__C': 0.599484, 'selector__l1_ratio': 0.5, 'selector__top_k': 10}
2026-05-10 01:08:23,145 - INFO -   Plateau combo 68: score=0.7049, params={'selector__C': 7.74264, 'selector__l1_ratio': 0.1, 'selector__top_k': 20}
2026-05-10 01:08:23,146 - INFO -   Plateau combo 69: score=0.7025, params={'selector__C': 27.8256, 'selector__l1_ratio': 0.3, 'selector__top_k': 20}
2026-05-10 01:08:23,148 - INFO -   Plateau combo 70: score=0.7022, params={'selector__C': 100.0, 'selector__l1_ratio': 0.9, 'selector__top_k': 20}
2026-05-10 01:08:23,149 - INFO -   Plateau combo 71: score=0.7018, params={'selector__C': 100.0, 'selector__l1_ratio': 0.7, 'selector__top_k': 20}
2026-05-10 01:08:23,150 - INFO -   Plateau combo 72: score=0.7016, params={'selector__C': 100.0, 'selector__l1_ratio': 0.5, 'selector__top_k': 20}
2026-05-10 01:08:23,151 - INFO -   Plateau combo 73: score=0.7015, params={'selector__C': 27.8256, 'selector__l1_ratio': 0.1, 'selector__top_k': 20}
2026-05-10 01:08:23,152 - INFO -   Plateau combo 74: score=0.7003, params={'selector__C': 100.0, 'selector__l1_ratio': 0.3, 'selector__top_k': 20}
2026-05-10 01:08:23,153 - INFO -   Plateau combo 75: score=0.6997, params={'selector__C': 2.15443, 'selector__l1_ratio': 0.9, 'selector__top_k': 10}
2026-05-10 01:08:23,154 - INFO -   Plateau combo 76: score=0.6992, params={'selector__C': 100.0, 'selector__l1_ratio': 0.1, 'selector__top_k': 20}
2026-05-10 01:08:23,155 - INFO -   Plateau combo 77: score=0.6972, params={'selector__C': 0.16681, 'selector__l1_ratio': 0.1, 'selector__top_k': 10}
2026-05-10 01:08:23,157 - INFO -   Plateau combo 78: score=0.6958, params={'selector__C': 0.599484, 'selector__l1_ratio': 0.3, 'selector__top_k': 10}
2026-05-10 01:08:23,158 - INFO -   Plateau combo 79: score=0.6955, params={'selector__C': 2.15443, 'selector__l1_ratio': 0.7, 'selector__top_k': 10}
2026-05-10 01:08:23,159 - INFO -   Plateau combo 80: score=0.6931, params={'selector__C': 0.0129155, 'selector__l1_ratio': 0.1, 'selector__top_k': 10}
2026-05-10 01:08:23,974 - INFO -     Retraining 80 plateau models
2026-05-10 01:08:24,001 - INFO -       [1/80] n_features=50, params={'selector__C': 0.0464159, 'selector__l1_ratio': 0.1, 'selector__top_k': 50}
2026-05-10 01:08:24,066 - INFO -       [2/80] n_features=50, params={'selector__C': 0.16681, 'selector__l1_ratio': 0.3, 'selector__top_k': 50}
2026-05-10 01:08:24,286 - INFO -       [3/80] n_features=50, params={'selector__C': 0.599484, 'selector__l1_ratio': 0.7, 'selector__top_k': 50}
2026-05-10 01:08:43,582 - INFO -       [80/80] n_features=10, params={'selector__C': 0.0129155, 'selector__l1_ratio': 0.1, 'selector__top_k': 10}
2026-05-10 01:08:43,584 - INFO -     Plateau features: union=99, intersection=4
2026-05-10 01:08:43,593 - INFO -   Fold 1: s1=1.0000 (t=0.50)  s2=0.7619  combined=0.8413  auroc=0.9466  excl=0.8413 (0)  (20.4s)
2026-05-10 01:08:44,247 - INFO -     Retraining 80 plateau models
2026-05-10 01:08:44,268 - INFO -       [1/80] n_features=50, params={'selector__C': 0.0464159, 'selector__l1_ratio': 0.1, 'selector__top_k': 50}
2026-05-10 01:08:44,318 - INFO -       [2/80] n_features=50, params={'selector__C': 0.16681, 'selector__l1_ratio': 0.3, 'selector__top_k': 50}
2026-05-10 01:08:44,457 - INFO -       [3/80] n_features=50, params={'selector__C': 0.599484, 'selector__l1_ratio': 0.7, 'selector__top_k': 50}
2026-05-10 01:09:02,205 - INFO -       [80/80] n_features=10, params={'selector__C': 0.0129155, 'selector__l1_ratio': 0.1, 'selector__top_k': 10}
2026-05-10 01:09:02,207 - INFO -     Plateau features: union=106, intersection=4
2026-05-10 01:09:02,216 - INFO -   Fold 2: s1=1.0000 (t=0.50)  s2=0.7738  combined=0.8492  auroc=0.9695  excl=0.9048 (1)  (18.6s)
2026-05-10 01:09:02,864 - INFO -     Retraining 80 plateau models
2026-05-10 01:09:02,886 - INFO -       [1/80] n_features=50, params={'selector__C': 0.0464159, 'selector__l1_ratio': 0.1, 'selector__top_k': 50}
2026-05-10 01:09:02,936 - INFO -       [2/80] n_features=50, params={'selector__C': 0.16681, 'selector__l1_ratio': 0.3, 'selector__top_k': 50}
2026-05-10 01:09:03,102 - INFO -       [3/80] n_features=50, params={'selector__C': 0.599484, 'selector__l1_ratio': 0.7, 'selector__top_k': 50}
2026-05-10 01:09:20,923 - INFO -       [80/80] n_features=10, params={'selector__C': 0.0129155, 'selector__l1_ratio': 0.1, 'selector__top_k': 10}
2026-05-10 01:09:20,926 - INFO -     Plateau features: union=116, intersection=4
2026-05-10 01:09:20,935 - INFO -   Fold 3: s1=1.0000 (t=0.50)  s2=0.7917  combined=0.8611  auroc=0.9370  excl=0.8611 (0)  (18.7s)
2026-05-10 01:09:21,583 - INFO -     Retraining 80 plateau models
2026-05-10 01:09:21,605 - INFO -       [1/80] n_features=50, params={'selector__C': 0.0464159, 'selector__l1_ratio': 0.1, 'selector__top_k': 50}
2026-05-10 01:09:21,658 - INFO -       [2/80] n_features=50, params={'selector__C': 0.16681, 'selector__l1_ratio': 0.3, 'selector__top_k': 50}
2026-05-10 01:09:21,813 - INFO -       [3/80] n_features=50, params={'selector__C': 0.599484, 'selector__l1_ratio': 0.7, 'selector__top_k': 50}
2026-05-10 01:09:39,714 - INFO -       [80/80] n_features=10, params={'selector__C': 0.0129155, 'selector__l1_ratio': 0.1, 'selector__top_k': 10}
2026-05-10 01:09:39,716 - INFO -     Plateau features: union=115, intersection=3
2026-05-10 01:09:39,726 - INFO -   Fold 4: s1=1.0000 (t=0.50)  s2=0.8571  combined=0.9048  auroc=0.9707  excl=0.9048 (0)  (18.8s)
2026-05-10 01:09:40,370 - INFO -     Retraining 80 plateau models
2026-05-10 01:09:40,392 - INFO -       [1/80] n_features=50, params={'selector__C': 0.0464159, 'selector__l1_ratio': 0.1, 'selector__top_k': 50}
2026-05-10 01:09:40,447 - INFO -       [2/80] n_features=50, params={'selector__C': 0.16681, 'selector__l1_ratio': 0.3, 'selector__top_k': 50}
2026-05-10 01:09:40,610 - INFO -       [3/80] n_features=50, params={'selector__C': 0.599484, 'selector__l1_ratio': 0.7, 'selector__top_k': 50}
2026-05-10 01:09:58,772 - INFO -       [80/80] n_features=10, params={'selector__C': 0.0129155, 'selector__l1_ratio': 0.1, 'selector__top_k': 10}
2026-05-10 01:09:58,774 - INFO -     Plateau features: union=103, intersection=3
2026-05-10 01:09:58,783 - INFO -   Fold 5: s1=1.0000 (t=0.50)  s2=0.5714  combined=0.7143  auroc=0.8974  excl=0.7778 (2)  (19.1s)
2026-05-10 01:09:58,787 - INFO - 
2026-05-10 01:09:58,788 - INFO - Summary for en_nmc_pens_pall repeat 1140:
2026-05-10 01:09:58,789 - INFO -   Stage 1 (HER2+ vs rest):  1.0000 (+/- 0.0000)
2026-05-10 01:09:58,790 - INFO -   Stage 2 (HR+ vs TN):      0.7512 (+/- 0.0957)
2026-05-10 01:09:58,791 - INFO -   Combined (3-class):       0.8341 (+/- 0.0638)
2026-05-10 01:09:58,791 - INFO -   Combined (excl mislabels): 0.8579 (+/- 0.0471)
2026-05-10 01:09:58,792 - INFO -   Combined fold scores: [0.8413, 0.8492, 0.8611, 0.9048, 0.7143]
2026-05-10 01:09:58,793 - INFO -   Total time: 95.6s
2026-05-10 01:09:58,799 - INFO - Fold results saved to /data/cbotos/TB-Project/results/2026-04-24_server_run_v2/hierarchical_nested_cv/data/fold_results_en_nmc_pens_pall_r1140.csv
2026-05-10 01:09:58,801 - INFO - Checkpoint removed (job complete).
