2026-05-10 00:56:01,549 - INFO - Starting hierarchical_nested_cv_runner (git: db228813).
2026-05-10 00:56:01,552 - INFO - Run: 2026-04-24_server_run_v2
2026-05-10 00:56:01,553 - INFO - Config: /data/cbotos/TB-Project/results/2026-04-24_server_run_v2/config_snapshot_pens_comparison.yaml
2026-05-10 00:56:01,554 - INFO - Stage 1: kw_rf (fixed, binary HER2+ vs rest, threshold=0.5)
2026-05-10 00:56:01,555 - INFO - Stage 2: en_nmc_pens (HR+ vs Triple Neg)
2026-05-10 00:56:01,555 - INFO - Plateau size override: 50
2026-05-10 00:56:01,556 - INFO - Output tag: en_nmc_pens_p50
2026-05-10 00:56:01,557 - INFO - Repeat seed: 1136
2026-05-10 00:56:01,558 - INFO - Stage 2: no GridSearchCV (ensemble pipeline)
2026-05-10 00:56:01,559 - INFO - Loading data...
2026-05-10 00:56:01,569 - INFO - Loaded 100 samples, 273 features.
2026-05-10 00:56:01,569 - INFO - Classes: ['HER2+', 'HR+', 'Triple Neg']
2026-05-10 00:56:01,570 - INFO -   HER2+: 32 samples
2026-05-10 00:56:01,571 - INFO -   HR+: 36 samples
2026-05-10 00:56:01,572 - INFO -   Triple Neg: 32 samples
2026-05-10 00:56:01,572 - INFO - Mislabel indices verified: [(2, 'Array.67'), (4, 'Array.22'), (45, 'Array.113')]
2026-05-10 00:56:02,256 - INFO - Pooled plateau capped: 80 -> 50 combos
2026-05-10 00:56:02,260 - INFO - Pooled plateau: 50 of 200 combos from 250 fold files (best=0.7476, std=0.0547, threshold=0.6929)
2026-05-10 00:56:02,261 - INFO -   Plateau combo 1: score=0.7476, params={'selector__C': 0.0464159, 'selector__l1_ratio': 0.1, 'selector__top_k': 50}
2026-05-10 00:56:02,262 - INFO -   Plateau combo 2: score=0.7459, params={'selector__C': 0.16681, 'selector__l1_ratio': 0.3, 'selector__top_k': 50}
2026-05-10 00:56:02,263 - INFO -   Plateau combo 3: score=0.7434, params={'selector__C': 0.599484, 'selector__l1_ratio': 0.7, 'selector__top_k': 50}
2026-05-10 00:56:02,264 - INFO -   Plateau combo 4: score=0.7427, params={'selector__C': 0.0464159, 'selector__l1_ratio': 0.1, 'selector__top_k': 20}
2026-05-10 00:56:02,265 - INFO -   Plateau combo 5: score=0.7427, params={'selector__C': 0.16681, 'selector__l1_ratio': 0.1, 'selector__top_k': 50}
2026-05-10 00:56:02,266 - INFO -   Plateau combo 6: score=0.7414, params={'selector__C': 100.0, 'selector__l1_ratio': 0.1, 'selector__top_k': 50}
2026-05-10 00:56:02,267 - INFO -   Plateau combo 7: score=0.7409, params={'selector__C': 100.0, 'selector__l1_ratio': 0.3, 'selector__top_k': 50}
2026-05-10 00:56:02,268 - INFO -   Plateau combo 8: score=0.7405, params={'selector__C': 100.0, 'selector__l1_ratio': 0.7, 'selector__top_k': 50}
2026-05-10 00:56:02,269 - INFO -   Plateau combo 9: score=0.7405, params={'selector__C': 0.16681, 'selector__l1_ratio': 0.5, 'selector__top_k': 50}
2026-05-10 00:56:02,270 - INFO -   Plateau combo 10: score=0.7404, params={'selector__C': 0.599484, 'selector__l1_ratio': 0.1, 'selector__top_k': 50}
2026-05-10 00:56:02,270 - INFO -   Plateau combo 11: score=0.7402, params={'selector__C': 27.8256, 'selector__l1_ratio': 0.1, 'selector__top_k': 50}
2026-05-10 00:56:02,271 - INFO -   Plateau combo 12: score=0.7399, params={'selector__C': 100.0, 'selector__l1_ratio': 0.5, 'selector__top_k': 50}
2026-05-10 00:56:02,272 - INFO -   Plateau combo 13: score=0.7398, params={'selector__C': 7.74264, 'selector__l1_ratio': 0.1, 'selector__top_k': 50}
2026-05-10 00:56:02,273 - INFO -   Plateau combo 14: score=0.7397, params={'selector__C': 0.16681, 'selector__l1_ratio': 0.5, 'selector__top_k': 20}
2026-05-10 00:56:02,274 - INFO -   Plateau combo 15: score=0.7388, params={'selector__C': 27.8256, 'selector__l1_ratio': 0.5, 'selector__top_k': 50}
2026-05-10 00:56:02,275 - INFO -   Plateau combo 16: score=0.7387, params={'selector__C': 2.15443, 'selector__l1_ratio': 0.1, 'selector__top_k': 50}
2026-05-10 00:56:02,276 - INFO -   Plateau combo 17: score=0.7385, params={'selector__C': 0.599484, 'selector__l1_ratio': 0.5, 'selector__top_k': 50}
2026-05-10 00:56:02,276 - INFO -   Plateau combo 18: score=0.7384, params={'selector__C': 0.599484, 'selector__l1_ratio': 0.9, 'selector__top_k': 50}
2026-05-10 00:56:02,277 - INFO -   Plateau combo 19: score=0.7383, params={'selector__C': 100.0, 'selector__l1_ratio': 0.9, 'selector__top_k': 50}
2026-05-10 00:56:02,278 - INFO -   Plateau combo 20: score=0.7383, params={'selector__C': 2.15443, 'selector__l1_ratio': 0.9, 'selector__top_k': 50}
2026-05-10 00:56:02,279 - INFO -   Plateau combo 21: score=0.7380, params={'selector__C': 27.8256, 'selector__l1_ratio': 0.3, 'selector__top_k': 50}
2026-05-10 00:56:02,280 - INFO -   Plateau combo 22: score=0.7362, params={'selector__C': 0.599484, 'selector__l1_ratio': 0.3, 'selector__top_k': 50}
2026-05-10 00:56:02,281 - INFO -   Plateau combo 23: score=0.7356, params={'selector__C': 0.16681, 'selector__l1_ratio': 0.3, 'selector__top_k': 20}
2026-05-10 00:56:02,282 - INFO -   Plateau combo 24: score=0.7339, params={'selector__C': 2.15443, 'selector__l1_ratio': 0.7, 'selector__top_k': 50}
2026-05-10 00:56:02,283 - INFO -   Plateau combo 25: score=0.7334, params={'selector__C': 0.16681, 'selector__l1_ratio': 0.7, 'selector__top_k': 50}
2026-05-10 00:56:02,283 - INFO -   Plateau combo 26: score=0.7329, params={'selector__C': 7.74264, 'selector__l1_ratio': 0.3, 'selector__top_k': 50}
2026-05-10 00:56:02,284 - INFO -   Plateau combo 27: score=0.7328, params={'selector__C': 0.16681, 'selector__l1_ratio': 0.7, 'selector__top_k': 20}
2026-05-10 00:56:02,285 - INFO -   Plateau combo 28: score=0.7324, params={'selector__C': 2.15443, 'selector__l1_ratio': 0.3, 'selector__top_k': 50}
2026-05-10 00:56:02,286 - INFO -   Plateau combo 29: score=0.7321, params={'selector__C': 27.8256, 'selector__l1_ratio': 0.7, 'selector__top_k': 50}
2026-05-10 00:56:02,287 - INFO -   Plateau combo 30: score=0.7303, params={'selector__C': 0.599484, 'selector__l1_ratio': 0.9, 'selector__top_k': 20}
2026-05-10 00:56:02,288 - INFO -   Plateau combo 31: score=0.7301, params={'selector__C': 0.599484, 'selector__l1_ratio': 0.7, 'selector__top_k': 20}
2026-05-10 00:56:02,289 - INFO -   Plateau combo 32: score=0.7300, params={'selector__C': 0.16681, 'selector__l1_ratio': 0.1, 'selector__top_k': 20}
2026-05-10 00:56:02,290 - INFO -   Plateau combo 33: score=0.7298, params={'selector__C': 27.8256, 'selector__l1_ratio': 0.9, 'selector__top_k': 50}
2026-05-10 00:56:02,290 - INFO -   Plateau combo 34: score=0.7297, params={'selector__C': 2.15443, 'selector__l1_ratio': 0.5, 'selector__top_k': 50}
2026-05-10 00:56:02,291 - INFO -   Plateau combo 35: score=0.7296, params={'selector__C': 7.74264, 'selector__l1_ratio': 0.5, 'selector__top_k': 50}
2026-05-10 00:56:02,292 - INFO -   Plateau combo 36: score=0.7294, params={'selector__C': 0.599484, 'selector__l1_ratio': 0.5, 'selector__top_k': 20}
2026-05-10 00:56:02,293 - INFO -   Plateau combo 37: score=0.7286, params={'selector__C': 7.74264, 'selector__l1_ratio': 0.9, 'selector__top_k': 50}
2026-05-10 00:56:02,294 - INFO -   Plateau combo 38: score=0.7281, params={'selector__C': 2.15443, 'selector__l1_ratio': 0.9, 'selector__top_k': 20}
2026-05-10 00:56:02,295 - INFO -   Plateau combo 39: score=0.7280, params={'selector__C': 0.0464159, 'selector__l1_ratio': 0.3, 'selector__top_k': 50}
2026-05-10 00:56:02,296 - INFO -   Plateau combo 40: score=0.7280, params={'selector__C': 7.74264, 'selector__l1_ratio': 0.7, 'selector__top_k': 50}
2026-05-10 00:56:02,297 - INFO -   Plateau combo 41: score=0.7270, params={'selector__C': 2.15443, 'selector__l1_ratio': 0.7, 'selector__top_k': 20}
2026-05-10 00:56:02,297 - INFO -   Plateau combo 42: score=0.7253, params={'selector__C': 0.0464159, 'selector__l1_ratio': 0.3, 'selector__top_k': 20}
2026-05-10 00:56:02,298 - INFO -   Plateau combo 43: score=0.7243, params={'selector__C': 0.16681, 'selector__l1_ratio': 0.9, 'selector__top_k': 50}
2026-05-10 00:56:02,299 - INFO -   Plateau combo 44: score=0.7238, params={'selector__C': 0.599484, 'selector__l1_ratio': 0.3, 'selector__top_k': 20}
2026-05-10 00:56:02,300 - INFO -   Plateau combo 45: score=0.7237, params={'selector__C': 2.15443, 'selector__l1_ratio': 0.5, 'selector__top_k': 20}
2026-05-10 00:56:02,301 - INFO -   Plateau combo 46: score=0.7236, params={'selector__C': 0.16681, 'selector__l1_ratio': 0.9, 'selector__top_k': 20}
2026-05-10 00:56:02,302 - INFO -   Plateau combo 47: score=0.7232, params={'selector__C': 7.74264, 'selector__l1_ratio': 0.9, 'selector__top_k': 20}
2026-05-10 00:56:02,303 - INFO -   Plateau combo 48: score=0.7221, params={'selector__C': 7.74264, 'selector__l1_ratio': 0.7, 'selector__top_k': 20}
2026-05-10 00:56:02,303 - INFO -   Plateau combo 49: score=0.7210, params={'selector__C': 0.16681, 'selector__l1_ratio': 0.9, 'selector__top_k': 10}
2026-05-10 00:56:02,304 - INFO -   Plateau combo 50: score=0.7205, params={'selector__C': 0.599484, 'selector__l1_ratio': 0.1, 'selector__top_k': 20}
2026-05-10 00:56:02,957 - INFO -     Retraining 50 plateau models
2026-05-10 00:56:02,979 - INFO -       [1/50] n_features=50, params={'selector__C': 0.0464159, 'selector__l1_ratio': 0.1, 'selector__top_k': 50}
2026-05-10 00:56:03,036 - INFO -       [2/50] n_features=50, params={'selector__C': 0.16681, 'selector__l1_ratio': 0.3, 'selector__top_k': 50}
2026-05-10 00:56:03,177 - INFO -       [3/50] n_features=50, params={'selector__C': 0.599484, 'selector__l1_ratio': 0.7, 'selector__top_k': 50}
2026-05-10 00:56:14,451 - INFO -       [50/50] n_features=20, params={'selector__C': 0.599484, 'selector__l1_ratio': 0.1, 'selector__top_k': 20}
2026-05-10 00:56:14,453 - INFO -     Plateau features: union=110, intersection=6
2026-05-10 00:56:14,462 - INFO -   Fold 1: s1=1.0000 (t=0.50)  s2=0.7857  combined=0.8571  auroc=0.9960  excl=0.8571 (0)  (12.2s)
2026-05-10 00:56:15,104 - INFO -     Retraining 50 plateau models
2026-05-10 00:56:15,125 - INFO -       [1/50] n_features=50, params={'selector__C': 0.0464159, 'selector__l1_ratio': 0.1, 'selector__top_k': 50}
2026-05-10 00:56:15,175 - INFO -       [2/50] n_features=50, params={'selector__C': 0.16681, 'selector__l1_ratio': 0.3, 'selector__top_k': 50}
2026-05-10 00:56:15,327 - INFO -       [3/50] n_features=50, params={'selector__C': 0.599484, 'selector__l1_ratio': 0.7, 'selector__top_k': 50}
2026-05-10 00:56:26,979 - INFO -       [50/50] n_features=20, params={'selector__C': 0.599484, 'selector__l1_ratio': 0.1, 'selector__top_k': 20}
2026-05-10 00:56:26,981 - INFO -     Plateau features: union=117, intersection=10
2026-05-10 00:56:26,989 - INFO -   Fold 2: s1=1.0000 (t=0.50)  s2=0.6786  combined=0.7857  auroc=0.9200  excl=0.8667 (2)  (12.5s)
2026-05-10 00:56:27,629 - INFO -     Retraining 50 plateau models
2026-05-10 00:56:27,651 - INFO -       [1/50] n_features=50, params={'selector__C': 0.0464159, 'selector__l1_ratio': 0.1, 'selector__top_k': 50}
2026-05-10 00:56:27,703 - INFO -       [2/50] n_features=50, params={'selector__C': 0.16681, 'selector__l1_ratio': 0.3, 'selector__top_k': 50}
2026-05-10 00:56:27,867 - INFO -       [3/50] n_features=50, params={'selector__C': 0.599484, 'selector__l1_ratio': 0.7, 'selector__top_k': 50}
2026-05-10 00:56:39,064 - INFO -       [50/50] n_features=20, params={'selector__C': 0.599484, 'selector__l1_ratio': 0.1, 'selector__top_k': 20}
2026-05-10 00:56:39,066 - INFO -     Plateau features: union=109, intersection=8
2026-05-10 00:56:39,074 - INFO -   Fold 3: s1=1.0000 (t=0.50)  s2=0.8333  combined=0.8889  auroc=0.9816  excl=0.8889 (0)  (12.1s)
2026-05-10 00:56:39,710 - INFO -     Retraining 50 plateau models
2026-05-10 00:56:39,732 - INFO -       [1/50] n_features=50, params={'selector__C': 0.0464159, 'selector__l1_ratio': 0.1, 'selector__top_k': 50}
2026-05-10 00:56:39,784 - INFO -       [2/50] n_features=50, params={'selector__C': 0.16681, 'selector__l1_ratio': 0.3, 'selector__top_k': 50}
2026-05-10 00:56:39,907 - INFO -       [3/50] n_features=50, params={'selector__C': 0.599484, 'selector__l1_ratio': 0.7, 'selector__top_k': 50}
2026-05-10 00:56:50,648 - INFO -       [50/50] n_features=20, params={'selector__C': 0.599484, 'selector__l1_ratio': 0.1, 'selector__top_k': 20}
2026-05-10 00:56:50,650 - INFO -     Plateau features: union=110, intersection=7
2026-05-10 00:56:50,659 - INFO -   Fold 4: s1=1.0000 (t=0.50)  s2=0.9286  combined=0.9524  auroc=0.9927  excl=1.0000 (1)  (11.6s)
2026-05-10 00:56:51,293 - INFO -     Retraining 50 plateau models
2026-05-10 00:56:51,314 - INFO -       [1/50] n_features=50, params={'selector__C': 0.0464159, 'selector__l1_ratio': 0.1, 'selector__top_k': 50}
2026-05-10 00:56:51,366 - INFO -       [2/50] n_features=50, params={'selector__C': 0.16681, 'selector__l1_ratio': 0.3, 'selector__top_k': 50}
2026-05-10 00:56:51,541 - INFO -       [3/50] n_features=50, params={'selector__C': 0.599484, 'selector__l1_ratio': 0.7, 'selector__top_k': 50}
2026-05-10 00:57:02,587 - INFO -       [50/50] n_features=20, params={'selector__C': 0.599484, 'selector__l1_ratio': 0.1, 'selector__top_k': 20}
2026-05-10 00:57:02,589 - INFO -     Plateau features: union=101, intersection=6
2026-05-10 00:57:02,598 - INFO -   Fold 5: s1=1.0000 (t=0.50)  s2=0.7143  combined=0.8095  auroc=0.9267  excl=0.8095 (0)  (11.9s)
2026-05-10 00:57:02,602 - INFO - 
2026-05-10 00:57:02,603 - INFO - Summary for en_nmc_pens_p50 repeat 1136:
2026-05-10 00:57:02,603 - INFO -   Stage 1 (HER2+ vs rest):  1.0000 (+/- 0.0000)
2026-05-10 00:57:02,604 - INFO -   Stage 2 (HR+ vs TN):      0.7881 (+/- 0.0886)
2026-05-10 00:57:02,605 - INFO -   Combined (3-class):       0.8587 (+/- 0.0591)
2026-05-10 00:57:02,606 - INFO -   Combined (excl mislabels): 0.8844 (+/- 0.0633)
2026-05-10 00:57:02,607 - INFO -   Combined fold scores: [0.8571, 0.7857, 0.8889, 0.9524, 0.8095]
2026-05-10 00:57:02,608 - INFO -   Total time: 60.3s
2026-05-10 00:57:02,614 - INFO - Fold results saved to /data/cbotos/TB-Project/results/2026-04-24_server_run_v2/hierarchical_nested_cv/data/fold_results_en_nmc_pens_p50_r1136.csv
2026-05-10 00:57:02,615 - INFO - Checkpoint removed (job complete).
