Run: 2026-04-24_server_run_v2
Config: /data/cbotos/TB-Project/results/2026-04-24_server_run_v2/config_snapshot_hierarchical.yaml
Stage 1: kw_rf (fixed, binary HER2+ vs rest, threshold=0.5)
Stage 2: en_nmc (HR+ vs Triple Neg)
Repeat seed: 47
Stage 2 grid size: 200 combinations
Loading data...
Loaded 100 samples, 273 features.
Classes: ['HER2+', 'HR+', 'Triple Neg']
  HER2+: 32 samples
  HR+: 36 samples
  Triple Neg: 32 samples
Mislabel indices verified: [(2, 'Array.67'), (4, 'Array.22')]
  Fold 1: s1=1.0000 (t=0.50)  s2=0.8452  combined=0.8968  auroc=0.9466  excl=0.8857 (1)  (214.5s)
  Fold 2: s1=1.0000 (t=0.50)  s2=0.7500  combined=0.8333  auroc=0.9658  excl=0.8333 (0)  (223.4s)
  Fold 3: s1=1.0000 (t=0.50)  s2=0.7083  combined=0.8056  auroc=0.9067  excl=0.8056 (0)  (197.6s)
  Fold 4: s1=1.0000 (t=0.50)  s2=0.7143  combined=0.8095  auroc=0.9084  excl=0.8095 (0)  (205.4s)
  Fold 5: s1=1.0000 (t=0.50)  s2=0.6429  combined=0.7619  auroc=0.9048  excl=0.7857 (1)  (205.7s)

Summary for v2_en_nmc repeat 47:
  Stage 1 (HER2+ vs rest):  1.0000 (+/- 0.0000)
  Stage 2 (HR+ vs TN):      0.7321 (+/- 0.0663)
  Combined (3-class):       0.8214 (+/- 0.0442)
  Combined (excl mislabels): 0.8240 (+/- 0.0344)
  Combined fold scores: [0.8968, 0.8333, 0.8056, 0.8095, 0.7619]
  Total time: 1046.6s
Fold results saved to /data/cbotos/TB-Project/results/2026-04-24_server_run_v2/hierarchical_nested_cv/data/fold_results_en_nmc_r47.csv
Checkpoint removed (job complete).
