Run: 2026-04-24_server_run_v2
Config: /data/cbotos/TB-Project/results/2026-04-24_server_run_v2/config_snapshot_hierarchical.yaml
Stage 1: kw_rf (fixed, binary HER2+ vs rest, threshold=0.5)
Stage 2: nmc_ensemble (HR+ vs Triple Neg)
Repeat seed: 35
Stage 2: no GridSearchCV (ensemble pipeline)
Loading data...
Loaded 100 samples, 273 features.
Classes: ['HER2+', 'HR+', 'Triple Neg']
  HER2+: 32 samples
  HR+: 36 samples
  Triple Neg: 32 samples
Mislabel indices verified: [(2, 'Array.67'), (4, 'Array.22')]
    Pipeline ensemble component 1: KW k-ensemble
      k=15: mean_max_prob=0.6986
      k=20: mean_max_prob=0.6894
      k=30: mean_max_prob=0.6683
      k=50: mean_max_prob=0.6565
    Pipeline ensemble component 2: EN+NMC GridSearchCV
    Ensemble mean_max_prob: kens=0.6648, en=0.6370, ratio=1.04
  Fold 1: s1=1.0000 (t=0.50)  s2=0.7857  combined=0.8571  auroc=0.9695  excl=0.8571 (0)  (216.6s)
    Pipeline ensemble component 1: KW k-ensemble
      k=15: mean_max_prob=0.6585
      k=20: mean_max_prob=0.6788
      k=30: mean_max_prob=0.6826
      k=50: mean_max_prob=0.7111
    Pipeline ensemble component 2: EN+NMC GridSearchCV
    Ensemble mean_max_prob: kens=0.6706, en=0.6485, ratio=1.03
  Fold 2: s1=1.0000 (t=0.50)  s2=0.4524  combined=0.6349  auroc=0.8321  excl=0.6571 (1)  (209.4s)
    Pipeline ensemble component 1: KW k-ensemble
      k=15: mean_max_prob=0.7166
      k=20: mean_max_prob=0.7268
      k=30: mean_max_prob=0.7318
      k=50: mean_max_prob=0.7575
    Pipeline ensemble component 2: EN+NMC GridSearchCV
    Ensemble mean_max_prob: kens=0.7280, en=0.6753, ratio=1.08
  Fold 3: s1=1.0000 (t=0.50)  s2=0.6875  combined=0.7917  auroc=0.9554  excl=0.8333 (1)  (216.8s)
    Pipeline ensemble component 1: KW k-ensemble
      k=15: mean_max_prob=0.6576
      k=20: mean_max_prob=0.6616
      k=30: mean_max_prob=0.6188
      k=50: mean_max_prob=0.6264
    Pipeline ensemble component 2: EN+NMC GridSearchCV
    Ensemble mean_max_prob: kens=0.6283, en=0.6388, ratio=0.98
  Fold 4: s1=1.0000 (t=0.50)  s2=0.7857  combined=0.8571  auroc=0.9597  excl=0.8571 (0)  (194.7s)
    Pipeline ensemble component 1: KW k-ensemble
      k=15: mean_max_prob=0.7088
      k=20: mean_max_prob=0.6911
      k=30: mean_max_prob=0.6684
      k=50: mean_max_prob=0.6698
    Pipeline ensemble component 2: EN+NMC GridSearchCV
    Ensemble mean_max_prob: kens=0.6753, en=0.6790, ratio=0.99
  Fold 5: s1=1.0000 (t=0.50)  s2=0.5714  combined=0.7143  auroc=0.8901  excl=0.7143 (0)  (188.3s)

Summary for v2_nmc_ensemble repeat 35:
  Stage 1 (HER2+ vs rest):  1.0000 (+/- 0.0000)
  Stage 2 (HR+ vs TN):      0.6565 (+/- 0.1290)
  Combined (3-class):       0.7710 (+/- 0.0860)
  Combined (excl mislabels): 0.7838 (+/- 0.0826)
  Combined fold scores: [0.8571, 0.6349, 0.7917, 0.8571, 0.7143]
  Total time: 1025.9s
Fold results saved to /data/cbotos/TB-Project/results/2026-04-24_server_run_v2/hierarchical_nested_cv/data/fold_results_nmc_ensemble_r35.csv
Checkpoint removed (job complete).
