Run: 2026-04-24_server_run_v2
Config: /mnt/d/Coursework/TB-Project/config_files/local.yaml
Stage 1: kw_rf (fixed, binary HER2+ vs rest, threshold=0.5)
Stage 2: en_nmc_pens (HR+ vs Triple Neg)
Repeat seed: 2
Stage 2 grid size: 24 combinations
Loading data...
Loaded 100 samples, 273 features.
Classes: ['HER2+', 'HR+', 'Triple Neg']
  HER2+: 32 samples
  HR+: 36 samples
  Triple Neg: 32 samples
Mislabel indices verified: [(2, 'Array.67'), (4, 'Array.22')]
    Plateau capped: 20 -> 15 combos
    Plateau: 15 of 24 combos (threshold=0.6991, best=0.8400, best_std=0.1409)
      [1/15] score=0.8400, n_features=5, params={'selector__C': np.float64(0.1), 'selector__l1_ratio': np.float64(0.1), 'selector__top_k': np.int64(5)}
      [2/15] score=0.8033, n_features=5, params={'selector__C': np.float64(1.0), 'selector__l1_ratio': np.float64(0.9), 'selector__top_k': np.int64(5)}
      [3/15] score=0.8000, n_features=20, params={'selector__C': np.float64(10.0), 'selector__l1_ratio': np.float64(0.9), 'selector__top_k': np.int64(20)}
      [15/15] score=0.7367, n_features=5, params={'selector__C': np.float64(1.0), 'selector__l1_ratio': np.float64(0.5), 'selector__top_k': np.int64(5)}
    Plateau features: union=46, intersection=3
  Fold 1: s1=1.0000 (t=0.50)  s2=0.6310  combined=0.7540  auroc=0.9389  excl=0.7540 (0)  (21.3s)
    Plateau: 10 of 24 combos (threshold=0.5252, best=0.6267, best_std=0.1014)
      [1/10] score=0.6267, n_features=20, params={'selector__C': np.float64(1.0), 'selector__l1_ratio': np.float64(0.5), 'selector__top_k': np.int64(20)}
      [2/10] score=0.6133, n_features=20, params={'selector__C': np.float64(0.1), 'selector__l1_ratio': np.float64(0.1), 'selector__top_k': np.int64(20)}
      [3/10] score=0.6000, n_features=5, params={'selector__C': np.float64(0.1), 'selector__l1_ratio': np.float64(0.1), 'selector__top_k': np.int64(5)}
      [10/10] score=0.5333, n_features=5, params={'selector__C': np.float64(10.0), 'selector__l1_ratio': np.float64(0.1), 'selector__top_k': np.int64(5)}
    Plateau features: union=42, intersection=0
  Fold 2: s1=1.0000 (t=0.50)  s2=0.7738  combined=0.8492  auroc=0.9771  excl=0.8492 (0)  (21.0s)
    Plateau: 13 of 24 combos (threshold=0.6823, best=0.7733, best_std=0.0910)
      [1/13] score=0.7733, n_features=20, params={'selector__C': np.float64(10.0), 'selector__l1_ratio': np.float64(0.5), 'selector__top_k': np.int64(20)}
      [2/13] score=0.7733, n_features=20, params={'selector__C': np.float64(0.1), 'selector__l1_ratio': np.float64(0.5), 'selector__top_k': np.int64(20)}
      [3/13] score=0.7567, n_features=20, params={'selector__C': np.float64(1.0), 'selector__l1_ratio': np.float64(0.9), 'selector__top_k': np.int64(20)}
      [13/13] score=0.6833, n_features=5, params={'selector__C': np.float64(0.1), 'selector__l1_ratio': np.float64(0.5), 'selector__top_k': np.int64(5)}
    Plateau features: union=49, intersection=1
  Fold 3: s1=1.0000 (t=0.50)  s2=0.4792  combined=0.6528  auroc=0.8651  excl=0.6528 (0)  (20.9s)
    Plateau: 9 of 24 combos (threshold=0.7165, best=0.8100, best_std=0.0935)
      [1/9] score=0.8100, n_features=20, params={'selector__C': np.float64(1.0), 'selector__l1_ratio': np.float64(0.9), 'selector__top_k': np.int64(20)}
      [2/9] score=0.7900, n_features=20, params={'selector__C': np.float64(10.0), 'selector__l1_ratio': np.float64(0.1), 'selector__top_k': np.int64(20)}
      [3/9] score=0.7767, n_features=20, params={'selector__C': np.float64(10.0), 'selector__l1_ratio': np.float64(0.5), 'selector__top_k': np.int64(20)}
      [9/9] score=0.7333, n_features=20, params={'selector__C': np.float64(10.0), 'selector__l1_ratio': np.float64(0.9), 'selector__top_k': np.int64(20)}
    Plateau features: union=42, intersection=4
  Fold 4: s1=1.0000 (t=0.50)  s2=0.7143  combined=0.8095  auroc=0.8974  excl=0.8095 (0)  (19.6s)
    Plateau: 10 of 24 combos (threshold=0.6243, best=0.7333, best_std=0.1090)
      [1/10] score=0.7333, n_features=20, params={'selector__C': np.float64(0.1), 'selector__l1_ratio': np.float64(0.5), 'selector__top_k': np.int64(20)}
      [2/10] score=0.7033, n_features=20, params={'selector__C': np.float64(1.0), 'selector__l1_ratio': np.float64(0.9), 'selector__top_k': np.int64(20)}
      [3/10] score=0.7033, n_features=20, params={'selector__C': np.float64(1.0), 'selector__l1_ratio': np.float64(0.1), 'selector__top_k': np.int64(20)}
      [10/10] score=0.6500, n_features=20, params={'selector__C': np.float64(10.0), 'selector__l1_ratio': np.float64(0.1), 'selector__top_k': np.int64(20)}
    Plateau features: union=47, intersection=3
  Fold 5: s1=1.0000 (t=0.50)  s2=0.7143  combined=0.8095  auroc=0.9487  excl=0.8889 (2)  (21.4s)

Summary for v2_en_nmc_pens repeat 2:
  Stage 1 (HER2+ vs rest):  1.0000 (+/- 0.0000)
  Stage 2 (HR+ vs TN):      0.6625 (+/- 0.1023)
  Combined (3-class):       0.7750 (+/- 0.0682)
  Combined (excl mislabels): 0.7909 (+/- 0.0822)
  Combined fold scores: [0.754, 0.8492, 0.6528, 0.8095, 0.8095]
  Total time: 104.3s
Fold results saved to /mnt/d/Coursework/TB-Project/results/2026-04-24_server_run_v2/hierarchical_nested_cv/data/fold_results_en_nmc_pens_r2.csv
Checkpoint removed (job complete).
