Run: 2026-04-24_server_run_v2
Config: /data/cbotos/TB-Project/results/2026-04-24_server_run_v2/config_snapshot_hierarchical.yaml
Stage 1: kw_rf (fixed, binary HER2+ vs rest, threshold=0.5)
Stage 2: kw_nmc_kgrid (HR+ vs Triple Neg)
Repeat seed: 21
Stage 2 grid size: 4 combinations
Loading data...
Loaded 100 samples, 273 features.
Classes: ['HER2+', 'HR+', 'Triple Neg']
  HER2+: 32 samples
  HR+: 36 samples
  Triple Neg: 32 samples
Mislabel indices verified: [(2, 'Array.67'), (4, 'Array.22')]
  Fold 1: s1=1.0000 (t=0.50)  s2=0.8452  combined=0.8968  auroc=0.9924  excl=0.8968 (0)  (3.3s)
  Fold 2: s1=1.0000 (t=0.50)  s2=0.6310  combined=0.7540  auroc=0.9539  excl=0.7778 (1)  (3.3s)
  Fold 3: s1=1.0000 (t=0.50)  s2=0.7708  combined=0.8472  auroc=0.9410  excl=0.8250 (1)  (3.3s)
  Fold 4: s1=1.0000 (t=0.50)  s2=0.7143  combined=0.8095  auroc=0.9414  excl=0.8095 (0)  (3.3s)
  Fold 5: s1=1.0000 (t=0.50)  s2=0.7143  combined=0.8095  auroc=0.9304  excl=0.8095 (0)  (3.3s)

Summary for v2_kw_nmc_kgrid repeat 21:
  Stage 1 (HER2+ vs rest):  1.0000 (+/- 0.0000)
  Stage 2 (HR+ vs TN):      0.7351 (+/- 0.0709)
  Combined (3-class):       0.8234 (+/- 0.0473)
  Combined (excl mislabels): 0.8237 (+/- 0.0396)
  Combined fold scores: [0.8968, 0.754, 0.8472, 0.8095, 0.8095]
  Total time: 16.7s
Fold results saved to /data/cbotos/TB-Project/results/2026-04-24_server_run_v2/hierarchical_nested_cv/data/fold_results_kw_nmc_kgrid_r21.csv
Checkpoint removed (job complete).
