Run: 2026-04-24_server_run_v2
Config: /data/cbotos/TB-Project/results/2026-04-24_server_run_v2/config_snapshot_hierarchical.yaml
Stage 1: kw_rf (fixed, binary HER2+ vs rest, threshold=0.5)
Stage 2: en_rf (HR+ vs Triple Neg)
Repeat seed: 35
Stage 2 grid size: 800 combinations
Loading data...
Loaded 100 samples, 273 features.
Classes: ['HER2+', 'HR+', 'Triple Neg']
  HER2+: 32 samples
  HR+: 36 samples
  Triple Neg: 32 samples
Mislabel indices verified: [(2, 'Array.67'), (4, 'Array.22')]
  Fold 1: s1=1.0000 (t=0.50)  s2=0.8571  combined=0.9048  auroc=0.9731  excl=0.9048 (0)  (2856.8s)
  Fold 2: s1=1.0000 (t=0.50)  s2=0.3571  combined=0.5714  auroc=0.8284  excl=0.5714 (1)  (2832.8s)
  Fold 3: s1=1.0000 (t=0.50)  s2=0.6250  combined=0.7500  auroc=0.9226  excl=0.7857 (1)  (2861.7s)
  Fold 4: s1=1.0000 (t=0.50)  s2=0.7143  combined=0.8095  auroc=0.9341  excl=0.8095 (0)  (2824.3s)
  Fold 5: s1=1.0000 (t=0.50)  s2=0.7857  combined=0.8571  auroc=0.9194  excl=0.8571 (0)  (2869.9s)

Summary for v2_en_rf repeat 35:
  Stage 1 (HER2+ vs rest):  1.0000 (+/- 0.0000)
  Stage 2 (HR+ vs TN):      0.6679 (+/- 0.1734)
  Combined (3-class):       0.7786 (+/- 0.1156)
  Combined (excl mislabels): 0.7857 (+/- 0.1147)
  Combined fold scores: [0.9048, 0.5714, 0.75, 0.8095, 0.8571]
  Total time: 14245.6s
Fold results saved to /data/cbotos/TB-Project/results/2026-04-24_server_run_v2/hierarchical_nested_cv/data/fold_results_en_rf_r35.csv
Checkpoint removed (job complete).
