Run: 2026-04-24_server_run_v2
Config: /data/cbotos/TB-Project/results/2026-04-24_server_run_v2/config_snapshot_hierarchical.yaml
Stage 1: kw_rf (fixed, binary HER2+ vs rest, threshold=0.5)
Stage 2: nmc_ensemble (HR+ vs Triple Neg)
Repeat seed: 1
Stage 2: no GridSearchCV (ensemble pipeline)
Loading data...
Loaded 100 samples, 273 features.
Classes: ['HER2+', 'HR+', 'Triple Neg']
  HER2+: 32 samples
  HR+: 36 samples
  Triple Neg: 32 samples
Mislabel indices verified: [(2, 'Array.67'), (4, 'Array.22')]
    Pipeline ensemble component 1: KW k-ensemble
      k=15: mean_max_prob=0.6950
      k=20: mean_max_prob=0.7027
      k=30: mean_max_prob=0.6788
      k=50: mean_max_prob=0.6766
    Pipeline ensemble component 2: EN+NMC GridSearchCV
    Ensemble mean_max_prob: kens=0.6752, en=0.6231, ratio=1.08
  Fold 1: s1=1.0000 (t=0.50)  s2=0.9286  combined=0.9524  auroc=0.9768  excl=0.9524 (0)  (177.5s)
    Pipeline ensemble component 1: KW k-ensemble
      k=15: mean_max_prob=0.6946
      k=20: mean_max_prob=0.7018
      k=30: mean_max_prob=0.6781
      k=50: mean_max_prob=0.6757
    Pipeline ensemble component 2: EN+NMC GridSearchCV
    Ensemble mean_max_prob: kens=0.6798, en=0.6638, ratio=1.02
  Fold 2: s1=1.0000 (t=0.50)  s2=0.7619  combined=0.8413  auroc=0.9350  excl=0.8413 (0)  (179.9s)
    Pipeline ensemble component 1: KW k-ensemble
      k=15: mean_max_prob=0.7083
      k=20: mean_max_prob=0.7224
      k=30: mean_max_prob=0.7395
      k=50: mean_max_prob=0.7465
    Pipeline ensemble component 2: EN+NMC GridSearchCV
    Ensemble mean_max_prob: kens=0.7231, en=0.7260, ratio=1.00
  Fold 3: s1=1.0000 (t=0.50)  s2=0.6875  combined=0.7917  auroc=0.8839  excl=0.7917 (0)  (177.4s)
    Pipeline ensemble component 1: KW k-ensemble
      k=15: mean_max_prob=0.6572
      k=20: mean_max_prob=0.6872
      k=30: mean_max_prob=0.6802
      k=50: mean_max_prob=0.6718
    Pipeline ensemble component 2: EN+NMC GridSearchCV
    Ensemble mean_max_prob: kens=0.6689, en=0.7029, ratio=0.95
  Fold 4: s1=1.0000 (t=0.50)  s2=0.7857  combined=0.8571  auroc=0.9487  excl=0.9444 (2)  (171.5s)
    Pipeline ensemble component 1: KW k-ensemble
      k=15: mean_max_prob=0.7147
      k=20: mean_max_prob=0.7314
      k=30: mean_max_prob=0.7320
      k=50: mean_max_prob=0.7245
    Pipeline ensemble component 2: EN+NMC GridSearchCV
    Ensemble mean_max_prob: kens=0.7256, en=0.6478, ratio=1.12
  Fold 5: s1=1.0000 (t=0.50)  s2=0.7857  combined=0.8571  auroc=0.9780  excl=0.8571 (0)  (177.8s)

Summary for v2_nmc_ensemble repeat 1:
  Stage 1 (HER2+ vs rest):  1.0000 (+/- 0.0000)
  Stage 2 (HR+ vs TN):      0.7899 (+/- 0.0781)
  Combined (3-class):       0.8599 (+/- 0.0521)
  Combined (excl mislabels): 0.8774 (+/- 0.0619)
  Combined fold scores: [0.9524, 0.8413, 0.7917, 0.8571, 0.8571]
  Total time: 884.0s
Fold results saved to /data/cbotos/TB-Project/results/2026-04-24_server_run_v2/hierarchical_nested_cv/data/fold_results_nmc_ensemble_r1.csv
Checkpoint removed (job complete).
