2026-05-10 01:06:40,526 - INFO - Starting hierarchical_nested_cv_runner (git: db228813).
2026-05-10 01:06:40,530 - INFO - Run: 2026-04-24_server_run_v2
2026-05-10 01:06:40,531 - INFO - Config: /data/cbotos/TB-Project/results/2026-04-24_server_run_v2/config_snapshot_pens_comparison.yaml
2026-05-10 01:06:40,532 - INFO - Stage 1: kw_rf (fixed, binary HER2+ vs rest, threshold=0.5)
2026-05-10 01:06:40,533 - INFO - Stage 2: en_nmc_pens (HR+ vs Triple Neg)
2026-05-10 01:06:40,534 - INFO - Plateau size override: no cap (all qualifying)
2026-05-10 01:06:40,535 - INFO - Output tag: en_nmc_pens_pall
2026-05-10 01:06:40,535 - INFO - Repeat seed: 1060
2026-05-10 01:06:40,537 - INFO - Stage 2: no GridSearchCV (ensemble pipeline)
2026-05-10 01:06:40,538 - INFO - Loading data...
2026-05-10 01:06:40,548 - INFO - Loaded 100 samples, 273 features.
2026-05-10 01:06:40,550 - INFO - Classes: ['HER2+', 'HR+', 'Triple Neg']
2026-05-10 01:06:40,551 - INFO -   HER2+: 32 samples
2026-05-10 01:06:40,552 - INFO -   HR+: 36 samples
2026-05-10 01:06:40,553 - INFO -   Triple Neg: 32 samples
2026-05-10 01:06:40,554 - INFO - Mislabel indices verified: [(2, 'Array.67'), (4, 'Array.22'), (45, 'Array.113')]
2026-05-10 01:06:41,270 - INFO - Pooled plateau uncapped: using all 80 qualifying combos
2026-05-10 01:06:41,275 - INFO - Pooled plateau: 80 of 200 combos from 250 fold files (best=0.7476, std=0.0547, threshold=0.6929)
2026-05-10 01:06:41,276 - INFO -   Plateau combo 1: score=0.7476, params={'selector__C': 0.0464159, 'selector__l1_ratio': 0.1, 'selector__top_k': 50}
2026-05-10 01:06:41,277 - INFO -   Plateau combo 2: score=0.7459, params={'selector__C': 0.16681, 'selector__l1_ratio': 0.3, 'selector__top_k': 50}
2026-05-10 01:06:41,278 - INFO -   Plateau combo 3: score=0.7434, params={'selector__C': 0.599484, 'selector__l1_ratio': 0.7, 'selector__top_k': 50}
2026-05-10 01:06:41,279 - INFO -   Plateau combo 4: score=0.7427, params={'selector__C': 0.0464159, 'selector__l1_ratio': 0.1, 'selector__top_k': 20}
2026-05-10 01:06:41,280 - INFO -   Plateau combo 5: score=0.7427, params={'selector__C': 0.16681, 'selector__l1_ratio': 0.1, 'selector__top_k': 50}
2026-05-10 01:06:41,281 - INFO -   Plateau combo 6: score=0.7414, params={'selector__C': 100.0, 'selector__l1_ratio': 0.1, 'selector__top_k': 50}
2026-05-10 01:06:41,282 - INFO -   Plateau combo 7: score=0.7409, params={'selector__C': 100.0, 'selector__l1_ratio': 0.3, 'selector__top_k': 50}
2026-05-10 01:06:41,283 - INFO -   Plateau combo 8: score=0.7405, params={'selector__C': 100.0, 'selector__l1_ratio': 0.7, 'selector__top_k': 50}
2026-05-10 01:06:41,283 - INFO -   Plateau combo 9: score=0.7405, params={'selector__C': 0.16681, 'selector__l1_ratio': 0.5, 'selector__top_k': 50}
2026-05-10 01:06:41,284 - INFO -   Plateau combo 10: score=0.7404, params={'selector__C': 0.599484, 'selector__l1_ratio': 0.1, 'selector__top_k': 50}
2026-05-10 01:06:41,285 - INFO -   Plateau combo 11: score=0.7402, params={'selector__C': 27.8256, 'selector__l1_ratio': 0.1, 'selector__top_k': 50}
2026-05-10 01:06:41,286 - INFO -   Plateau combo 12: score=0.7399, params={'selector__C': 100.0, 'selector__l1_ratio': 0.5, 'selector__top_k': 50}
2026-05-10 01:06:41,287 - INFO -   Plateau combo 13: score=0.7398, params={'selector__C': 7.74264, 'selector__l1_ratio': 0.1, 'selector__top_k': 50}
2026-05-10 01:06:41,288 - INFO -   Plateau combo 14: score=0.7397, params={'selector__C': 0.16681, 'selector__l1_ratio': 0.5, 'selector__top_k': 20}
2026-05-10 01:06:41,289 - INFO -   Plateau combo 15: score=0.7388, params={'selector__C': 27.8256, 'selector__l1_ratio': 0.5, 'selector__top_k': 50}
2026-05-10 01:06:41,290 - INFO -   Plateau combo 16: score=0.7387, params={'selector__C': 2.15443, 'selector__l1_ratio': 0.1, 'selector__top_k': 50}
2026-05-10 01:06:41,291 - INFO -   Plateau combo 17: score=0.7385, params={'selector__C': 0.599484, 'selector__l1_ratio': 0.5, 'selector__top_k': 50}
2026-05-10 01:06:41,291 - INFO -   Plateau combo 18: score=0.7384, params={'selector__C': 0.599484, 'selector__l1_ratio': 0.9, 'selector__top_k': 50}
2026-05-10 01:06:41,292 - INFO -   Plateau combo 19: score=0.7383, params={'selector__C': 100.0, 'selector__l1_ratio': 0.9, 'selector__top_k': 50}
2026-05-10 01:06:41,293 - INFO -   Plateau combo 20: score=0.7383, params={'selector__C': 2.15443, 'selector__l1_ratio': 0.9, 'selector__top_k': 50}
2026-05-10 01:06:41,294 - INFO -   Plateau combo 21: score=0.7380, params={'selector__C': 27.8256, 'selector__l1_ratio': 0.3, 'selector__top_k': 50}
2026-05-10 01:06:41,295 - INFO -   Plateau combo 22: score=0.7362, params={'selector__C': 0.599484, 'selector__l1_ratio': 0.3, 'selector__top_k': 50}
2026-05-10 01:06:41,296 - INFO -   Plateau combo 23: score=0.7356, params={'selector__C': 0.16681, 'selector__l1_ratio': 0.3, 'selector__top_k': 20}
2026-05-10 01:06:41,297 - INFO -   Plateau combo 24: score=0.7339, params={'selector__C': 2.15443, 'selector__l1_ratio': 0.7, 'selector__top_k': 50}
2026-05-10 01:06:41,298 - INFO -   Plateau combo 25: score=0.7334, params={'selector__C': 0.16681, 'selector__l1_ratio': 0.7, 'selector__top_k': 50}
2026-05-10 01:06:41,299 - INFO -   Plateau combo 26: score=0.7329, params={'selector__C': 7.74264, 'selector__l1_ratio': 0.3, 'selector__top_k': 50}
2026-05-10 01:06:41,299 - INFO -   Plateau combo 27: score=0.7328, params={'selector__C': 0.16681, 'selector__l1_ratio': 0.7, 'selector__top_k': 20}
2026-05-10 01:06:41,300 - INFO -   Plateau combo 28: score=0.7324, params={'selector__C': 2.15443, 'selector__l1_ratio': 0.3, 'selector__top_k': 50}
2026-05-10 01:06:41,301 - INFO -   Plateau combo 29: score=0.7321, params={'selector__C': 27.8256, 'selector__l1_ratio': 0.7, 'selector__top_k': 50}
2026-05-10 01:06:41,302 - INFO -   Plateau combo 30: score=0.7303, params={'selector__C': 0.599484, 'selector__l1_ratio': 0.9, 'selector__top_k': 20}
2026-05-10 01:06:41,303 - INFO -   Plateau combo 31: score=0.7301, params={'selector__C': 0.599484, 'selector__l1_ratio': 0.7, 'selector__top_k': 20}
2026-05-10 01:06:41,304 - INFO -   Plateau combo 32: score=0.7300, params={'selector__C': 0.16681, 'selector__l1_ratio': 0.1, 'selector__top_k': 20}
2026-05-10 01:06:41,305 - INFO -   Plateau combo 33: score=0.7298, params={'selector__C': 27.8256, 'selector__l1_ratio': 0.9, 'selector__top_k': 50}
2026-05-10 01:06:41,306 - INFO -   Plateau combo 34: score=0.7297, params={'selector__C': 2.15443, 'selector__l1_ratio': 0.5, 'selector__top_k': 50}
2026-05-10 01:06:41,306 - INFO -   Plateau combo 35: score=0.7296, params={'selector__C': 7.74264, 'selector__l1_ratio': 0.5, 'selector__top_k': 50}
2026-05-10 01:06:41,307 - INFO -   Plateau combo 36: score=0.7294, params={'selector__C': 0.599484, 'selector__l1_ratio': 0.5, 'selector__top_k': 20}
2026-05-10 01:06:41,308 - INFO -   Plateau combo 37: score=0.7286, params={'selector__C': 7.74264, 'selector__l1_ratio': 0.9, 'selector__top_k': 50}
2026-05-10 01:06:41,309 - INFO -   Plateau combo 38: score=0.7281, params={'selector__C': 2.15443, 'selector__l1_ratio': 0.9, 'selector__top_k': 20}
2026-05-10 01:06:41,310 - INFO -   Plateau combo 39: score=0.7280, params={'selector__C': 0.0464159, 'selector__l1_ratio': 0.3, 'selector__top_k': 50}
2026-05-10 01:06:41,311 - INFO -   Plateau combo 40: score=0.7280, params={'selector__C': 7.74264, 'selector__l1_ratio': 0.7, 'selector__top_k': 50}
2026-05-10 01:06:41,312 - INFO -   Plateau combo 41: score=0.7270, params={'selector__C': 2.15443, 'selector__l1_ratio': 0.7, 'selector__top_k': 20}
2026-05-10 01:06:41,313 - INFO -   Plateau combo 42: score=0.7253, params={'selector__C': 0.0464159, 'selector__l1_ratio': 0.3, 'selector__top_k': 20}
2026-05-10 01:06:41,313 - INFO -   Plateau combo 43: score=0.7243, params={'selector__C': 0.16681, 'selector__l1_ratio': 0.9, 'selector__top_k': 50}
2026-05-10 01:06:41,314 - INFO -   Plateau combo 44: score=0.7238, params={'selector__C': 0.599484, 'selector__l1_ratio': 0.3, 'selector__top_k': 20}
2026-05-10 01:06:41,315 - INFO -   Plateau combo 45: score=0.7237, params={'selector__C': 2.15443, 'selector__l1_ratio': 0.5, 'selector__top_k': 20}
2026-05-10 01:06:41,316 - INFO -   Plateau combo 46: score=0.7236, params={'selector__C': 0.16681, 'selector__l1_ratio': 0.9, 'selector__top_k': 20}
2026-05-10 01:06:41,317 - INFO -   Plateau combo 47: score=0.7232, params={'selector__C': 7.74264, 'selector__l1_ratio': 0.9, 'selector__top_k': 20}
2026-05-10 01:06:41,318 - INFO -   Plateau combo 48: score=0.7221, params={'selector__C': 7.74264, 'selector__l1_ratio': 0.7, 'selector__top_k': 20}
2026-05-10 01:06:41,319 - INFO -   Plateau combo 49: score=0.7210, params={'selector__C': 0.16681, 'selector__l1_ratio': 0.9, 'selector__top_k': 10}
2026-05-10 01:06:41,320 - INFO -   Plateau combo 50: score=0.7205, params={'selector__C': 0.599484, 'selector__l1_ratio': 0.1, 'selector__top_k': 20}
2026-05-10 01:06:41,320 - INFO -   Plateau combo 51: score=0.7201, params={'selector__C': 2.15443, 'selector__l1_ratio': 0.3, 'selector__top_k': 20}
2026-05-10 01:06:41,321 - INFO -   Plateau combo 52: score=0.7195, params={'selector__C': 0.0129155, 'selector__l1_ratio': 0.1, 'selector__top_k': 50}
2026-05-10 01:06:41,322 - INFO -   Plateau combo 53: score=0.7192, params={'selector__C': 0.16681, 'selector__l1_ratio': 0.7, 'selector__top_k': 10}
2026-05-10 01:06:41,323 - INFO -   Plateau combo 54: score=0.7167, params={'selector__C': 7.74264, 'selector__l1_ratio': 0.5, 'selector__top_k': 20}
2026-05-10 01:06:41,324 - INFO -   Plateau combo 55: score=0.7163, params={'selector__C': 0.0129155, 'selector__l1_ratio': 0.1, 'selector__top_k': 20}
2026-05-10 01:06:41,325 - INFO -   Plateau combo 56: score=0.7157, params={'selector__C': 0.16681, 'selector__l1_ratio': 0.5, 'selector__top_k': 10}
2026-05-10 01:06:41,326 - INFO -   Plateau combo 57: score=0.7143, params={'selector__C': 27.8256, 'selector__l1_ratio': 0.9, 'selector__top_k': 20}
2026-05-10 01:06:41,327 - INFO -   Plateau combo 58: score=0.7136, params={'selector__C': 0.0464159, 'selector__l1_ratio': 0.3, 'selector__top_k': 10}
2026-05-10 01:06:41,328 - INFO -   Plateau combo 59: score=0.7126, params={'selector__C': 27.8256, 'selector__l1_ratio': 0.7, 'selector__top_k': 20}
2026-05-10 01:06:41,329 - INFO -   Plateau combo 60: score=0.7121, params={'selector__C': 7.74264, 'selector__l1_ratio': 0.3, 'selector__top_k': 20}
2026-05-10 01:06:41,330 - INFO -   Plateau combo 61: score=0.7117, params={'selector__C': 2.15443, 'selector__l1_ratio': 0.1, 'selector__top_k': 20}
2026-05-10 01:06:41,331 - INFO -   Plateau combo 62: score=0.7108, params={'selector__C': 0.0464159, 'selector__l1_ratio': 0.1, 'selector__top_k': 10}
2026-05-10 01:06:41,332 - INFO -   Plateau combo 63: score=0.7105, params={'selector__C': 0.16681, 'selector__l1_ratio': 0.3, 'selector__top_k': 10}
2026-05-10 01:06:41,333 - INFO -   Plateau combo 64: score=0.7089, params={'selector__C': 27.8256, 'selector__l1_ratio': 0.5, 'selector__top_k': 20}
2026-05-10 01:06:41,333 - INFO -   Plateau combo 65: score=0.7086, params={'selector__C': 0.599484, 'selector__l1_ratio': 0.9, 'selector__top_k': 10}
2026-05-10 01:06:41,334 - INFO -   Plateau combo 66: score=0.7082, params={'selector__C': 0.599484, 'selector__l1_ratio': 0.7, 'selector__top_k': 10}
2026-05-10 01:06:41,335 - INFO -   Plateau combo 67: score=0.7061, params={'selector__C': 0.599484, 'selector__l1_ratio': 0.5, 'selector__top_k': 10}
2026-05-10 01:06:41,336 - INFO -   Plateau combo 68: score=0.7049, params={'selector__C': 7.74264, 'selector__l1_ratio': 0.1, 'selector__top_k': 20}
2026-05-10 01:06:41,337 - INFO -   Plateau combo 69: score=0.7025, params={'selector__C': 27.8256, 'selector__l1_ratio': 0.3, 'selector__top_k': 20}
2026-05-10 01:06:41,338 - INFO -   Plateau combo 70: score=0.7022, params={'selector__C': 100.0, 'selector__l1_ratio': 0.9, 'selector__top_k': 20}
2026-05-10 01:06:41,339 - INFO -   Plateau combo 71: score=0.7018, params={'selector__C': 100.0, 'selector__l1_ratio': 0.7, 'selector__top_k': 20}
2026-05-10 01:06:41,340 - INFO -   Plateau combo 72: score=0.7016, params={'selector__C': 100.0, 'selector__l1_ratio': 0.5, 'selector__top_k': 20}
2026-05-10 01:06:41,341 - INFO -   Plateau combo 73: score=0.7015, params={'selector__C': 27.8256, 'selector__l1_ratio': 0.1, 'selector__top_k': 20}
2026-05-10 01:06:41,341 - INFO -   Plateau combo 74: score=0.7003, params={'selector__C': 100.0, 'selector__l1_ratio': 0.3, 'selector__top_k': 20}
2026-05-10 01:06:41,342 - INFO -   Plateau combo 75: score=0.6997, params={'selector__C': 2.15443, 'selector__l1_ratio': 0.9, 'selector__top_k': 10}
2026-05-10 01:06:41,343 - INFO -   Plateau combo 76: score=0.6992, params={'selector__C': 100.0, 'selector__l1_ratio': 0.1, 'selector__top_k': 20}
2026-05-10 01:06:41,344 - INFO -   Plateau combo 77: score=0.6972, params={'selector__C': 0.16681, 'selector__l1_ratio': 0.1, 'selector__top_k': 10}
2026-05-10 01:06:41,345 - INFO -   Plateau combo 78: score=0.6958, params={'selector__C': 0.599484, 'selector__l1_ratio': 0.3, 'selector__top_k': 10}
2026-05-10 01:06:41,346 - INFO -   Plateau combo 79: score=0.6955, params={'selector__C': 2.15443, 'selector__l1_ratio': 0.7, 'selector__top_k': 10}
2026-05-10 01:06:41,347 - INFO -   Plateau combo 80: score=0.6931, params={'selector__C': 0.0129155, 'selector__l1_ratio': 0.1, 'selector__top_k': 10}
2026-05-10 01:06:42,014 - INFO -     Retraining 80 plateau models
2026-05-10 01:06:42,037 - INFO -       [1/80] n_features=50, params={'selector__C': 0.0464159, 'selector__l1_ratio': 0.1, 'selector__top_k': 50}
2026-05-10 01:06:42,088 - INFO -       [2/80] n_features=50, params={'selector__C': 0.16681, 'selector__l1_ratio': 0.3, 'selector__top_k': 50}
2026-05-10 01:06:42,244 - INFO -       [3/80] n_features=50, params={'selector__C': 0.599484, 'selector__l1_ratio': 0.7, 'selector__top_k': 50}
2026-05-10 01:06:59,789 - INFO -       [80/80] n_features=10, params={'selector__C': 0.0129155, 'selector__l1_ratio': 0.1, 'selector__top_k': 10}
2026-05-10 01:06:59,791 - INFO -     Plateau features: union=106, intersection=3
2026-05-10 01:06:59,799 - INFO -   Fold 1: s1=1.0000 (t=0.50)  s2=0.5476  combined=0.6984  auroc=0.9084  excl=0.7222 (1)  (18.4s)
2026-05-10 01:07:00,420 - INFO -     Retraining 80 plateau models
2026-05-10 01:07:00,441 - INFO -       [1/80] n_features=50, params={'selector__C': 0.0464159, 'selector__l1_ratio': 0.1, 'selector__top_k': 50}
2026-05-10 01:07:00,491 - INFO -       [2/80] n_features=50, params={'selector__C': 0.16681, 'selector__l1_ratio': 0.3, 'selector__top_k': 50}
2026-05-10 01:07:00,630 - INFO -       [3/80] n_features=50, params={'selector__C': 0.599484, 'selector__l1_ratio': 0.7, 'selector__top_k': 50}
2026-05-10 01:07:19,174 - INFO -       [80/80] n_features=10, params={'selector__C': 0.0129155, 'selector__l1_ratio': 0.1, 'selector__top_k': 10}
2026-05-10 01:07:19,176 - INFO -     Plateau features: union=115, intersection=3
2026-05-10 01:07:19,185 - INFO -   Fold 2: s1=1.0000 (t=0.50)  s2=0.6667  combined=0.7778  auroc=0.9206  excl=0.8333 (2)  (19.4s)
2026-05-10 01:07:19,803 - INFO -     Retraining 80 plateau models
2026-05-10 01:07:19,822 - INFO -       [1/80] n_features=50, params={'selector__C': 0.0464159, 'selector__l1_ratio': 0.1, 'selector__top_k': 50}
2026-05-10 01:07:19,871 - INFO -       [2/80] n_features=50, params={'selector__C': 0.16681, 'selector__l1_ratio': 0.3, 'selector__top_k': 50}
2026-05-10 01:07:19,995 - INFO -       [3/80] n_features=50, params={'selector__C': 0.599484, 'selector__l1_ratio': 0.7, 'selector__top_k': 50}
2026-05-10 01:07:36,856 - INFO -       [80/80] n_features=10, params={'selector__C': 0.0129155, 'selector__l1_ratio': 0.1, 'selector__top_k': 10}
2026-05-10 01:07:36,858 - INFO -     Plateau features: union=104, intersection=2
2026-05-10 01:07:36,867 - INFO -   Fold 3: s1=1.0000 (t=0.50)  s2=0.7083  combined=0.8056  auroc=0.9107  excl=0.8056 (0)  (17.7s)
2026-05-10 01:07:37,487 - INFO -     Retraining 80 plateau models
2026-05-10 01:07:37,507 - INFO -       [1/80] n_features=50, params={'selector__C': 0.0464159, 'selector__l1_ratio': 0.1, 'selector__top_k': 50}
2026-05-10 01:07:37,557 - INFO -       [2/80] n_features=50, params={'selector__C': 0.16681, 'selector__l1_ratio': 0.3, 'selector__top_k': 50}
2026-05-10 01:07:37,711 - INFO -       [3/80] n_features=50, params={'selector__C': 0.599484, 'selector__l1_ratio': 0.7, 'selector__top_k': 50}
2026-05-10 01:07:55,006 - INFO -       [80/80] n_features=10, params={'selector__C': 0.0129155, 'selector__l1_ratio': 0.1, 'selector__top_k': 10}
2026-05-10 01:07:55,008 - INFO -     Plateau features: union=100, intersection=4
2026-05-10 01:07:55,018 - INFO -   Fold 4: s1=1.0000 (t=0.50)  s2=0.7143  combined=0.8095  auroc=0.9560  excl=0.8095 (0)  (18.1s)
2026-05-10 01:07:55,655 - INFO -     Retraining 80 plateau models
2026-05-10 01:07:55,677 - INFO -       [1/80] n_features=50, params={'selector__C': 0.0464159, 'selector__l1_ratio': 0.1, 'selector__top_k': 50}
2026-05-10 01:07:55,729 - INFO -       [2/80] n_features=50, params={'selector__C': 0.16681, 'selector__l1_ratio': 0.3, 'selector__top_k': 50}
2026-05-10 01:07:55,867 - INFO -       [3/80] n_features=50, params={'selector__C': 0.599484, 'selector__l1_ratio': 0.7, 'selector__top_k': 50}
2026-05-10 01:08:14,200 - INFO -       [80/80] n_features=10, params={'selector__C': 0.0129155, 'selector__l1_ratio': 0.1, 'selector__top_k': 10}
2026-05-10 01:08:14,203 - INFO -     Plateau features: union=111, intersection=4
2026-05-10 01:08:14,212 - INFO -   Fold 5: s1=1.0000 (t=0.50)  s2=0.9286  combined=0.9524  auroc=0.9927  excl=0.9524 (0)  (19.2s)
2026-05-10 01:08:14,216 - INFO - 
2026-05-10 01:08:14,216 - INFO - Summary for en_nmc_pens_pall repeat 1060:
2026-05-10 01:08:14,217 - INFO -   Stage 1 (HER2+ vs rest):  1.0000 (+/- 0.0000)
2026-05-10 01:08:14,218 - INFO -   Stage 2 (HR+ vs TN):      0.7131 (+/- 0.1233)
2026-05-10 01:08:14,219 - INFO -   Combined (3-class):       0.8087 (+/- 0.0822)
2026-05-10 01:08:14,220 - INFO -   Combined (excl mislabels): 0.8246 (+/- 0.0741)
2026-05-10 01:08:14,220 - INFO -   Combined fold scores: [0.6984, 0.7778, 0.8056, 0.8095, 0.9524]
2026-05-10 01:08:14,221 - INFO -   Total time: 92.9s
2026-05-10 01:08:14,227 - INFO - Fold results saved to /data/cbotos/TB-Project/results/2026-04-24_server_run_v2/hierarchical_nested_cv/data/fold_results_en_nmc_pens_pall_r1060.csv
2026-05-10 01:08:14,229 - INFO - Checkpoint removed (job complete).
