Run: 2026-04-24_server_run_v2
Config: /data/cbotos/TB-Project/results/2026-04-24_server_run_v2/config_snapshot_hierarchical.yaml
Stage 1: kw_rf (fixed, binary HER2+ vs rest, threshold=0.5)
Stage 2: standalone_en (HR+ vs Triple Neg)
Repeat seed: 23
Stage 2 grid size: 50 combinations
Loading data...
Loaded 100 samples, 273 features.
Classes: ['HER2+', 'HR+', 'Triple Neg']
  HER2+: 32 samples
  HR+: 36 samples
  Triple Neg: 32 samples
Mislabel indices verified: [(2, 'Array.67'), (4, 'Array.22')]
  Fold 1: s1=1.0000 (t=0.50)  s2=0.7619  combined=0.8413  auroc=0.9847  excl=0.8413 (0)  (36.3s)
  Fold 2: s1=1.0000 (t=0.50)  s2=0.7143  combined=0.8095  auroc=0.9924  excl=0.8333 (1)  (35.4s)
  Fold 3: s1=1.0000 (t=0.50)  s2=0.5208  combined=0.6806  auroc=0.8968  excl=0.6917 (1)  (35.1s)
  Fold 4: s1=1.0000 (t=0.50)  s2=0.6429  combined=0.7619  auroc=0.9487  excl=0.7619 (0)  (32.8s)
  Fold 5: s1=1.0000 (t=0.50)  s2=0.7857  combined=0.8571  auroc=0.9634  excl=0.8571 (0)  (34.7s)

Summary for v2_standalone_en repeat 23:
  Stage 1 (HER2+ vs rest):  1.0000 (+/- 0.0000)
  Stage 2 (HR+ vs TN):      0.6851 (+/- 0.0955)
  Combined (3-class):       0.7901 (+/- 0.0637)
  Combined (excl mislabels): 0.7971 (+/- 0.0620)
  Combined fold scores: [0.8413, 0.8095, 0.6806, 0.7619, 0.8571]
  Total time: 174.3s
Fold results saved to /data/cbotos/TB-Project/results/2026-04-24_server_run_v2/hierarchical_nested_cv/data/fold_results_standalone_en_r23.csv
Checkpoint removed (job complete).
