Run: 2026-04-24_server_run_v2
Config: /data/cbotos/TB-Project/results/2026-04-24_server_run_v2/config_snapshot_hierarchical.yaml
Stage 1: kw_rf (fixed, binary HER2+ vs rest, threshold=0.5)
Stage 2: kw_nmc_kens (HR+ vs Triple Neg)
Repeat seed: 18
Stage 2: no GridSearchCV (ensemble pipeline)
Loading data...
Loaded 100 samples, 273 features.
Classes: ['HER2+', 'HR+', 'Triple Neg']
  HER2+: 32 samples
  HR+: 36 samples
  Triple Neg: 32 samples
Mislabel indices verified: [(2, 'Array.67'), (4, 'Array.22')]
      k=15: mean_max_prob=0.7470
      k=20: mean_max_prob=0.7330
      k=30: mean_max_prob=0.6967
      k=50: mean_max_prob=0.7144
  Fold 1: s1=1.0000 (t=0.50)  s2=0.6071  combined=0.7381  auroc=0.9161  excl=0.7381 (0)  (1.0s)
      k=15: mean_max_prob=0.7002
      k=20: mean_max_prob=0.7058
      k=30: mean_max_prob=0.7088
      k=50: mean_max_prob=0.7058
  Fold 2: s1=1.0000 (t=0.50)  s2=0.7024  combined=0.8016  auroc=0.9655  excl=0.8889 (2)  (1.0s)
      k=15: mean_max_prob=0.7019
      k=20: mean_max_prob=0.6913
      k=30: mean_max_prob=0.6807
      k=50: mean_max_prob=0.6788
  Fold 3: s1=1.0000 (t=0.50)  s2=0.6875  combined=0.7917  auroc=0.9072  excl=0.7917 (0)  (1.0s)
      k=15: mean_max_prob=0.6970
      k=20: mean_max_prob=0.6984
      k=30: mean_max_prob=0.6819
      k=50: mean_max_prob=0.6745
  Fold 4: s1=1.0000 (t=0.50)  s2=0.9286  combined=0.9524  auroc=1.0000  excl=0.9524 (0)  (1.0s)
      k=15: mean_max_prob=0.6853
      k=20: mean_max_prob=0.6695
      k=30: mean_max_prob=0.6719
      k=50: mean_max_prob=0.6730
  Fold 5: s1=1.0000 (t=0.50)  s2=0.7143  combined=0.8095  auroc=0.9194  excl=0.8095 (0)  (1.0s)

Summary for v2_kw_nmc_kens repeat 18:
  Stage 1 (HER2+ vs rest):  1.0000 (+/- 0.0000)
  Stage 2 (HR+ vs TN):      0.7280 (+/- 0.1071)
  Combined (3-class):       0.8187 (+/- 0.0714)
  Combined (excl mislabels): 0.8361 (+/- 0.0756)
  Combined fold scores: [0.7381, 0.8016, 0.7917, 0.9524, 0.8095]
  Total time: 5.1s
Fold results saved to /data/cbotos/TB-Project/results/2026-04-24_server_run_v2/hierarchical_nested_cv/data/fold_results_kw_nmc_kens_r18.csv
Checkpoint removed (job complete).
