Run: 2026-04-24_server_run_v2
Config: /data/cbotos/TB-Project/results/2026-04-24_server_run_v2/config_snapshot_hierarchical.yaml
Stage 1: kw_rf (fixed, binary HER2+ vs rest, threshold=0.5)
Stage 2: nmc_ensemble (HR+ vs Triple Neg)
Repeat seed: 42
Stage 2: no GridSearchCV (ensemble pipeline)
Loading data...
Loaded 100 samples, 273 features.
Classes: ['HER2+', 'HR+', 'Triple Neg']
  HER2+: 32 samples
  HR+: 36 samples
  Triple Neg: 32 samples
Mislabel indices verified: [(2, 'Array.67'), (4, 'Array.22')]
    Pipeline ensemble component 1: KW k-ensemble
      k=15: mean_max_prob=0.6831
      k=20: mean_max_prob=0.6726
      k=30: mean_max_prob=0.6840
      k=50: mean_max_prob=0.6800
    Pipeline ensemble component 2: EN+NMC GridSearchCV
    Ensemble mean_max_prob: kens=0.6642, en=0.6758, ratio=0.98
  Fold 1: s1=1.0000 (t=0.50)  s2=0.9167  combined=0.9444  auroc=0.9695  excl=1.0000 (1)  (216.2s)
    Pipeline ensemble component 1: KW k-ensemble
      k=15: mean_max_prob=0.6826
      k=20: mean_max_prob=0.6816
      k=30: mean_max_prob=0.6878
      k=50: mean_max_prob=0.6980
    Pipeline ensemble component 2: EN+NMC GridSearchCV
    Ensemble mean_max_prob: kens=0.6693, en=0.6641, ratio=1.01
  Fold 2: s1=1.0000 (t=0.50)  s2=0.6786  combined=0.7857  auroc=0.9548  excl=0.7857 (0)  (215.5s)
    Pipeline ensemble component 1: KW k-ensemble
      k=15: mean_max_prob=0.7005
      k=20: mean_max_prob=0.6830
      k=30: mean_max_prob=0.6912
      k=50: mean_max_prob=0.6703
    Pipeline ensemble component 2: EN+NMC GridSearchCV
    Ensemble mean_max_prob: kens=0.6772, en=0.6406, ratio=1.06
  Fold 3: s1=1.0000 (t=0.50)  s2=0.7917  combined=0.8611  auroc=0.9365  excl=0.8611 (0)  (216.9s)
    Pipeline ensemble component 1: KW k-ensemble
      k=15: mean_max_prob=0.7128
      k=20: mean_max_prob=0.7045
      k=30: mean_max_prob=0.7167
      k=50: mean_max_prob=0.7086
    Pipeline ensemble component 2: EN+NMC GridSearchCV
    Ensemble mean_max_prob: kens=0.7065, en=0.6634, ratio=1.06
  Fold 4: s1=1.0000 (t=0.50)  s2=0.7857  combined=0.8571  auroc=0.9927  excl=0.8571 (0)  (195.9s)
    Pipeline ensemble component 1: KW k-ensemble
      k=15: mean_max_prob=0.7191
      k=20: mean_max_prob=0.7294
      k=30: mean_max_prob=0.7511
      k=50: mean_max_prob=0.7442
    Pipeline ensemble component 2: EN+NMC GridSearchCV
    Ensemble mean_max_prob: kens=0.7292, en=0.6954, ratio=1.05
  Fold 5: s1=1.0000 (t=0.50)  s2=0.7143  combined=0.8095  auroc=0.9084  excl=0.8492 (1)  (186.4s)

Summary for v2_nmc_ensemble repeat 42:
  Stage 1 (HER2+ vs rest):  1.0000 (+/- 0.0000)
  Stage 2 (HR+ vs TN):      0.7774 (+/- 0.0818)
  Combined (3-class):       0.8516 (+/- 0.0545)
  Combined (excl mislabels): 0.8706 (+/- 0.0703)
  Combined fold scores: [0.9444, 0.7857, 0.8611, 0.8571, 0.8095]
  Total time: 1031.0s
Fold results saved to /data/cbotos/TB-Project/results/2026-04-24_server_run_v2/hierarchical_nested_cv/data/fold_results_nmc_ensemble_r42.csv
Checkpoint removed (job complete).
