2026-05-10 00:55:58,421 - INFO - Starting hierarchical_nested_cv_runner (git: db228813).
2026-05-10 00:55:58,425 - INFO - Run: 2026-04-24_server_run_v2
2026-05-10 00:55:58,425 - INFO - Config: /data/cbotos/TB-Project/results/2026-04-24_server_run_v2/config_snapshot_pens_comparison.yaml
2026-05-10 00:55:58,426 - INFO - Stage 1: kw_rf (fixed, binary HER2+ vs rest, threshold=0.5)
2026-05-10 00:55:58,427 - INFO - Stage 2: en_nmc_pens (HR+ vs Triple Neg)
2026-05-10 00:55:58,428 - INFO - Plateau size override: 50
2026-05-10 00:55:58,428 - INFO - Output tag: en_nmc_pens_p50
2026-05-10 00:55:58,429 - INFO - Repeat seed: 1111
2026-05-10 00:55:58,430 - INFO - Stage 2: no GridSearchCV (ensemble pipeline)
2026-05-10 00:55:58,431 - INFO - Loading data...
2026-05-10 00:55:58,441 - INFO - Loaded 100 samples, 273 features.
2026-05-10 00:55:58,442 - INFO - Classes: ['HER2+', 'HR+', 'Triple Neg']
2026-05-10 00:55:58,443 - INFO -   HER2+: 32 samples
2026-05-10 00:55:58,444 - INFO -   HR+: 36 samples
2026-05-10 00:55:58,444 - INFO -   Triple Neg: 32 samples
2026-05-10 00:55:58,445 - INFO - Mislabel indices verified: [(2, 'Array.67'), (4, 'Array.22'), (45, 'Array.113')]
2026-05-10 00:55:59,148 - INFO - Pooled plateau capped: 80 -> 50 combos
2026-05-10 00:55:59,152 - INFO - Pooled plateau: 50 of 200 combos from 250 fold files (best=0.7476, std=0.0547, threshold=0.6929)
2026-05-10 00:55:59,153 - INFO -   Plateau combo 1: score=0.7476, params={'selector__C': 0.0464159, 'selector__l1_ratio': 0.1, 'selector__top_k': 50}
2026-05-10 00:55:59,154 - INFO -   Plateau combo 2: score=0.7459, params={'selector__C': 0.16681, 'selector__l1_ratio': 0.3, 'selector__top_k': 50}
2026-05-10 00:55:59,155 - INFO -   Plateau combo 3: score=0.7434, params={'selector__C': 0.599484, 'selector__l1_ratio': 0.7, 'selector__top_k': 50}
2026-05-10 00:55:59,156 - INFO -   Plateau combo 4: score=0.7427, params={'selector__C': 0.0464159, 'selector__l1_ratio': 0.1, 'selector__top_k': 20}
2026-05-10 00:55:59,157 - INFO -   Plateau combo 5: score=0.7427, params={'selector__C': 0.16681, 'selector__l1_ratio': 0.1, 'selector__top_k': 50}
2026-05-10 00:55:59,158 - INFO -   Plateau combo 6: score=0.7414, params={'selector__C': 100.0, 'selector__l1_ratio': 0.1, 'selector__top_k': 50}
2026-05-10 00:55:59,159 - INFO -   Plateau combo 7: score=0.7409, params={'selector__C': 100.0, 'selector__l1_ratio': 0.3, 'selector__top_k': 50}
2026-05-10 00:55:59,160 - INFO -   Plateau combo 8: score=0.7405, params={'selector__C': 100.0, 'selector__l1_ratio': 0.7, 'selector__top_k': 50}
2026-05-10 00:55:59,161 - INFO -   Plateau combo 9: score=0.7405, params={'selector__C': 0.16681, 'selector__l1_ratio': 0.5, 'selector__top_k': 50}
2026-05-10 00:55:59,161 - INFO -   Plateau combo 10: score=0.7404, params={'selector__C': 0.599484, 'selector__l1_ratio': 0.1, 'selector__top_k': 50}
2026-05-10 00:55:59,162 - INFO -   Plateau combo 11: score=0.7402, params={'selector__C': 27.8256, 'selector__l1_ratio': 0.1, 'selector__top_k': 50}
2026-05-10 00:55:59,163 - INFO -   Plateau combo 12: score=0.7399, params={'selector__C': 100.0, 'selector__l1_ratio': 0.5, 'selector__top_k': 50}
2026-05-10 00:55:59,164 - INFO -   Plateau combo 13: score=0.7398, params={'selector__C': 7.74264, 'selector__l1_ratio': 0.1, 'selector__top_k': 50}
2026-05-10 00:55:59,165 - INFO -   Plateau combo 14: score=0.7397, params={'selector__C': 0.16681, 'selector__l1_ratio': 0.5, 'selector__top_k': 20}
2026-05-10 00:55:59,166 - INFO -   Plateau combo 15: score=0.7388, params={'selector__C': 27.8256, 'selector__l1_ratio': 0.5, 'selector__top_k': 50}
2026-05-10 00:55:59,167 - INFO -   Plateau combo 16: score=0.7387, params={'selector__C': 2.15443, 'selector__l1_ratio': 0.1, 'selector__top_k': 50}
2026-05-10 00:55:59,168 - INFO -   Plateau combo 17: score=0.7385, params={'selector__C': 0.599484, 'selector__l1_ratio': 0.5, 'selector__top_k': 50}
2026-05-10 00:55:59,168 - INFO -   Plateau combo 18: score=0.7384, params={'selector__C': 0.599484, 'selector__l1_ratio': 0.9, 'selector__top_k': 50}
2026-05-10 00:55:59,169 - INFO -   Plateau combo 19: score=0.7383, params={'selector__C': 100.0, 'selector__l1_ratio': 0.9, 'selector__top_k': 50}
2026-05-10 00:55:59,170 - INFO -   Plateau combo 20: score=0.7383, params={'selector__C': 2.15443, 'selector__l1_ratio': 0.9, 'selector__top_k': 50}
2026-05-10 00:55:59,171 - INFO -   Plateau combo 21: score=0.7380, params={'selector__C': 27.8256, 'selector__l1_ratio': 0.3, 'selector__top_k': 50}
2026-05-10 00:55:59,172 - INFO -   Plateau combo 22: score=0.7362, params={'selector__C': 0.599484, 'selector__l1_ratio': 0.3, 'selector__top_k': 50}
2026-05-10 00:55:59,173 - INFO -   Plateau combo 23: score=0.7356, params={'selector__C': 0.16681, 'selector__l1_ratio': 0.3, 'selector__top_k': 20}
2026-05-10 00:55:59,174 - INFO -   Plateau combo 24: score=0.7339, params={'selector__C': 2.15443, 'selector__l1_ratio': 0.7, 'selector__top_k': 50}
2026-05-10 00:55:59,175 - INFO -   Plateau combo 25: score=0.7334, params={'selector__C': 0.16681, 'selector__l1_ratio': 0.7, 'selector__top_k': 50}
2026-05-10 00:55:59,176 - INFO -   Plateau combo 26: score=0.7329, params={'selector__C': 7.74264, 'selector__l1_ratio': 0.3, 'selector__top_k': 50}
2026-05-10 00:55:59,176 - INFO -   Plateau combo 27: score=0.7328, params={'selector__C': 0.16681, 'selector__l1_ratio': 0.7, 'selector__top_k': 20}
2026-05-10 00:55:59,177 - INFO -   Plateau combo 28: score=0.7324, params={'selector__C': 2.15443, 'selector__l1_ratio': 0.3, 'selector__top_k': 50}
2026-05-10 00:55:59,178 - INFO -   Plateau combo 29: score=0.7321, params={'selector__C': 27.8256, 'selector__l1_ratio': 0.7, 'selector__top_k': 50}
2026-05-10 00:55:59,179 - INFO -   Plateau combo 30: score=0.7303, params={'selector__C': 0.599484, 'selector__l1_ratio': 0.9, 'selector__top_k': 20}
2026-05-10 00:55:59,180 - INFO -   Plateau combo 31: score=0.7301, params={'selector__C': 0.599484, 'selector__l1_ratio': 0.7, 'selector__top_k': 20}
2026-05-10 00:55:59,181 - INFO -   Plateau combo 32: score=0.7300, params={'selector__C': 0.16681, 'selector__l1_ratio': 0.1, 'selector__top_k': 20}
2026-05-10 00:55:59,182 - INFO -   Plateau combo 33: score=0.7298, params={'selector__C': 27.8256, 'selector__l1_ratio': 0.9, 'selector__top_k': 50}
2026-05-10 00:55:59,182 - INFO -   Plateau combo 34: score=0.7297, params={'selector__C': 2.15443, 'selector__l1_ratio': 0.5, 'selector__top_k': 50}
2026-05-10 00:55:59,183 - INFO -   Plateau combo 35: score=0.7296, params={'selector__C': 7.74264, 'selector__l1_ratio': 0.5, 'selector__top_k': 50}
2026-05-10 00:55:59,184 - INFO -   Plateau combo 36: score=0.7294, params={'selector__C': 0.599484, 'selector__l1_ratio': 0.5, 'selector__top_k': 20}
2026-05-10 00:55:59,185 - INFO -   Plateau combo 37: score=0.7286, params={'selector__C': 7.74264, 'selector__l1_ratio': 0.9, 'selector__top_k': 50}
2026-05-10 00:55:59,186 - INFO -   Plateau combo 38: score=0.7281, params={'selector__C': 2.15443, 'selector__l1_ratio': 0.9, 'selector__top_k': 20}
2026-05-10 00:55:59,187 - INFO -   Plateau combo 39: score=0.7280, params={'selector__C': 0.0464159, 'selector__l1_ratio': 0.3, 'selector__top_k': 50}
2026-05-10 00:55:59,188 - INFO -   Plateau combo 40: score=0.7280, params={'selector__C': 7.74264, 'selector__l1_ratio': 0.7, 'selector__top_k': 50}
2026-05-10 00:55:59,189 - INFO -   Plateau combo 41: score=0.7270, params={'selector__C': 2.15443, 'selector__l1_ratio': 0.7, 'selector__top_k': 20}
2026-05-10 00:55:59,190 - INFO -   Plateau combo 42: score=0.7253, params={'selector__C': 0.0464159, 'selector__l1_ratio': 0.3, 'selector__top_k': 20}
2026-05-10 00:55:59,190 - INFO -   Plateau combo 43: score=0.7243, params={'selector__C': 0.16681, 'selector__l1_ratio': 0.9, 'selector__top_k': 50}
2026-05-10 00:55:59,191 - INFO -   Plateau combo 44: score=0.7238, params={'selector__C': 0.599484, 'selector__l1_ratio': 0.3, 'selector__top_k': 20}
2026-05-10 00:55:59,192 - INFO -   Plateau combo 45: score=0.7237, params={'selector__C': 2.15443, 'selector__l1_ratio': 0.5, 'selector__top_k': 20}
2026-05-10 00:55:59,193 - INFO -   Plateau combo 46: score=0.7236, params={'selector__C': 0.16681, 'selector__l1_ratio': 0.9, 'selector__top_k': 20}
2026-05-10 00:55:59,194 - INFO -   Plateau combo 47: score=0.7232, params={'selector__C': 7.74264, 'selector__l1_ratio': 0.9, 'selector__top_k': 20}
2026-05-10 00:55:59,195 - INFO -   Plateau combo 48: score=0.7221, params={'selector__C': 7.74264, 'selector__l1_ratio': 0.7, 'selector__top_k': 20}
2026-05-10 00:55:59,196 - INFO -   Plateau combo 49: score=0.7210, params={'selector__C': 0.16681, 'selector__l1_ratio': 0.9, 'selector__top_k': 10}
2026-05-10 00:55:59,197 - INFO -   Plateau combo 50: score=0.7205, params={'selector__C': 0.599484, 'selector__l1_ratio': 0.1, 'selector__top_k': 20}
2026-05-10 00:55:59,861 - INFO -     Retraining 50 plateau models
2026-05-10 00:55:59,884 - INFO -       [1/50] n_features=50, params={'selector__C': 0.0464159, 'selector__l1_ratio': 0.1, 'selector__top_k': 50}
2026-05-10 00:55:59,938 - INFO -       [2/50] n_features=50, params={'selector__C': 0.16681, 'selector__l1_ratio': 0.3, 'selector__top_k': 50}
2026-05-10 00:56:00,115 - INFO -       [3/50] n_features=50, params={'selector__C': 0.599484, 'selector__l1_ratio': 0.7, 'selector__top_k': 50}
2026-05-10 00:56:11,804 - INFO -       [50/50] n_features=20, params={'selector__C': 0.599484, 'selector__l1_ratio': 0.1, 'selector__top_k': 20}
2026-05-10 00:56:11,806 - INFO -     Plateau features: union=107, intersection=9
2026-05-10 00:56:11,815 - INFO -   Fold 1: s1=1.0000 (t=0.50)  s2=0.7857  combined=0.8571  auroc=0.9389  excl=0.8889 (2)  (12.6s)
2026-05-10 00:56:12,455 - INFO -     Retraining 50 plateau models
2026-05-10 00:56:12,477 - INFO -       [1/50] n_features=50, params={'selector__C': 0.0464159, 'selector__l1_ratio': 0.1, 'selector__top_k': 50}
2026-05-10 00:56:12,533 - INFO -       [2/50] n_features=50, params={'selector__C': 0.16681, 'selector__l1_ratio': 0.3, 'selector__top_k': 50}
2026-05-10 00:56:12,720 - INFO -       [3/50] n_features=50, params={'selector__C': 0.599484, 'selector__l1_ratio': 0.7, 'selector__top_k': 50}
2026-05-10 00:56:24,618 - INFO -       [50/50] n_features=20, params={'selector__C': 0.599484, 'selector__l1_ratio': 0.1, 'selector__top_k': 20}
2026-05-10 00:56:24,620 - INFO -     Plateau features: union=109, intersection=5
2026-05-10 00:56:24,629 - INFO -   Fold 2: s1=1.0000 (t=0.50)  s2=0.6905  combined=0.7937  auroc=0.9313  excl=0.7937 (0)  (12.8s)
2026-05-10 00:56:25,266 - INFO -     Retraining 50 plateau models
2026-05-10 00:56:25,287 - INFO -       [1/50] n_features=50, params={'selector__C': 0.0464159, 'selector__l1_ratio': 0.1, 'selector__top_k': 50}
2026-05-10 00:56:25,340 - INFO -       [2/50] n_features=50, params={'selector__C': 0.16681, 'selector__l1_ratio': 0.3, 'selector__top_k': 50}
2026-05-10 00:56:25,466 - INFO -       [3/50] n_features=50, params={'selector__C': 0.599484, 'selector__l1_ratio': 0.7, 'selector__top_k': 50}
2026-05-10 00:56:36,335 - INFO -       [50/50] n_features=20, params={'selector__C': 0.599484, 'selector__l1_ratio': 0.1, 'selector__top_k': 20}
2026-05-10 00:56:36,337 - INFO -     Plateau features: union=107, intersection=6
2026-05-10 00:56:36,346 - INFO -   Fold 3: s1=1.0000 (t=0.50)  s2=0.7708  combined=0.8472  auroc=0.9291  excl=0.8472 (0)  (11.7s)
2026-05-10 00:56:36,989 - INFO -     Retraining 50 plateau models
2026-05-10 00:56:37,011 - INFO -       [1/50] n_features=50, params={'selector__C': 0.0464159, 'selector__l1_ratio': 0.1, 'selector__top_k': 50}
2026-05-10 00:56:37,061 - INFO -       [2/50] n_features=50, params={'selector__C': 0.16681, 'selector__l1_ratio': 0.3, 'selector__top_k': 50}
2026-05-10 00:56:37,225 - INFO -       [3/50] n_features=50, params={'selector__C': 0.599484, 'selector__l1_ratio': 0.7, 'selector__top_k': 50}
2026-05-10 00:56:49,062 - INFO -       [50/50] n_features=20, params={'selector__C': 0.599484, 'selector__l1_ratio': 0.1, 'selector__top_k': 20}
2026-05-10 00:56:49,065 - INFO -     Plateau features: union=110, intersection=6
2026-05-10 00:56:49,074 - INFO -   Fold 4: s1=1.0000 (t=0.50)  s2=0.9286  combined=0.9524  auroc=0.9853  excl=0.9524 (0)  (12.7s)
2026-05-10 00:56:49,712 - INFO -     Retraining 50 plateau models
2026-05-10 00:56:49,735 - INFO -       [1/50] n_features=50, params={'selector__C': 0.0464159, 'selector__l1_ratio': 0.1, 'selector__top_k': 50}
2026-05-10 00:56:49,788 - INFO -       [2/50] n_features=50, params={'selector__C': 0.16681, 'selector__l1_ratio': 0.3, 'selector__top_k': 50}
2026-05-10 00:56:49,949 - INFO -       [3/50] n_features=50, params={'selector__C': 0.599484, 'selector__l1_ratio': 0.7, 'selector__top_k': 50}
2026-05-10 00:57:01,915 - INFO -       [50/50] n_features=20, params={'selector__C': 0.599484, 'selector__l1_ratio': 0.1, 'selector__top_k': 20}
2026-05-10 00:57:01,916 - INFO -     Plateau features: union=118, intersection=6
2026-05-10 00:57:01,925 - INFO -   Fold 5: s1=1.0000 (t=0.50)  s2=0.8571  combined=0.9048  auroc=0.9744  excl=0.9444 (1)  (12.8s)
2026-05-10 00:57:01,928 - INFO - 
2026-05-10 00:57:01,929 - INFO - Summary for en_nmc_pens_p50 repeat 1111:
2026-05-10 00:57:01,929 - INFO -   Stage 1 (HER2+ vs rest):  1.0000 (+/- 0.0000)
2026-05-10 00:57:01,930 - INFO -   Stage 2 (HR+ vs TN):      0.8065 (+/- 0.0808)
2026-05-10 00:57:01,931 - INFO -   Combined (3-class):       0.8710 (+/- 0.0539)
2026-05-10 00:57:01,932 - INFO -   Combined (excl mislabels): 0.8853 (+/- 0.0598)
2026-05-10 00:57:01,933 - INFO -   Combined fold scores: [0.8571, 0.7937, 0.8472, 0.9524, 0.9048]
2026-05-10 00:57:01,934 - INFO -   Total time: 62.7s
2026-05-10 00:57:01,940 - INFO - Fold results saved to /data/cbotos/TB-Project/results/2026-04-24_server_run_v2/hierarchical_nested_cv/data/fold_results_en_nmc_pens_p50_r1111.csv
2026-05-10 00:57:01,941 - INFO - Checkpoint removed (job complete).
