Run: 2026-04-24_server_run_v2
Config: /data/cbotos/TB-Project/results/2026-04-24_server_run_v2/config_snapshot_hierarchical.yaml
Stage 1: kw_rf (fixed, binary HER2+ vs rest, threshold=0.5)
Stage 2: en_nmc (HR+ vs Triple Neg)
Repeat seed: 28
Stage 2 grid size: 200 combinations
Loading data...
Loaded 100 samples, 273 features.
Classes: ['HER2+', 'HR+', 'Triple Neg']
  HER2+: 32 samples
  HR+: 36 samples
  Triple Neg: 32 samples
Mislabel indices verified: [(2, 'Array.67'), (4, 'Array.22')]
  Fold 1: s1=1.0000 (t=0.50)  s2=0.7619  combined=0.8413  auroc=0.9274  excl=0.8413 (0)  (208.2s)
  Fold 2: s1=1.0000 (t=0.50)  s2=0.8452  combined=0.8968  auroc=0.9847  excl=0.9444 (1)  (216.0s)
  Fold 3: s1=1.0000 (t=0.50)  s2=0.7083  combined=0.8056  auroc=0.9256  excl=0.8500 (1)  (214.5s)
  Fold 4: s1=1.0000 (t=0.50)  s2=0.7143  combined=0.8095  auroc=0.9158  excl=0.8095 (0)  (210.0s)
  Fold 5: s1=1.0000 (t=0.50)  s2=0.5714  combined=0.7143  auroc=0.9084  excl=0.7143 (0)  (219.5s)

Summary for v2_en_nmc repeat 28:
  Stage 1 (HER2+ vs rest):  1.0000 (+/- 0.0000)
  Stage 2 (HR+ vs TN):      0.7202 (+/- 0.0891)
  Combined (3-class):       0.8135 (+/- 0.0594)
  Combined (excl mislabels): 0.8319 (+/- 0.0740)
  Combined fold scores: [0.8413, 0.8968, 0.8056, 0.8095, 0.7143]
  Total time: 1068.2s
Fold results saved to /data/cbotos/TB-Project/results/2026-04-24_server_run_v2/hierarchical_nested_cv/data/fold_results_en_nmc_r28.csv
Checkpoint removed (job complete).
