Run: 2026-04-24_server_run_v2
Config: /data/cbotos/TB-Project/results/2026-04-24_server_run_v2/config_snapshot_hierarchical.yaml
Stage 1: kw_rf (fixed, binary HER2+ vs rest, threshold=0.5)
Stage 2: kw_nmc_pens (HR+ vs Triple Neg)
Repeat seed: 13
Stage 2: no GridSearchCV (ensemble pipeline)
Loading data...
Loaded 100 samples, 273 features.
Classes: ['HER2+', 'HR+', 'Triple Neg']
  HER2+: 32 samples
  HR+: 36 samples
  Triple Neg: 32 samples
Mislabel indices verified: [(2, 'Array.67'), (4, 'Array.22')]
Pooled plateau: 7 of 8 combos from 250 fold files (best=0.7264, std=0.0615, threshold=0.6649)
  Plateau combo 1: score=0.7264, params={'selector__k': 30}
  Plateau combo 2: score=0.7220, params={'selector__k': 50}
  Plateau combo 3: score=0.7212, params={'selector__k': 20}
  Plateau combo 4: score=0.7066, params={'selector__k': 15}
  Plateau combo 5: score=0.7065, params={'selector__k': 75}
  Plateau combo 6: score=0.6950, params={'selector__k': 100}
  Plateau combo 7: score=0.6786, params={'selector__k': 10}
    Retraining 7 plateau models
      [1/7] n_features=30, params={'selector__k': 30}
      [2/7] n_features=50, params={'selector__k': 50}
      [3/7] n_features=20, params={'selector__k': 20}
      [7/7] n_features=10, params={'selector__k': 10}
    Plateau features: union=100, intersection=10
  Fold 1: s1=1.0000 (t=0.50)  s2=0.7738  combined=0.8492  auroc=0.9771  excl=0.8492 (0)  (2.0s)
    Retraining 7 plateau models
      [1/7] n_features=30, params={'selector__k': 30}
      [2/7] n_features=50, params={'selector__k': 50}
      [3/7] n_features=20, params={'selector__k': 20}
      [7/7] n_features=10, params={'selector__k': 10}
    Plateau features: union=100, intersection=10
  Fold 2: s1=1.0000 (t=0.50)  s2=0.7619  combined=0.8413  auroc=0.9618  excl=0.8889 (1)  (2.0s)
    Retraining 7 plateau models
      [1/7] n_features=30, params={'selector__k': 30}
      [2/7] n_features=50, params={'selector__k': 50}
      [3/7] n_features=20, params={'selector__k': 20}
      [7/7] n_features=10, params={'selector__k': 10}
    Plateau features: union=100, intersection=10
  Fold 3: s1=1.0000 (t=0.50)  s2=0.5000  combined=0.6667  auroc=0.8552  excl=0.6667 (0)  (1.9s)
    Retraining 7 plateau models
      [1/7] n_features=30, params={'selector__k': 30}
      [2/7] n_features=50, params={'selector__k': 50}
      [3/7] n_features=20, params={'selector__k': 20}
      [7/7] n_features=10, params={'selector__k': 10}
    Plateau features: union=100, intersection=10
  Fold 4: s1=1.0000 (t=0.50)  s2=0.7857  combined=0.8571  auroc=0.9634  excl=0.8571 (0)  (1.5s)
    Retraining 7 plateau models
      [1/7] n_features=30, params={'selector__k': 30}
      [2/7] n_features=50, params={'selector__k': 50}
      [3/7] n_features=20, params={'selector__k': 20}
      [7/7] n_features=10, params={'selector__k': 10}
    Plateau features: union=100, intersection=10
  Fold 5: s1=1.0000 (t=0.50)  s2=0.5000  combined=0.6667  auroc=0.8132  excl=0.6825 (1)  (1.6s)

Summary for v2_kw_nmc_pens repeat 13:
  Stage 1 (HER2+ vs rest):  1.0000 (+/- 0.0000)
  Stage 2 (HR+ vs TN):      0.6643 (+/- 0.1343)
  Combined (3-class):       0.7762 (+/- 0.0896)
  Combined (excl mislabels): 0.7889 (+/- 0.0944)
  Combined fold scores: [0.8492, 0.8413, 0.6667, 0.8571, 0.6667]
  Total time: 9.1s
Fold results saved to /data/cbotos/TB-Project/results/2026-04-24_server_run_v2/hierarchical_nested_cv/data/fold_results_kw_nmc_pens_r13.csv
Checkpoint removed (job complete).
