2026-05-10 00:57:05,638 - INFO - Starting hierarchical_nested_cv_runner (git: db228813).
2026-05-10 00:57:05,641 - INFO - Run: 2026-04-24_server_run_v2
2026-05-10 00:57:05,642 - INFO - Config: /data/cbotos/TB-Project/results/2026-04-24_server_run_v2/config_snapshot_pens_comparison.yaml
2026-05-10 00:57:05,643 - INFO - Stage 1: kw_rf (fixed, binary HER2+ vs rest, threshold=0.5)
2026-05-10 00:57:05,644 - INFO - Stage 2: en_nmc_pens (HR+ vs Triple Neg)
2026-05-10 00:57:05,645 - INFO - Plateau size override: 50
2026-05-10 00:57:05,646 - INFO - Output tag: en_nmc_pens_p50
2026-05-10 00:57:05,646 - INFO - Repeat seed: 1185
2026-05-10 00:57:05,648 - INFO - Stage 2: no GridSearchCV (ensemble pipeline)
2026-05-10 00:57:05,649 - INFO - Loading data...
2026-05-10 00:57:05,664 - INFO - Loaded 100 samples, 273 features.
2026-05-10 00:57:05,665 - INFO - Classes: ['HER2+', 'HR+', 'Triple Neg']
2026-05-10 00:57:05,666 - INFO -   HER2+: 32 samples
2026-05-10 00:57:05,667 - INFO -   HR+: 36 samples
2026-05-10 00:57:05,668 - INFO -   Triple Neg: 32 samples
2026-05-10 00:57:05,669 - INFO - Mislabel indices verified: [(2, 'Array.67'), (4, 'Array.22'), (45, 'Array.113')]
2026-05-10 00:57:06,354 - INFO - Pooled plateau capped: 80 -> 50 combos
2026-05-10 00:57:06,358 - INFO - Pooled plateau: 50 of 200 combos from 250 fold files (best=0.7476, std=0.0547, threshold=0.6929)
2026-05-10 00:57:06,359 - INFO -   Plateau combo 1: score=0.7476, params={'selector__C': 0.0464159, 'selector__l1_ratio': 0.1, 'selector__top_k': 50}
2026-05-10 00:57:06,360 - INFO -   Plateau combo 2: score=0.7459, params={'selector__C': 0.16681, 'selector__l1_ratio': 0.3, 'selector__top_k': 50}
2026-05-10 00:57:06,361 - INFO -   Plateau combo 3: score=0.7434, params={'selector__C': 0.599484, 'selector__l1_ratio': 0.7, 'selector__top_k': 50}
2026-05-10 00:57:06,362 - INFO -   Plateau combo 4: score=0.7427, params={'selector__C': 0.0464159, 'selector__l1_ratio': 0.1, 'selector__top_k': 20}
2026-05-10 00:57:06,363 - INFO -   Plateau combo 5: score=0.7427, params={'selector__C': 0.16681, 'selector__l1_ratio': 0.1, 'selector__top_k': 50}
2026-05-10 00:57:06,364 - INFO -   Plateau combo 6: score=0.7414, params={'selector__C': 100.0, 'selector__l1_ratio': 0.1, 'selector__top_k': 50}
2026-05-10 00:57:06,365 - INFO -   Plateau combo 7: score=0.7409, params={'selector__C': 100.0, 'selector__l1_ratio': 0.3, 'selector__top_k': 50}
2026-05-10 00:57:06,366 - INFO -   Plateau combo 8: score=0.7405, params={'selector__C': 100.0, 'selector__l1_ratio': 0.7, 'selector__top_k': 50}
2026-05-10 00:57:06,367 - INFO -   Plateau combo 9: score=0.7405, params={'selector__C': 0.16681, 'selector__l1_ratio': 0.5, 'selector__top_k': 50}
2026-05-10 00:57:06,367 - INFO -   Plateau combo 10: score=0.7404, params={'selector__C': 0.599484, 'selector__l1_ratio': 0.1, 'selector__top_k': 50}
2026-05-10 00:57:06,368 - INFO -   Plateau combo 11: score=0.7402, params={'selector__C': 27.8256, 'selector__l1_ratio': 0.1, 'selector__top_k': 50}
2026-05-10 00:57:06,369 - INFO -   Plateau combo 12: score=0.7399, params={'selector__C': 100.0, 'selector__l1_ratio': 0.5, 'selector__top_k': 50}
2026-05-10 00:57:06,370 - INFO -   Plateau combo 13: score=0.7398, params={'selector__C': 7.74264, 'selector__l1_ratio': 0.1, 'selector__top_k': 50}
2026-05-10 00:57:06,371 - INFO -   Plateau combo 14: score=0.7397, params={'selector__C': 0.16681, 'selector__l1_ratio': 0.5, 'selector__top_k': 20}
2026-05-10 00:57:06,372 - INFO -   Plateau combo 15: score=0.7388, params={'selector__C': 27.8256, 'selector__l1_ratio': 0.5, 'selector__top_k': 50}
2026-05-10 00:57:06,373 - INFO -   Plateau combo 16: score=0.7387, params={'selector__C': 2.15443, 'selector__l1_ratio': 0.1, 'selector__top_k': 50}
2026-05-10 00:57:06,374 - INFO -   Plateau combo 17: score=0.7385, params={'selector__C': 0.599484, 'selector__l1_ratio': 0.5, 'selector__top_k': 50}
2026-05-10 00:57:06,374 - INFO -   Plateau combo 18: score=0.7384, params={'selector__C': 0.599484, 'selector__l1_ratio': 0.9, 'selector__top_k': 50}
2026-05-10 00:57:06,375 - INFO -   Plateau combo 19: score=0.7383, params={'selector__C': 100.0, 'selector__l1_ratio': 0.9, 'selector__top_k': 50}
2026-05-10 00:57:06,376 - INFO -   Plateau combo 20: score=0.7383, params={'selector__C': 2.15443, 'selector__l1_ratio': 0.9, 'selector__top_k': 50}
2026-05-10 00:57:06,377 - INFO -   Plateau combo 21: score=0.7380, params={'selector__C': 27.8256, 'selector__l1_ratio': 0.3, 'selector__top_k': 50}
2026-05-10 00:57:06,378 - INFO -   Plateau combo 22: score=0.7362, params={'selector__C': 0.599484, 'selector__l1_ratio': 0.3, 'selector__top_k': 50}
2026-05-10 00:57:06,379 - INFO -   Plateau combo 23: score=0.7356, params={'selector__C': 0.16681, 'selector__l1_ratio': 0.3, 'selector__top_k': 20}
2026-05-10 00:57:06,380 - INFO -   Plateau combo 24: score=0.7339, params={'selector__C': 2.15443, 'selector__l1_ratio': 0.7, 'selector__top_k': 50}
2026-05-10 00:57:06,381 - INFO -   Plateau combo 25: score=0.7334, params={'selector__C': 0.16681, 'selector__l1_ratio': 0.7, 'selector__top_k': 50}
2026-05-10 00:57:06,382 - INFO -   Plateau combo 26: score=0.7329, params={'selector__C': 7.74264, 'selector__l1_ratio': 0.3, 'selector__top_k': 50}
2026-05-10 00:57:06,383 - INFO -   Plateau combo 27: score=0.7328, params={'selector__C': 0.16681, 'selector__l1_ratio': 0.7, 'selector__top_k': 20}
2026-05-10 00:57:06,383 - INFO -   Plateau combo 28: score=0.7324, params={'selector__C': 2.15443, 'selector__l1_ratio': 0.3, 'selector__top_k': 50}
2026-05-10 00:57:06,384 - INFO -   Plateau combo 29: score=0.7321, params={'selector__C': 27.8256, 'selector__l1_ratio': 0.7, 'selector__top_k': 50}
2026-05-10 00:57:06,385 - INFO -   Plateau combo 30: score=0.7303, params={'selector__C': 0.599484, 'selector__l1_ratio': 0.9, 'selector__top_k': 20}
2026-05-10 00:57:06,386 - INFO -   Plateau combo 31: score=0.7301, params={'selector__C': 0.599484, 'selector__l1_ratio': 0.7, 'selector__top_k': 20}
2026-05-10 00:57:06,387 - INFO -   Plateau combo 32: score=0.7300, params={'selector__C': 0.16681, 'selector__l1_ratio': 0.1, 'selector__top_k': 20}
2026-05-10 00:57:06,388 - INFO -   Plateau combo 33: score=0.7298, params={'selector__C': 27.8256, 'selector__l1_ratio': 0.9, 'selector__top_k': 50}
2026-05-10 00:57:06,389 - INFO -   Plateau combo 34: score=0.7297, params={'selector__C': 2.15443, 'selector__l1_ratio': 0.5, 'selector__top_k': 50}
2026-05-10 00:57:06,390 - INFO -   Plateau combo 35: score=0.7296, params={'selector__C': 7.74264, 'selector__l1_ratio': 0.5, 'selector__top_k': 50}
2026-05-10 00:57:06,390 - INFO -   Plateau combo 36: score=0.7294, params={'selector__C': 0.599484, 'selector__l1_ratio': 0.5, 'selector__top_k': 20}
2026-05-10 00:57:06,391 - INFO -   Plateau combo 37: score=0.7286, params={'selector__C': 7.74264, 'selector__l1_ratio': 0.9, 'selector__top_k': 50}
2026-05-10 00:57:06,392 - INFO -   Plateau combo 38: score=0.7281, params={'selector__C': 2.15443, 'selector__l1_ratio': 0.9, 'selector__top_k': 20}
2026-05-10 00:57:06,393 - INFO -   Plateau combo 39: score=0.7280, params={'selector__C': 0.0464159, 'selector__l1_ratio': 0.3, 'selector__top_k': 50}
2026-05-10 00:57:06,394 - INFO -   Plateau combo 40: score=0.7280, params={'selector__C': 7.74264, 'selector__l1_ratio': 0.7, 'selector__top_k': 50}
2026-05-10 00:57:06,395 - INFO -   Plateau combo 41: score=0.7270, params={'selector__C': 2.15443, 'selector__l1_ratio': 0.7, 'selector__top_k': 20}
2026-05-10 00:57:06,396 - INFO -   Plateau combo 42: score=0.7253, params={'selector__C': 0.0464159, 'selector__l1_ratio': 0.3, 'selector__top_k': 20}
2026-05-10 00:57:06,397 - INFO -   Plateau combo 43: score=0.7243, params={'selector__C': 0.16681, 'selector__l1_ratio': 0.9, 'selector__top_k': 50}
2026-05-10 00:57:06,398 - INFO -   Plateau combo 44: score=0.7238, params={'selector__C': 0.599484, 'selector__l1_ratio': 0.3, 'selector__top_k': 20}
2026-05-10 00:57:06,398 - INFO -   Plateau combo 45: score=0.7237, params={'selector__C': 2.15443, 'selector__l1_ratio': 0.5, 'selector__top_k': 20}
2026-05-10 00:57:06,399 - INFO -   Plateau combo 46: score=0.7236, params={'selector__C': 0.16681, 'selector__l1_ratio': 0.9, 'selector__top_k': 20}
2026-05-10 00:57:06,400 - INFO -   Plateau combo 47: score=0.7232, params={'selector__C': 7.74264, 'selector__l1_ratio': 0.9, 'selector__top_k': 20}
2026-05-10 00:57:06,401 - INFO -   Plateau combo 48: score=0.7221, params={'selector__C': 7.74264, 'selector__l1_ratio': 0.7, 'selector__top_k': 20}
2026-05-10 00:57:06,402 - INFO -   Plateau combo 49: score=0.7210, params={'selector__C': 0.16681, 'selector__l1_ratio': 0.9, 'selector__top_k': 10}
2026-05-10 00:57:06,403 - INFO -   Plateau combo 50: score=0.7205, params={'selector__C': 0.599484, 'selector__l1_ratio': 0.1, 'selector__top_k': 20}
2026-05-10 00:57:07,050 - INFO -     Retraining 50 plateau models
2026-05-10 00:57:07,072 - INFO -       [1/50] n_features=50, params={'selector__C': 0.0464159, 'selector__l1_ratio': 0.1, 'selector__top_k': 50}
2026-05-10 00:57:07,123 - INFO -       [2/50] n_features=50, params={'selector__C': 0.16681, 'selector__l1_ratio': 0.3, 'selector__top_k': 50}
2026-05-10 00:57:07,243 - INFO -       [3/50] n_features=50, params={'selector__C': 0.599484, 'selector__l1_ratio': 0.7, 'selector__top_k': 50}
2026-05-10 00:57:18,820 - INFO -       [50/50] n_features=20, params={'selector__C': 0.599484, 'selector__l1_ratio': 0.1, 'selector__top_k': 20}
2026-05-10 00:57:18,822 - INFO -     Plateau features: union=109, intersection=6
2026-05-10 00:57:18,831 - INFO -   Fold 1: s1=1.0000 (t=0.50)  s2=0.6905  combined=0.7937  auroc=0.9274  excl=0.8381 (1)  (12.4s)
2026-05-10 00:57:19,478 - INFO -     Retraining 50 plateau models
2026-05-10 00:57:19,499 - INFO -       [1/50] n_features=50, params={'selector__C': 0.0464159, 'selector__l1_ratio': 0.1, 'selector__top_k': 50}
2026-05-10 00:57:19,560 - INFO -       [2/50] n_features=50, params={'selector__C': 0.16681, 'selector__l1_ratio': 0.3, 'selector__top_k': 50}
2026-05-10 00:57:19,715 - INFO -       [3/50] n_features=50, params={'selector__C': 0.599484, 'selector__l1_ratio': 0.7, 'selector__top_k': 50}
2026-05-10 00:57:31,227 - INFO -       [50/50] n_features=20, params={'selector__C': 0.599484, 'selector__l1_ratio': 0.1, 'selector__top_k': 20}
2026-05-10 00:57:31,229 - INFO -     Plateau features: union=112, intersection=7
2026-05-10 00:57:31,238 - INFO -   Fold 2: s1=1.0000 (t=0.50)  s2=0.7619  combined=0.8413  auroc=0.9695  excl=0.8413 (0)  (12.4s)
2026-05-10 00:57:31,881 - INFO -     Retraining 50 plateau models
2026-05-10 00:57:31,902 - INFO -       [1/50] n_features=50, params={'selector__C': 0.0464159, 'selector__l1_ratio': 0.1, 'selector__top_k': 50}
2026-05-10 00:57:31,954 - INFO -       [2/50] n_features=50, params={'selector__C': 0.16681, 'selector__l1_ratio': 0.3, 'selector__top_k': 50}
2026-05-10 00:57:32,112 - INFO -       [3/50] n_features=50, params={'selector__C': 0.599484, 'selector__l1_ratio': 0.7, 'selector__top_k': 50}
2026-05-10 00:57:42,672 - INFO -       [50/50] n_features=20, params={'selector__C': 0.599484, 'selector__l1_ratio': 0.1, 'selector__top_k': 20}
2026-05-10 00:57:42,674 - INFO -     Plateau features: union=117, intersection=7
2026-05-10 00:57:42,683 - INFO -   Fold 3: s1=1.0000 (t=0.50)  s2=0.9167  combined=0.9444  auroc=1.0000  excl=0.9444 (0)  (11.4s)
2026-05-10 00:57:43,320 - INFO -     Retraining 50 plateau models
2026-05-10 00:57:43,342 - INFO -       [1/50] n_features=50, params={'selector__C': 0.0464159, 'selector__l1_ratio': 0.1, 'selector__top_k': 50}
2026-05-10 00:57:43,390 - INFO -       [2/50] n_features=50, params={'selector__C': 0.16681, 'selector__l1_ratio': 0.3, 'selector__top_k': 50}
2026-05-10 00:57:43,535 - INFO -       [3/50] n_features=50, params={'selector__C': 0.599484, 'selector__l1_ratio': 0.7, 'selector__top_k': 50}
2026-05-10 00:57:54,281 - INFO -       [50/50] n_features=20, params={'selector__C': 0.599484, 'selector__l1_ratio': 0.1, 'selector__top_k': 20}
2026-05-10 00:57:54,283 - INFO -     Plateau features: union=105, intersection=6
2026-05-10 00:57:54,293 - INFO -   Fold 4: s1=1.0000 (t=0.50)  s2=0.7143  combined=0.8095  auroc=0.9341  excl=0.8095 (0)  (11.6s)
2026-05-10 00:57:54,928 - INFO -     Retraining 50 plateau models
2026-05-10 00:57:54,950 - INFO -       [1/50] n_features=50, params={'selector__C': 0.0464159, 'selector__l1_ratio': 0.1, 'selector__top_k': 50}
2026-05-10 00:57:55,000 - INFO -       [2/50] n_features=50, params={'selector__C': 0.16681, 'selector__l1_ratio': 0.3, 'selector__top_k': 50}
2026-05-10 00:57:55,149 - INFO -       [3/50] n_features=50, params={'selector__C': 0.599484, 'selector__l1_ratio': 0.7, 'selector__top_k': 50}
2026-05-10 00:58:05,958 - INFO -       [50/50] n_features=20, params={'selector__C': 0.599484, 'selector__l1_ratio': 0.1, 'selector__top_k': 20}
2026-05-10 00:58:05,960 - INFO -     Plateau features: union=108, intersection=9
2026-05-10 00:58:05,969 - INFO -   Fold 5: s1=1.0000 (t=0.50)  s2=0.7143  combined=0.8095  auroc=0.9048  excl=0.8889 (2)  (11.7s)
2026-05-10 00:58:05,972 - INFO - 
2026-05-10 00:58:05,972 - INFO - Summary for en_nmc_pens_p50 repeat 1185:
2026-05-10 00:58:05,973 - INFO -   Stage 1 (HER2+ vs rest):  1.0000 (+/- 0.0000)
2026-05-10 00:58:05,974 - INFO -   Stage 2 (HR+ vs TN):      0.7595 (+/- 0.0819)
2026-05-10 00:58:05,975 - INFO -   Combined (3-class):       0.8397 (+/- 0.0546)
2026-05-10 00:58:05,976 - INFO -   Combined (excl mislabels): 0.8644 (+/- 0.0474)
2026-05-10 00:58:05,976 - INFO -   Combined fold scores: [0.7937, 0.8413, 0.9444, 0.8095, 0.8095]
2026-05-10 00:58:05,977 - INFO -   Total time: 59.6s
2026-05-10 00:58:05,983 - INFO - Fold results saved to /data/cbotos/TB-Project/results/2026-04-24_server_run_v2/hierarchical_nested_cv/data/fold_results_en_nmc_pens_p50_r1185.csv
2026-05-10 00:58:05,984 - INFO - Checkpoint removed (job complete).
