Run: 2026-04-24_server_run_v2
Config: /mnt/d/Coursework/TB-Project/config_files/local.yaml
Stage 1: kw_rf (fixed, binary HER2+ vs rest, threshold=0.5)
Stage 2: standalone_en (HR+ vs Triple Neg)
Repeat seed: 3
Stage 2 grid size: 25 combinations
Loading data...
Loaded 100 samples, 273 features.
Classes: ['HER2+', 'HR+', 'Triple Neg']
  HER2+: 32 samples
  HR+: 36 samples
  Triple Neg: 32 samples
Mislabel indices verified: [(2, 'Array.67'), (4, 'Array.22')]
  Fold 1: s1=1.0000 (t=0.50)  s2=0.9167  combined=0.9444  auroc=0.9924  excl=0.9444 (0)  (10.0s)
  Fold 2: s1=1.0000 (t=0.50)  s2=0.6786  combined=0.7857  auroc=0.9655  excl=0.8190 (1)  (10.3s)
  Fold 3: s1=1.0000 (t=0.50)  s2=0.9167  combined=0.9444  auroc=0.9851  excl=0.9444 (0)  (9.4s)
  Fold 4: s1=1.0000 (t=0.50)  s2=0.6429  combined=0.7619  auroc=0.9121  excl=0.8016 (1)  (9.9s)
  Fold 5: s1=1.0000 (t=0.50)  s2=0.7143  combined=0.8095  auroc=0.8974  excl=0.8095 (0)  (10.4s)

Summary for v2_standalone_en repeat 3:
  Stage 1 (HER2+ vs rest):  1.0000 (+/- 0.0000)
  Stage 2 (HR+ vs TN):      0.7738 (+/- 0.1188)
  Combined (3-class):       0.8492 (+/- 0.0792)
  Combined (excl mislabels): 0.8638 (+/- 0.0661)
  Combined fold scores: [0.9444, 0.7857, 0.9444, 0.7619, 0.8095]
  Total time: 50.0s
Fold results saved to /mnt/d/Coursework/TB-Project/results/2026-04-24_server_run_v2/hierarchical_nested_cv/data/fold_results_standalone_en_r3.csv
Checkpoint removed (job complete).
