Run: 2026-04-24_server_run_v2
Config: /mnt/d/Coursework/TB-Project/config_files/local.yaml
Stage 1: kw_rf (fixed, binary HER2+ vs rest, threshold=0.5)
Stage 2: standalone_en_pens (HR+ vs Triple Neg)
Repeat seed: 2
Stage 2 grid size: 25 combinations
Loading data...
Loaded 100 samples, 273 features.
Classes: ['HER2+', 'HR+', 'Triple Neg']
  HER2+: 32 samples
  HR+: 36 samples
  Triple Neg: 32 samples
Mislabel indices verified: [(2, 'Array.67'), (4, 'Array.22')]
    Plateau: 6 of 25 combos (threshold=0.8002, best=0.8900, best_std=0.0898)
      [1/6] score=0.8900, n_features=28, params={'clf__C': np.float64(1.0), 'clf__l1_ratio': np.float64(0.9)}
      [2/6] score=0.8433, n_features=5, params={'clf__C': np.float64(0.1), 'clf__l1_ratio': np.float64(0.9)}
      [3/6] score=0.8367, n_features=17, params={'clf__C': np.float64(0.1), 'clf__l1_ratio': np.float64(0.5)}
      [6/6] score=0.8167, n_features=104, params={'clf__C': np.float64(0.1), 'clf__l1_ratio': np.float64(0.1)}
    Plateau features: union=104, intersection=4
  Fold 1: s1=1.0000 (t=0.50)  s2=0.7024  combined=0.8016  auroc=0.9237  excl=0.8016 (0)  (10.3s)
    Plateau: 15 of 25 combos (threshold=0.5489, best=0.6500, best_std=0.1011)
      [1/15] score=0.6500, n_features=110, params={'clf__C': np.float64(0.1), 'clf__l1_ratio': np.float64(0.1)}
      [2/15] score=0.6467, n_features=41, params={'clf__C': np.float64(0.1), 'clf__l1_ratio': np.float64(0.3)}
      [3/15] score=0.6367, n_features=167, params={'clf__C': np.float64(10.0), 'clf__l1_ratio': np.float64(0.3)}
      [15/15] score=0.5567, n_features=6, params={'clf__C': np.float64(0.1), 'clf__l1_ratio': np.float64(0.9)}
    Plateau features: union=250, intersection=4
  Fold 2: s1=1.0000 (t=0.50)  s2=0.7619  combined=0.8413  auroc=0.9618  excl=0.8413 (0)  (12.5s)
    Plateau: 12 of 25 combos (threshold=0.7178, best=0.8300, best_std=0.1122)
      [1/12] score=0.8300, n_features=18, params={'clf__C': np.float64(0.1), 'clf__l1_ratio': np.float64(0.5)}
      [2/12] score=0.8300, n_features=82, params={'clf__C': np.float64(1.0), 'clf__l1_ratio': np.float64(0.3)}
      [3/12] score=0.8100, n_features=104, params={'clf__C': np.float64(10.0), 'clf__l1_ratio': np.float64(0.5)}
      [12/12] score=0.7733, n_features=165, params={'clf__C': np.float64(1.0), 'clf__l1_ratio': np.float64(0.1)}
    Plateau features: union=167, intersection=16
  Fold 3: s1=1.0000 (t=0.50)  s2=0.5417  combined=0.6944  auroc=0.8353  excl=0.6944 (0)  (12.0s)
    Plateau: 15 of 25 combos (threshold=0.7002, best=0.8100, best_std=0.1098)
      [1/15] score=0.8100, n_features=18, params={'clf__C': np.float64(0.1), 'clf__l1_ratio': np.float64(0.5)}
      [2/15] score=0.7933, n_features=237, params={'clf__C': np.float64(10.0), 'clf__l1_ratio': np.float64(0.1)}
      [3/15] score=0.7933, n_features=150, params={'clf__C': np.float64(10.0), 'clf__l1_ratio': np.float64(0.3)}
      [15/15] score=0.7133, n_features=10, params={'clf__C': np.float64(0.1), 'clf__l1_ratio': np.float64(0.7)}
    Plateau features: union=238, intersection=4
  Fold 4: s1=1.0000 (t=0.50)  s2=0.6429  combined=0.7619  auroc=0.9194  excl=0.7619 (0)  (11.4s)
    Plateau: 12 of 25 combos (threshold=0.6307, best=0.7133, best_std=0.0826)
      [1/12] score=0.7133, n_features=44, params={'clf__C': np.float64(0.1), 'clf__l1_ratio': np.float64(0.3)}
      [2/12] score=0.7000, n_features=108, params={'clf__C': np.float64(0.1), 'clf__l1_ratio': np.float64(0.1)}
      [3/12] score=0.6967, n_features=45, params={'clf__C': np.float64(1.0), 'clf__l1_ratio': np.float64(0.7)}
      [12/12] score=0.6400, n_features=65, params={'clf__C': np.float64(10.0), 'clf__l1_ratio': np.float64(0.9)}
    Plateau features: union=240, intersection=28
  Fold 5: s1=1.0000 (t=0.50)  s2=0.7143  combined=0.8095  auroc=0.9487  excl=0.8889 (2)  (12.5s)

Summary for v2_standalone_en_pens repeat 2:
  Stage 1 (HER2+ vs rest):  1.0000 (+/- 0.0000)
  Stage 2 (HR+ vs TN):      0.6726 (+/- 0.0757)
  Combined (3-class):       0.7817 (+/- 0.0504)
  Combined (excl mislabels): 0.7976 (+/- 0.0666)
  Combined fold scores: [0.8016, 0.8413, 0.6944, 0.7619, 0.8095]
  Total time: 58.8s
Fold results saved to /mnt/d/Coursework/TB-Project/results/2026-04-24_server_run_v2/hierarchical_nested_cv/data/fold_results_standalone_en_pens_r2.csv
Checkpoint removed (job complete).
