Run: 2026-04-24_server_run_v2
Config: /data/cbotos/TB-Project/results/2026-04-24_server_run_v2/config_snapshot_hierarchical.yaml
Stage 1: kw_rf (fixed, binary HER2+ vs rest, threshold=0.5)
Stage 2: kw_nmc_kens (HR+ vs Triple Neg)
Repeat seed: 22
Stage 2: no GridSearchCV (ensemble pipeline)
Loading data...
Loaded 100 samples, 273 features.
Classes: ['HER2+', 'HR+', 'Triple Neg']
  HER2+: 32 samples
  HR+: 36 samples
  Triple Neg: 32 samples
Mislabel indices verified: [(2, 'Array.67'), (4, 'Array.22')]
      k=15: mean_max_prob=0.7412
      k=20: mean_max_prob=0.7405
      k=30: mean_max_prob=0.7541
      k=50: mean_max_prob=0.7681
  Fold 1: s1=1.0000 (t=0.50)  s2=0.6071  combined=0.7381  auroc=0.8779  excl=0.7381 (0)  (1.0s)
      k=15: mean_max_prob=0.7017
      k=20: mean_max_prob=0.7105
      k=30: mean_max_prob=0.6704
      k=50: mean_max_prob=0.6672
  Fold 2: s1=1.0000 (t=0.50)  s2=0.6905  combined=0.7937  auroc=0.9579  excl=0.8381 (1)  (1.0s)
      k=15: mean_max_prob=0.6985
      k=20: mean_max_prob=0.7044
      k=30: mean_max_prob=0.6655
      k=50: mean_max_prob=0.6920
  Fold 3: s1=1.0000 (t=0.50)  s2=0.7083  combined=0.8056  auroc=0.9256  excl=0.8056 (0)  (1.0s)
      k=15: mean_max_prob=0.6757
      k=20: mean_max_prob=0.6939
      k=30: mean_max_prob=0.6801
      k=50: mean_max_prob=0.6772
  Fold 4: s1=1.0000 (t=0.50)  s2=0.7857  combined=0.8571  auroc=0.9634  excl=0.8571 (0)  (1.0s)
      k=15: mean_max_prob=0.6983
      k=20: mean_max_prob=0.6963
      k=30: mean_max_prob=0.6869
      k=50: mean_max_prob=0.6963
  Fold 5: s1=1.0000 (t=0.50)  s2=0.7857  combined=0.8571  auroc=0.9560  excl=0.9048 (1)  (1.1s)

Summary for v2_kw_nmc_kens repeat 22:
  Stage 1 (HER2+ vs rest):  1.0000 (+/- 0.0000)
  Stage 2 (HR+ vs TN):      0.7155 (+/- 0.0668)
  Combined (3-class):       0.8103 (+/- 0.0445)
  Combined (excl mislabels): 0.8287 (+/- 0.0555)
  Combined fold scores: [0.7381, 0.7937, 0.8056, 0.8571, 0.8571]
  Total time: 5.1s
Fold results saved to /data/cbotos/TB-Project/results/2026-04-24_server_run_v2/hierarchical_nested_cv/data/fold_results_kw_nmc_kens_r22.csv
Checkpoint removed (job complete).
