Run: 2026-04-24_server_run_v2
Config: /data/cbotos/TB-Project/results/2026-04-24_server_run_v2/config_snapshot_hierarchical.yaml
Stage 1: kw_rf (fixed, binary HER2+ vs rest, threshold=0.5)
Stage 2: standalone_en (HR+ vs Triple Neg)
Repeat seed: 4
Stage 2 grid size: 50 combinations
Loading data...
Loaded 100 samples, 273 features.
Classes: ['HER2+', 'HR+', 'Triple Neg']
  HER2+: 32 samples
  HR+: 36 samples
  Triple Neg: 32 samples
Mislabel indices verified: [(2, 'Array.67'), (4, 'Array.22')]
  Fold 1: s1=1.0000 (t=0.50)  s2=0.6786  combined=0.7857  auroc=0.8840  excl=0.7857 (0)  (36.5s)
  Fold 2: s1=1.0000 (t=0.50)  s2=0.7738  combined=0.8492  auroc=0.9771  excl=0.8492 (0)  (33.4s)
  Fold 3: s1=1.0000 (t=0.50)  s2=0.6042  combined=0.7361  auroc=0.8889  excl=0.7540 (1)  (35.0s)
  Fold 4: s1=1.0000 (t=0.50)  s2=0.9286  combined=0.9524  auroc=1.0000  excl=1.0000 (1)  (35.6s)
  Fold 5: s1=1.0000 (t=0.50)  s2=0.7143  combined=0.8095  auroc=0.9267  excl=0.8095 (0)  (36.2s)

Summary for v2_standalone_en repeat 4:
  Stage 1 (HER2+ vs rest):  1.0000 (+/- 0.0000)
  Stage 2 (HR+ vs TN):      0.7399 (+/- 0.1092)
  Combined (3-class):       0.8266 (+/- 0.0728)
  Combined (excl mislabels): 0.8397 (+/- 0.0860)
  Combined fold scores: [0.7857, 0.8492, 0.7361, 0.9524, 0.8095]
  Total time: 176.6s
Fold results saved to /data/cbotos/TB-Project/results/2026-04-24_server_run_v2/hierarchical_nested_cv/data/fold_results_standalone_en_r4.csv
Checkpoint removed (job complete).
