Run: 2026-04-24_server_run_v2
Config: /data/cbotos/TB-Project/results/2026-04-24_server_run_v2/config_snapshot_hierarchical.yaml
Stage 1: kw_rf (fixed, binary HER2+ vs rest, threshold=0.5)
Stage 2: standalone_en_pens (HR+ vs Triple Neg)
Repeat seed: 7
Stage 2: no GridSearchCV (ensemble pipeline)
Loading data...
Loaded 100 samples, 273 features.
Classes: ['HER2+', 'HR+', 'Triple Neg']
  HER2+: 32 samples
  HR+: 36 samples
  Triple Neg: 32 samples
Mislabel indices verified: [(2, 'Array.67'), (4, 'Array.22')]
Pooled plateau capped: 30 -> 15 combos
Pooled plateau: 15 of 50 combos from 250 fold files (best=0.7583, std=0.0507, threshold=0.7075)
  Plateau combo 1: score=0.7583, params={'clf__C': 0.0464159, 'clf__l1_ratio': 0.1}
  Plateau combo 2: score=0.7456, params={'clf__C': 0.16681, 'clf__l1_ratio': 0.1}
  Plateau combo 3: score=0.7452, params={'clf__C': 0.16681, 'clf__l1_ratio': 0.3}
  Plateau combo 4: score=0.7395, params={'clf__C': 0.599484, 'clf__l1_ratio': 0.3}
  Plateau combo 5: score=0.7388, params={'clf__C': 0.599484, 'clf__l1_ratio': 0.1}
  Plateau combo 6: score=0.7383, params={'clf__C': 0.16681, 'clf__l1_ratio': 0.5}
  Plateau combo 7: score=0.7376, params={'clf__C': 2.15443, 'clf__l1_ratio': 0.1}
  Plateau combo 8: score=0.7367, params={'clf__C': 27.8256, 'clf__l1_ratio': 0.5}
  Plateau combo 9: score=0.7365, params={'clf__C': 0.599484, 'clf__l1_ratio': 0.5}
  Plateau combo 10: score=0.7356, params={'clf__C': 27.8256, 'clf__l1_ratio': 0.7}
  Plateau combo 11: score=0.7350, params={'clf__C': 100.0, 'clf__l1_ratio': 0.9}
  Plateau combo 12: score=0.7350, params={'clf__C': 7.74264, 'clf__l1_ratio': 0.3}
  Plateau combo 13: score=0.7349, params={'clf__C': 27.8256, 'clf__l1_ratio': 0.3}
  Plateau combo 14: score=0.7349, params={'clf__C': 7.74264, 'clf__l1_ratio': 0.1}
  Plateau combo 15: score=0.7343, params={'clf__C': 2.15443, 'clf__l1_ratio': 0.3}
    Retraining 15 plateau models
      [1/15] n_features=77, params={'clf__C': 0.0464159, 'clf__l1_ratio': 0.1}
      [2/15] n_features=122, params={'clf__C': 0.16681, 'clf__l1_ratio': 0.1}
      [3/15] n_features=53, params={'clf__C': 0.16681, 'clf__l1_ratio': 0.3}
      [15/15] n_features=105, params={'clf__C': 2.15443, 'clf__l1_ratio': 0.3}
    Plateau features: union=232, intersection=32
  Fold 1: s1=1.0000 (t=0.50)  s2=0.7738  combined=0.8492  auroc=0.9353  excl=0.8889 (1)  (4.3s)
    Retraining 15 plateau models
      [1/15] n_features=65, params={'clf__C': 0.0464159, 'clf__l1_ratio': 0.1}
      [2/15] n_features=117, params={'clf__C': 0.16681, 'clf__l1_ratio': 0.1}
      [3/15] n_features=48, params={'clf__C': 0.16681, 'clf__l1_ratio': 0.3}
      [15/15] n_features=97, params={'clf__C': 2.15443, 'clf__l1_ratio': 0.3}
    Plateau features: union=236, intersection=31
  Fold 2: s1=1.0000 (t=0.50)  s2=0.7500  combined=0.8333  auroc=0.9847  excl=0.8333 (0)  (3.9s)
    Retraining 15 plateau models
      [1/15] n_features=72, params={'clf__C': 0.0464159, 'clf__l1_ratio': 0.1}
      [2/15] n_features=119, params={'clf__C': 0.16681, 'clf__l1_ratio': 0.1}
      [3/15] n_features=52, params={'clf__C': 0.16681, 'clf__l1_ratio': 0.3}
      [15/15] n_features=105, params={'clf__C': 2.15443, 'clf__l1_ratio': 0.3}
    Plateau features: union=220, intersection=31
  Fold 3: s1=1.0000 (t=0.50)  s2=0.6667  combined=0.7778  auroc=0.9286  excl=0.7778 (0)  (3.6s)
    Retraining 15 plateau models
      [1/15] n_features=73, params={'clf__C': 0.0464159, 'clf__l1_ratio': 0.1}
      [2/15] n_features=128, params={'clf__C': 0.16681, 'clf__l1_ratio': 0.1}
      [3/15] n_features=46, params={'clf__C': 0.16681, 'clf__l1_ratio': 0.3}
      [15/15] n_features=107, params={'clf__C': 2.15443, 'clf__l1_ratio': 0.3}
    Plateau features: union=219, intersection=26
  Fold 4: s1=1.0000 (t=0.50)  s2=0.7857  combined=0.8571  auroc=0.9780  excl=0.8571 (0)  (3.5s)
    Retraining 15 plateau models
      [1/15] n_features=80, params={'clf__C': 0.0464159, 'clf__l1_ratio': 0.1}
      [2/15] n_features=124, params={'clf__C': 0.16681, 'clf__l1_ratio': 0.1}
      [3/15] n_features=49, params={'clf__C': 0.16681, 'clf__l1_ratio': 0.3}
      [15/15] n_features=105, params={'clf__C': 2.15443, 'clf__l1_ratio': 0.3}
    Plateau features: union=222, intersection=25
  Fold 5: s1=1.0000 (t=0.50)  s2=0.5714  combined=0.7143  auroc=0.8828  excl=0.7460 (1)  (3.8s)

Summary for v2_standalone_en_pens repeat 7:
  Stage 1 (HER2+ vs rest):  1.0000 (+/- 0.0000)
  Stage 2 (HR+ vs TN):      0.7095 (+/- 0.0806)
  Combined (3-class):       0.8063 (+/- 0.0537)
  Combined (excl mislabels): 0.8206 (+/- 0.0521)
  Combined fold scores: [0.8492, 0.8333, 0.7778, 0.8571, 0.7143]
  Total time: 19.2s
Fold results saved to /data/cbotos/TB-Project/results/2026-04-24_server_run_v2/hierarchical_nested_cv/data/fold_results_standalone_en_pens_r7.csv
Checkpoint removed (job complete).
