2026-05-10 01:06:40,750 - INFO - Starting hierarchical_nested_cv_runner (git: db228813).
2026-05-10 01:06:40,753 - INFO - Run: 2026-04-24_server_run_v2
2026-05-10 01:06:40,754 - INFO - Config: /data/cbotos/TB-Project/results/2026-04-24_server_run_v2/config_snapshot_pens_comparison.yaml
2026-05-10 01:06:40,755 - INFO - Stage 1: kw_rf (fixed, binary HER2+ vs rest, threshold=0.5)
2026-05-10 01:06:40,756 - INFO - Stage 2: en_nmc_pens (HR+ vs Triple Neg)
2026-05-10 01:06:40,756 - INFO - Plateau size override: no cap (all qualifying)
2026-05-10 01:06:40,757 - INFO - Output tag: en_nmc_pens_pall
2026-05-10 01:06:40,757 - INFO - Repeat seed: 1064
2026-05-10 01:06:40,759 - INFO - Stage 2: no GridSearchCV (ensemble pipeline)
2026-05-10 01:06:40,760 - INFO - Loading data...
2026-05-10 01:06:40,770 - INFO - Loaded 100 samples, 273 features.
2026-05-10 01:06:40,771 - INFO - Classes: ['HER2+', 'HR+', 'Triple Neg']
2026-05-10 01:06:40,771 - INFO -   HER2+: 32 samples
2026-05-10 01:06:40,772 - INFO -   HR+: 36 samples
2026-05-10 01:06:40,773 - INFO -   Triple Neg: 32 samples
2026-05-10 01:06:40,773 - INFO - Mislabel indices verified: [(2, 'Array.67'), (4, 'Array.22'), (45, 'Array.113')]
2026-05-10 01:06:41,470 - INFO - Pooled plateau uncapped: using all 80 qualifying combos
2026-05-10 01:06:41,475 - INFO - Pooled plateau: 80 of 200 combos from 250 fold files (best=0.7476, std=0.0547, threshold=0.6929)
2026-05-10 01:06:41,476 - INFO -   Plateau combo 1: score=0.7476, params={'selector__C': 0.0464159, 'selector__l1_ratio': 0.1, 'selector__top_k': 50}
2026-05-10 01:06:41,477 - INFO -   Plateau combo 2: score=0.7459, params={'selector__C': 0.16681, 'selector__l1_ratio': 0.3, 'selector__top_k': 50}
2026-05-10 01:06:41,478 - INFO -   Plateau combo 3: score=0.7434, params={'selector__C': 0.599484, 'selector__l1_ratio': 0.7, 'selector__top_k': 50}
2026-05-10 01:06:41,479 - INFO -   Plateau combo 4: score=0.7427, params={'selector__C': 0.0464159, 'selector__l1_ratio': 0.1, 'selector__top_k': 20}
2026-05-10 01:06:41,480 - INFO -   Plateau combo 5: score=0.7427, params={'selector__C': 0.16681, 'selector__l1_ratio': 0.1, 'selector__top_k': 50}
2026-05-10 01:06:41,481 - INFO -   Plateau combo 6: score=0.7414, params={'selector__C': 100.0, 'selector__l1_ratio': 0.1, 'selector__top_k': 50}
2026-05-10 01:06:41,482 - INFO -   Plateau combo 7: score=0.7409, params={'selector__C': 100.0, 'selector__l1_ratio': 0.3, 'selector__top_k': 50}
2026-05-10 01:06:41,483 - INFO -   Plateau combo 8: score=0.7405, params={'selector__C': 100.0, 'selector__l1_ratio': 0.7, 'selector__top_k': 50}
2026-05-10 01:06:41,484 - INFO -   Plateau combo 9: score=0.7405, params={'selector__C': 0.16681, 'selector__l1_ratio': 0.5, 'selector__top_k': 50}
2026-05-10 01:06:41,485 - INFO -   Plateau combo 10: score=0.7404, params={'selector__C': 0.599484, 'selector__l1_ratio': 0.1, 'selector__top_k': 50}
2026-05-10 01:06:41,486 - INFO -   Plateau combo 11: score=0.7402, params={'selector__C': 27.8256, 'selector__l1_ratio': 0.1, 'selector__top_k': 50}
2026-05-10 01:06:41,488 - INFO -   Plateau combo 12: score=0.7399, params={'selector__C': 100.0, 'selector__l1_ratio': 0.5, 'selector__top_k': 50}
2026-05-10 01:06:41,489 - INFO -   Plateau combo 13: score=0.7398, params={'selector__C': 7.74264, 'selector__l1_ratio': 0.1, 'selector__top_k': 50}
2026-05-10 01:06:41,490 - INFO -   Plateau combo 14: score=0.7397, params={'selector__C': 0.16681, 'selector__l1_ratio': 0.5, 'selector__top_k': 20}
2026-05-10 01:06:41,491 - INFO -   Plateau combo 15: score=0.7388, params={'selector__C': 27.8256, 'selector__l1_ratio': 0.5, 'selector__top_k': 50}
2026-05-10 01:06:41,493 - INFO -   Plateau combo 16: score=0.7387, params={'selector__C': 2.15443, 'selector__l1_ratio': 0.1, 'selector__top_k': 50}
2026-05-10 01:06:41,494 - INFO -   Plateau combo 17: score=0.7385, params={'selector__C': 0.599484, 'selector__l1_ratio': 0.5, 'selector__top_k': 50}
2026-05-10 01:06:41,495 - INFO -   Plateau combo 18: score=0.7384, params={'selector__C': 0.599484, 'selector__l1_ratio': 0.9, 'selector__top_k': 50}
2026-05-10 01:06:41,496 - INFO -   Plateau combo 19: score=0.7383, params={'selector__C': 100.0, 'selector__l1_ratio': 0.9, 'selector__top_k': 50}
2026-05-10 01:06:41,497 - INFO -   Plateau combo 20: score=0.7383, params={'selector__C': 2.15443, 'selector__l1_ratio': 0.9, 'selector__top_k': 50}
2026-05-10 01:06:41,498 - INFO -   Plateau combo 21: score=0.7380, params={'selector__C': 27.8256, 'selector__l1_ratio': 0.3, 'selector__top_k': 50}
2026-05-10 01:06:41,500 - INFO -   Plateau combo 22: score=0.7362, params={'selector__C': 0.599484, 'selector__l1_ratio': 0.3, 'selector__top_k': 50}
2026-05-10 01:06:41,501 - INFO -   Plateau combo 23: score=0.7356, params={'selector__C': 0.16681, 'selector__l1_ratio': 0.3, 'selector__top_k': 20}
2026-05-10 01:06:41,502 - INFO -   Plateau combo 24: score=0.7339, params={'selector__C': 2.15443, 'selector__l1_ratio': 0.7, 'selector__top_k': 50}
2026-05-10 01:06:41,503 - INFO -   Plateau combo 25: score=0.7334, params={'selector__C': 0.16681, 'selector__l1_ratio': 0.7, 'selector__top_k': 50}
2026-05-10 01:06:41,504 - INFO -   Plateau combo 26: score=0.7329, params={'selector__C': 7.74264, 'selector__l1_ratio': 0.3, 'selector__top_k': 50}
2026-05-10 01:06:41,505 - INFO -   Plateau combo 27: score=0.7328, params={'selector__C': 0.16681, 'selector__l1_ratio': 0.7, 'selector__top_k': 20}
2026-05-10 01:06:41,506 - INFO -   Plateau combo 28: score=0.7324, params={'selector__C': 2.15443, 'selector__l1_ratio': 0.3, 'selector__top_k': 50}
2026-05-10 01:06:41,507 - INFO -   Plateau combo 29: score=0.7321, params={'selector__C': 27.8256, 'selector__l1_ratio': 0.7, 'selector__top_k': 50}
2026-05-10 01:06:41,507 - INFO -   Plateau combo 30: score=0.7303, params={'selector__C': 0.599484, 'selector__l1_ratio': 0.9, 'selector__top_k': 20}
2026-05-10 01:06:41,508 - INFO -   Plateau combo 31: score=0.7301, params={'selector__C': 0.599484, 'selector__l1_ratio': 0.7, 'selector__top_k': 20}
2026-05-10 01:06:41,509 - INFO -   Plateau combo 32: score=0.7300, params={'selector__C': 0.16681, 'selector__l1_ratio': 0.1, 'selector__top_k': 20}
2026-05-10 01:06:41,510 - INFO -   Plateau combo 33: score=0.7298, params={'selector__C': 27.8256, 'selector__l1_ratio': 0.9, 'selector__top_k': 50}
2026-05-10 01:06:41,511 - INFO -   Plateau combo 34: score=0.7297, params={'selector__C': 2.15443, 'selector__l1_ratio': 0.5, 'selector__top_k': 50}
2026-05-10 01:06:41,512 - INFO -   Plateau combo 35: score=0.7296, params={'selector__C': 7.74264, 'selector__l1_ratio': 0.5, 'selector__top_k': 50}
2026-05-10 01:06:41,513 - INFO -   Plateau combo 36: score=0.7294, params={'selector__C': 0.599484, 'selector__l1_ratio': 0.5, 'selector__top_k': 20}
2026-05-10 01:06:41,513 - INFO -   Plateau combo 37: score=0.7286, params={'selector__C': 7.74264, 'selector__l1_ratio': 0.9, 'selector__top_k': 50}
2026-05-10 01:06:41,514 - INFO -   Plateau combo 38: score=0.7281, params={'selector__C': 2.15443, 'selector__l1_ratio': 0.9, 'selector__top_k': 20}
2026-05-10 01:06:41,515 - INFO -   Plateau combo 39: score=0.7280, params={'selector__C': 0.0464159, 'selector__l1_ratio': 0.3, 'selector__top_k': 50}
2026-05-10 01:06:41,516 - INFO -   Plateau combo 40: score=0.7280, params={'selector__C': 7.74264, 'selector__l1_ratio': 0.7, 'selector__top_k': 50}
2026-05-10 01:06:41,517 - INFO -   Plateau combo 41: score=0.7270, params={'selector__C': 2.15443, 'selector__l1_ratio': 0.7, 'selector__top_k': 20}
2026-05-10 01:06:41,518 - INFO -   Plateau combo 42: score=0.7253, params={'selector__C': 0.0464159, 'selector__l1_ratio': 0.3, 'selector__top_k': 20}
2026-05-10 01:06:41,519 - INFO -   Plateau combo 43: score=0.7243, params={'selector__C': 0.16681, 'selector__l1_ratio': 0.9, 'selector__top_k': 50}
2026-05-10 01:06:41,520 - INFO -   Plateau combo 44: score=0.7238, params={'selector__C': 0.599484, 'selector__l1_ratio': 0.3, 'selector__top_k': 20}
2026-05-10 01:06:41,520 - INFO -   Plateau combo 45: score=0.7237, params={'selector__C': 2.15443, 'selector__l1_ratio': 0.5, 'selector__top_k': 20}
2026-05-10 01:06:41,521 - INFO -   Plateau combo 46: score=0.7236, params={'selector__C': 0.16681, 'selector__l1_ratio': 0.9, 'selector__top_k': 20}
2026-05-10 01:06:41,522 - INFO -   Plateau combo 47: score=0.7232, params={'selector__C': 7.74264, 'selector__l1_ratio': 0.9, 'selector__top_k': 20}
2026-05-10 01:06:41,523 - INFO -   Plateau combo 48: score=0.7221, params={'selector__C': 7.74264, 'selector__l1_ratio': 0.7, 'selector__top_k': 20}
2026-05-10 01:06:41,524 - INFO -   Plateau combo 49: score=0.7210, params={'selector__C': 0.16681, 'selector__l1_ratio': 0.9, 'selector__top_k': 10}
2026-05-10 01:06:41,525 - INFO -   Plateau combo 50: score=0.7205, params={'selector__C': 0.599484, 'selector__l1_ratio': 0.1, 'selector__top_k': 20}
2026-05-10 01:06:41,526 - INFO -   Plateau combo 51: score=0.7201, params={'selector__C': 2.15443, 'selector__l1_ratio': 0.3, 'selector__top_k': 20}
2026-05-10 01:06:41,526 - INFO -   Plateau combo 52: score=0.7195, params={'selector__C': 0.0129155, 'selector__l1_ratio': 0.1, 'selector__top_k': 50}
2026-05-10 01:06:41,527 - INFO -   Plateau combo 53: score=0.7192, params={'selector__C': 0.16681, 'selector__l1_ratio': 0.7, 'selector__top_k': 10}
2026-05-10 01:06:41,528 - INFO -   Plateau combo 54: score=0.7167, params={'selector__C': 7.74264, 'selector__l1_ratio': 0.5, 'selector__top_k': 20}
2026-05-10 01:06:41,529 - INFO -   Plateau combo 55: score=0.7163, params={'selector__C': 0.0129155, 'selector__l1_ratio': 0.1, 'selector__top_k': 20}
2026-05-10 01:06:41,530 - INFO -   Plateau combo 56: score=0.7157, params={'selector__C': 0.16681, 'selector__l1_ratio': 0.5, 'selector__top_k': 10}
2026-05-10 01:06:41,531 - INFO -   Plateau combo 57: score=0.7143, params={'selector__C': 27.8256, 'selector__l1_ratio': 0.9, 'selector__top_k': 20}
2026-05-10 01:06:41,532 - INFO -   Plateau combo 58: score=0.7136, params={'selector__C': 0.0464159, 'selector__l1_ratio': 0.3, 'selector__top_k': 10}
2026-05-10 01:06:41,532 - INFO -   Plateau combo 59: score=0.7126, params={'selector__C': 27.8256, 'selector__l1_ratio': 0.7, 'selector__top_k': 20}
2026-05-10 01:06:41,533 - INFO -   Plateau combo 60: score=0.7121, params={'selector__C': 7.74264, 'selector__l1_ratio': 0.3, 'selector__top_k': 20}
2026-05-10 01:06:41,534 - INFO -   Plateau combo 61: score=0.7117, params={'selector__C': 2.15443, 'selector__l1_ratio': 0.1, 'selector__top_k': 20}
2026-05-10 01:06:41,535 - INFO -   Plateau combo 62: score=0.7108, params={'selector__C': 0.0464159, 'selector__l1_ratio': 0.1, 'selector__top_k': 10}
2026-05-10 01:06:41,536 - INFO -   Plateau combo 63: score=0.7105, params={'selector__C': 0.16681, 'selector__l1_ratio': 0.3, 'selector__top_k': 10}
2026-05-10 01:06:41,537 - INFO -   Plateau combo 64: score=0.7089, params={'selector__C': 27.8256, 'selector__l1_ratio': 0.5, 'selector__top_k': 20}
2026-05-10 01:06:41,538 - INFO -   Plateau combo 65: score=0.7086, params={'selector__C': 0.599484, 'selector__l1_ratio': 0.9, 'selector__top_k': 10}
2026-05-10 01:06:41,539 - INFO -   Plateau combo 66: score=0.7082, params={'selector__C': 0.599484, 'selector__l1_ratio': 0.7, 'selector__top_k': 10}
2026-05-10 01:06:41,539 - INFO -   Plateau combo 67: score=0.7061, params={'selector__C': 0.599484, 'selector__l1_ratio': 0.5, 'selector__top_k': 10}
2026-05-10 01:06:41,540 - INFO -   Plateau combo 68: score=0.7049, params={'selector__C': 7.74264, 'selector__l1_ratio': 0.1, 'selector__top_k': 20}
2026-05-10 01:06:41,541 - INFO -   Plateau combo 69: score=0.7025, params={'selector__C': 27.8256, 'selector__l1_ratio': 0.3, 'selector__top_k': 20}
2026-05-10 01:06:41,542 - INFO -   Plateau combo 70: score=0.7022, params={'selector__C': 100.0, 'selector__l1_ratio': 0.9, 'selector__top_k': 20}
2026-05-10 01:06:41,543 - INFO -   Plateau combo 71: score=0.7018, params={'selector__C': 100.0, 'selector__l1_ratio': 0.7, 'selector__top_k': 20}
2026-05-10 01:06:41,544 - INFO -   Plateau combo 72: score=0.7016, params={'selector__C': 100.0, 'selector__l1_ratio': 0.5, 'selector__top_k': 20}
2026-05-10 01:06:41,545 - INFO -   Plateau combo 73: score=0.7015, params={'selector__C': 27.8256, 'selector__l1_ratio': 0.1, 'selector__top_k': 20}
2026-05-10 01:06:41,545 - INFO -   Plateau combo 74: score=0.7003, params={'selector__C': 100.0, 'selector__l1_ratio': 0.3, 'selector__top_k': 20}
2026-05-10 01:06:41,546 - INFO -   Plateau combo 75: score=0.6997, params={'selector__C': 2.15443, 'selector__l1_ratio': 0.9, 'selector__top_k': 10}
2026-05-10 01:06:41,547 - INFO -   Plateau combo 76: score=0.6992, params={'selector__C': 100.0, 'selector__l1_ratio': 0.1, 'selector__top_k': 20}
2026-05-10 01:06:41,548 - INFO -   Plateau combo 77: score=0.6972, params={'selector__C': 0.16681, 'selector__l1_ratio': 0.1, 'selector__top_k': 10}
2026-05-10 01:06:41,549 - INFO -   Plateau combo 78: score=0.6958, params={'selector__C': 0.599484, 'selector__l1_ratio': 0.3, 'selector__top_k': 10}
2026-05-10 01:06:41,550 - INFO -   Plateau combo 79: score=0.6955, params={'selector__C': 2.15443, 'selector__l1_ratio': 0.7, 'selector__top_k': 10}
2026-05-10 01:06:41,551 - INFO -   Plateau combo 80: score=0.6931, params={'selector__C': 0.0129155, 'selector__l1_ratio': 0.1, 'selector__top_k': 10}
2026-05-10 01:06:42,220 - INFO -     Retraining 80 plateau models
2026-05-10 01:06:42,243 - INFO -       [1/80] n_features=50, params={'selector__C': 0.0464159, 'selector__l1_ratio': 0.1, 'selector__top_k': 50}
2026-05-10 01:06:42,298 - INFO -       [2/80] n_features=50, params={'selector__C': 0.16681, 'selector__l1_ratio': 0.3, 'selector__top_k': 50}
2026-05-10 01:06:42,451 - INFO -       [3/80] n_features=50, params={'selector__C': 0.599484, 'selector__l1_ratio': 0.7, 'selector__top_k': 50}
2026-05-10 01:07:00,667 - INFO -       [80/80] n_features=10, params={'selector__C': 0.0129155, 'selector__l1_ratio': 0.1, 'selector__top_k': 10}
2026-05-10 01:07:00,669 - INFO -     Plateau features: union=111, intersection=4
2026-05-10 01:07:00,678 - INFO -   Fold 1: s1=1.0000 (t=0.50)  s2=0.7619  combined=0.8413  auroc=0.9621  excl=0.8413 (0)  (19.1s)
2026-05-10 01:07:01,328 - INFO -     Retraining 80 plateau models
2026-05-10 01:07:01,351 - INFO -       [1/80] n_features=50, params={'selector__C': 0.0464159, 'selector__l1_ratio': 0.1, 'selector__top_k': 50}
2026-05-10 01:07:01,408 - INFO -       [2/80] n_features=50, params={'selector__C': 0.16681, 'selector__l1_ratio': 0.3, 'selector__top_k': 50}
2026-05-10 01:07:01,551 - INFO -       [3/80] n_features=50, params={'selector__C': 0.599484, 'selector__l1_ratio': 0.7, 'selector__top_k': 50}
2026-05-10 01:07:19,531 - INFO -       [80/80] n_features=10, params={'selector__C': 0.0129155, 'selector__l1_ratio': 0.1, 'selector__top_k': 10}
2026-05-10 01:07:19,533 - INFO -     Plateau features: union=110, intersection=2
2026-05-10 01:07:19,542 - INFO -   Fold 2: s1=1.0000 (t=0.50)  s2=0.7857  combined=0.8571  auroc=0.9652  excl=0.8571 (0)  (18.9s)
2026-05-10 01:07:20,186 - INFO -     Retraining 80 plateau models
2026-05-10 01:07:20,207 - INFO -       [1/80] n_features=50, params={'selector__C': 0.0464159, 'selector__l1_ratio': 0.1, 'selector__top_k': 50}
2026-05-10 01:07:20,257 - INFO -       [2/80] n_features=50, params={'selector__C': 0.16681, 'selector__l1_ratio': 0.3, 'selector__top_k': 50}
2026-05-10 01:07:20,413 - INFO -       [3/80] n_features=50, params={'selector__C': 0.599484, 'selector__l1_ratio': 0.7, 'selector__top_k': 50}
2026-05-10 01:07:38,668 - INFO -       [80/80] n_features=10, params={'selector__C': 0.0129155, 'selector__l1_ratio': 0.1, 'selector__top_k': 10}
2026-05-10 01:07:38,670 - INFO -     Plateau features: union=107, intersection=2
2026-05-10 01:07:38,679 - INFO -   Fold 3: s1=1.0000 (t=0.50)  s2=0.8333  combined=0.8889  auroc=0.9926  excl=0.8889 (0)  (19.1s)
2026-05-10 01:07:39,321 - INFO -     Retraining 80 plateau models
2026-05-10 01:07:39,344 - INFO -       [1/80] n_features=50, params={'selector__C': 0.0464159, 'selector__l1_ratio': 0.1, 'selector__top_k': 50}
2026-05-10 01:07:39,399 - INFO -       [2/80] n_features=50, params={'selector__C': 0.16681, 'selector__l1_ratio': 0.3, 'selector__top_k': 50}
2026-05-10 01:07:39,547 - INFO -       [3/80] n_features=50, params={'selector__C': 0.599484, 'selector__l1_ratio': 0.7, 'selector__top_k': 50}
2026-05-10 01:07:57,780 - INFO -       [80/80] n_features=10, params={'selector__C': 0.0129155, 'selector__l1_ratio': 0.1, 'selector__top_k': 10}
2026-05-10 01:07:57,782 - INFO -     Plateau features: union=105, intersection=5
2026-05-10 01:07:57,791 - INFO -   Fold 4: s1=1.0000 (t=0.50)  s2=0.7143  combined=0.8095  auroc=0.9487  excl=0.8889 (2)  (19.1s)
2026-05-10 01:07:58,432 - INFO -     Retraining 80 plateau models
2026-05-10 01:07:58,454 - INFO -       [1/80] n_features=50, params={'selector__C': 0.0464159, 'selector__l1_ratio': 0.1, 'selector__top_k': 50}
2026-05-10 01:07:58,504 - INFO -       [2/80] n_features=50, params={'selector__C': 0.16681, 'selector__l1_ratio': 0.3, 'selector__top_k': 50}
2026-05-10 01:07:58,665 - INFO -       [3/80] n_features=50, params={'selector__C': 0.599484, 'selector__l1_ratio': 0.7, 'selector__top_k': 50}
2026-05-10 01:08:15,697 - INFO -       [80/80] n_features=10, params={'selector__C': 0.0129155, 'selector__l1_ratio': 0.1, 'selector__top_k': 10}
2026-05-10 01:08:15,699 - INFO -     Plateau features: union=112, intersection=5
2026-05-10 01:08:15,708 - INFO -   Fold 5: s1=1.0000 (t=0.50)  s2=0.5714  combined=0.7143  auroc=0.8462  excl=0.7460 (1)  (17.9s)
2026-05-10 01:08:15,712 - INFO - 
2026-05-10 01:08:15,712 - INFO - Summary for en_nmc_pens_pall repeat 1064:
2026-05-10 01:08:15,713 - INFO -   Stage 1 (HER2+ vs rest):  1.0000 (+/- 0.0000)
2026-05-10 01:08:15,714 - INFO -   Stage 2 (HR+ vs TN):      0.7333 (+/- 0.0896)
2026-05-10 01:08:15,715 - INFO -   Combined (3-class):       0.8222 (+/- 0.0597)
2026-05-10 01:08:15,716 - INFO -   Combined (excl mislabels): 0.8444 (+/- 0.0525)
2026-05-10 01:08:15,716 - INFO -   Combined fold scores: [0.8413, 0.8571, 0.8889, 0.8095, 0.7143]
2026-05-10 01:08:15,717 - INFO -   Total time: 94.2s
2026-05-10 01:08:15,723 - INFO - Fold results saved to /data/cbotos/TB-Project/results/2026-04-24_server_run_v2/hierarchical_nested_cv/data/fold_results_en_nmc_pens_pall_r1064.csv
2026-05-10 01:08:15,724 - INFO - Checkpoint removed (job complete).
