Run: 2026-04-24_server_run_v2
Config: /data/cbotos/TB-Project/results/2026-04-24_server_run_v2/config_snapshot_hierarchical.yaml
Stage 1: kw_rf (fixed, binary HER2+ vs rest, threshold=0.5)
Stage 2: nmc_ensemble (HR+ vs Triple Neg)
Repeat seed: 38
Stage 2: no GridSearchCV (ensemble pipeline)
Loading data...
Loaded 100 samples, 273 features.
Classes: ['HER2+', 'HR+', 'Triple Neg']
  HER2+: 32 samples
  HR+: 36 samples
  Triple Neg: 32 samples
Mislabel indices verified: [(2, 'Array.67'), (4, 'Array.22')]
    Pipeline ensemble component 1: KW k-ensemble
      k=15: mean_max_prob=0.6933
      k=20: mean_max_prob=0.7064
      k=30: mean_max_prob=0.6798
      k=50: mean_max_prob=0.7021
    Pipeline ensemble component 2: EN+NMC GridSearchCV
    Ensemble mean_max_prob: kens=0.6866, en=0.6589, ratio=1.04
  Fold 1: s1=1.0000 (t=0.50)  s2=0.8333  combined=0.8889  auroc=0.9084  excl=0.8889 (0)  (224.2s)
    Pipeline ensemble component 1: KW k-ensemble
      k=15: mean_max_prob=0.6875
      k=20: mean_max_prob=0.7047
      k=30: mean_max_prob=0.6957
      k=50: mean_max_prob=0.7119
    Pipeline ensemble component 2: EN+NMC GridSearchCV
    Ensemble mean_max_prob: kens=0.6961, en=0.6274, ratio=1.11
  Fold 2: s1=1.0000 (t=0.50)  s2=0.7024  combined=0.8016  auroc=0.9161  excl=0.8016 (0)  (215.9s)
    Pipeline ensemble component 1: KW k-ensemble
      k=15: mean_max_prob=0.6829
      k=20: mean_max_prob=0.7016
      k=30: mean_max_prob=0.7221
      k=50: mean_max_prob=0.6978
    Pipeline ensemble component 2: EN+NMC GridSearchCV
    Ensemble mean_max_prob: kens=0.6976, en=0.6835, ratio=1.02
  Fold 3: s1=1.0000 (t=0.50)  s2=0.7708  combined=0.8472  auroc=0.9216  excl=0.8472 (0)  (211.8s)
    Pipeline ensemble component 1: KW k-ensemble
      k=15: mean_max_prob=0.6595
      k=20: mean_max_prob=0.6675
      k=30: mean_max_prob=0.6686
      k=50: mean_max_prob=0.6695
    Pipeline ensemble component 2: EN+NMC GridSearchCV
    Ensemble mean_max_prob: kens=0.6564, en=0.6347, ratio=1.03
  Fold 4: s1=1.0000 (t=0.50)  s2=0.8571  combined=0.9048  auroc=0.9487  excl=0.9444 (1)  (218.2s)
    Pipeline ensemble component 1: KW k-ensemble
      k=15: mean_max_prob=0.7007
      k=20: mean_max_prob=0.6906
      k=30: mean_max_prob=0.7129
      k=50: mean_max_prob=0.7087
    Pipeline ensemble component 2: EN+NMC GridSearchCV
    Ensemble mean_max_prob: kens=0.7032, en=0.6771, ratio=1.04
  Fold 5: s1=1.0000 (t=0.50)  s2=0.8571  combined=0.9048  auroc=0.9780  excl=0.9444 (1)  (183.4s)

Summary for v2_nmc_ensemble repeat 38:
  Stage 1 (HER2+ vs rest):  1.0000 (+/- 0.0000)
  Stage 2 (HR+ vs TN):      0.8042 (+/- 0.0599)
  Combined (3-class):       0.8694 (+/- 0.0399)
  Combined (excl mislabels): 0.8853 (+/- 0.0556)
  Combined fold scores: [0.8889, 0.8016, 0.8472, 0.9048, 0.9048]
  Total time: 1053.6s
Fold results saved to /data/cbotos/TB-Project/results/2026-04-24_server_run_v2/hierarchical_nested_cv/data/fold_results_nmc_ensemble_r38.csv
Checkpoint removed (job complete).
