Run: 2026-04-24_server_run_v2
Config: /data/cbotos/TB-Project/results/2026-04-24_server_run_v2/config_snapshot_hierarchical.yaml
Stage 1: kw_rf (fixed, binary HER2+ vs rest, threshold=0.5)
Stage 2: kw_nmc (HR+ vs Triple Neg)
Repeat seed: 49
Stage 2 grid size: 8 combinations
Loading data...
Loaded 100 samples, 273 features.
Classes: ['HER2+', 'HR+', 'Triple Neg']
  HER2+: 32 samples
  HR+: 36 samples
  Triple Neg: 32 samples
Mislabel indices verified: [(2, 'Array.67'), (4, 'Array.22')]
  Fold 1: s1=1.0000 (t=0.50)  s2=0.6905  combined=0.7937  auroc=0.9389  excl=0.7937 (0)  (7.1s)
  Fold 2: s1=1.0000 (t=0.50)  s2=0.7738  combined=0.8492  auroc=0.9161  excl=0.8492 (0)  (5.0s)
  Fold 3: s1=1.0000 (t=0.50)  s2=0.4375  combined=0.6250  auroc=0.7738  excl=0.6429 (1)  (5.0s)
  Fold 4: s1=1.0000 (t=0.50)  s2=0.7143  combined=0.8095  auroc=0.9560  excl=0.8095 (0)  (5.0s)
  Fold 5: s1=1.0000 (t=0.50)  s2=0.6429  combined=0.7619  auroc=0.8791  excl=0.7857 (1)  (5.0s)

Summary for v2_kw_nmc repeat 49:
  Stage 1 (HER2+ vs rest):  1.0000 (+/- 0.0000)
  Stage 2 (HR+ vs TN):      0.6518 (+/- 0.1151)
  Combined (3-class):       0.7679 (+/- 0.0768)
  Combined (excl mislabels): 0.7762 (+/- 0.0702)
  Combined fold scores: [0.7937, 0.8492, 0.625, 0.8095, 0.7619]
  Total time: 27.4s
Fold results saved to /data/cbotos/TB-Project/results/2026-04-24_server_run_v2/hierarchical_nested_cv/data/fold_results_kw_nmc_r49.csv
Checkpoint removed (job complete).
