Run: 2026-04-24_server_run_v2
Config: /data/cbotos/TB-Project/results/2026-04-24_server_run_v2/config_snapshot_hierarchical.yaml
Stage 1: kw_rf (fixed, binary HER2+ vs rest, threshold=0.5)
Stage 2: nmc_ensemble (HR+ vs Triple Neg)
Repeat seed: 33
Stage 2: no GridSearchCV (ensemble pipeline)
Loading data...
Loaded 100 samples, 273 features.
Classes: ['HER2+', 'HR+', 'Triple Neg']
  HER2+: 32 samples
  HR+: 36 samples
  Triple Neg: 32 samples
Mislabel indices verified: [(2, 'Array.67'), (4, 'Array.22')]
    Pipeline ensemble component 1: KW k-ensemble
      k=15: mean_max_prob=0.6796
      k=20: mean_max_prob=0.6865
      k=30: mean_max_prob=0.7005
      k=50: mean_max_prob=0.6826
    Pipeline ensemble component 2: EN+NMC GridSearchCV
    Ensemble mean_max_prob: kens=0.6818, en=0.6362, ratio=1.07
  Fold 1: s1=1.0000 (t=0.50)  s2=0.6071  combined=0.7381  auroc=0.9161  excl=0.7714 (1)  (217.9s)
    Pipeline ensemble component 1: KW k-ensemble
      k=15: mean_max_prob=0.7264
      k=20: mean_max_prob=0.7156
      k=30: mean_max_prob=0.7018
      k=50: mean_max_prob=0.6824
    Pipeline ensemble component 2: EN+NMC GridSearchCV
    Ensemble mean_max_prob: kens=0.7015, en=0.6652, ratio=1.05
  Fold 2: s1=1.0000 (t=0.50)  s2=0.7857  combined=0.8571  auroc=0.9692  excl=0.8571 (0)  (211.1s)
    Pipeline ensemble component 1: KW k-ensemble
      k=15: mean_max_prob=0.6506
      k=20: mean_max_prob=0.6400
      k=30: mean_max_prob=0.6326
      k=50: mean_max_prob=0.6295
    Pipeline ensemble component 2: EN+NMC GridSearchCV
    Ensemble mean_max_prob: kens=0.6260, en=0.6481, ratio=0.97
  Fold 3: s1=1.0000 (t=0.50)  s2=0.7292  combined=0.8194  auroc=0.9628  excl=0.8194 (0)  (209.2s)
    Pipeline ensemble component 1: KW k-ensemble
      k=15: mean_max_prob=0.6651
      k=20: mean_max_prob=0.6766
      k=30: mean_max_prob=0.6939
      k=50: mean_max_prob=0.6985
    Pipeline ensemble component 2: EN+NMC GridSearchCV
    Ensemble mean_max_prob: kens=0.6718, en=0.6172, ratio=1.09
  Fold 4: s1=1.0000 (t=0.50)  s2=0.8571  combined=0.9048  auroc=0.9377  excl=0.9048 (0)  (207.3s)
    Pipeline ensemble component 1: KW k-ensemble
      k=15: mean_max_prob=0.6875
      k=20: mean_max_prob=0.6989
      k=30: mean_max_prob=0.7183
      k=50: mean_max_prob=0.7131
    Pipeline ensemble component 2: EN+NMC GridSearchCV
    Ensemble mean_max_prob: kens=0.6949, en=0.6633, ratio=1.05
  Fold 5: s1=1.0000 (t=0.50)  s2=0.5714  combined=0.7143  auroc=0.8828  excl=0.7381 (1)  (185.9s)

Summary for v2_nmc_ensemble repeat 33:
  Stage 1 (HER2+ vs rest):  1.0000 (+/- 0.0000)
  Stage 2 (HR+ vs TN):      0.7101 (+/- 0.1073)
  Combined (3-class):       0.8067 (+/- 0.0715)
  Combined (excl mislabels): 0.8182 (+/- 0.0594)
  Combined fold scores: [0.7381, 0.8571, 0.8194, 0.9048, 0.7143]
  Total time: 1031.4s
Fold results saved to /data/cbotos/TB-Project/results/2026-04-24_server_run_v2/hierarchical_nested_cv/data/fold_results_nmc_ensemble_r33.csv
Checkpoint removed (job complete).
