Run: 2026-04-24_server_run_v2
Config: /data/cbotos/TB-Project/results/2026-04-24_server_run_v2/config_snapshot_hierarchical.yaml
Stage 1: kw_rf (fixed, binary HER2+ vs rest, threshold=0.5)
Stage 2: kw_rf (HR+ vs Triple Neg)
Repeat seed: 42
Stage 2 grid size: 32 combinations
Loading data...
Loaded 100 samples, 273 features.
Classes: ['HER2+', 'HR+', 'Triple Neg']
  HER2+: 32 samples
  HR+: 36 samples
  Triple Neg: 32 samples
Mislabel indices verified: [(2, 'Array.67'), (4, 'Array.22')]
  Fold 1: s1=1.0000 (t=0.50)  s2=0.6786  combined=0.7857  auroc=0.9200  excl=0.8190 (1)  (101.0s)
  Fold 2: s1=1.0000 (t=0.50)  s2=0.5238  combined=0.6825  auroc=0.9087  excl=0.6825 (0)  (101.3s)
  Fold 3: s1=1.0000 (t=0.50)  s2=0.6458  combined=0.7639  auroc=0.8998  excl=0.7639 (0)  (101.2s)
  Fold 4: s1=1.0000 (t=0.50)  s2=0.8571  combined=0.9048  auroc=0.9634  excl=0.9048 (0)  (101.5s)
  Fold 5: s1=1.0000 (t=0.50)  s2=0.7143  combined=0.8095  auroc=0.9304  excl=0.8016 (1)  (101.5s)

Summary for v2_kw_rf repeat 42:
  Stage 1 (HER2+ vs rest):  1.0000 (+/- 0.0000)
  Stage 2 (HR+ vs TN):      0.6839 (+/- 0.1077)
  Combined (3-class):       0.7893 (+/- 0.0718)
  Combined (excl mislabels): 0.7944 (+/- 0.0725)
  Combined fold scores: [0.7857, 0.6825, 0.7639, 0.9048, 0.8095]
  Total time: 506.6s
Fold results saved to /data/cbotos/TB-Project/results/2026-04-24_server_run_v2/hierarchical_nested_cv/data/fold_results_kw_rf_r42.csv
Checkpoint removed (job complete).
