Run: 2026-04-24_server_run_v2
Config: /data/cbotos/TB-Project/results/2026-04-24_server_run_v2/config_snapshot_hierarchical.yaml
Stage 1: kw_rf (fixed, binary HER2+ vs rest, threshold=0.5)
Stage 2: nmc_ensemble (HR+ vs Triple Neg)
Repeat seed: 50
Stage 2: no GridSearchCV (ensemble pipeline)
Loading data...
Loaded 100 samples, 273 features.
Classes: ['HER2+', 'HR+', 'Triple Neg']
  HER2+: 32 samples
  HR+: 36 samples
  Triple Neg: 32 samples
Mislabel indices verified: [(2, 'Array.67'), (4, 'Array.22')]
    Pipeline ensemble component 1: KW k-ensemble
      k=15: mean_max_prob=0.6586
      k=20: mean_max_prob=0.7028
      k=30: mean_max_prob=0.6988
      k=50: mean_max_prob=0.6744
    Pipeline ensemble component 2: EN+NMC GridSearchCV
    Ensemble mean_max_prob: kens=0.6720, en=0.6519, ratio=1.03
  Fold 1: s1=1.0000 (t=0.50)  s2=0.6786  combined=0.7857  auroc=0.9353  excl=0.8333 (1)  (217.2s)
    Pipeline ensemble component 1: KW k-ensemble
      k=15: mean_max_prob=0.7185
      k=20: mean_max_prob=0.6700
      k=30: mean_max_prob=0.6573
      k=50: mean_max_prob=0.6512
    Pipeline ensemble component 2: EN+NMC GridSearchCV
    Ensemble mean_max_prob: kens=0.6582, en=0.6126, ratio=1.07
  Fold 2: s1=1.0000 (t=0.50)  s2=0.7857  combined=0.8571  auroc=0.9542  excl=0.8571 (0)  (220.7s)
    Pipeline ensemble component 1: KW k-ensemble
      k=15: mean_max_prob=0.7058
      k=20: mean_max_prob=0.7218
      k=30: mean_max_prob=0.7565
      k=50: mean_max_prob=0.7472
    Pipeline ensemble component 2: EN+NMC GridSearchCV
    Ensemble mean_max_prob: kens=0.7240, en=0.6770, ratio=1.07
  Fold 3: s1=1.0000 (t=0.50)  s2=0.5417  combined=0.6944  auroc=0.8700  excl=0.7167 (1)  (215.3s)
    Pipeline ensemble component 1: KW k-ensemble
      k=15: mean_max_prob=0.6816
      k=20: mean_max_prob=0.6882
      k=30: mean_max_prob=0.6970
      k=50: mean_max_prob=0.6962
    Pipeline ensemble component 2: EN+NMC GridSearchCV
    Ensemble mean_max_prob: kens=0.6815, en=0.6480, ratio=1.05
  Fold 4: s1=1.0000 (t=0.50)  s2=1.0000  combined=1.0000  auroc=1.0000  excl=1.0000 (0)  (203.3s)
    Pipeline ensemble component 1: KW k-ensemble
      k=15: mean_max_prob=0.6742
      k=20: mean_max_prob=0.6724
      k=30: mean_max_prob=0.6783
      k=50: mean_max_prob=0.6701
    Pipeline ensemble component 2: EN+NMC GridSearchCV
    Ensemble mean_max_prob: kens=0.6668, en=0.6332, ratio=1.05
  Fold 5: s1=1.0000 (t=0.50)  s2=0.7143  combined=0.8095  auroc=0.9597  excl=0.8095 (0)  (192.2s)

Summary for v2_nmc_ensemble repeat 50:
  Stage 1 (HER2+ vs rest):  1.0000 (+/- 0.0000)
  Stage 2 (HR+ vs TN):      0.7440 (+/- 0.1506)
  Combined (3-class):       0.8294 (+/- 0.1004)
  Combined (excl mislabels): 0.8433 (+/- 0.0917)
  Combined fold scores: [0.7857, 0.8571, 0.6944, 1.0, 0.8095]
  Total time: 1048.6s
Fold results saved to /data/cbotos/TB-Project/results/2026-04-24_server_run_v2/hierarchical_nested_cv/data/fold_results_nmc_ensemble_r50.csv
Checkpoint removed (job complete).
