Run: 2026-04-24_server_run_v2
Config: /data/cbotos/TB-Project/results/2026-04-24_server_run_v2/config_snapshot_hierarchical.yaml
Stage 1: kw_rf (fixed, binary HER2+ vs rest, threshold=0.5)
Stage 2: en_nmc (HR+ vs Triple Neg)
Repeat seed: 46
Stage 2 grid size: 200 combinations
Loading data...
Loaded 100 samples, 273 features.
Classes: ['HER2+', 'HR+', 'Triple Neg']
  HER2+: 32 samples
  HR+: 36 samples
  Triple Neg: 32 samples
Mislabel indices verified: [(2, 'Array.67'), (4, 'Array.22')]
  Fold 1: s1=1.0000 (t=0.50)  s2=0.7738  combined=0.8492  auroc=0.9429  excl=0.8492 (0)  (171.7s)
  Fold 2: s1=1.0000 (t=0.50)  s2=0.6667  combined=0.7778  auroc=0.9771  excl=0.7778 (0)  (181.1s)
  Fold 3: s1=1.0000 (t=0.50)  s2=0.7292  combined=0.8194  auroc=0.9549  excl=0.8083 (1)  (172.9s)
  Fold 4: s1=1.0000 (t=0.50)  s2=0.4286  combined=0.6190  auroc=0.8645  excl=0.6190 (0)  (175.3s)
  Fold 5: s1=1.0000 (t=0.50)  s2=0.7143  combined=0.8095  auroc=0.9231  excl=0.8333 (1)  (169.9s)

Summary for v2_en_nmc repeat 46:
  Stage 1 (HER2+ vs rest):  1.0000 (+/- 0.0000)
  Stage 2 (HR+ vs TN):      0.6625 (+/- 0.1219)
  Combined (3-class):       0.7750 (+/- 0.0812)
  Combined (excl mislabels): 0.7775 (+/- 0.0828)
  Combined fold scores: [0.8492, 0.7778, 0.8194, 0.619, 0.8095]
  Total time: 871.0s
Fold results saved to /data/cbotos/TB-Project/results/2026-04-24_server_run_v2/hierarchical_nested_cv/data/fold_results_en_nmc_r46.csv
Checkpoint removed (job complete).
