Run: 2026-04-24_server_run_v2
Config: /data/cbotos/TB-Project/results/2026-04-24_server_run_v2/config_snapshot_hierarchical.yaml
Stage 1: kw_rf (fixed, binary HER2+ vs rest, threshold=0.5)
Stage 2: kw_nmc (HR+ vs Triple Neg)
Repeat seed: 45
Stage 2 grid size: 8 combinations
Loading data...
Loaded 100 samples, 273 features.
Classes: ['HER2+', 'HR+', 'Triple Neg']
  HER2+: 32 samples
  HR+: 36 samples
  Triple Neg: 32 samples
Mislabel indices verified: [(2, 'Array.67'), (4, 'Array.22')]
  Fold 1: s1=1.0000 (t=0.50)  s2=0.7619  combined=0.8413  auroc=0.9426  excl=0.8857 (1)  (7.0s)
  Fold 2: s1=1.0000 (t=0.50)  s2=0.5357  combined=0.6905  auroc=0.9161  excl=0.6905 (0)  (5.0s)
  Fold 3: s1=1.0000 (t=0.50)  s2=0.9167  combined=0.9444  auroc=0.9628  excl=0.9444 (0)  (5.1s)
  Fold 4: s1=1.0000 (t=0.50)  s2=0.9286  combined=0.9524  auroc=0.9487  excl=1.0000 (1)  (5.1s)
  Fold 5: s1=1.0000 (t=0.50)  s2=0.6429  combined=0.7619  auroc=0.9267  excl=0.7619 (0)  (5.0s)

Summary for v2_kw_nmc repeat 45:
  Stage 1 (HER2+ vs rest):  1.0000 (+/- 0.0000)
  Stage 2 (HR+ vs TN):      0.7571 (+/- 0.1529)
  Combined (3-class):       0.8381 (+/- 0.1020)
  Combined (excl mislabels): 0.8565 (+/- 0.1146)
  Combined fold scores: [0.8413, 0.6905, 0.9444, 0.9524, 0.7619]
  Total time: 27.3s
Fold results saved to /data/cbotos/TB-Project/results/2026-04-24_server_run_v2/hierarchical_nested_cv/data/fold_results_kw_nmc_r45.csv
Checkpoint removed (job complete).
