Run: 2026-04-24_server_run_v2
Config: /data/cbotos/TB-Project/results/2026-04-24_server_run_v2/config_snapshot_hierarchical.yaml
Stage 1: kw_rf (fixed, binary HER2+ vs rest, threshold=0.5)
Stage 2: kw_nmc_pens (HR+ vs Triple Neg)
Repeat seed: 11
Stage 2: no GridSearchCV (ensemble pipeline)
Loading data...
Loaded 100 samples, 273 features.
Classes: ['HER2+', 'HR+', 'Triple Neg']
  HER2+: 32 samples
  HR+: 36 samples
  Triple Neg: 32 samples
Mislabel indices verified: [(2, 'Array.67'), (4, 'Array.22')]
Pooled plateau: 7 of 8 combos from 250 fold files (best=0.7264, std=0.0615, threshold=0.6649)
  Plateau combo 1: score=0.7264, params={'selector__k': 30}
  Plateau combo 2: score=0.7220, params={'selector__k': 50}
  Plateau combo 3: score=0.7212, params={'selector__k': 20}
  Plateau combo 4: score=0.7066, params={'selector__k': 15}
  Plateau combo 5: score=0.7065, params={'selector__k': 75}
  Plateau combo 6: score=0.6950, params={'selector__k': 100}
  Plateau combo 7: score=0.6786, params={'selector__k': 10}
    Retraining 7 plateau models
      [1/7] n_features=30, params={'selector__k': 30}
      [2/7] n_features=50, params={'selector__k': 50}
      [3/7] n_features=20, params={'selector__k': 20}
      [7/7] n_features=10, params={'selector__k': 10}
    Plateau features: union=100, intersection=10
  Fold 1: s1=1.0000 (t=0.50)  s2=0.8571  combined=0.9048  auroc=1.0000  excl=0.9048 (0)  (2.0s)
    Retraining 7 plateau models
      [1/7] n_features=30, params={'selector__k': 30}
      [2/7] n_features=50, params={'selector__k': 50}
      [3/7] n_features=20, params={'selector__k': 20}
      [7/7] n_features=10, params={'selector__k': 10}
    Plateau features: union=100, intersection=10
  Fold 2: s1=1.0000 (t=0.50)  s2=0.7619  combined=0.8413  auroc=0.9545  excl=0.9333 (2)  (2.0s)
    Retraining 7 plateau models
      [1/7] n_features=30, params={'selector__k': 30}
      [2/7] n_features=50, params={'selector__k': 50}
      [3/7] n_features=20, params={'selector__k': 20}
      [7/7] n_features=10, params={'selector__k': 10}
    Plateau features: union=100, intersection=10
  Fold 3: s1=1.0000 (t=0.50)  s2=0.8333  combined=0.8889  auroc=0.9782  excl=0.8889 (0)  (1.8s)
    Retraining 7 plateau models
      [1/7] n_features=30, params={'selector__k': 30}
      [2/7] n_features=50, params={'selector__k': 50}
      [3/7] n_features=20, params={'selector__k': 20}
      [7/7] n_features=10, params={'selector__k': 10}
    Plateau features: union=100, intersection=10
  Fold 4: s1=1.0000 (t=0.50)  s2=0.6429  combined=0.7619  auroc=0.9084  excl=0.7619 (0)  (1.5s)
    Retraining 7 plateau models
      [1/7] n_features=30, params={'selector__k': 30}
      [2/7] n_features=50, params={'selector__k': 50}
      [3/7] n_features=20, params={'selector__k': 20}
      [7/7] n_features=10, params={'selector__k': 10}
    Plateau features: union=100, intersection=10
  Fold 5: s1=1.0000 (t=0.50)  s2=0.8571  combined=0.9048  auroc=0.9487  excl=0.9048 (0)  (1.5s)

Summary for v2_kw_nmc_pens repeat 11:
  Stage 1 (HER2+ vs rest):  1.0000 (+/- 0.0000)
  Stage 2 (HR+ vs TN):      0.7905 (+/- 0.0816)
  Combined (3-class):       0.8603 (+/- 0.0544)
  Combined (excl mislabels): 0.8787 (+/- 0.0601)
  Combined fold scores: [0.9048, 0.8413, 0.8889, 0.7619, 0.9048]
  Total time: 8.9s
Fold results saved to /data/cbotos/TB-Project/results/2026-04-24_server_run_v2/hierarchical_nested_cv/data/fold_results_kw_nmc_pens_r11.csv
Checkpoint removed (job complete).
