Run: 2026-04-24_server_run_v2
Config: /data/cbotos/TB-Project/results/2026-04-24_server_run_v2/config_snapshot_hierarchical.yaml
Stage 1: kw_rf (fixed, binary HER2+ vs rest, threshold=0.5)
Stage 2: standalone_en_pens (HR+ vs Triple Neg)
Repeat seed: 35
Stage 2: no GridSearchCV (ensemble pipeline)
Loading data...
Loaded 100 samples, 273 features.
Classes: ['HER2+', 'HR+', 'Triple Neg']
  HER2+: 32 samples
  HR+: 36 samples
  Triple Neg: 32 samples
Mislabel indices verified: [(2, 'Array.67'), (4, 'Array.22')]
Pooled plateau capped: 30 -> 15 combos
Pooled plateau: 15 of 50 combos from 250 fold files (best=0.7583, std=0.0507, threshold=0.7075)
  Plateau combo 1: score=0.7583, params={'clf__C': 0.0464159, 'clf__l1_ratio': 0.1}
  Plateau combo 2: score=0.7456, params={'clf__C': 0.16681, 'clf__l1_ratio': 0.1}
  Plateau combo 3: score=0.7452, params={'clf__C': 0.16681, 'clf__l1_ratio': 0.3}
  Plateau combo 4: score=0.7395, params={'clf__C': 0.599484, 'clf__l1_ratio': 0.3}
  Plateau combo 5: score=0.7388, params={'clf__C': 0.599484, 'clf__l1_ratio': 0.1}
  Plateau combo 6: score=0.7383, params={'clf__C': 0.16681, 'clf__l1_ratio': 0.5}
  Plateau combo 7: score=0.7376, params={'clf__C': 2.15443, 'clf__l1_ratio': 0.1}
  Plateau combo 8: score=0.7367, params={'clf__C': 27.8256, 'clf__l1_ratio': 0.5}
  Plateau combo 9: score=0.7365, params={'clf__C': 0.599484, 'clf__l1_ratio': 0.5}
  Plateau combo 10: score=0.7356, params={'clf__C': 27.8256, 'clf__l1_ratio': 0.7}
  Plateau combo 11: score=0.7350, params={'clf__C': 100.0, 'clf__l1_ratio': 0.9}
  Plateau combo 12: score=0.7350, params={'clf__C': 7.74264, 'clf__l1_ratio': 0.3}
  Plateau combo 13: score=0.7349, params={'clf__C': 27.8256, 'clf__l1_ratio': 0.3}
  Plateau combo 14: score=0.7349, params={'clf__C': 7.74264, 'clf__l1_ratio': 0.1}
  Plateau combo 15: score=0.7343, params={'clf__C': 2.15443, 'clf__l1_ratio': 0.3}
    Retraining 15 plateau models
      [1/15] n_features=70, params={'clf__C': 0.0464159, 'clf__l1_ratio': 0.1}
      [2/15] n_features=111, params={'clf__C': 0.16681, 'clf__l1_ratio': 0.1}
      [3/15] n_features=53, params={'clf__C': 0.16681, 'clf__l1_ratio': 0.3}
      [15/15] n_features=103, params={'clf__C': 2.15443, 'clf__l1_ratio': 0.3}
    Plateau features: union=226, intersection=31
  Fold 1: s1=1.0000 (t=0.50)  s2=0.6905  combined=0.7937  auroc=0.9582  excl=0.7937 (0)  (3.6s)
    Retraining 15 plateau models
      [1/15] n_features=82, params={'clf__C': 0.0464159, 'clf__l1_ratio': 0.1}
      [2/15] n_features=130, params={'clf__C': 0.16681, 'clf__l1_ratio': 0.1}
      [3/15] n_features=58, params={'clf__C': 0.16681, 'clf__l1_ratio': 0.3}
      [15/15] n_features=109, params={'clf__C': 2.15443, 'clf__l1_ratio': 0.3}
    Plateau features: union=235, intersection=32
  Fold 2: s1=1.0000 (t=0.50)  s2=0.7619  combined=0.8413  auroc=0.9277  excl=0.8857 (1)  (3.6s)
    Retraining 15 plateau models
      [1/15] n_features=80, params={'clf__C': 0.0464159, 'clf__l1_ratio': 0.1}
      [2/15] n_features=129, params={'clf__C': 0.16681, 'clf__l1_ratio': 0.1}
      [3/15] n_features=54, params={'clf__C': 0.16681, 'clf__l1_ratio': 0.3}
      [15/15] n_features=106, params={'clf__C': 2.15443, 'clf__l1_ratio': 0.3}
    Plateau features: union=230, intersection=32
  Fold 3: s1=1.0000 (t=0.50)  s2=0.6875  combined=0.7917  auroc=0.8814  excl=0.8333 (1)  (3.7s)
    Retraining 15 plateau models
      [1/15] n_features=69, params={'clf__C': 0.0464159, 'clf__l1_ratio': 0.1}
      [2/15] n_features=104, params={'clf__C': 0.16681, 'clf__l1_ratio': 0.1}
      [3/15] n_features=54, params={'clf__C': 0.16681, 'clf__l1_ratio': 0.3}
      [15/15] n_features=89, params={'clf__C': 2.15443, 'clf__l1_ratio': 0.3}
    Plateau features: union=224, intersection=29
  Fold 4: s1=1.0000 (t=0.50)  s2=0.6429  combined=0.7619  auroc=0.9194  excl=0.7619 (0)  (3.6s)
    Retraining 15 plateau models
      [1/15] n_features=80, params={'clf__C': 0.0464159, 'clf__l1_ratio': 0.1}
      [2/15] n_features=132, params={'clf__C': 0.16681, 'clf__l1_ratio': 0.1}
      [3/15] n_features=60, params={'clf__C': 0.16681, 'clf__l1_ratio': 0.3}
      [15/15] n_features=111, params={'clf__C': 2.15443, 'clf__l1_ratio': 0.3}
    Plateau features: union=237, intersection=28
  Fold 5: s1=1.0000 (t=0.50)  s2=0.7143  combined=0.8095  auroc=0.9560  excl=0.8095 (0)  (3.7s)

Summary for v2_standalone_en_pens repeat 35:
  Stage 1 (HER2+ vs rest):  1.0000 (+/- 0.0000)
  Stage 2 (HR+ vs TN):      0.6994 (+/- 0.0389)
  Combined (3-class):       0.7996 (+/- 0.0259)
  Combined (excl mislabels): 0.8168 (+/- 0.0415)
  Combined fold scores: [0.7937, 0.8413, 0.7917, 0.7619, 0.8095]
  Total time: 18.2s
Fold results saved to /data/cbotos/TB-Project/results/2026-04-24_server_run_v2/hierarchical_nested_cv/data/fold_results_standalone_en_pens_r35.csv
Checkpoint removed (job complete).
