Run: 2026-04-24_server_run_v2
Config: /data/cbotos/TB-Project/results/2026-04-24_server_run_v2/config_snapshot_hierarchical.yaml
Stage 1: kw_rf (fixed, binary HER2+ vs rest, threshold=0.5)
Stage 2: en_rf (HR+ vs Triple Neg)
Repeat seed: 10
Stage 2 grid size: 800 combinations
Loading data...
Loaded 100 samples, 273 features.
Classes: ['HER2+', 'HR+', 'Triple Neg']
  HER2+: 32 samples
  HR+: 36 samples
  Triple Neg: 32 samples
Mislabel indices verified: [(2, 'Array.67'), (4, 'Array.22')]
  Fold 1: s1=1.0000 (t=0.50)  s2=0.7619  combined=0.8413  auroc=0.9466  excl=0.8889 (1)  (2377.1s)
  Fold 2: s1=1.0000 (t=0.50)  s2=0.6905  combined=0.7937  auroc=0.9502  excl=0.7937 (0)  (2366.9s)
  Fold 3: s1=1.0000 (t=0.50)  s2=0.5625  combined=0.7083  auroc=0.8814  excl=0.7083 (0)  (2375.6s)
  Fold 4: s1=1.0000 (t=0.50)  s2=0.5714  combined=0.7143  auroc=0.8462  excl=0.7460 (1)  (2405.2s)
  Fold 5: s1=1.0000 (t=0.50)  s2=0.2143  combined=0.4762  auroc=0.7399  excl=0.4762 (0)  (2424.2s)

Summary for v2_en_rf repeat 10:
  Stage 1 (HER2+ vs rest):  1.0000 (+/- 0.0000)
  Stage 2 (HR+ vs TN):      0.5601 (+/- 0.1884)
  Combined (3-class):       0.7067 (+/- 0.1256)
  Combined (excl mislabels): 0.7226 (+/- 0.1372)
  Combined fold scores: [0.8413, 0.7937, 0.7083, 0.7143, 0.4762]
  Total time: 11949.0s
Fold results saved to /data/cbotos/TB-Project/results/2026-04-24_server_run_v2/hierarchical_nested_cv/data/fold_results_en_rf_r10.csv
Checkpoint removed (job complete).
