Run: 2026-04-24_server_run_v2
Config: /data/cbotos/TB-Project/results/2026-04-24_server_run_v2/config_snapshot_hierarchical.yaml
Stage 1: kw_rf (fixed, binary HER2+ vs rest, threshold=0.5)
Stage 2: kw_rf (HR+ vs Triple Neg)
Repeat seed: 43
Stage 2 grid size: 32 combinations
Loading data...
Loaded 100 samples, 273 features.
Classes: ['HER2+', 'HR+', 'Triple Neg']
  HER2+: 32 samples
  HR+: 36 samples
  Triple Neg: 32 samples
Mislabel indices verified: [(2, 'Array.67'), (4, 'Array.22')]
  Fold 1: s1=1.0000 (t=0.50)  s2=0.4643  combined=0.6429  auroc=0.8779  excl=0.6667 (1)  (100.9s)
  Fold 2: s1=1.0000 (t=0.50)  s2=0.5357  combined=0.6905  auroc=0.8433  excl=0.6905 (0)  (101.0s)
  Fold 3: s1=1.0000 (t=0.50)  s2=0.8542  combined=0.9028  auroc=0.9777  excl=0.9028 (0)  (101.5s)
  Fold 4: s1=1.0000 (t=0.50)  s2=0.7143  combined=0.8095  auroc=0.9084  excl=0.8095 (0)  (101.1s)
  Fold 5: s1=1.0000 (t=0.50)  s2=0.7143  combined=0.8095  auroc=0.9231  excl=0.8413 (1)  (101.5s)

Summary for v2_kw_rf repeat 43:
  Stage 1 (HER2+ vs rest):  1.0000 (+/- 0.0000)
  Stage 2 (HR+ vs TN):      0.6565 (+/- 0.1395)
  Combined (3-class):       0.7710 (+/- 0.0930)
  Combined (excl mislabels): 0.7821 (+/- 0.0900)
  Combined fold scores: [0.6429, 0.6905, 0.9028, 0.8095, 0.8095]
  Total time: 505.9s
Fold results saved to /data/cbotos/TB-Project/results/2026-04-24_server_run_v2/hierarchical_nested_cv/data/fold_results_kw_rf_r43.csv
Checkpoint removed (job complete).
