Run: 2026-04-24_server_run_v2
Config: /mnt/d/Coursework/TB-Project/config_files/local.yaml
Stage 1: kw_rf (fixed, binary HER2+ vs rest, threshold=0.5)
Stage 2: standalone_en_pens (HR+ vs Triple Neg)
Repeat seed: 1
Stage 2: no GridSearchCV (ensemble pipeline)
Loading data...
Loaded 100 samples, 273 features.
Classes: ['HER2+', 'HR+', 'Triple Neg']
  HER2+: 32 samples
  HR+: 36 samples
  Triple Neg: 32 samples
Mislabel indices verified: [(2, 'Array.67'), (4, 'Array.22')]
Pooled plateau: 13 of 25 combos from 15 fold files (best=0.7671, std=0.0483, threshold=0.7188)
  Plateau combo 1: score=0.7671, params={'clf__C': 0.1, 'clf__l1_ratio': 0.1}
  Plateau combo 2: score=0.7644, params={'clf__C': 0.1, 'clf__l1_ratio': 0.3}
  Plateau combo 3: score=0.7549, params={'clf__C': 1.0, 'clf__l1_ratio': 0.1}
  Plateau combo 4: score=0.7520, params={'clf__C': 1.0, 'clf__l1_ratio': 0.3}
  Plateau combo 5: score=0.7482, params={'clf__C': 10.0, 'clf__l1_ratio': 0.5}
  Plateau combo 6: score=0.7476, params={'clf__C': 1.0, 'clf__l1_ratio': 0.5}
  Plateau combo 7: score=0.7456, params={'clf__C': 10.0, 'clf__l1_ratio': 0.3}
  Plateau combo 8: score=0.7447, params={'clf__C': 0.1, 'clf__l1_ratio': 0.5}
  Plateau combo 9: score=0.7422, params={'clf__C': 10.0, 'clf__l1_ratio': 0.1}
  Plateau combo 10: score=0.7404, params={'clf__C': 10.0, 'clf__l1_ratio': 0.7}
  Plateau combo 11: score=0.7351, params={'clf__C': 1.0, 'clf__l1_ratio': 0.7}
  Plateau combo 12: score=0.7318, params={'clf__C': 10.0, 'clf__l1_ratio': 0.9}
  Plateau combo 13: score=0.7280, params={'clf__C': 1.0, 'clf__l1_ratio': 0.9}
    Retraining 13 plateau models
      [1/13] n_features=104, params={'clf__C': 0.1, 'clf__l1_ratio': 0.1}
      [2/13] n_features=41, params={'clf__C': 0.1, 'clf__l1_ratio': 0.3}
      [3/13] n_features=172, params={'clf__C': 1.0, 'clf__l1_ratio': 0.1}
      [13/13] n_features=33, params={'clf__C': 1.0, 'clf__l1_ratio': 0.9}
    Plateau features: union=231, intersection=16
  Fold 1: s1=1.0000 (t=0.50)  s2=0.7738  combined=0.8492  auroc=0.9768  excl=0.8492 (0)  (2.9s)
    Retraining 13 plateau models
      [1/13] n_features=104, params={'clf__C': 0.1, 'clf__l1_ratio': 0.1}
      [2/13] n_features=43, params={'clf__C': 0.1, 'clf__l1_ratio': 0.3}
      [3/13] n_features=167, params={'clf__C': 1.0, 'clf__l1_ratio': 0.1}
      [13/13] n_features=33, params={'clf__C': 1.0, 'clf__l1_ratio': 0.9}
    Plateau features: union=233, intersection=15
  Fold 2: s1=1.0000 (t=0.50)  s2=0.7619  combined=0.8413  auroc=0.9081  excl=0.8413 (0)  (2.6s)
    Retraining 13 plateau models
      [1/13] n_features=103, params={'clf__C': 0.1, 'clf__l1_ratio': 0.1}
      [2/13] n_features=41, params={'clf__C': 0.1, 'clf__l1_ratio': 0.3}
      [3/13] n_features=160, params={'clf__C': 1.0, 'clf__l1_ratio': 0.1}
      [13/13] n_features=32, params={'clf__C': 1.0, 'clf__l1_ratio': 0.9}
    Plateau features: union=243, intersection=17
  Fold 3: s1=1.0000 (t=0.50)  s2=0.6042  combined=0.7361  auroc=0.8914  excl=0.7361 (0)  (2.8s)
    Retraining 13 plateau models
      [1/13] n_features=113, params={'clf__C': 0.1, 'clf__l1_ratio': 0.1}
      [2/13] n_features=42, params={'clf__C': 0.1, 'clf__l1_ratio': 0.3}
      [3/13] n_features=161, params={'clf__C': 1.0, 'clf__l1_ratio': 0.1}
      [13/13] n_features=33, params={'clf__C': 1.0, 'clf__l1_ratio': 0.9}
    Plateau features: union=236, intersection=13
  Fold 4: s1=1.0000 (t=0.50)  s2=0.7857  combined=0.8571  auroc=0.9780  excl=0.9444 (2)  (2.8s)
    Retraining 13 plateau models
      [1/13] n_features=111, params={'clf__C': 0.1, 'clf__l1_ratio': 0.1}
      [2/13] n_features=37, params={'clf__C': 0.1, 'clf__l1_ratio': 0.3}
      [3/13] n_features=170, params={'clf__C': 1.0, 'clf__l1_ratio': 0.1}
      [13/13] n_features=30, params={'clf__C': 1.0, 'clf__l1_ratio': 0.9}
    Plateau features: union=245, intersection=16
  Fold 5: s1=1.0000 (t=0.50)  s2=0.7857  combined=0.8571  auroc=0.9853  excl=0.8571 (0)  (2.8s)

Summary for v2_standalone_en_pens repeat 1:
  Stage 1 (HER2+ vs rest):  1.0000 (+/- 0.0000)
  Stage 2 (HR+ vs TN):      0.7423 (+/- 0.0696)
  Combined (3-class):       0.8282 (+/- 0.0464)
  Combined (excl mislabels): 0.8456 (+/- 0.0662)
  Combined fold scores: [0.8492, 0.8413, 0.7361, 0.8571, 0.8571]
  Total time: 13.9s
Fold results saved to /mnt/d/Coursework/TB-Project/results/2026-04-24_server_run_v2/hierarchical_nested_cv/data/fold_results_standalone_en_pens_r1.csv
Checkpoint removed (job complete).
