Run: 2026-04-24_server_run_v2
Config: /data/cbotos/TB-Project/results/2026-04-24_server_run_v2/config_snapshot_hierarchical.yaml
Stage 1: kw_rf (fixed, binary HER2+ vs rest, threshold=0.5)
Stage 2: kw_nmc (HR+ vs Triple Neg)
Repeat seed: 18
Stage 2 grid size: 8 combinations
Loading data...
Loaded 100 samples, 273 features.
Classes: ['HER2+', 'HR+', 'Triple Neg']
  HER2+: 32 samples
  HR+: 36 samples
  Triple Neg: 32 samples
Mislabel indices verified: [(2, 'Array.67'), (4, 'Array.22')]
  Fold 1: s1=1.0000 (t=0.50)  s2=0.6071  combined=0.7381  auroc=0.9045  excl=0.7381 (0)  (6.7s)
  Fold 2: s1=1.0000 (t=0.50)  s2=0.6190  combined=0.7460  auroc=0.9008  excl=0.8222 (2)  (5.9s)
  Fold 3: s1=1.0000 (t=0.50)  s2=0.6875  combined=0.7917  auroc=0.9559  excl=0.7917 (0)  (5.9s)
  Fold 4: s1=1.0000 (t=0.50)  s2=0.7857  combined=0.8571  auroc=0.9890  excl=0.8571 (0)  (5.9s)
  Fold 5: s1=1.0000 (t=0.50)  s2=0.6429  combined=0.7619  auroc=0.8791  excl=0.7619 (0)  (5.9s)

Summary for v2_kw_nmc repeat 18:
  Stage 1 (HER2+ vs rest):  1.0000 (+/- 0.0000)
  Stage 2 (HR+ vs TN):      0.6685 (+/- 0.0648)
  Combined (3-class):       0.7790 (+/- 0.0432)
  Combined (excl mislabels): 0.7942 (+/- 0.0423)
  Combined fold scores: [0.7381, 0.746, 0.7917, 0.8571, 0.7619]
  Total time: 30.4s
Fold results saved to /data/cbotos/TB-Project/results/2026-04-24_server_run_v2/hierarchical_nested_cv/data/fold_results_kw_nmc_r18.csv
Checkpoint removed (job complete).
