Run: 2026-04-24_server_run_v2
Config: /data/cbotos/TB-Project/results/2026-04-24_server_run_v2/config_snapshot_hierarchical.yaml
Stage 1: kw_rf (fixed, binary HER2+ vs rest, threshold=0.5)
Stage 2: en_nmc (HR+ vs Triple Neg)
Repeat seed: 50
Stage 2 grid size: 200 combinations
Loading data...
Loaded 100 samples, 273 features.
Classes: ['HER2+', 'HR+', 'Triple Neg']
  HER2+: 32 samples
  HR+: 36 samples
  Triple Neg: 32 samples
Mislabel indices verified: [(2, 'Array.67'), (4, 'Array.22')]
  Fold 1: s1=1.0000 (t=0.50)  s2=0.6786  combined=0.7857  auroc=0.9237  excl=0.8333 (1)  (215.8s)
  Fold 2: s1=1.0000 (t=0.50)  s2=0.8571  combined=0.9048  auroc=0.9655  excl=0.9048 (0)  (218.4s)
  Fold 3: s1=1.0000 (t=0.50)  s2=0.5417  combined=0.6944  auroc=0.8735  excl=0.7167 (1)  (212.4s)
  Fold 4: s1=1.0000 (t=0.50)  s2=1.0000  combined=1.0000  auroc=1.0000  excl=1.0000 (0)  (207.8s)
  Fold 5: s1=1.0000 (t=0.50)  s2=0.7143  combined=0.8095  auroc=0.9597  excl=0.8095 (0)  (218.7s)

Summary for v2_en_nmc repeat 50:
  Stage 1 (HER2+ vs rest):  1.0000 (+/- 0.0000)
  Stage 2 (HR+ vs TN):      0.7583 (+/- 0.1571)
  Combined (3-class):       0.8389 (+/- 0.1047)
  Combined (excl mislabels): 0.8529 (+/- 0.0950)
  Combined fold scores: [0.7857, 0.9048, 0.6944, 1.0, 0.8095]
  Total time: 1073.2s
Fold results saved to /data/cbotos/TB-Project/results/2026-04-24_server_run_v2/hierarchical_nested_cv/data/fold_results_en_nmc_r50.csv
Checkpoint removed (job complete).
