Run: 2026-04-24_server_run_v2
Config: /data/cbotos/TB-Project/results/2026-04-24_server_run_v2/config_snapshot_hierarchical.yaml
Stage 1: kw_rf (fixed, binary HER2+ vs rest, threshold=0.5)
Stage 2: kw_nmc_kens (HR+ vs Triple Neg)
Repeat seed: 6
Stage 2: no GridSearchCV (ensemble pipeline)
Loading data...
Loaded 100 samples, 273 features.
Classes: ['HER2+', 'HR+', 'Triple Neg']
  HER2+: 32 samples
  HR+: 36 samples
  Triple Neg: 32 samples
Mislabel indices verified: [(2, 'Array.67'), (4, 'Array.22')]
      k=15: mean_max_prob=0.6840
      k=20: mean_max_prob=0.7036
      k=30: mean_max_prob=0.6948
      k=50: mean_max_prob=0.7055
  Fold 1: s1=1.0000 (t=0.50)  s2=0.8571  combined=0.9048  auroc=1.0000  excl=0.9048 (0)  (1.0s)
      k=15: mean_max_prob=0.7347
      k=20: mean_max_prob=0.7349
      k=30: mean_max_prob=0.7184
      k=50: mean_max_prob=0.6909
  Fold 2: s1=1.0000 (t=0.50)  s2=0.7619  combined=0.8413  auroc=0.9084  excl=0.8857 (1)  (1.0s)
      k=15: mean_max_prob=0.7011
      k=20: mean_max_prob=0.7054
      k=30: mean_max_prob=0.7028
      k=50: mean_max_prob=0.7249
  Fold 3: s1=1.0000 (t=0.50)  s2=0.6250  combined=0.7500  auroc=0.8512  excl=0.7500 (0)  (1.0s)
      k=15: mean_max_prob=0.7202
      k=20: mean_max_prob=0.7273
      k=30: mean_max_prob=0.7267
      k=50: mean_max_prob=0.7213
  Fold 4: s1=1.0000 (t=0.50)  s2=0.8571  combined=0.9048  auroc=0.9377  excl=0.9048 (0)  (1.0s)
      k=15: mean_max_prob=0.7004
      k=20: mean_max_prob=0.7141
      k=30: mean_max_prob=0.6920
      k=50: mean_max_prob=0.6748
  Fold 5: s1=1.0000 (t=0.50)  s2=0.7857  combined=0.8571  auroc=0.9414  excl=0.8968 (1)  (1.0s)

Summary for v2_kw_nmc_kens repeat 6:
  Stage 1 (HER2+ vs rest):  1.0000 (+/- 0.0000)
  Stage 2 (HR+ vs TN):      0.7774 (+/- 0.0852)
  Combined (3-class):       0.8516 (+/- 0.0568)
  Combined (excl mislabels): 0.8684 (+/- 0.0596)
  Combined fold scores: [0.9048, 0.8413, 0.75, 0.9048, 0.8571]
  Total time: 5.0s
Fold results saved to /data/cbotos/TB-Project/results/2026-04-24_server_run_v2/hierarchical_nested_cv/data/fold_results_kw_nmc_kens_r6.csv
Checkpoint removed (job complete).
