Run: 2026-04-24_server_run_v2
Config: /data/cbotos/TB-Project/results/2026-04-24_server_run_v2/config_snapshot_hierarchical.yaml
Stage 1: kw_rf (fixed, binary HER2+ vs rest, threshold=0.5)
Stage 2: nmc_ensemble (HR+ vs Triple Neg)
Repeat seed: 44
Stage 2: no GridSearchCV (ensemble pipeline)
Loading data...
Loaded 100 samples, 273 features.
Classes: ['HER2+', 'HR+', 'Triple Neg']
  HER2+: 32 samples
  HR+: 36 samples
  Triple Neg: 32 samples
Mislabel indices verified: [(2, 'Array.67'), (4, 'Array.22')]
    Pipeline ensemble component 1: KW k-ensemble
      k=15: mean_max_prob=0.6760
      k=20: mean_max_prob=0.6939
      k=30: mean_max_prob=0.6876
      k=50: mean_max_prob=0.6999
    Pipeline ensemble component 2: EN+NMC GridSearchCV
    Ensemble mean_max_prob: kens=0.6861, en=0.6590, ratio=1.04
  Fold 1: s1=1.0000 (t=0.50)  s2=0.9286  combined=0.9524  auroc=0.9805  excl=1.0000 (1)  (215.6s)
    Pipeline ensemble component 1: KW k-ensemble
      k=15: mean_max_prob=0.6509
      k=20: mean_max_prob=0.6320
      k=30: mean_max_prob=0.6431
      k=50: mean_max_prob=0.6363
    Pipeline ensemble component 2: EN+NMC GridSearchCV
    Ensemble mean_max_prob: kens=0.6345, en=0.6264, ratio=1.01
  Fold 2: s1=1.0000 (t=0.50)  s2=0.5952  combined=0.7302  auroc=0.8971  excl=0.7302 (0)  (228.9s)
    Pipeline ensemble component 1: KW k-ensemble
      k=15: mean_max_prob=0.6884
      k=20: mean_max_prob=0.6953
      k=30: mean_max_prob=0.7002
      k=50: mean_max_prob=0.7069
    Pipeline ensemble component 2: EN+NMC GridSearchCV
    Ensemble mean_max_prob: kens=0.6841, en=0.6558, ratio=1.04
  Fold 3: s1=1.0000 (t=0.50)  s2=0.8750  combined=0.9167  auroc=0.9926  excl=0.9167 (0)  (217.6s)
    Pipeline ensemble component 1: KW k-ensemble
      k=15: mean_max_prob=0.7212
      k=20: mean_max_prob=0.7258
      k=30: mean_max_prob=0.7467
      k=50: mean_max_prob=0.7519
    Pipeline ensemble component 2: EN+NMC GridSearchCV
    Ensemble mean_max_prob: kens=0.7293, en=0.6538, ratio=1.12
  Fold 4: s1=1.0000 (t=0.50)  s2=0.6429  combined=0.7619  auroc=0.8974  excl=0.7619 (0)  (200.1s)
    Pipeline ensemble component 1: KW k-ensemble
      k=15: mean_max_prob=0.7274
      k=20: mean_max_prob=0.7186
      k=30: mean_max_prob=0.7165
      k=50: mean_max_prob=0.6939
    Pipeline ensemble component 2: EN+NMC GridSearchCV
    Ensemble mean_max_prob: kens=0.7106, en=0.6697, ratio=1.06
  Fold 5: s1=1.0000 (t=0.50)  s2=0.7857  combined=0.8571  auroc=0.9707  excl=0.9048 (1)  (195.6s)

Summary for v2_nmc_ensemble repeat 44:
  Stage 1 (HER2+ vs rest):  1.0000 (+/- 0.0000)
  Stage 2 (HR+ vs TN):      0.7655 (+/- 0.1289)
  Combined (3-class):       0.8437 (+/- 0.0859)
  Combined (excl mislabels): 0.8627 (+/- 0.1013)
  Combined fold scores: [0.9524, 0.7302, 0.9167, 0.7619, 0.8571]
  Total time: 1057.9s
Fold results saved to /data/cbotos/TB-Project/results/2026-04-24_server_run_v2/hierarchical_nested_cv/data/fold_results_nmc_ensemble_r44.csv
Checkpoint removed (job complete).
