Run: 2026-04-24_server_run_v2
Config: /data/cbotos/TB-Project/results/2026-04-24_server_run_v2/config_snapshot_hierarchical.yaml
Stage 1: kw_rf (fixed, binary HER2+ vs rest, threshold=0.5)
Stage 2: nmc_ensemble (HR+ vs Triple Neg)
Repeat seed: 45
Stage 2: no GridSearchCV (ensemble pipeline)
Loading data...
Loaded 100 samples, 273 features.
Classes: ['HER2+', 'HR+', 'Triple Neg']
  HER2+: 32 samples
  HR+: 36 samples
  Triple Neg: 32 samples
Mislabel indices verified: [(2, 'Array.67'), (4, 'Array.22')]
    Pipeline ensemble component 1: KW k-ensemble
      k=15: mean_max_prob=0.7124
      k=20: mean_max_prob=0.7207
      k=30: mean_max_prob=0.6984
      k=50: mean_max_prob=0.6939
    Pipeline ensemble component 2: EN+NMC GridSearchCV
    Ensemble mean_max_prob: kens=0.6953, en=0.6580, ratio=1.06
  Fold 1: s1=1.0000 (t=0.50)  s2=0.7738  combined=0.8492  auroc=0.9695  excl=0.9048 (1)  (216.5s)
    Pipeline ensemble component 1: KW k-ensemble
      k=15: mean_max_prob=0.6807
      k=20: mean_max_prob=0.6916
      k=30: mean_max_prob=0.7017
      k=50: mean_max_prob=0.6993
    Pipeline ensemble component 2: EN+NMC GridSearchCV
    Ensemble mean_max_prob: kens=0.6883, en=0.6349, ratio=1.08
  Fold 2: s1=1.0000 (t=0.50)  s2=0.6071  combined=0.7381  auroc=0.8779  excl=0.7381 (0)  (218.3s)
    Pipeline ensemble component 1: KW k-ensemble
      k=15: mean_max_prob=0.6839
      k=20: mean_max_prob=0.6813
      k=30: mean_max_prob=0.6831
      k=50: mean_max_prob=0.6988
    Pipeline ensemble component 2: EN+NMC GridSearchCV
    Ensemble mean_max_prob: kens=0.6830, en=0.6321, ratio=1.08
  Fold 3: s1=1.0000 (t=0.50)  s2=0.9167  combined=0.9444  auroc=0.9742  excl=0.9444 (0)  (216.5s)
    Pipeline ensemble component 1: KW k-ensemble
      k=15: mean_max_prob=0.7025
      k=20: mean_max_prob=0.6952
      k=30: mean_max_prob=0.7037
      k=50: mean_max_prob=0.7002
    Pipeline ensemble component 2: EN+NMC GridSearchCV
    Ensemble mean_max_prob: kens=0.6903, en=0.6581, ratio=1.05
  Fold 4: s1=1.0000 (t=0.50)  s2=0.7857  combined=0.8571  auroc=0.9634  excl=0.8889 (1)  (198.4s)
    Pipeline ensemble component 1: KW k-ensemble
      k=15: mean_max_prob=0.7267
      k=20: mean_max_prob=0.7126
      k=30: mean_max_prob=0.7159
      k=50: mean_max_prob=0.7257
    Pipeline ensemble component 2: EN+NMC GridSearchCV
    Ensemble mean_max_prob: kens=0.7165, en=0.7065, ratio=1.01
  Fold 5: s1=1.0000 (t=0.50)  s2=0.6429  combined=0.7619  auroc=0.8938  excl=0.7619 (0)  (186.6s)

Summary for v2_nmc_ensemble repeat 45:
  Stage 1 (HER2+ vs rest):  1.0000 (+/- 0.0000)
  Stage 2 (HR+ vs TN):      0.7452 (+/- 0.1108)
  Combined (3-class):       0.8302 (+/- 0.0739)
  Combined (excl mislabels): 0.8476 (+/- 0.0821)
  Combined fold scores: [0.8492, 0.7381, 0.9444, 0.8571, 0.7619]
  Total time: 1036.3s
Fold results saved to /data/cbotos/TB-Project/results/2026-04-24_server_run_v2/hierarchical_nested_cv/data/fold_results_nmc_ensemble_r45.csv
Checkpoint removed (job complete).
