Run: 2026-04-24_server_run_v2
Config: /data/cbotos/TB-Project/results/2026-04-24_server_run_v2/config_snapshot_hierarchical.yaml
Stage 1: kw_rf (fixed, binary HER2+ vs rest, threshold=0.5)
Stage 2: standalone_en_pens (HR+ vs Triple Neg)
Repeat seed: 4
Stage 2: no GridSearchCV (ensemble pipeline)
Loading data...
Loaded 100 samples, 273 features.
Classes: ['HER2+', 'HR+', 'Triple Neg']
  HER2+: 32 samples
  HR+: 36 samples
  Triple Neg: 32 samples
Mislabel indices verified: [(2, 'Array.67'), (4, 'Array.22')]
Pooled plateau capped: 30 -> 15 combos
Pooled plateau: 15 of 50 combos from 250 fold files (best=0.7583, std=0.0507, threshold=0.7075)
  Plateau combo 1: score=0.7583, params={'clf__C': 0.0464159, 'clf__l1_ratio': 0.1}
  Plateau combo 2: score=0.7456, params={'clf__C': 0.16681, 'clf__l1_ratio': 0.1}
  Plateau combo 3: score=0.7452, params={'clf__C': 0.16681, 'clf__l1_ratio': 0.3}
  Plateau combo 4: score=0.7395, params={'clf__C': 0.599484, 'clf__l1_ratio': 0.3}
  Plateau combo 5: score=0.7388, params={'clf__C': 0.599484, 'clf__l1_ratio': 0.1}
  Plateau combo 6: score=0.7383, params={'clf__C': 0.16681, 'clf__l1_ratio': 0.5}
  Plateau combo 7: score=0.7376, params={'clf__C': 2.15443, 'clf__l1_ratio': 0.1}
  Plateau combo 8: score=0.7367, params={'clf__C': 27.8256, 'clf__l1_ratio': 0.5}
  Plateau combo 9: score=0.7365, params={'clf__C': 0.599484, 'clf__l1_ratio': 0.5}
  Plateau combo 10: score=0.7356, params={'clf__C': 27.8256, 'clf__l1_ratio': 0.7}
  Plateau combo 11: score=0.7350, params={'clf__C': 100.0, 'clf__l1_ratio': 0.9}
  Plateau combo 12: score=0.7350, params={'clf__C': 7.74264, 'clf__l1_ratio': 0.3}
  Plateau combo 13: score=0.7349, params={'clf__C': 27.8256, 'clf__l1_ratio': 0.3}
  Plateau combo 14: score=0.7349, params={'clf__C': 7.74264, 'clf__l1_ratio': 0.1}
  Plateau combo 15: score=0.7343, params={'clf__C': 2.15443, 'clf__l1_ratio': 0.3}
    Retraining 15 plateau models
      [1/15] n_features=77, params={'clf__C': 0.0464159, 'clf__l1_ratio': 0.1}
      [2/15] n_features=116, params={'clf__C': 0.16681, 'clf__l1_ratio': 0.1}
      [3/15] n_features=49, params={'clf__C': 0.16681, 'clf__l1_ratio': 0.3}
      [15/15] n_features=105, params={'clf__C': 2.15443, 'clf__l1_ratio': 0.3}
    Plateau features: union=214, intersection=27
  Fold 1: s1=1.0000 (t=0.50)  s2=0.6786  combined=0.7857  auroc=0.9078  excl=0.7857 (0)  (3.9s)
    Retraining 15 plateau models
      [1/15] n_features=75, params={'clf__C': 0.0464159, 'clf__l1_ratio': 0.1}
      [2/15] n_features=126, params={'clf__C': 0.16681, 'clf__l1_ratio': 0.1}
      [3/15] n_features=51, params={'clf__C': 0.16681, 'clf__l1_ratio': 0.3}
      [15/15] n_features=109, params={'clf__C': 2.15443, 'clf__l1_ratio': 0.3}
    Plateau features: union=232, intersection=34
  Fold 2: s1=1.0000 (t=0.50)  s2=0.7738  combined=0.8492  auroc=0.9811  excl=0.8492 (0)  (3.4s)
    Retraining 15 plateau models
      [1/15] n_features=65, params={'clf__C': 0.0464159, 'clf__l1_ratio': 0.1}
      [2/15] n_features=115, params={'clf__C': 0.16681, 'clf__l1_ratio': 0.1}
      [3/15] n_features=51, params={'clf__C': 0.16681, 'clf__l1_ratio': 0.3}
      [15/15] n_features=97, params={'clf__C': 2.15443, 'clf__l1_ratio': 0.3}
    Plateau features: union=220, intersection=34
  Fold 3: s1=1.0000 (t=0.50)  s2=0.6042  combined=0.7361  auroc=0.8924  excl=0.7540 (1)  (3.9s)
    Retraining 15 plateau models
      [1/15] n_features=72, params={'clf__C': 0.0464159, 'clf__l1_ratio': 0.1}
      [2/15] n_features=126, params={'clf__C': 0.16681, 'clf__l1_ratio': 0.1}
      [3/15] n_features=51, params={'clf__C': 0.16681, 'clf__l1_ratio': 0.3}
      [15/15] n_features=107, params={'clf__C': 2.15443, 'clf__l1_ratio': 0.3}
    Plateau features: union=237, intersection=26
  Fold 4: s1=1.0000 (t=0.50)  s2=0.9286  combined=0.9524  auroc=1.0000  excl=1.0000 (1)  (3.5s)
    Retraining 15 plateau models
      [1/15] n_features=72, params={'clf__C': 0.0464159, 'clf__l1_ratio': 0.1}
      [2/15] n_features=119, params={'clf__C': 0.16681, 'clf__l1_ratio': 0.1}
      [3/15] n_features=51, params={'clf__C': 0.16681, 'clf__l1_ratio': 0.3}
      [15/15] n_features=104, params={'clf__C': 2.15443, 'clf__l1_ratio': 0.3}
    Plateau features: union=231, intersection=32
  Fold 5: s1=1.0000 (t=0.50)  s2=0.7143  combined=0.8095  auroc=0.9377  excl=0.8095 (0)  (3.6s)

Summary for v2_standalone_en_pens repeat 4:
  Stage 1 (HER2+ vs rest):  1.0000 (+/- 0.0000)
  Stage 2 (HR+ vs TN):      0.7399 (+/- 0.1092)
  Combined (3-class):       0.8266 (+/- 0.0728)
  Combined (excl mislabels): 0.8397 (+/- 0.0860)
  Combined fold scores: [0.7857, 0.8492, 0.7361, 0.9524, 0.8095]
  Total time: 18.5s
Fold results saved to /data/cbotos/TB-Project/results/2026-04-24_server_run_v2/hierarchical_nested_cv/data/fold_results_standalone_en_pens_r4.csv
Checkpoint removed (job complete).
