Run: 2026-04-24_server_run_v2
Config: /data/cbotos/TB-Project/results/2026-04-24_server_run_v2/config_snapshot_hierarchical.yaml
Stage 1: kw_rf (fixed, binary HER2+ vs rest, threshold=0.5)
Stage 2: standalone_en (HR+ vs Triple Neg)
Repeat seed: 20
Stage 2 grid size: 50 combinations
Loading data...
Loaded 100 samples, 273 features.
Classes: ['HER2+', 'HR+', 'Triple Neg']
  HER2+: 32 samples
  HR+: 36 samples
  Triple Neg: 32 samples
Mislabel indices verified: [(2, 'Array.67'), (4, 'Array.22')]
  Fold 1: s1=1.0000 (t=0.50)  s2=0.5952  combined=0.7302  auroc=0.9078  excl=0.7302 (0)  (36.5s)
  Fold 2: s1=1.0000 (t=0.50)  s2=0.7619  combined=0.8413  auroc=0.9389  excl=0.8857 (1)  (34.6s)
  Fold 3: s1=1.0000 (t=0.50)  s2=0.3542  combined=0.5694  auroc=0.8398  excl=0.5694 (0)  (34.7s)
  Fold 4: s1=1.0000 (t=0.50)  s2=0.7857  combined=0.8571  auroc=0.9560  excl=0.8968 (1)  (34.8s)
  Fold 5: s1=1.0000 (t=0.50)  s2=0.8571  combined=0.9048  auroc=0.9560  excl=0.9048 (0)  (34.9s)

Summary for v2_standalone_en repeat 20:
  Stage 1 (HER2+ vs rest):  1.0000 (+/- 0.0000)
  Stage 2 (HR+ vs TN):      0.6708 (+/- 0.1801)
  Combined (3-class):       0.7806 (+/- 0.1201)
  Combined (excl mislabels): 0.7974 (+/- 0.1309)
  Combined fold scores: [0.7302, 0.8413, 0.5694, 0.8571, 0.9048]
  Total time: 175.6s
Fold results saved to /data/cbotos/TB-Project/results/2026-04-24_server_run_v2/hierarchical_nested_cv/data/fold_results_standalone_en_r20.csv
Checkpoint removed (job complete).
