Run: 2026-04-24_server_run_v2
Config: /data/cbotos/TB-Project/results/2026-04-24_server_run_v2/config_snapshot_hierarchical.yaml
Stage 1: kw_rf (fixed, binary HER2+ vs rest, threshold=0.5)
Stage 2: nmc_ensemble (HR+ vs Triple Neg)
Repeat seed: 47
Stage 2: no GridSearchCV (ensemble pipeline)
Loading data...
Loaded 100 samples, 273 features.
Classes: ['HER2+', 'HR+', 'Triple Neg']
  HER2+: 32 samples
  HR+: 36 samples
  Triple Neg: 32 samples
Mislabel indices verified: [(2, 'Array.67'), (4, 'Array.22')]
    Pipeline ensemble component 1: KW k-ensemble
      k=15: mean_max_prob=0.6725
      k=20: mean_max_prob=0.6741
      k=30: mean_max_prob=0.6939
      k=50: mean_max_prob=0.6723
    Pipeline ensemble component 2: EN+NMC GridSearchCV
    Ensemble mean_max_prob: kens=0.6704, en=0.6661, ratio=1.01
  Fold 1: s1=1.0000 (t=0.50)  s2=0.7619  combined=0.8413  auroc=0.9695  excl=0.8857 (1)  (214.9s)
    Pipeline ensemble component 1: KW k-ensemble
      k=15: mean_max_prob=0.6551
      k=20: mean_max_prob=0.6460
      k=30: mean_max_prob=0.6567
      k=50: mean_max_prob=0.6437
    Pipeline ensemble component 2: EN+NMC GridSearchCV
    Ensemble mean_max_prob: kens=0.6457, en=0.6129, ratio=1.05
  Fold 2: s1=1.0000 (t=0.50)  s2=0.8333  combined=0.8889  auroc=0.9658  excl=0.8889 (0)  (225.1s)
    Pipeline ensemble component 1: KW k-ensemble
      k=15: mean_max_prob=0.7003
      k=20: mean_max_prob=0.6945
      k=30: mean_max_prob=0.6926
      k=50: mean_max_prob=0.6810
    Pipeline ensemble component 2: EN+NMC GridSearchCV
    Ensemble mean_max_prob: kens=0.6860, en=0.6975, ratio=0.98
  Fold 3: s1=1.0000 (t=0.50)  s2=0.7917  combined=0.8611  auroc=0.9216  excl=0.8611 (0)  (199.2s)
    Pipeline ensemble component 1: KW k-ensemble
      k=15: mean_max_prob=0.6983
      k=20: mean_max_prob=0.6976
      k=30: mean_max_prob=0.6888
      k=50: mean_max_prob=0.7011
    Pipeline ensemble component 2: EN+NMC GridSearchCV
    Ensemble mean_max_prob: kens=0.6878, en=0.6598, ratio=1.04
  Fold 4: s1=1.0000 (t=0.50)  s2=0.6429  combined=0.7619  auroc=0.9084  excl=0.7619 (0)  (202.8s)
    Pipeline ensemble component 1: KW k-ensemble
      k=15: mean_max_prob=0.7155
      k=20: mean_max_prob=0.7273
      k=30: mean_max_prob=0.6748
      k=50: mean_max_prob=0.6665
    Pipeline ensemble component 2: EN+NMC GridSearchCV
    Ensemble mean_max_prob: kens=0.6881, en=0.6497, ratio=1.06
  Fold 5: s1=1.0000 (t=0.50)  s2=0.7857  combined=0.8571  auroc=0.9084  excl=0.8889 (1)  (180.1s)

Summary for v2_nmc_ensemble repeat 47:
  Stage 1 (HER2+ vs rest):  1.0000 (+/- 0.0000)
  Stage 2 (HR+ vs TN):      0.7631 (+/- 0.0644)
  Combined (3-class):       0.8421 (+/- 0.0429)
  Combined (excl mislabels): 0.8573 (+/- 0.0488)
  Combined fold scores: [0.8413, 0.8889, 0.8611, 0.7619, 0.8571]
  Total time: 1022.3s
Fold results saved to /data/cbotos/TB-Project/results/2026-04-24_server_run_v2/hierarchical_nested_cv/data/fold_results_nmc_ensemble_r47.csv
Checkpoint removed (job complete).
