Run: 2026-04-24_server_run_v2
Config: /data/cbotos/TB-Project/results/2026-04-24_server_run_v2/config_snapshot_hierarchical.yaml
Stage 1: kw_rf (fixed, binary HER2+ vs rest, threshold=0.5)
Stage 2: en_rf (HR+ vs Triple Neg)
Repeat seed: 2
Stage 2 grid size: 800 combinations
Loading data...
Loaded 100 samples, 273 features.
Classes: ['HER2+', 'HR+', 'Triple Neg']
  HER2+: 32 samples
  HR+: 36 samples
  Triple Neg: 32 samples
Mislabel indices verified: [(2, 'Array.67'), (4, 'Array.22')]
  Fold 1: s1=1.0000 (t=0.50)  s2=0.5476  combined=0.6984  auroc=0.8663  excl=0.6984 (0)  (2840.8s)
  Fold 2: s1=1.0000 (t=0.50)  s2=0.8452  combined=0.8968  auroc=0.9695  excl=0.8968 (0)  (2894.1s)
  Fold 3: s1=1.0000 (t=0.50)  s2=0.5625  combined=0.7083  auroc=0.8512  excl=0.7083 (0)  (2875.3s)
  Fold 4: s1=1.0000 (t=0.50)  s2=0.6429  combined=0.7619  auroc=0.9304  excl=0.7619 (0)  (2805.5s)
  Fold 5: s1=1.0000 (t=0.50)  s2=0.7857  combined=0.8571  auroc=0.9487  excl=0.9444 (2)  (2874.7s)

Summary for v2_en_rf repeat 2:
  Stage 1 (HER2+ vs rest):  1.0000 (+/- 0.0000)
  Stage 2 (HR+ vs TN):      0.6768 (+/- 0.1193)
  Combined (3-class):       0.7845 (+/- 0.0795)
  Combined (excl mislabels): 0.8020 (+/- 0.1004)
  Combined fold scores: [0.6984, 0.8968, 0.7083, 0.7619, 0.8571]
  Total time: 14290.5s
Fold results saved to /data/cbotos/TB-Project/results/2026-04-24_server_run_v2/hierarchical_nested_cv/data/fold_results_en_rf_r2.csv
Checkpoint removed (job complete).
