Run: 2026-04-24_server_run_v2
Config: /data/cbotos/TB-Project/results/2026-04-24_server_run_v2/config_snapshot_hierarchical.yaml
Stage 1: kw_rf (fixed, binary HER2+ vs rest, threshold=0.5)
Stage 2: standalone_en_pens (HR+ vs Triple Neg)
Repeat seed: 24
Stage 2: no GridSearchCV (ensemble pipeline)
Loading data...
Loaded 100 samples, 273 features.
Classes: ['HER2+', 'HR+', 'Triple Neg']
  HER2+: 32 samples
  HR+: 36 samples
  Triple Neg: 32 samples
Mislabel indices verified: [(2, 'Array.67'), (4, 'Array.22')]
Pooled plateau capped: 30 -> 15 combos
Pooled plateau: 15 of 50 combos from 250 fold files (best=0.7583, std=0.0507, threshold=0.7075)
  Plateau combo 1: score=0.7583, params={'clf__C': 0.0464159, 'clf__l1_ratio': 0.1}
  Plateau combo 2: score=0.7456, params={'clf__C': 0.16681, 'clf__l1_ratio': 0.1}
  Plateau combo 3: score=0.7452, params={'clf__C': 0.16681, 'clf__l1_ratio': 0.3}
  Plateau combo 4: score=0.7395, params={'clf__C': 0.599484, 'clf__l1_ratio': 0.3}
  Plateau combo 5: score=0.7388, params={'clf__C': 0.599484, 'clf__l1_ratio': 0.1}
  Plateau combo 6: score=0.7383, params={'clf__C': 0.16681, 'clf__l1_ratio': 0.5}
  Plateau combo 7: score=0.7376, params={'clf__C': 2.15443, 'clf__l1_ratio': 0.1}
  Plateau combo 8: score=0.7367, params={'clf__C': 27.8256, 'clf__l1_ratio': 0.5}
  Plateau combo 9: score=0.7365, params={'clf__C': 0.599484, 'clf__l1_ratio': 0.5}
  Plateau combo 10: score=0.7356, params={'clf__C': 27.8256, 'clf__l1_ratio': 0.7}
  Plateau combo 11: score=0.7350, params={'clf__C': 100.0, 'clf__l1_ratio': 0.9}
  Plateau combo 12: score=0.7350, params={'clf__C': 7.74264, 'clf__l1_ratio': 0.3}
  Plateau combo 13: score=0.7349, params={'clf__C': 27.8256, 'clf__l1_ratio': 0.3}
  Plateau combo 14: score=0.7349, params={'clf__C': 7.74264, 'clf__l1_ratio': 0.1}
  Plateau combo 15: score=0.7343, params={'clf__C': 2.15443, 'clf__l1_ratio': 0.3}
    Retraining 15 plateau models
      [1/15] n_features=73, params={'clf__C': 0.0464159, 'clf__l1_ratio': 0.1}
      [2/15] n_features=125, params={'clf__C': 0.16681, 'clf__l1_ratio': 0.1}
      [3/15] n_features=50, params={'clf__C': 0.16681, 'clf__l1_ratio': 0.3}
      [15/15] n_features=103, params={'clf__C': 2.15443, 'clf__l1_ratio': 0.3}
    Plateau features: union=240, intersection=29
  Fold 1: s1=1.0000 (t=0.50)  s2=0.7024  combined=0.8016  auroc=0.9579  excl=0.8016 (0)  (4.5s)
    Retraining 15 plateau models
      [1/15] n_features=76, params={'clf__C': 0.0464159, 'clf__l1_ratio': 0.1}
      [2/15] n_features=108, params={'clf__C': 0.16681, 'clf__l1_ratio': 0.1}
      [3/15] n_features=53, params={'clf__C': 0.16681, 'clf__l1_ratio': 0.3}
      [15/15] n_features=100, params={'clf__C': 2.15443, 'clf__l1_ratio': 0.3}
    Plateau features: union=227, intersection=29
  Fold 2: s1=1.0000 (t=0.50)  s2=0.7738  combined=0.8492  auroc=0.9005  excl=0.8492 (0)  (3.7s)
    Retraining 15 plateau models
      [1/15] n_features=72, params={'clf__C': 0.0464159, 'clf__l1_ratio': 0.1}
      [2/15] n_features=121, params={'clf__C': 0.16681, 'clf__l1_ratio': 0.1}
      [3/15] n_features=55, params={'clf__C': 0.16681, 'clf__l1_ratio': 0.3}
      [15/15] n_features=103, params={'clf__C': 2.15443, 'clf__l1_ratio': 0.3}
    Plateau features: union=228, intersection=25
  Fold 3: s1=1.0000 (t=0.50)  s2=0.7917  combined=0.8611  auroc=0.9702  excl=0.8611 (0)  (3.6s)
    Retraining 15 plateau models
      [1/15] n_features=78, params={'clf__C': 0.0464159, 'clf__l1_ratio': 0.1}
      [2/15] n_features=123, params={'clf__C': 0.16681, 'clf__l1_ratio': 0.1}
      [3/15] n_features=56, params={'clf__C': 0.16681, 'clf__l1_ratio': 0.3}
      [15/15] n_features=104, params={'clf__C': 2.15443, 'clf__l1_ratio': 0.3}
    Plateau features: union=228, intersection=34
  Fold 4: s1=1.0000 (t=0.50)  s2=0.6429  combined=0.7619  auroc=0.9414  excl=0.8333 (2)  (3.6s)
    Retraining 15 plateau models
      [1/15] n_features=71, params={'clf__C': 0.0464159, 'clf__l1_ratio': 0.1}
      [2/15] n_features=122, params={'clf__C': 0.16681, 'clf__l1_ratio': 0.1}
      [3/15] n_features=54, params={'clf__C': 0.16681, 'clf__l1_ratio': 0.3}
      [15/15] n_features=110, params={'clf__C': 2.15443, 'clf__l1_ratio': 0.3}
    Plateau features: union=238, intersection=29
  Fold 5: s1=1.0000 (t=0.50)  s2=0.7857  combined=0.8571  auroc=0.9341  excl=0.8571 (0)  (3.9s)

Summary for v2_standalone_en_pens repeat 24:
  Stage 1 (HER2+ vs rest):  1.0000 (+/- 0.0000)
  Stage 2 (HR+ vs TN):      0.7393 (+/- 0.0579)
  Combined (3-class):       0.8262 (+/- 0.0386)
  Combined (excl mislabels): 0.8405 (+/- 0.0216)
  Combined fold scores: [0.8016, 0.8492, 0.8611, 0.7619, 0.8571]
  Total time: 19.3s
Fold results saved to /data/cbotos/TB-Project/results/2026-04-24_server_run_v2/hierarchical_nested_cv/data/fold_results_standalone_en_pens_r24.csv
Checkpoint removed (job complete).
