Run: 2026-04-24_server_run_v2
Config: /data/cbotos/TB-Project/results/2026-04-24_server_run_v2/config_snapshot_hierarchical.yaml
Stage 1: kw_rf (fixed, binary HER2+ vs rest, threshold=0.5)
Stage 2: nmc_ensemble (HR+ vs Triple Neg)
Repeat seed: 4
Stage 2: no GridSearchCV (ensemble pipeline)
Loading data...
Loaded 100 samples, 273 features.
Classes: ['HER2+', 'HR+', 'Triple Neg']
  HER2+: 32 samples
  HR+: 36 samples
  Triple Neg: 32 samples
Mislabel indices verified: [(2, 'Array.67'), (4, 'Array.22')]
    Pipeline ensemble component 1: KW k-ensemble
      k=15: mean_max_prob=0.6825
      k=20: mean_max_prob=0.6847
      k=30: mean_max_prob=0.6780
      k=50: mean_max_prob=0.6595
    Pipeline ensemble component 2: EN+NMC GridSearchCV
    Ensemble mean_max_prob: kens=0.6738, en=0.5965, ratio=1.13
  Fold 1: s1=1.0000 (t=0.50)  s2=0.7738  combined=0.8492  auroc=0.9579  excl=0.8492 (0)  (185.3s)
    Pipeline ensemble component 1: KW k-ensemble
      k=15: mean_max_prob=0.7109
      k=20: mean_max_prob=0.7069
      k=30: mean_max_prob=0.7111
      k=50: mean_max_prob=0.7003
    Pipeline ensemble component 2: EN+NMC GridSearchCV
    Ensemble mean_max_prob: kens=0.7004, en=0.6292, ratio=1.11
  Fold 2: s1=1.0000 (t=0.50)  s2=0.7738  combined=0.8492  auroc=0.9734  excl=0.8492 (0)  (168.3s)
    Pipeline ensemble component 1: KW k-ensemble
      k=15: mean_max_prob=0.6765
      k=20: mean_max_prob=0.6888
      k=30: mean_max_prob=0.7040
      k=50: mean_max_prob=0.7034
    Pipeline ensemble component 2: EN+NMC GridSearchCV
    Ensemble mean_max_prob: kens=0.6869, en=0.6571, ratio=1.05
  Fold 3: s1=1.0000 (t=0.50)  s2=0.6875  combined=0.7917  auroc=0.9147  excl=0.8095 (1)  (182.1s)
    Pipeline ensemble component 1: KW k-ensemble
      k=15: mean_max_prob=0.7006
      k=20: mean_max_prob=0.6926
      k=30: mean_max_prob=0.7104
      k=50: mean_max_prob=0.7024
    Pipeline ensemble component 2: EN+NMC GridSearchCV
    Ensemble mean_max_prob: kens=0.6990, en=0.6345, ratio=1.10
  Fold 4: s1=1.0000 (t=0.50)  s2=0.8571  combined=0.9048  auroc=0.9817  excl=0.9524 (1)  (178.6s)
    Pipeline ensemble component 1: KW k-ensemble
      k=15: mean_max_prob=0.7102
      k=20: mean_max_prob=0.7294
      k=30: mean_max_prob=0.7253
      k=50: mean_max_prob=0.7136
    Pipeline ensemble component 2: EN+NMC GridSearchCV
    Ensemble mean_max_prob: kens=0.7131, en=0.6570, ratio=1.09
  Fold 5: s1=1.0000 (t=0.50)  s2=0.7857  combined=0.8571  auroc=0.9084  excl=0.8571 (0)  (177.8s)

Summary for v2_nmc_ensemble repeat 4:
  Stage 1 (HER2+ vs rest):  1.0000 (+/- 0.0000)
  Stage 2 (HR+ vs TN):      0.7756 (+/- 0.0539)
  Combined (3-class):       0.8504 (+/- 0.0359)
  Combined (excl mislabels): 0.8635 (+/- 0.0475)
  Combined fold scores: [0.8492, 0.8492, 0.7917, 0.9048, 0.8571]
  Total time: 892.3s
Fold results saved to /data/cbotos/TB-Project/results/2026-04-24_server_run_v2/hierarchical_nested_cv/data/fold_results_nmc_ensemble_r4.csv
Checkpoint removed (job complete).
