2026-05-10 01:09:58,106 - INFO - Starting hierarchical_nested_cv_runner (git: db228813).
2026-05-10 01:09:58,109 - INFO - Run: 2026-04-24_server_run_v2
2026-05-10 01:09:58,110 - INFO - Config: /data/cbotos/TB-Project/results/2026-04-24_server_run_v2/config_snapshot_pens_comparison.yaml
2026-05-10 01:09:58,111 - INFO - Stage 1: kw_rf (fixed, binary HER2+ vs rest, threshold=0.5)
2026-05-10 01:09:58,112 - INFO - Stage 2: en_nmc_pens (HR+ vs Triple Neg)
2026-05-10 01:09:58,112 - INFO - Plateau size override: no cap (all qualifying)
2026-05-10 01:09:58,113 - INFO - Output tag: en_nmc_pens_pall
2026-05-10 01:09:58,114 - INFO - Repeat seed: 1170
2026-05-10 01:09:58,115 - INFO - Stage 2: no GridSearchCV (ensemble pipeline)
2026-05-10 01:09:58,116 - INFO - Loading data...
2026-05-10 01:09:58,127 - INFO - Loaded 100 samples, 273 features.
2026-05-10 01:09:58,128 - INFO - Classes: ['HER2+', 'HR+', 'Triple Neg']
2026-05-10 01:09:58,128 - INFO -   HER2+: 32 samples
2026-05-10 01:09:58,129 - INFO -   HR+: 36 samples
2026-05-10 01:09:58,130 - INFO -   Triple Neg: 32 samples
2026-05-10 01:09:58,130 - INFO - Mislabel indices verified: [(2, 'Array.67'), (4, 'Array.22'), (45, 'Array.113')]
2026-05-10 01:09:58,830 - INFO - Pooled plateau uncapped: using all 80 qualifying combos
2026-05-10 01:09:58,835 - INFO - Pooled plateau: 80 of 200 combos from 250 fold files (best=0.7476, std=0.0547, threshold=0.6929)
2026-05-10 01:09:58,836 - INFO -   Plateau combo 1: score=0.7476, params={'selector__C': 0.0464159, 'selector__l1_ratio': 0.1, 'selector__top_k': 50}
2026-05-10 01:09:58,837 - INFO -   Plateau combo 2: score=0.7459, params={'selector__C': 0.16681, 'selector__l1_ratio': 0.3, 'selector__top_k': 50}
2026-05-10 01:09:58,838 - INFO -   Plateau combo 3: score=0.7434, params={'selector__C': 0.599484, 'selector__l1_ratio': 0.7, 'selector__top_k': 50}
2026-05-10 01:09:58,839 - INFO -   Plateau combo 4: score=0.7427, params={'selector__C': 0.0464159, 'selector__l1_ratio': 0.1, 'selector__top_k': 20}
2026-05-10 01:09:58,840 - INFO -   Plateau combo 5: score=0.7427, params={'selector__C': 0.16681, 'selector__l1_ratio': 0.1, 'selector__top_k': 50}
2026-05-10 01:09:58,841 - INFO -   Plateau combo 6: score=0.7414, params={'selector__C': 100.0, 'selector__l1_ratio': 0.1, 'selector__top_k': 50}
2026-05-10 01:09:58,842 - INFO -   Plateau combo 7: score=0.7409, params={'selector__C': 100.0, 'selector__l1_ratio': 0.3, 'selector__top_k': 50}
2026-05-10 01:09:58,843 - INFO -   Plateau combo 8: score=0.7405, params={'selector__C': 100.0, 'selector__l1_ratio': 0.7, 'selector__top_k': 50}
2026-05-10 01:09:58,844 - INFO -   Plateau combo 9: score=0.7405, params={'selector__C': 0.16681, 'selector__l1_ratio': 0.5, 'selector__top_k': 50}
2026-05-10 01:09:58,845 - INFO -   Plateau combo 10: score=0.7404, params={'selector__C': 0.599484, 'selector__l1_ratio': 0.1, 'selector__top_k': 50}
2026-05-10 01:09:58,846 - INFO -   Plateau combo 11: score=0.7402, params={'selector__C': 27.8256, 'selector__l1_ratio': 0.1, 'selector__top_k': 50}
2026-05-10 01:09:58,847 - INFO -   Plateau combo 12: score=0.7399, params={'selector__C': 100.0, 'selector__l1_ratio': 0.5, 'selector__top_k': 50}
2026-05-10 01:09:58,848 - INFO -   Plateau combo 13: score=0.7398, params={'selector__C': 7.74264, 'selector__l1_ratio': 0.1, 'selector__top_k': 50}
2026-05-10 01:09:58,848 - INFO -   Plateau combo 14: score=0.7397, params={'selector__C': 0.16681, 'selector__l1_ratio': 0.5, 'selector__top_k': 20}
2026-05-10 01:09:58,849 - INFO -   Plateau combo 15: score=0.7388, params={'selector__C': 27.8256, 'selector__l1_ratio': 0.5, 'selector__top_k': 50}
2026-05-10 01:09:58,850 - INFO -   Plateau combo 16: score=0.7387, params={'selector__C': 2.15443, 'selector__l1_ratio': 0.1, 'selector__top_k': 50}
2026-05-10 01:09:58,851 - INFO -   Plateau combo 17: score=0.7385, params={'selector__C': 0.599484, 'selector__l1_ratio': 0.5, 'selector__top_k': 50}
2026-05-10 01:09:58,852 - INFO -   Plateau combo 18: score=0.7384, params={'selector__C': 0.599484, 'selector__l1_ratio': 0.9, 'selector__top_k': 50}
2026-05-10 01:09:58,853 - INFO -   Plateau combo 19: score=0.7383, params={'selector__C': 100.0, 'selector__l1_ratio': 0.9, 'selector__top_k': 50}
2026-05-10 01:09:58,854 - INFO -   Plateau combo 20: score=0.7383, params={'selector__C': 2.15443, 'selector__l1_ratio': 0.9, 'selector__top_k': 50}
2026-05-10 01:09:58,855 - INFO -   Plateau combo 21: score=0.7380, params={'selector__C': 27.8256, 'selector__l1_ratio': 0.3, 'selector__top_k': 50}
2026-05-10 01:09:58,856 - INFO -   Plateau combo 22: score=0.7362, params={'selector__C': 0.599484, 'selector__l1_ratio': 0.3, 'selector__top_k': 50}
2026-05-10 01:09:58,857 - INFO -   Plateau combo 23: score=0.7356, params={'selector__C': 0.16681, 'selector__l1_ratio': 0.3, 'selector__top_k': 20}
2026-05-10 01:09:58,857 - INFO -   Plateau combo 24: score=0.7339, params={'selector__C': 2.15443, 'selector__l1_ratio': 0.7, 'selector__top_k': 50}
2026-05-10 01:09:58,858 - INFO -   Plateau combo 25: score=0.7334, params={'selector__C': 0.16681, 'selector__l1_ratio': 0.7, 'selector__top_k': 50}
2026-05-10 01:09:58,859 - INFO -   Plateau combo 26: score=0.7329, params={'selector__C': 7.74264, 'selector__l1_ratio': 0.3, 'selector__top_k': 50}
2026-05-10 01:09:58,860 - INFO -   Plateau combo 27: score=0.7328, params={'selector__C': 0.16681, 'selector__l1_ratio': 0.7, 'selector__top_k': 20}
2026-05-10 01:09:58,861 - INFO -   Plateau combo 28: score=0.7324, params={'selector__C': 2.15443, 'selector__l1_ratio': 0.3, 'selector__top_k': 50}
2026-05-10 01:09:58,862 - INFO -   Plateau combo 29: score=0.7321, params={'selector__C': 27.8256, 'selector__l1_ratio': 0.7, 'selector__top_k': 50}
2026-05-10 01:09:58,863 - INFO -   Plateau combo 30: score=0.7303, params={'selector__C': 0.599484, 'selector__l1_ratio': 0.9, 'selector__top_k': 20}
2026-05-10 01:09:58,864 - INFO -   Plateau combo 31: score=0.7301, params={'selector__C': 0.599484, 'selector__l1_ratio': 0.7, 'selector__top_k': 20}
2026-05-10 01:09:58,865 - INFO -   Plateau combo 32: score=0.7300, params={'selector__C': 0.16681, 'selector__l1_ratio': 0.1, 'selector__top_k': 20}
2026-05-10 01:09:58,866 - INFO -   Plateau combo 33: score=0.7298, params={'selector__C': 27.8256, 'selector__l1_ratio': 0.9, 'selector__top_k': 50}
2026-05-10 01:09:58,867 - INFO -   Plateau combo 34: score=0.7297, params={'selector__C': 2.15443, 'selector__l1_ratio': 0.5, 'selector__top_k': 50}
2026-05-10 01:09:58,868 - INFO -   Plateau combo 35: score=0.7296, params={'selector__C': 7.74264, 'selector__l1_ratio': 0.5, 'selector__top_k': 50}
2026-05-10 01:09:58,868 - INFO -   Plateau combo 36: score=0.7294, params={'selector__C': 0.599484, 'selector__l1_ratio': 0.5, 'selector__top_k': 20}
2026-05-10 01:09:58,869 - INFO -   Plateau combo 37: score=0.7286, params={'selector__C': 7.74264, 'selector__l1_ratio': 0.9, 'selector__top_k': 50}
2026-05-10 01:09:58,870 - INFO -   Plateau combo 38: score=0.7281, params={'selector__C': 2.15443, 'selector__l1_ratio': 0.9, 'selector__top_k': 20}
2026-05-10 01:09:58,871 - INFO -   Plateau combo 39: score=0.7280, params={'selector__C': 0.0464159, 'selector__l1_ratio': 0.3, 'selector__top_k': 50}
2026-05-10 01:09:58,872 - INFO -   Plateau combo 40: score=0.7280, params={'selector__C': 7.74264, 'selector__l1_ratio': 0.7, 'selector__top_k': 50}
2026-05-10 01:09:58,873 - INFO -   Plateau combo 41: score=0.7270, params={'selector__C': 2.15443, 'selector__l1_ratio': 0.7, 'selector__top_k': 20}
2026-05-10 01:09:58,874 - INFO -   Plateau combo 42: score=0.7253, params={'selector__C': 0.0464159, 'selector__l1_ratio': 0.3, 'selector__top_k': 20}
2026-05-10 01:09:58,875 - INFO -   Plateau combo 43: score=0.7243, params={'selector__C': 0.16681, 'selector__l1_ratio': 0.9, 'selector__top_k': 50}
2026-05-10 01:09:58,876 - INFO -   Plateau combo 44: score=0.7238, params={'selector__C': 0.599484, 'selector__l1_ratio': 0.3, 'selector__top_k': 20}
2026-05-10 01:09:58,877 - INFO -   Plateau combo 45: score=0.7237, params={'selector__C': 2.15443, 'selector__l1_ratio': 0.5, 'selector__top_k': 20}
2026-05-10 01:09:58,878 - INFO -   Plateau combo 46: score=0.7236, params={'selector__C': 0.16681, 'selector__l1_ratio': 0.9, 'selector__top_k': 20}
2026-05-10 01:09:58,879 - INFO -   Plateau combo 47: score=0.7232, params={'selector__C': 7.74264, 'selector__l1_ratio': 0.9, 'selector__top_k': 20}
2026-05-10 01:09:58,879 - INFO -   Plateau combo 48: score=0.7221, params={'selector__C': 7.74264, 'selector__l1_ratio': 0.7, 'selector__top_k': 20}
2026-05-10 01:09:58,880 - INFO -   Plateau combo 49: score=0.7210, params={'selector__C': 0.16681, 'selector__l1_ratio': 0.9, 'selector__top_k': 10}
2026-05-10 01:09:58,881 - INFO -   Plateau combo 50: score=0.7205, params={'selector__C': 0.599484, 'selector__l1_ratio': 0.1, 'selector__top_k': 20}
2026-05-10 01:09:58,882 - INFO -   Plateau combo 51: score=0.7201, params={'selector__C': 2.15443, 'selector__l1_ratio': 0.3, 'selector__top_k': 20}
2026-05-10 01:09:58,883 - INFO -   Plateau combo 52: score=0.7195, params={'selector__C': 0.0129155, 'selector__l1_ratio': 0.1, 'selector__top_k': 50}
2026-05-10 01:09:58,884 - INFO -   Plateau combo 53: score=0.7192, params={'selector__C': 0.16681, 'selector__l1_ratio': 0.7, 'selector__top_k': 10}
2026-05-10 01:09:58,885 - INFO -   Plateau combo 54: score=0.7167, params={'selector__C': 7.74264, 'selector__l1_ratio': 0.5, 'selector__top_k': 20}
2026-05-10 01:09:58,886 - INFO -   Plateau combo 55: score=0.7163, params={'selector__C': 0.0129155, 'selector__l1_ratio': 0.1, 'selector__top_k': 20}
2026-05-10 01:09:58,886 - INFO -   Plateau combo 56: score=0.7157, params={'selector__C': 0.16681, 'selector__l1_ratio': 0.5, 'selector__top_k': 10}
2026-05-10 01:09:58,887 - INFO -   Plateau combo 57: score=0.7143, params={'selector__C': 27.8256, 'selector__l1_ratio': 0.9, 'selector__top_k': 20}
2026-05-10 01:09:58,888 - INFO -   Plateau combo 58: score=0.7136, params={'selector__C': 0.0464159, 'selector__l1_ratio': 0.3, 'selector__top_k': 10}
2026-05-10 01:09:58,890 - INFO -   Plateau combo 59: score=0.7126, params={'selector__C': 27.8256, 'selector__l1_ratio': 0.7, 'selector__top_k': 20}
2026-05-10 01:09:58,891 - INFO -   Plateau combo 60: score=0.7121, params={'selector__C': 7.74264, 'selector__l1_ratio': 0.3, 'selector__top_k': 20}
2026-05-10 01:09:58,891 - INFO -   Plateau combo 61: score=0.7117, params={'selector__C': 2.15443, 'selector__l1_ratio': 0.1, 'selector__top_k': 20}
2026-05-10 01:09:58,892 - INFO -   Plateau combo 62: score=0.7108, params={'selector__C': 0.0464159, 'selector__l1_ratio': 0.1, 'selector__top_k': 10}
2026-05-10 01:09:58,893 - INFO -   Plateau combo 63: score=0.7105, params={'selector__C': 0.16681, 'selector__l1_ratio': 0.3, 'selector__top_k': 10}
2026-05-10 01:09:58,894 - INFO -   Plateau combo 64: score=0.7089, params={'selector__C': 27.8256, 'selector__l1_ratio': 0.5, 'selector__top_k': 20}
2026-05-10 01:09:58,895 - INFO -   Plateau combo 65: score=0.7086, params={'selector__C': 0.599484, 'selector__l1_ratio': 0.9, 'selector__top_k': 10}
2026-05-10 01:09:58,896 - INFO -   Plateau combo 66: score=0.7082, params={'selector__C': 0.599484, 'selector__l1_ratio': 0.7, 'selector__top_k': 10}
2026-05-10 01:09:58,897 - INFO -   Plateau combo 67: score=0.7061, params={'selector__C': 0.599484, 'selector__l1_ratio': 0.5, 'selector__top_k': 10}
2026-05-10 01:09:58,898 - INFO -   Plateau combo 68: score=0.7049, params={'selector__C': 7.74264, 'selector__l1_ratio': 0.1, 'selector__top_k': 20}
2026-05-10 01:09:58,898 - INFO -   Plateau combo 69: score=0.7025, params={'selector__C': 27.8256, 'selector__l1_ratio': 0.3, 'selector__top_k': 20}
2026-05-10 01:09:58,899 - INFO -   Plateau combo 70: score=0.7022, params={'selector__C': 100.0, 'selector__l1_ratio': 0.9, 'selector__top_k': 20}
2026-05-10 01:09:58,900 - INFO -   Plateau combo 71: score=0.7018, params={'selector__C': 100.0, 'selector__l1_ratio': 0.7, 'selector__top_k': 20}
2026-05-10 01:09:58,901 - INFO -   Plateau combo 72: score=0.7016, params={'selector__C': 100.0, 'selector__l1_ratio': 0.5, 'selector__top_k': 20}
2026-05-10 01:09:58,902 - INFO -   Plateau combo 73: score=0.7015, params={'selector__C': 27.8256, 'selector__l1_ratio': 0.1, 'selector__top_k': 20}
2026-05-10 01:09:58,903 - INFO -   Plateau combo 74: score=0.7003, params={'selector__C': 100.0, 'selector__l1_ratio': 0.3, 'selector__top_k': 20}
2026-05-10 01:09:58,904 - INFO -   Plateau combo 75: score=0.6997, params={'selector__C': 2.15443, 'selector__l1_ratio': 0.9, 'selector__top_k': 10}
2026-05-10 01:09:58,905 - INFO -   Plateau combo 76: score=0.6992, params={'selector__C': 100.0, 'selector__l1_ratio': 0.1, 'selector__top_k': 20}
2026-05-10 01:09:58,905 - INFO -   Plateau combo 77: score=0.6972, params={'selector__C': 0.16681, 'selector__l1_ratio': 0.1, 'selector__top_k': 10}
2026-05-10 01:09:58,906 - INFO -   Plateau combo 78: score=0.6958, params={'selector__C': 0.599484, 'selector__l1_ratio': 0.3, 'selector__top_k': 10}
2026-05-10 01:09:58,907 - INFO -   Plateau combo 79: score=0.6955, params={'selector__C': 2.15443, 'selector__l1_ratio': 0.7, 'selector__top_k': 10}
2026-05-10 01:09:58,908 - INFO -   Plateau combo 80: score=0.6931, params={'selector__C': 0.0129155, 'selector__l1_ratio': 0.1, 'selector__top_k': 10}
2026-05-10 01:09:59,599 - INFO -     Retraining 80 plateau models
2026-05-10 01:09:59,622 - INFO -       [1/80] n_features=50, params={'selector__C': 0.0464159, 'selector__l1_ratio': 0.1, 'selector__top_k': 50}
2026-05-10 01:09:59,685 - INFO -       [2/80] n_features=50, params={'selector__C': 0.16681, 'selector__l1_ratio': 0.3, 'selector__top_k': 50}
2026-05-10 01:09:59,889 - INFO -       [3/80] n_features=50, params={'selector__C': 0.599484, 'selector__l1_ratio': 0.7, 'selector__top_k': 50}
2026-05-10 01:10:18,247 - INFO -       [80/80] n_features=10, params={'selector__C': 0.0129155, 'selector__l1_ratio': 0.1, 'selector__top_k': 10}
2026-05-10 01:10:18,249 - INFO -     Plateau features: union=109, intersection=1
2026-05-10 01:10:18,258 - INFO -   Fold 1: s1=1.0000 (t=0.50)  s2=0.7024  combined=0.8016  auroc=0.9426  excl=0.8016 (0)  (19.3s)
2026-05-10 01:10:18,905 - INFO -     Retraining 80 plateau models
2026-05-10 01:10:18,928 - INFO -       [1/80] n_features=50, params={'selector__C': 0.0464159, 'selector__l1_ratio': 0.1, 'selector__top_k': 50}
2026-05-10 01:10:18,975 - INFO -       [2/80] n_features=50, params={'selector__C': 0.16681, 'selector__l1_ratio': 0.3, 'selector__top_k': 50}
2026-05-10 01:10:19,125 - INFO -       [3/80] n_features=50, params={'selector__C': 0.599484, 'selector__l1_ratio': 0.7, 'selector__top_k': 50}
2026-05-10 01:10:38,308 - INFO -       [80/80] n_features=10, params={'selector__C': 0.0129155, 'selector__l1_ratio': 0.1, 'selector__top_k': 10}
2026-05-10 01:10:38,310 - INFO -     Plateau features: union=127, intersection=4
2026-05-10 01:10:38,319 - INFO -   Fold 2: s1=1.0000 (t=0.50)  s2=0.6786  combined=0.7857  auroc=0.9505  excl=0.8190 (1)  (20.1s)
2026-05-10 01:10:38,964 - INFO -     Retraining 80 plateau models
2026-05-10 01:10:38,986 - INFO -       [1/80] n_features=50, params={'selector__C': 0.0464159, 'selector__l1_ratio': 0.1, 'selector__top_k': 50}
2026-05-10 01:10:39,041 - INFO -       [2/80] n_features=50, params={'selector__C': 0.16681, 'selector__l1_ratio': 0.3, 'selector__top_k': 50}
2026-05-10 01:10:39,215 - INFO -       [3/80] n_features=50, params={'selector__C': 0.599484, 'selector__l1_ratio': 0.7, 'selector__top_k': 50}
2026-05-10 01:10:57,405 - INFO -       [80/80] n_features=10, params={'selector__C': 0.0129155, 'selector__l1_ratio': 0.1, 'selector__top_k': 10}
2026-05-10 01:10:57,407 - INFO -     Plateau features: union=109, intersection=4
2026-05-10 01:10:57,416 - INFO -   Fold 3: s1=1.0000 (t=0.50)  s2=0.8750  combined=0.9167  auroc=0.9772  excl=0.9167 (0)  (19.1s)
2026-05-10 01:10:58,059 - INFO -     Retraining 80 plateau models
2026-05-10 01:10:58,081 - INFO -       [1/80] n_features=50, params={'selector__C': 0.0464159, 'selector__l1_ratio': 0.1, 'selector__top_k': 50}
2026-05-10 01:10:58,134 - INFO -       [2/80] n_features=50, params={'selector__C': 0.16681, 'selector__l1_ratio': 0.3, 'selector__top_k': 50}
2026-05-10 01:10:58,285 - INFO -       [3/80] n_features=50, params={'selector__C': 0.599484, 'selector__l1_ratio': 0.7, 'selector__top_k': 50}
2026-05-10 01:11:15,937 - INFO -       [80/80] n_features=10, params={'selector__C': 0.0129155, 'selector__l1_ratio': 0.1, 'selector__top_k': 10}
2026-05-10 01:11:15,939 - INFO -     Plateau features: union=106, intersection=2
2026-05-10 01:11:15,948 - INFO -   Fold 4: s1=1.0000 (t=0.50)  s2=0.7857  combined=0.8571  auroc=0.9487  excl=0.8968 (1)  (18.5s)
2026-05-10 01:11:16,594 - INFO -     Retraining 80 plateau models
2026-05-10 01:11:16,615 - INFO -       [1/80] n_features=50, params={'selector__C': 0.0464159, 'selector__l1_ratio': 0.1, 'selector__top_k': 50}
2026-05-10 01:11:16,665 - INFO -       [2/80] n_features=50, params={'selector__C': 0.16681, 'selector__l1_ratio': 0.3, 'selector__top_k': 50}
2026-05-10 01:11:16,810 - INFO -       [3/80] n_features=50, params={'selector__C': 0.599484, 'selector__l1_ratio': 0.7, 'selector__top_k': 50}
2026-05-10 01:11:34,724 - INFO -       [80/80] n_features=10, params={'selector__C': 0.0129155, 'selector__l1_ratio': 0.1, 'selector__top_k': 10}
2026-05-10 01:11:34,726 - INFO -     Plateau features: union=107, intersection=3
2026-05-10 01:11:34,735 - INFO -   Fold 5: s1=1.0000 (t=0.50)  s2=0.7143  combined=0.8095  auroc=0.9414  excl=0.8413 (1)  (18.8s)
2026-05-10 01:11:34,739 - INFO - 
2026-05-10 01:11:34,739 - INFO - Summary for en_nmc_pens_pall repeat 1170:
2026-05-10 01:11:34,740 - INFO -   Stage 1 (HER2+ vs rest):  1.0000 (+/- 0.0000)
2026-05-10 01:11:34,741 - INFO -   Stage 2 (HR+ vs TN):      0.7512 (+/- 0.0715)
2026-05-10 01:11:34,742 - INFO -   Combined (3-class):       0.8341 (+/- 0.0476)
2026-05-10 01:11:34,743 - INFO -   Combined (excl mislabels): 0.8551 (+/- 0.0445)
2026-05-10 01:11:34,743 - INFO -   Combined fold scores: [0.8016, 0.7857, 0.9167, 0.8571, 0.8095]
2026-05-10 01:11:34,744 - INFO -   Total time: 95.8s
2026-05-10 01:11:34,750 - INFO - Fold results saved to /data/cbotos/TB-Project/results/2026-04-24_server_run_v2/hierarchical_nested_cv/data/fold_results_en_nmc_pens_pall_r1170.csv
2026-05-10 01:11:34,751 - INFO - Checkpoint removed (job complete).
