Run: 2026-04-24_server_run_v2
Config: /data/cbotos/TB-Project/results/2026-04-24_server_run_v2/config_snapshot_hierarchical.yaml
Stage 1: kw_rf (fixed, binary HER2+ vs rest, threshold=0.5)
Stage 2: kw_rf (HR+ vs Triple Neg)
Repeat seed: 35
Stage 2 grid size: 32 combinations
Loading data...
Loaded 100 samples, 273 features.
Classes: ['HER2+', 'HR+', 'Triple Neg']
  HER2+: 32 samples
  HR+: 36 samples
  Triple Neg: 32 samples
Mislabel indices verified: [(2, 'Array.67'), (4, 'Array.22')]
  Fold 1: s1=1.0000 (t=0.50)  s2=0.7857  combined=0.8571  auroc=0.9731  excl=0.8571 (0)  (87.9s)
  Fold 2: s1=1.0000 (t=0.50)  s2=0.4405  combined=0.6270  auroc=0.8242  excl=0.6381 (1)  (85.5s)
  Fold 3: s1=1.0000 (t=0.50)  s2=0.6875  combined=0.7917  auroc=0.9370  excl=0.8333 (1)  (85.5s)
  Fold 4: s1=1.0000 (t=0.50)  s2=0.6429  combined=0.7619  auroc=0.9084  excl=0.7619 (0)  (85.4s)
  Fold 5: s1=1.0000 (t=0.50)  s2=0.5714  combined=0.7143  auroc=0.9048  excl=0.7143 (0)  (86.6s)

Summary for v2_kw_rf repeat 35:
  Stage 1 (HER2+ vs rest):  1.0000 (+/- 0.0000)
  Stage 2 (HR+ vs TN):      0.6256 (+/- 0.1157)
  Combined (3-class):       0.7504 (+/- 0.0772)
  Combined (excl mislabels): 0.7610 (+/- 0.0797)
  Combined fold scores: [0.8571, 0.627, 0.7917, 0.7619, 0.7143]
  Total time: 430.9s
Fold results saved to /data/cbotos/TB-Project/results/2026-04-24_server_run_v2/hierarchical_nested_cv/data/fold_results_kw_rf_r35.csv
Checkpoint removed (job complete).
