Run: 2026-04-24_server_run_v2
Config: /data/cbotos/TB-Project/results/2026-04-24_server_run_v2/config_snapshot_hierarchical.yaml
Stage 1: kw_rf (fixed, binary HER2+ vs rest, threshold=0.5)
Stage 2: kw_nmc_kens (HR+ vs Triple Neg)
Repeat seed: 24
Stage 2: no GridSearchCV (ensemble pipeline)
Loading data...
Loaded 100 samples, 273 features.
Classes: ['HER2+', 'HR+', 'Triple Neg']
  HER2+: 32 samples
  HR+: 36 samples
  Triple Neg: 32 samples
Mislabel indices verified: [(2, 'Array.67'), (4, 'Array.22')]
      k=15: mean_max_prob=0.6968
      k=20: mean_max_prob=0.7057
      k=30: mean_max_prob=0.7125
      k=50: mean_max_prob=0.7028
  Fold 1: s1=1.0000 (t=0.50)  s2=0.7619  combined=0.8413  auroc=0.9618  excl=0.8413 (0)  (1.0s)
      k=15: mean_max_prob=0.6600
      k=20: mean_max_prob=0.6620
      k=30: mean_max_prob=0.6848
      k=50: mean_max_prob=0.6715
  Fold 2: s1=1.0000 (t=0.50)  s2=0.7738  combined=0.8492  auroc=0.9695  excl=0.8492 (0)  (1.0s)
      k=15: mean_max_prob=0.7083
      k=20: mean_max_prob=0.7066
      k=30: mean_max_prob=0.7067
      k=50: mean_max_prob=0.6935
  Fold 3: s1=1.0000 (t=0.50)  s2=0.7917  combined=0.8611  auroc=0.9702  excl=0.8611 (0)  (1.0s)
      k=15: mean_max_prob=0.6626
      k=20: mean_max_prob=0.6581
      k=30: mean_max_prob=0.6824
      k=50: mean_max_prob=0.6956
  Fold 4: s1=1.0000 (t=0.50)  s2=0.7143  combined=0.8095  auroc=0.9414  excl=0.8889 (2)  (1.0s)
      k=15: mean_max_prob=0.7105
      k=20: mean_max_prob=0.7026
      k=30: mean_max_prob=0.7005
      k=50: mean_max_prob=0.7149
  Fold 5: s1=1.0000 (t=0.50)  s2=0.7143  combined=0.8095  auroc=0.9487  excl=0.8095 (0)  (1.1s)

Summary for v2_kw_nmc_kens repeat 24:
  Stage 1 (HER2+ vs rest):  1.0000 (+/- 0.0000)
  Stage 2 (HR+ vs TN):      0.7512 (+/- 0.0316)
  Combined (3-class):       0.8341 (+/- 0.0211)
  Combined (excl mislabels): 0.8500 (+/- 0.0259)
  Combined fold scores: [0.8413, 0.8492, 0.8611, 0.8095, 0.8095]
  Total time: 5.2s
Fold results saved to /data/cbotos/TB-Project/results/2026-04-24_server_run_v2/hierarchical_nested_cv/data/fold_results_kw_nmc_kens_r24.csv
Checkpoint removed (job complete).
