Run: 2026-04-24_server_run_v2
Config: /mnt/d/Coursework/TB-Project/config_files/local.yaml
Stage 1: kw_rf (fixed, binary HER2+ vs rest, threshold=0.5)
Stage 2: kw_nmc_pens (HR+ vs Triple Neg)
Repeat seed: 1
Stage 2 grid size: 2 combinations
Loading data...
Loaded 100 samples, 273 features.
Classes: ['HER2+', 'HR+', 'Triple Neg']
  HER2+: 32 samples
  HR+: 36 samples
  Triple Neg: 32 samples
Mislabel indices verified: [(2, 'Array.67'), (4, 'Array.22')]
    Plateau: 1 of 2 combos (threshold=0.6809, best=0.7767, best_std=0.0958)
      [1/1] score=0.7767, n_features=20, params={'selector__k': np.int64(20)}
    Plateau features: union=20, intersection=20
  Fold 1: s1=1.0000 (t=0.50)  s2=0.7857  combined=0.8571  auroc=0.9655  excl=0.8571 (0)  (2.0s)
    Plateau: 2 of 2 combos (threshold=0.5060, best=0.6833, best_std=0.1773)
      [1/2] score=0.6833, n_features=20, params={'selector__k': np.int64(20)}
      [2/2] score=0.6833, n_features=5, params={'selector__k': np.int64(5)}
    Plateau features: union=20, intersection=5
  Fold 2: s1=1.0000 (t=0.50)  s2=0.6786  combined=0.7857  auroc=0.9389  excl=0.7857 (0)  (2.1s)
    Plateau: 1 of 2 combos (threshold=0.6828, best=0.7700, best_std=0.0872)
      [1/1] score=0.7700, n_features=20, params={'selector__k': np.int64(20)}
    Plateau features: union=20, intersection=20
  Fold 3: s1=1.0000 (t=0.50)  s2=0.6250  combined=0.7500  auroc=0.9216  excl=0.7500 (0)  (2.0s)
    Plateau: 1 of 2 combos (threshold=0.6718, best=0.7800, best_std=0.1082)
      [1/1] score=0.7800, n_features=20, params={'selector__k': np.int64(20)}
    Plateau features: union=20, intersection=20
  Fold 4: s1=1.0000 (t=0.50)  s2=0.7143  combined=0.8095  auroc=0.9414  excl=0.8889 (2)  (1.9s)
    Plateau: 2 of 2 combos (threshold=0.6654, best=0.7600, best_std=0.0946)
      [1/2] score=0.7600, n_features=20, params={'selector__k': np.int64(20)}
      [2/2] score=0.7200, n_features=5, params={'selector__k': np.int64(5)}
    Plateau features: union=20, intersection=5
  Fold 5: s1=1.0000 (t=0.50)  s2=0.7143  combined=0.8095  auroc=0.9414  excl=0.8095 (0)  (2.1s)

Summary for v2_kw_nmc_pens repeat 1:
  Stage 1 (HER2+ vs rest):  1.0000 (+/- 0.0000)
  Stage 2 (HR+ vs TN):      0.7036 (+/- 0.0525)
  Combined (3-class):       0.8024 (+/- 0.0350)
  Combined (excl mislabels): 0.8183 (+/- 0.0496)
  Combined fold scores: [0.8571, 0.7857, 0.75, 0.8095, 0.8095]
  Total time: 10.1s
Fold results saved to /mnt/d/Coursework/TB-Project/results/2026-04-24_server_run_v2/hierarchical_nested_cv/data/fold_results_kw_nmc_pens_r1.csv
Checkpoint removed (job complete).
