Run: 2026-04-24_server_run_v2
Config: /data/cbotos/TB-Project/results/2026-04-24_server_run_v2/config_snapshot_hierarchical.yaml
Stage 1: kw_rf (fixed, binary HER2+ vs rest, threshold=0.5)
Stage 2: kw_rf (HR+ vs Triple Neg)
Repeat seed: 20
Stage 2 grid size: 32 combinations
Loading data...
Loaded 100 samples, 273 features.
Classes: ['HER2+', 'HR+', 'Triple Neg']
  HER2+: 32 samples
  HR+: 36 samples
  Triple Neg: 32 samples
Mislabel indices verified: [(2, 'Array.67'), (4, 'Array.22')]
  Fold 1: s1=1.0000 (t=0.50)  s2=0.6905  combined=0.7937  auroc=0.9469  excl=0.7937 (0)  (104.4s)
  Fold 2: s1=1.0000 (t=0.50)  s2=0.6905  combined=0.7937  auroc=0.9008  excl=0.8381 (1)  (102.7s)
  Fold 3: s1=1.0000 (t=0.50)  s2=0.5625  combined=0.7083  auroc=0.8919  excl=0.7083 (0)  (102.8s)
  Fold 4: s1=1.0000 (t=0.50)  s2=0.7143  combined=0.8095  auroc=0.8864  excl=0.8413 (1)  (103.0s)
  Fold 5: s1=1.0000 (t=0.50)  s2=0.7143  combined=0.8095  auroc=0.9194  excl=0.8095 (0)  (103.1s)

Summary for v2_kw_rf repeat 20:
  Stage 1 (HER2+ vs rest):  1.0000 (+/- 0.0000)
  Stage 2 (HR+ vs TN):      0.6744 (+/- 0.0570)
  Combined (3-class):       0.7829 (+/- 0.0380)
  Combined (excl mislabels): 0.7982 (+/- 0.0483)
  Combined fold scores: [0.7937, 0.7937, 0.7083, 0.8095, 0.8095]
  Total time: 516.1s
Fold results saved to /data/cbotos/TB-Project/results/2026-04-24_server_run_v2/hierarchical_nested_cv/data/fold_results_kw_rf_r20.csv
Checkpoint removed (job complete).
