Run: 2026-04-24_server_run_v2
Config: /data/cbotos/TB-Project/results/2026-04-24_server_run_v2/config_snapshot_hierarchical.yaml
Stage 1: kw_rf (fixed, binary HER2+ vs rest, threshold=0.5)
Stage 2: standalone_en_pens (HR+ vs Triple Neg)
Repeat seed: 23
Stage 2: no GridSearchCV (ensemble pipeline)
Loading data...
Loaded 100 samples, 273 features.
Classes: ['HER2+', 'HR+', 'Triple Neg']
  HER2+: 32 samples
  HR+: 36 samples
  Triple Neg: 32 samples
Mislabel indices verified: [(2, 'Array.67'), (4, 'Array.22')]
Pooled plateau capped: 30 -> 15 combos
Pooled plateau: 15 of 50 combos from 250 fold files (best=0.7583, std=0.0507, threshold=0.7075)
  Plateau combo 1: score=0.7583, params={'clf__C': 0.0464159, 'clf__l1_ratio': 0.1}
  Plateau combo 2: score=0.7456, params={'clf__C': 0.16681, 'clf__l1_ratio': 0.1}
  Plateau combo 3: score=0.7452, params={'clf__C': 0.16681, 'clf__l1_ratio': 0.3}
  Plateau combo 4: score=0.7395, params={'clf__C': 0.599484, 'clf__l1_ratio': 0.3}
  Plateau combo 5: score=0.7388, params={'clf__C': 0.599484, 'clf__l1_ratio': 0.1}
  Plateau combo 6: score=0.7383, params={'clf__C': 0.16681, 'clf__l1_ratio': 0.5}
  Plateau combo 7: score=0.7376, params={'clf__C': 2.15443, 'clf__l1_ratio': 0.1}
  Plateau combo 8: score=0.7367, params={'clf__C': 27.8256, 'clf__l1_ratio': 0.5}
  Plateau combo 9: score=0.7365, params={'clf__C': 0.599484, 'clf__l1_ratio': 0.5}
  Plateau combo 10: score=0.7356, params={'clf__C': 27.8256, 'clf__l1_ratio': 0.7}
  Plateau combo 11: score=0.7350, params={'clf__C': 100.0, 'clf__l1_ratio': 0.9}
  Plateau combo 12: score=0.7350, params={'clf__C': 7.74264, 'clf__l1_ratio': 0.3}
  Plateau combo 13: score=0.7349, params={'clf__C': 27.8256, 'clf__l1_ratio': 0.3}
  Plateau combo 14: score=0.7349, params={'clf__C': 7.74264, 'clf__l1_ratio': 0.1}
  Plateau combo 15: score=0.7343, params={'clf__C': 2.15443, 'clf__l1_ratio': 0.3}
    Retraining 15 plateau models
      [1/15] n_features=80, params={'clf__C': 0.0464159, 'clf__l1_ratio': 0.1}
      [2/15] n_features=134, params={'clf__C': 0.16681, 'clf__l1_ratio': 0.1}
      [3/15] n_features=54, params={'clf__C': 0.16681, 'clf__l1_ratio': 0.3}
      [15/15] n_features=117, params={'clf__C': 2.15443, 'clf__l1_ratio': 0.3}
    Plateau features: union=235, intersection=31
  Fold 1: s1=1.0000 (t=0.50)  s2=0.8452  combined=0.8968  auroc=0.9808  excl=0.8968 (0)  (3.8s)
    Retraining 15 plateau models
      [1/15] n_features=82, params={'clf__C': 0.0464159, 'clf__l1_ratio': 0.1}
      [2/15] n_features=128, params={'clf__C': 0.16681, 'clf__l1_ratio': 0.1}
      [3/15] n_features=58, params={'clf__C': 0.16681, 'clf__l1_ratio': 0.3}
      [15/15] n_features=111, params={'clf__C': 2.15443, 'clf__l1_ratio': 0.3}
    Plateau features: union=223, intersection=27
  Fold 2: s1=1.0000 (t=0.50)  s2=0.8571  combined=0.9048  auroc=0.9737  excl=0.9444 (1)  (3.6s)
    Retraining 15 plateau models
      [1/15] n_features=67, params={'clf__C': 0.0464159, 'clf__l1_ratio': 0.1}
      [2/15] n_features=110, params={'clf__C': 0.16681, 'clf__l1_ratio': 0.1}
      [3/15] n_features=55, params={'clf__C': 0.16681, 'clf__l1_ratio': 0.3}
      [15/15] n_features=95, params={'clf__C': 2.15443, 'clf__l1_ratio': 0.3}
    Plateau features: union=221, intersection=29
  Fold 3: s1=1.0000 (t=0.50)  s2=0.6042  combined=0.7361  auroc=0.9033  excl=0.7583 (1)  (3.6s)
    Retraining 15 plateau models
      [1/15] n_features=77, params={'clf__C': 0.0464159, 'clf__l1_ratio': 0.1}
      [2/15] n_features=119, params={'clf__C': 0.16681, 'clf__l1_ratio': 0.1}
      [3/15] n_features=51, params={'clf__C': 0.16681, 'clf__l1_ratio': 0.3}
      [15/15] n_features=98, params={'clf__C': 2.15443, 'clf__l1_ratio': 0.3}
    Plateau features: union=227, intersection=29
  Fold 4: s1=1.0000 (t=0.50)  s2=0.6429  combined=0.7619  auroc=0.9487  excl=0.7619 (0)  (3.6s)
    Retraining 15 plateau models
      [1/15] n_features=76, params={'clf__C': 0.0464159, 'clf__l1_ratio': 0.1}
      [2/15] n_features=124, params={'clf__C': 0.16681, 'clf__l1_ratio': 0.1}
      [3/15] n_features=51, params={'clf__C': 0.16681, 'clf__l1_ratio': 0.3}
      [15/15] n_features=111, params={'clf__C': 2.15443, 'clf__l1_ratio': 0.3}
    Plateau features: union=233, intersection=26
  Fold 5: s1=1.0000 (t=0.50)  s2=0.7857  combined=0.8571  auroc=0.9744  excl=0.8571 (0)  (3.5s)

Summary for v2_standalone_en_pens repeat 23:
  Stage 1 (HER2+ vs rest):  1.0000 (+/- 0.0000)
  Stage 2 (HR+ vs TN):      0.7470 (+/- 0.1044)
  Combined (3-class):       0.8313 (+/- 0.0696)
  Combined (excl mislabels): 0.8437 (+/- 0.0737)
  Combined fold scores: [0.8968, 0.9048, 0.7361, 0.7619, 0.8571]
  Total time: 18.2s
Fold results saved to /data/cbotos/TB-Project/results/2026-04-24_server_run_v2/hierarchical_nested_cv/data/fold_results_standalone_en_pens_r23.csv
Checkpoint removed (job complete).
