Run: 2026-04-24_server_run_v2
Config: /data/cbotos/TB-Project/results/2026-04-24_server_run_v2/config_snapshot_hierarchical.yaml
Stage 1: kw_rf (fixed, binary HER2+ vs rest, threshold=0.5)
Stage 2: en_rf (HR+ vs Triple Neg)
Repeat seed: 5
Stage 2 grid size: 800 combinations
Loading data...
Loaded 100 samples, 273 features.
Classes: ['HER2+', 'HR+', 'Triple Neg']
  HER2+: 32 samples
  HR+: 36 samples
  Triple Neg: 32 samples
Mislabel indices verified: [(2, 'Array.67'), (4, 'Array.22')]
  Fold 1: s1=1.0000 (t=0.50)  s2=0.5476  combined=0.6984  auroc=0.8590  excl=0.6984 (0)  (2887.1s)
  Fold 2: s1=1.0000 (t=0.50)  s2=0.7738  combined=0.8492  auroc=0.9542  excl=0.8492 (0)  (2838.0s)
  Fold 3: s1=1.0000 (t=0.50)  s2=0.8750  combined=0.9167  auroc=0.9628  excl=0.9167 (0)  (2830.9s)
  Fold 4: s1=1.0000 (t=0.50)  s2=0.6429  combined=0.7619  auroc=0.9048  excl=0.7540 (1)  (2826.1s)
  Fold 5: s1=1.0000 (t=0.50)  s2=0.7143  combined=0.8095  auroc=0.9194  excl=0.8413 (1)  (2855.3s)

Summary for v2_en_rf repeat 5:
  Stage 1 (HER2+ vs rest):  1.0000 (+/- 0.0000)
  Stage 2 (HR+ vs TN):      0.7107 (+/- 0.1115)
  Combined (3-class):       0.8071 (+/- 0.0743)
  Combined (excl mislabels): 0.8119 (+/- 0.0768)
  Combined fold scores: [0.6984, 0.8492, 0.9167, 0.7619, 0.8095]
  Total time: 14237.5s
Fold results saved to /data/cbotos/TB-Project/results/2026-04-24_server_run_v2/hierarchical_nested_cv/data/fold_results_en_rf_r5.csv
Checkpoint removed (job complete).
