Run: 2026-04-24_server_run_v2
Config: /mnt/d/Coursework/TB-Project/config_files/local.yaml
Stage 1: kw_rf (fixed, binary HER2+ vs rest, threshold=0.5)
Stage 2: standalone_en (HR+ vs Triple Neg)
Repeat seed: 1
Stage 2 grid size: 25 combinations
Loading data...
Loaded 100 samples, 273 features.
Classes: ['HER2+', 'HR+', 'Triple Neg']
  HER2+: 32 samples
  HR+: 36 samples
  Triple Neg: 32 samples
Mislabel indices verified: [(2, 'Array.67'), (4, 'Array.22')]
  Fold 1: s1=1.0000 (t=0.50)  s2=0.9167  combined=0.9444  auroc=0.9847  excl=0.9444 (0)  (10.0s)
  Fold 2: s1=1.0000 (t=0.50)  s2=0.7619  combined=0.8413  auroc=0.8999  excl=0.8413 (0)  (9.6s)
  Fold 3: s1=1.0000 (t=0.50)  s2=0.6875  combined=0.7917  auroc=0.9033  excl=0.7917 (0)  (9.9s)
  Fold 4: s1=1.0000 (t=0.50)  s2=0.7857  combined=0.8571  auroc=0.9780  excl=0.9444 (2)  (9.7s)
  Fold 5: s1=1.0000 (t=0.50)  s2=0.7857  combined=0.8571  auroc=0.9853  excl=0.8571 (0)  (10.2s)

Summary for v2_standalone_en repeat 1:
  Stage 1 (HER2+ vs rest):  1.0000 (+/- 0.0000)
  Stage 2 (HR+ vs TN):      0.7875 (+/- 0.0740)
  Combined (3-class):       0.8583 (+/- 0.0493)
  Combined (excl mislabels): 0.8758 (+/- 0.0601)
  Combined fold scores: [0.9444, 0.8413, 0.7917, 0.8571, 0.8571]
  Total time: 49.4s
Fold results saved to /mnt/d/Coursework/TB-Project/results/2026-04-24_server_run_v2/hierarchical_nested_cv/data/fold_results_standalone_en_r1.csv
Checkpoint removed (job complete).
