Run: 2026-04-24_server_run_v2
Config: /data/cbotos/TB-Project/results/2026-04-24_server_run_v2/config_snapshot_hierarchical.yaml
Stage 1: kw_rf (fixed, binary HER2+ vs rest, threshold=0.5)
Stage 2: standalone_en (HR+ vs Triple Neg)
Repeat seed: 11
Stage 2 grid size: 50 combinations
Loading data...
Loaded 100 samples, 273 features.
Classes: ['HER2+', 'HR+', 'Triple Neg']
  HER2+: 32 samples
  HR+: 36 samples
  Triple Neg: 32 samples
Mislabel indices verified: [(2, 'Array.67'), (4, 'Array.22')]
  Fold 1: s1=1.0000 (t=0.50)  s2=0.7738  combined=0.8492  auroc=0.9847  excl=0.8492 (0)  (37.3s)
  Fold 2: s1=1.0000 (t=0.50)  s2=0.6786  combined=0.7857  auroc=0.9203  excl=0.8667 (2)  (35.5s)
  Fold 3: s1=1.0000 (t=0.50)  s2=0.7500  combined=0.8333  auroc=0.9444  excl=0.8333 (0)  (35.2s)
  Fold 4: s1=1.0000 (t=0.50)  s2=0.7143  combined=0.8095  auroc=0.8901  excl=0.8095 (0)  (35.4s)
  Fold 5: s1=1.0000 (t=0.50)  s2=0.8571  combined=0.9048  auroc=0.9707  excl=0.9048 (0)  (33.4s)

Summary for v2_standalone_en repeat 11:
  Stage 1 (HER2+ vs rest):  1.0000 (+/- 0.0000)
  Stage 2 (HR+ vs TN):      0.7548 (+/- 0.0605)
  Combined (3-class):       0.8365 (+/- 0.0403)
  Combined (excl mislabels): 0.8527 (+/- 0.0321)
  Combined fold scores: [0.8492, 0.7857, 0.8333, 0.8095, 0.9048]
  Total time: 176.9s
Fold results saved to /data/cbotos/TB-Project/results/2026-04-24_server_run_v2/hierarchical_nested_cv/data/fold_results_standalone_en_r11.csv
Checkpoint removed (job complete).
