Run: 2026-04-24_server_run_v2
Config: /data/cbotos/TB-Project/results/2026-04-24_server_run_v2/config_snapshot_hierarchical.yaml
Stage 1: kw_rf (fixed, binary HER2+ vs rest, threshold=0.5)
Stage 2: kw_nmc_kens (HR+ vs Triple Neg)
Repeat seed: 5
Stage 2: no GridSearchCV (ensemble pipeline)
Loading data...
Loaded 100 samples, 273 features.
Classes: ['HER2+', 'HR+', 'Triple Neg']
  HER2+: 32 samples
  HR+: 36 samples
  Triple Neg: 32 samples
Mislabel indices verified: [(2, 'Array.67'), (4, 'Array.22')]
      k=15: mean_max_prob=0.6852
      k=20: mean_max_prob=0.6973
      k=30: mean_max_prob=0.6850
      k=50: mean_max_prob=0.6638
  Fold 1: s1=1.0000 (t=0.50)  s2=0.7857  combined=0.8571  auroc=0.9389  excl=0.8571 (0)  (1.0s)
      k=15: mean_max_prob=0.6940
      k=20: mean_max_prob=0.6984
      k=30: mean_max_prob=0.7169
      k=50: mean_max_prob=0.7318
  Fold 2: s1=1.0000 (t=0.50)  s2=0.7024  combined=0.8016  auroc=0.9237  excl=0.8016 (0)  (1.0s)
      k=15: mean_max_prob=0.6838
      k=20: mean_max_prob=0.6895
      k=30: mean_max_prob=0.7055
      k=50: mean_max_prob=0.7026
  Fold 3: s1=1.0000 (t=0.50)  s2=0.8542  combined=0.9028  auroc=0.9812  excl=0.9028 (0)  (1.0s)
      k=15: mean_max_prob=0.6710
      k=20: mean_max_prob=0.6991
      k=30: mean_max_prob=0.7043
      k=50: mean_max_prob=0.7118
  Fold 4: s1=1.0000 (t=0.50)  s2=0.7857  combined=0.8571  auroc=0.9341  excl=0.9048 (1)  (1.0s)
      k=15: mean_max_prob=0.6878
      k=20: mean_max_prob=0.7013
      k=30: mean_max_prob=0.6985
      k=50: mean_max_prob=0.6677
  Fold 5: s1=1.0000 (t=0.50)  s2=0.7143  combined=0.8095  auroc=0.9414  excl=0.8413 (1)  (1.0s)

Summary for v2_kw_nmc_kens repeat 5:
  Stage 1 (HER2+ vs rest):  1.0000 (+/- 0.0000)
  Stage 2 (HR+ vs TN):      0.7685 (+/- 0.0552)
  Combined (3-class):       0.8456 (+/- 0.0368)
  Combined (excl mislabels): 0.8615 (+/- 0.0390)
  Combined fold scores: [0.8571, 0.8016, 0.9028, 0.8571, 0.8095]
  Total time: 5.0s
Fold results saved to /data/cbotos/TB-Project/results/2026-04-24_server_run_v2/hierarchical_nested_cv/data/fold_results_kw_nmc_kens_r5.csv
Checkpoint removed (job complete).
