Run: 2026-04-24_server_run_v2
Config: /data/cbotos/TB-Project/results/2026-04-24_server_run_v2/config_snapshot_hierarchical.yaml
Stage 1: kw_rf (fixed, binary HER2+ vs rest, threshold=0.5)
Stage 2: kw_nmc_kens (HR+ vs Triple Neg)
Repeat seed: 40
Stage 2: no GridSearchCV (ensemble pipeline)
Loading data...
Loaded 100 samples, 273 features.
Classes: ['HER2+', 'HR+', 'Triple Neg']
  HER2+: 32 samples
  HR+: 36 samples
  Triple Neg: 32 samples
Mislabel indices verified: [(2, 'Array.67'), (4, 'Array.22')]
      k=15: mean_max_prob=0.7197
      k=20: mean_max_prob=0.7233
      k=30: mean_max_prob=0.7244
      k=50: mean_max_prob=0.7110
  Fold 1: s1=1.0000 (t=0.50)  s2=0.6905  combined=0.7937  auroc=0.9161  excl=0.8333 (1)  (1.1s)
      k=15: mean_max_prob=0.6855
      k=20: mean_max_prob=0.6819
      k=30: mean_max_prob=0.6908
      k=50: mean_max_prob=0.7120
  Fold 2: s1=1.0000 (t=0.50)  s2=0.9286  combined=0.9524  auroc=0.9963  excl=0.9524 (0)  (1.0s)
      k=15: mean_max_prob=0.7046
      k=20: mean_max_prob=0.7087
      k=30: mean_max_prob=0.7043
      k=50: mean_max_prob=0.7025
  Fold 3: s1=1.0000 (t=0.50)  s2=0.8542  combined=0.9028  auroc=0.9702  excl=0.9028 (0)  (1.0s)
      k=15: mean_max_prob=0.6507
      k=20: mean_max_prob=0.6378
      k=30: mean_max_prob=0.6481
      k=50: mean_max_prob=0.6300
  Fold 4: s1=1.0000 (t=0.50)  s2=0.8571  combined=0.9048  auroc=0.9927  excl=0.9048 (0)  (1.0s)
      k=15: mean_max_prob=0.6755
      k=20: mean_max_prob=0.6853
      k=30: mean_max_prob=0.6828
      k=50: mean_max_prob=0.6859
  Fold 5: s1=1.0000 (t=0.50)  s2=0.7143  combined=0.8095  auroc=0.9414  excl=0.8492 (1)  (1.1s)

Summary for v2_kw_nmc_kens repeat 40:
  Stage 1 (HER2+ vs rest):  1.0000 (+/- 0.0000)
  Stage 2 (HR+ vs TN):      0.8089 (+/- 0.0913)
  Combined (3-class):       0.8726 (+/- 0.0609)
  Combined (excl mislabels): 0.8885 (+/- 0.0427)
  Combined fold scores: [0.7937, 0.9524, 0.9028, 0.9048, 0.8095]
  Total time: 5.3s
Fold results saved to /data/cbotos/TB-Project/results/2026-04-24_server_run_v2/hierarchical_nested_cv/data/fold_results_kw_nmc_kens_r40.csv
Checkpoint removed (job complete).
