Run: 2026-04-24_server_run_v2
Config: /data/cbotos/TB-Project/results/2026-04-24_server_run_v2/config_snapshot_hierarchical.yaml
Stage 1: kw_rf (fixed, binary HER2+ vs rest, threshold=0.5)
Stage 2: en_nmc (HR+ vs Triple Neg)
Repeat seed: 31
Stage 2 grid size: 200 combinations
Loading data...
Loaded 100 samples, 273 features.
Classes: ['HER2+', 'HR+', 'Triple Neg']
  HER2+: 32 samples
  HR+: 36 samples
  Triple Neg: 32 samples
Mislabel indices verified: [(2, 'Array.67'), (4, 'Array.22')]
  Fold 1: s1=1.0000 (t=0.50)  s2=0.6190  combined=0.7460  auroc=0.9158  excl=0.7905 (1)  (219.9s)
  Fold 2: s1=1.0000 (t=0.50)  s2=0.6310  combined=0.7540  auroc=0.9081  excl=0.7778 (1)  (213.1s)
  Fold 3: s1=1.0000 (t=0.50)  s2=0.7708  combined=0.8472  auroc=0.9479  excl=0.8472 (0)  (213.8s)
  Fold 4: s1=1.0000 (t=0.50)  s2=0.6429  combined=0.7619  auroc=0.9341  excl=0.7619 (0)  (212.5s)
  Fold 5: s1=1.0000 (t=0.50)  s2=0.5714  combined=0.7143  auroc=0.8938  excl=0.7143 (0)  (215.7s)

Summary for v2_en_nmc repeat 31:
  Stage 1 (HER2+ vs rest):  1.0000 (+/- 0.0000)
  Stage 2 (HR+ vs TN):      0.6470 (+/- 0.0665)
  Combined (3-class):       0.7647 (+/- 0.0443)
  Combined (excl mislabels): 0.7783 (+/- 0.0430)
  Combined fold scores: [0.746, 0.754, 0.8472, 0.7619, 0.7143]
  Total time: 1075.2s
Fold results saved to /data/cbotos/TB-Project/results/2026-04-24_server_run_v2/hierarchical_nested_cv/data/fold_results_en_nmc_r31.csv
Checkpoint removed (job complete).
