Run: 2026-04-24_server_run_v2
Config: /data/cbotos/TB-Project/results/2026-04-24_server_run_v2/config_snapshot_hierarchical.yaml
Stage 1: kw_rf (fixed, binary HER2+ vs rest, threshold=0.5)
Stage 2: standalone_en (HR+ vs Triple Neg)
Repeat seed: 38
Stage 2 grid size: 50 combinations
Loading data...
Loaded 100 samples, 273 features.
Classes: ['HER2+', 'HR+', 'Triple Neg']
  HER2+: 32 samples
  HR+: 36 samples
  Triple Neg: 32 samples
Mislabel indices verified: [(2, 'Array.67'), (4, 'Array.22')]
  Fold 1: s1=1.0000 (t=0.50)  s2=0.8333  combined=0.8889  auroc=0.9389  excl=0.8889 (0)  (37.3s)
  Fold 2: s1=1.0000 (t=0.50)  s2=0.5476  combined=0.6984  auroc=0.8440  excl=0.6984 (0)  (35.4s)
  Fold 3: s1=1.0000 (t=0.50)  s2=0.7083  combined=0.8056  auroc=0.9702  excl=0.8056 (0)  (34.9s)
  Fold 4: s1=1.0000 (t=0.50)  s2=0.7143  combined=0.8095  auroc=0.9304  excl=0.8413 (1)  (35.7s)
  Fold 5: s1=1.0000 (t=0.50)  s2=0.7857  combined=0.8571  auroc=0.9634  excl=0.8889 (1)  (34.4s)

Summary for v2_standalone_en repeat 38:
  Stage 1 (HER2+ vs rest):  1.0000 (+/- 0.0000)
  Stage 2 (HR+ vs TN):      0.7179 (+/- 0.0970)
  Combined (3-class):       0.8119 (+/- 0.0647)
  Combined (excl mislabels): 0.8246 (+/- 0.0705)
  Combined fold scores: [0.8889, 0.6984, 0.8056, 0.8095, 0.8571]
  Total time: 177.8s
Fold results saved to /data/cbotos/TB-Project/results/2026-04-24_server_run_v2/hierarchical_nested_cv/data/fold_results_standalone_en_r38.csv
Checkpoint removed (job complete).
