========================================
Hierarchical CV - Job 167 of 200
Stage 1:  kw_rf k=5 (fixed)
Stage 2:  en_rf
Repeat:   17 / 50
Config:   /data/cbotos/TB-Project/results/2026-04-22_server_run_flat_nested_CV/config_snapshot_hierarchical.yaml
Run:      server_run_flat_nested_CV
Node:     node3
CPUs:     1
Memory:   4096MB
Work dir: /data/cbotos/TB-Project
Start:    2026-04-23 07:39:48
========================================
Running: python3 /data/cbotos/TB-Project/code/hierarchical_nested_cv_2x2_runner.py --pipeline en_rf --repeat 17 --config /data/cbotos/TB-Project/results/2026-04-22_server_run_flat_nested_CV/config_snapshot_hierarchical.yaml --name server_run_flat_nested_CV
INFO     Run: 2026-04-22_server_run_flat_nested_CV                              
INFO     Config:                                                                
         /data/cbotos/TB-Project/results/2026-04-22_server_run_flat_nested_CV/co
         nfig_snapshot_hierarchical.yaml                                        
INFO     Stage 1: kw_rf (fixed, binary HER2+ vs rest)                           
INFO     Stage 2: en_rf (HR+ vs Triple Neg)                                     
INFO     Repeat seed: 17                                                        
INFO     Stage 1: fixed KW+RF k=5 (no grid search)                              
INFO     Stage 2 grid size: 800 combinations                                    
INFO     Loading data...                                                        
INFO     Loaded 100 samples, 273 features.                                      
INFO     Classes: ['HER2+', 'HR+', 'Triple Neg']                                
INFO       HER2+: 32 samples                                                    
INFO       HR+: 36 samples                                                      
INFO       Triple Neg: 32 samples                                               
INFO       Fold 1: s1=1.0000  s2=0.6310  combined=0.7540  auroc=0.9118  s1_k=5  
         s2_k=50  routed=13/20  (2846.5s)                                       
INFO       Fold 2: s1=1.0000  s2=0.7619  combined=0.8413  auroc=0.9621  s1_k=5  
         s2_k=50  routed=13/20  (2841.3s)                                       
INFO       Fold 3: s1=1.0000  s2=0.8542  combined=0.9028  auroc=0.9777  s1_k=5  
         s2_k=50  routed=14/20  (2836.0s)                                       
INFO       Fold 4: s1=1.0000  s2=0.5714  combined=0.7143  auroc=0.8645  s1_k=5  
         s2_k=10  routed=14/20  (2828.0s)                                       
INFO       Fold 5: s1=1.0000  s2=0.7143  combined=0.8095  auroc=0.9304  s1_k=5  
         s2_k=50  routed=14/20  (2798.2s)                                       
  hier_en_rf r17 ━━━━━━━━━━━━━━━━━━━━━━━━━━━━━━━━━━━━━━━━ 100% 3:55:50
INFO                                                                            
INFO     Summary for hier_en_rf repeat 17:                                      
INFO       Stage 1 (HER2+ vs rest):  1.0000 (+/- 0.0000)                        
INFO       Stage 2 (HR+ vs TN):      0.7065 (+/- 0.0989)                        
INFO       Combined (3-class):       0.8044 (+/- 0.0659)                        
INFO       Combined fold scores: [0.754, 0.8413, 0.9028, 0.7143, 0.8095]        
INFO       Total time: 14150.0s                                                 
INFO     Fold results saved to                                                  
         /data/cbotos/TB-Project/results/2026-04-22_server_run_flat_nested_CV/hi
         erarchical_nested_cv_2x2/data/fold_results_en_rf_r17.csv               
INFO     Checkpoint removed (job complete).                                     
========================================
Finished: 2026-04-23 11:35:39
Elapsed:  3h 55m 51s
Exit:     0
========================================
[HIER-NCV-TASK-DONE] array=13660 task=166 stage2_pipeline=en_rf repeat=17 exit=0 elapsed=14151s
