========================================
Hierarchical CV - Job 172 of 200
Stage 1:  kw_rf k=5 (fixed)
Stage 2:  en_rf
Repeat:   22 / 50
Config:   /data/cbotos/TB-Project/results/2026-04-22_server_run_flat_nested_CV/config_snapshot_hierarchical.yaml
Run:      server_run_flat_nested_CV
Node:     node2
CPUs:     1
Memory:   4096MB
Work dir: /data/cbotos/TB-Project
Start:    2026-04-23 07:39:54
========================================
Running: python3 /data/cbotos/TB-Project/code/hierarchical_nested_cv_2x2_runner.py --pipeline en_rf --repeat 22 --config /data/cbotos/TB-Project/results/2026-04-22_server_run_flat_nested_CV/config_snapshot_hierarchical.yaml --name server_run_flat_nested_CV
INFO     Run: 2026-04-22_server_run_flat_nested_CV                              
INFO     Config:                                                                
         /data/cbotos/TB-Project/results/2026-04-22_server_run_flat_nested_CV/co
         nfig_snapshot_hierarchical.yaml                                        
INFO     Stage 1: kw_rf (fixed, binary HER2+ vs rest)                           
INFO     Stage 2: en_rf (HR+ vs Triple Neg)                                     
INFO     Repeat seed: 22                                                        
INFO     Stage 1: fixed KW+RF k=5 (no grid search)                              
INFO     Stage 2 grid size: 800 combinations                                    
INFO     Loading data...                                                        
INFO     Loaded 100 samples, 273 features.                                      
INFO     Classes: ['HER2+', 'HR+', 'Triple Neg']                                
INFO       HER2+: 32 samples                                                    
INFO       HR+: 36 samples                                                      
INFO       Triple Neg: 32 samples                                               
INFO       Fold 1: s1=1.0000  s2=0.6190  combined=0.7460  auroc=0.9277  s1_k=5  
         s2_k=10  routed=13/20  (2867.5s)                                       
INFO       Fold 2: s1=1.0000  s2=0.8452  combined=0.8968  auroc=0.9695  s1_k=5  
         s2_k=50  routed=13/20  (2892.4s)                                       
INFO       Fold 3: s1=1.0000  s2=0.6875  combined=0.7917  auroc=0.9444  s1_k=5  
         s2_k=5  routed=14/20  (2828.4s)                                        
INFO       Fold 4: s1=1.0000  s2=0.8571  combined=0.9048  auroc=0.9634  s1_k=5  
         s2_k=50  routed=14/20  (2818.2s)                                       
INFO       Fold 5: s1=1.0000  s2=0.8571  combined=0.9048  auroc=0.9744  s1_k=5  
         s2_k=20  routed=14/20  (2843.4s)                                       
  hier_en_rf r22 ━━━━━━━━━━━━━━━━━━━━━━━━━━━━━━━━━━━━━━━━ 100% 3:57:29
INFO                                                                            
INFO     Summary for hier_en_rf repeat 22:                                      
INFO       Stage 1 (HER2+ vs rest):  1.0000 (+/- 0.0000)                        
INFO       Stage 2 (HR+ vs TN):      0.7732 (+/- 0.1004)                        
INFO       Combined (3-class):       0.8488 (+/- 0.0669)                        
INFO       Combined fold scores: [0.746, 0.8968, 0.7917, 0.9048, 0.9048]        
INFO       Total time: 14249.9s                                                 
INFO     Fold results saved to                                                  
         /data/cbotos/TB-Project/results/2026-04-22_server_run_flat_nested_CV/hi
         erarchical_nested_cv_2x2/data/fold_results_en_rf_r22.csv               
INFO     Checkpoint removed (job complete).                                     
========================================
Finished: 2026-04-23 11:37:25
Elapsed:  3h 57m 31s
Exit:     0
========================================
[HIER-NCV-TASK-DONE] array=13660 task=171 stage2_pipeline=en_rf repeat=22 exit=0 elapsed=14251s
