========================================
Hierarchical CV - Job 15 of 200
Stage 1:  kw_rf k=5 (fixed)
Stage 2:  kw_nmc
Repeat:   15 / 50
Config:   /data/cbotos/TB-Project/results/2026-04-22_server_run_flat_nested_CV/config_snapshot_hierarchical.yaml
Run:      server_run_flat_nested_CV
Node:     node2
CPUs:     1
Memory:   4096MB
Work dir: /data/cbotos/TB-Project
Start:    2026-04-23 07:13:05
========================================
Running: python3 /data/cbotos/TB-Project/code/hierarchical_nested_cv_2x2_runner.py --pipeline kw_nmc --repeat 15 --config /data/cbotos/TB-Project/results/2026-04-22_server_run_flat_nested_CV/config_snapshot_hierarchical.yaml --name server_run_flat_nested_CV
INFO     Run: 2026-04-22_server_run_flat_nested_CV                              
INFO     Config:                                                                
         /data/cbotos/TB-Project/results/2026-04-22_server_run_flat_nested_CV/co
         nfig_snapshot_hierarchical.yaml                                        
INFO     Stage 1: kw_rf (fixed, binary HER2+ vs rest)                           
INFO     Stage 2: kw_nmc (HR+ vs Triple Neg)                                    
INFO     Repeat seed: 15                                                        
INFO     Stage 1: fixed KW+RF k=5 (no grid search)                              
INFO     Stage 2 grid size: 8 combinations                                      
INFO     Loading data...                                                        
INFO     Loaded 100 samples, 273 features.                                      
INFO     Classes: ['HER2+', 'HR+', 'Triple Neg']                                
INFO       HER2+: 32 samples                                                    
INFO       HR+: 36 samples                                                      
INFO       Triple Neg: 32 samples                                               
INFO       Fold 1: s1=1.0000  s2=0.8333  combined=0.8889  auroc=0.9850  s1_k=5  
         s2_k=50  routed=13/20  (7.2s)                                          
INFO       Fold 2: s1=1.0000  s2=0.9167  combined=0.9444  auroc=0.9580  s1_k=5  
         s2_k=20  routed=13/20  (5.8s)                                          
INFO       Fold 3: s1=1.0000  s2=0.7708  combined=0.8472  auroc=0.9554  s1_k=5  
         s2_k=30  routed=14/20  (5.8s)                                          
INFO       Fold 4: s1=1.0000  s2=0.5000  combined=0.6667  auroc=0.7949  s1_k=5  
         s2_k=50  routed=14/20  (5.9s)                                          
INFO       Fold 5: s1=1.0000  s2=0.6429  combined=0.7619  auroc=0.9377  s1_k=5  
         s2_k=20  routed=14/20  (5.9s)                                          
  hier_kw_nmc r15 ━━━━━━━━━━━━━━━━━━━━━━━━━━━━━━━━━━━━━━━━ 100% 0:00:30
INFO                                                                            
INFO     Summary for hier_kw_nmc repeat 15:                                     
INFO       Stage 1 (HER2+ vs rest):  1.0000 (+/- 0.0000)                        
INFO       Stage 2 (HR+ vs TN):      0.7327 (+/- 0.1467)                        
INFO       Combined (3-class):       0.8218 (+/- 0.0978)                        
INFO       Combined fold scores: [0.8889, 0.9444, 0.8472, 0.6667, 0.7619]       
INFO       Total time: 30.6s                                                    
INFO     Fold results saved to                                                  
         /data/cbotos/TB-Project/results/2026-04-22_server_run_flat_nested_CV/hi
         erarchical_nested_cv_2x2/data/fold_results_kw_nmc_r15.csv              
INFO     Checkpoint removed (job complete).                                     
========================================
Finished: 2026-04-23 07:13:40
Elapsed:  0h 0m 35s
Exit:     0
========================================
[HIER-NCV-TASK-DONE] array=13660 task=14 stage2_pipeline=kw_nmc repeat=15 exit=0 elapsed=35s
