========================================
Hierarchical CV - Job 152 of 200
Stage 1:  kw_rf k=5 (fixed)
Stage 2:  en_rf
Repeat:   2 / 50
Config:   /data/cbotos/TB-Project/results/2026-04-22_server_run_flat_nested_CV/config_snapshot_hierarchical.yaml
Run:      server_run_flat_nested_CV
Node:     node1
CPUs:     1
Memory:   4096MB
Work dir: /data/cbotos/TB-Project
Start:    2026-04-23 07:35:32
========================================
Running: python3 /data/cbotos/TB-Project/code/hierarchical_nested_cv_2x2_runner.py --pipeline en_rf --repeat 2 --config /data/cbotos/TB-Project/results/2026-04-22_server_run_flat_nested_CV/config_snapshot_hierarchical.yaml --name server_run_flat_nested_CV
INFO     Run: 2026-04-22_server_run_flat_nested_CV                              
INFO     Config:                                                                
         /data/cbotos/TB-Project/results/2026-04-22_server_run_flat_nested_CV/co
         nfig_snapshot_hierarchical.yaml                                        
INFO     Stage 1: kw_rf (fixed, binary HER2+ vs rest)                           
INFO     Stage 2: en_rf (HR+ vs Triple Neg)                                     
INFO     Repeat seed: 2                                                         
INFO     Stage 1: fixed KW+RF k=5 (no grid search)                              
INFO     Stage 2 grid size: 800 combinations                                    
INFO     Loading data...                                                        
INFO     Loaded 100 samples, 273 features.                                      
INFO     Classes: ['HER2+', 'HR+', 'Triple Neg']                                
INFO       HER2+: 32 samples                                                    
INFO       HR+: 36 samples                                                      
INFO       Triple Neg: 32 samples                                               
INFO       Fold 1: s1=1.0000  s2=0.5476  combined=0.6984  auroc=0.8663  s1_k=5  
         s2_k=10  routed=13/20  (2924.3s)                                       
INFO       Fold 2: s1=1.0000  s2=0.8452  combined=0.8968  auroc=0.9695  s1_k=5  
         s2_k=50  routed=13/20  (2959.2s)                                       
INFO       Fold 3: s1=1.0000  s2=0.5625  combined=0.7083  auroc=0.8512  s1_k=5  
         s2_k=20  routed=14/20  (2940.4s)                                       
INFO       Fold 4: s1=1.0000  s2=0.6429  combined=0.7619  auroc=0.9304  s1_k=5  
         s2_k=50  routed=14/20  (2836.0s)                                       
INFO       Fold 5: s1=1.0000  s2=0.7857  combined=0.8571  auroc=0.9487  s1_k=5  
         s2_k=10  routed=14/20  (2435.2s)                                       
  hier_en_rf r2 ━━━━━━━━━━━━━━━━━━━━━━━━━━━━━━━━━━━━━━━━ 100% 3:54:55
INFO                                                                            
INFO     Summary for hier_en_rf repeat 2:                                       
INFO       Stage 1 (HER2+ vs rest):  1.0000 (+/- 0.0000)                        
INFO       Stage 2 (HR+ vs TN):      0.6768 (+/- 0.1193)                        
INFO       Combined (3-class):       0.7845 (+/- 0.0795)                        
INFO       Combined fold scores: [0.6984, 0.8968, 0.7083, 0.7619, 0.8571]       
INFO       Total time: 14095.1s                                                 
INFO     Fold results saved to                                                  
         /data/cbotos/TB-Project/results/2026-04-22_server_run_flat_nested_CV/hi
         erarchical_nested_cv_2x2/data/fold_results_en_rf_r2.csv                
INFO     Checkpoint removed (job complete).                                     
========================================
Finished: 2026-04-23 11:30:30
Elapsed:  3h 54m 58s
Exit:     0
========================================
[HIER-NCV-TASK-DONE] array=13660 task=151 stage2_pipeline=en_rf repeat=2 exit=0 elapsed=14098s
