========================================
Hierarchical CV - Job 168 of 200
Stage 1:  kw_rf k=5 (fixed)
Stage 2:  en_rf
Repeat:   18 / 50
Config:   /data/cbotos/TB-Project/results/2026-04-22_server_run_flat_nested_CV/config_snapshot_hierarchical.yaml
Run:      server_run_flat_nested_CV
Node:     node2
CPUs:     1
Memory:   4096MB
Work dir: /data/cbotos/TB-Project
Start:    2026-04-23 07:39:52
========================================
Running: python3 /data/cbotos/TB-Project/code/hierarchical_nested_cv_2x2_runner.py --pipeline en_rf --repeat 18 --config /data/cbotos/TB-Project/results/2026-04-22_server_run_flat_nested_CV/config_snapshot_hierarchical.yaml --name server_run_flat_nested_CV
INFO     Run: 2026-04-22_server_run_flat_nested_CV                              
INFO     Config:                                                                
         /data/cbotos/TB-Project/results/2026-04-22_server_run_flat_nested_CV/co
         nfig_snapshot_hierarchical.yaml                                        
INFO     Stage 1: kw_rf (fixed, binary HER2+ vs rest)                           
INFO     Stage 2: en_rf (HR+ vs Triple Neg)                                     
INFO     Repeat seed: 18                                                        
INFO     Stage 1: fixed KW+RF k=5 (no grid search)                              
INFO     Stage 2 grid size: 800 combinations                                    
INFO     Loading data...                                                        
INFO     Loaded 100 samples, 273 features.                                      
INFO     Classes: ['HER2+', 'HR+', 'Triple Neg']                                
INFO       HER2+: 32 samples                                                    
INFO       HR+: 36 samples                                                      
INFO       Triple Neg: 32 samples                                               
INFO       Fold 1: s1=1.0000  s2=0.6071  combined=0.7381  auroc=0.9124  s1_k=5  
         s2_k=50  routed=13/20  (2843.6s)                                       
INFO       Fold 2: s1=1.0000  s2=0.5357  combined=0.6905  auroc=0.8884  s1_k=5  
         s2_k=5  routed=13/20  (2823.7s)                                        
INFO       Fold 3: s1=1.0000  s2=0.8125  combined=0.8750  auroc=0.9370  s1_k=5  
         s2_k=10  routed=14/20  (2823.6s)                                       
INFO       Fold 4: s1=1.0000  s2=0.7143  combined=0.8095  auroc=0.9597  s1_k=5  
         s2_k=10  routed=14/20  (2862.4s)                                       
INFO       Fold 5: s1=1.0000  s2=0.6429  combined=0.7619  auroc=0.8755  s1_k=5  
         s2_k=50  routed=14/20  (2860.2s)                                       
  hier_en_rf r18 ━━━━━━━━━━━━━━━━━━━━━━━━━━━━━━━━━━━━━━━━ 100% 3:56:53
INFO                                                                            
INFO     Summary for hier_en_rf repeat 18:                                      
INFO       Stage 1 (HER2+ vs rest):  1.0000 (+/- 0.0000)                        
INFO       Stage 2 (HR+ vs TN):      0.6625 (+/- 0.0946)                        
INFO       Combined (3-class):       0.7750 (+/- 0.0630)                        
INFO       Combined fold scores: [0.7381, 0.6905, 0.875, 0.8095, 0.7619]        
INFO       Total time: 14213.5s                                                 
INFO     Fold results saved to                                                  
         /data/cbotos/TB-Project/results/2026-04-22_server_run_flat_nested_CV/hi
         erarchical_nested_cv_2x2/data/fold_results_en_rf_r18.csv               
INFO     Checkpoint removed (job complete).                                     
========================================
Finished: 2026-04-23 11:36:47
Elapsed:  3h 56m 55s
Exit:     0
========================================
[HIER-NCV-TASK-DONE] array=13660 task=167 stage2_pipeline=en_rf repeat=18 exit=0 elapsed=14215s
