========================================
Hierarchical CV - Job 88 of 200
Stage 1:  kw_rf k=5 (fixed)
Stage 2:  kw_rf
Repeat:   38 / 50
Config:   /data/cbotos/TB-Project/results/2026-04-22_server_run_flat_nested_CV/config_snapshot_hierarchical.yaml
Run:      server_run_flat_nested_CV
Node:     node1
CPUs:     1
Memory:   4096MB
Work dir: /data/cbotos/TB-Project
Start:    2026-04-23 07:13:42
========================================
Running: python3 /data/cbotos/TB-Project/code/hierarchical_nested_cv_2x2_runner.py --pipeline kw_rf --repeat 38 --config /data/cbotos/TB-Project/results/2026-04-22_server_run_flat_nested_CV/config_snapshot_hierarchical.yaml --name server_run_flat_nested_CV
INFO     Run: 2026-04-22_server_run_flat_nested_CV                              
INFO     Config:                                                                
         /data/cbotos/TB-Project/results/2026-04-22_server_run_flat_nested_CV/co
         nfig_snapshot_hierarchical.yaml                                        
INFO     Stage 1: kw_rf (fixed, binary HER2+ vs rest)                           
INFO     Stage 2: kw_rf (HR+ vs Triple Neg)                                     
INFO     Repeat seed: 38                                                        
INFO     Stage 1: fixed KW+RF k=5 (no grid search)                              
INFO     Stage 2 grid size: 32 combinations                                     
INFO     Loading data...                                                        
INFO     Loaded 100 samples, 273 features.                                      
INFO     Classes: ['HER2+', 'HR+', 'Triple Neg']                                
INFO       HER2+: 32 samples                                                    
INFO       HR+: 36 samples                                                      
INFO       Triple Neg: 32 samples                                               
INFO       Fold 1: s1=1.0000  s2=0.6190  combined=0.7460  auroc=0.8739  s1_k=5  
         s2_k=50  routed=13/20  (105.2s)                                        
INFO       Fold 2: s1=1.0000  s2=0.7738  combined=0.8492  auroc=0.9277  s1_k=5  
         s2_k=50  routed=13/20  (106.2s)                                        
INFO       Fold 3: s1=1.0000  s2=0.8333  combined=0.8889  auroc=0.9782  s1_k=5  
         s2_k=20  routed=14/20  (105.7s)                                        
INFO       Fold 4: s1=1.0000  s2=0.6429  combined=0.7619  auroc=0.8938  s1_k=5  
         s2_k=100  routed=14/20  (105.5s)                                       
INFO       Fold 5: s1=1.0000  s2=0.7143  combined=0.8095  auroc=0.9487  s1_k=5  
         s2_k=50  routed=14/20  (105.7s)                                        
  hier_kw_rf r38 ━━━━━━━━━━━━━━━━━━━━━━━━━━━━━━━━━━━━━━━━ 100% 0:08:48
INFO                                                                            
INFO     Summary for hier_kw_rf repeat 38:                                      
INFO       Stage 1 (HER2+ vs rest):  1.0000 (+/- 0.0000)                        
INFO       Stage 2 (HR+ vs TN):      0.7167 (+/- 0.0798)                        
INFO       Combined (3-class):       0.8111 (+/- 0.0532)                        
INFO       Combined fold scores: [0.746, 0.8492, 0.8889, 0.7619, 0.8095]        
INFO       Total time: 528.2s                                                   
INFO     Fold results saved to                                                  
         /data/cbotos/TB-Project/results/2026-04-22_server_run_flat_nested_CV/hi
         erarchical_nested_cv_2x2/data/fold_results_kw_rf_r38.csv               
INFO     Checkpoint removed (job complete).                                     
========================================
Finished: 2026-04-23 07:22:32
Elapsed:  0h 8m 50s
Exit:     0
========================================
[HIER-NCV-TASK-DONE] array=13660 task=87 stage2_pipeline=kw_rf repeat=38 exit=0 elapsed=530s
