========================================
Hierarchical CV - Job 188 of 200
Stage 1:  kw_rf k=5 (fixed)
Stage 2:  en_rf
Repeat:   38 / 50
Config:   /data/cbotos/TB-Project/results/2026-04-22_server_run_flat_nested_CV/config_snapshot_hierarchical.yaml
Run:      server_run_flat_nested_CV
Node:     node3
CPUs:     1
Memory:   4096MB
Work dir: /data/cbotos/TB-Project
Start:    2026-04-23 07:40:07
========================================
Running: python3 /data/cbotos/TB-Project/code/hierarchical_nested_cv_2x2_runner.py --pipeline en_rf --repeat 38 --config /data/cbotos/TB-Project/results/2026-04-22_server_run_flat_nested_CV/config_snapshot_hierarchical.yaml --name server_run_flat_nested_CV
INFO     Run: 2026-04-22_server_run_flat_nested_CV                              
INFO     Config:                                                                
         /data/cbotos/TB-Project/results/2026-04-22_server_run_flat_nested_CV/co
         nfig_snapshot_hierarchical.yaml                                        
INFO     Stage 1: kw_rf (fixed, binary HER2+ vs rest)                           
INFO     Stage 2: en_rf (HR+ vs Triple Neg)                                     
INFO     Repeat seed: 38                                                        
INFO     Stage 1: fixed KW+RF k=5 (no grid search)                              
INFO     Stage 2 grid size: 800 combinations                                    
INFO     Loading data...                                                        
INFO     Loaded 100 samples, 273 features.                                      
INFO     Classes: ['HER2+', 'HR+', 'Triple Neg']                                
INFO       HER2+: 32 samples                                                    
INFO       HR+: 36 samples                                                      
INFO       Triple Neg: 32 samples                                               
INFO       Fold 1: s1=1.0000  s2=0.5357  combined=0.6905  auroc=0.8816  s1_k=5  
         s2_k=50  routed=13/20  (2898.5s)                                       
INFO       Fold 2: s1=1.0000  s2=0.5476  combined=0.6984  auroc=0.8936  s1_k=5  
         s2_k=5  routed=13/20  (2859.1s)                                        
INFO       Fold 3: s1=1.0000  s2=0.7708  combined=0.8472  auroc=0.9777  s1_k=5  
         s2_k=50  routed=14/20  (2852.9s)                                       
INFO       Fold 4: s1=1.0000  s2=0.7857  combined=0.8571  auroc=0.9011  s1_k=5  
         s2_k=50  routed=14/20  (2889.7s)                                       
INFO       Fold 5: s1=1.0000  s2=0.6429  combined=0.7619  auroc=0.9414  s1_k=5  
         s2_k=50  routed=14/20  (2821.3s)                                       
  hier_en_rf r38 ━━━━━━━━━━━━━━━━━━━━━━━━━━━━━━━━━━━━━━━━ 100% 3:58:41
INFO                                                                            
INFO     Summary for hier_en_rf repeat 38:                                      
INFO       Stage 1 (HER2+ vs rest):  1.0000 (+/- 0.0000)                        
INFO       Stage 2 (HR+ vs TN):      0.6565 (+/- 0.1062)                        
INFO       Combined (3-class):       0.7710 (+/- 0.0708)                        
INFO       Combined fold scores: [0.6905, 0.6984, 0.8472, 0.8571, 0.7619]       
INFO       Total time: 14321.5s                                                 
INFO     Fold results saved to                                                  
         /data/cbotos/TB-Project/results/2026-04-22_server_run_flat_nested_CV/hi
         erarchical_nested_cv_2x2/data/fold_results_en_rf_r38.csv               
INFO     Checkpoint removed (job complete).                                     
========================================
Finished: 2026-04-23 11:38:50
Elapsed:  3h 58m 43s
Exit:     0
========================================
[HIER-NCV-TASK-DONE] array=13660 task=187 stage2_pipeline=en_rf repeat=38 exit=0 elapsed=14323s
