========================================
Hierarchical CV - Job 42 of 200
Stage 1:  kw_rf k=5 (fixed)
Stage 2:  kw_nmc
Repeat:   42 / 50
Config:   /data/cbotos/TB-Project/results/2026-04-22_server_run_flat_nested_CV/config_snapshot_hierarchical.yaml
Run:      server_run_flat_nested_CV
Node:     node3
CPUs:     1
Memory:   4096MB
Work dir: /data/cbotos/TB-Project
Start:    2026-04-23 07:13:05
========================================
Running: python3 /data/cbotos/TB-Project/code/hierarchical_nested_cv_2x2_runner.py --pipeline kw_nmc --repeat 42 --config /data/cbotos/TB-Project/results/2026-04-22_server_run_flat_nested_CV/config_snapshot_hierarchical.yaml --name server_run_flat_nested_CV
INFO     Run: 2026-04-22_server_run_flat_nested_CV                              
INFO     Config:                                                                
         /data/cbotos/TB-Project/results/2026-04-22_server_run_flat_nested_CV/co
         nfig_snapshot_hierarchical.yaml                                        
INFO     Stage 1: kw_rf (fixed, binary HER2+ vs rest)                           
INFO     Stage 2: kw_nmc (HR+ vs Triple Neg)                                    
INFO     Repeat seed: 42                                                        
INFO     Stage 1: fixed KW+RF k=5 (no grid search)                              
INFO     Stage 2 grid size: 8 combinations                                      
INFO     Loading data...                                                        
INFO     Loaded 100 samples, 273 features.                                      
INFO     Classes: ['HER2+', 'HR+', 'Triple Neg']                                
INFO       HER2+: 32 samples                                                    
INFO       HR+: 36 samples                                                      
INFO       Triple Neg: 32 samples                                               
INFO       Fold 1: s1=1.0000  s2=0.6071  combined=0.7381  auroc=0.8935  s1_k=5  
         s2_k=10  routed=13/20  (7.2s)                                          
INFO       Fold 2: s1=1.0000  s2=0.5952  combined=0.7302  auroc=0.9548  s1_k=5  
         s2_k=30  routed=13/20  (5.9s)                                          
INFO       Fold 3: s1=1.0000  s2=0.6875  combined=0.7917  auroc=0.9256  s1_k=5  
         s2_k=20  routed=14/20  (5.9s)                                          
INFO       Fold 4: s1=1.0000  s2=0.8571  combined=0.9048  auroc=0.9927  s1_k=5  
         s2_k=30  routed=14/20  (6.0s)                                          
INFO       Fold 5: s1=1.0000  s2=0.7143  combined=0.8095  auroc=0.8938  s1_k=5  
         s2_k=5  routed=14/20  (5.8s)                                           
  hier_kw_nmc r42 ━━━━━━━━━━━━━━━━━━━━━━━━━━━━━━━━━━━━━━━━ 100% 0:00:30
INFO                                                                            
INFO     Summary for hier_kw_nmc repeat 42:                                     
INFO       Stage 1 (HER2+ vs rest):  1.0000 (+/- 0.0000)                        
INFO       Stage 2 (HR+ vs TN):      0.6923 (+/- 0.0942)                        
INFO       Combined (3-class):       0.7948 (+/- 0.0628)                        
INFO       Combined fold scores: [0.7381, 0.7302, 0.7917, 0.9048, 0.8095]       
INFO       Total time: 30.8s                                                    
INFO     Fold results saved to                                                  
         /data/cbotos/TB-Project/results/2026-04-22_server_run_flat_nested_CV/hi
         erarchical_nested_cv_2x2/data/fold_results_kw_nmc_r42.csv              
INFO     Checkpoint removed (job complete).                                     
========================================
Finished: 2026-04-23 07:13:40
Elapsed:  0h 0m 35s
Exit:     0
========================================
[HIER-NCV-TASK-DONE] array=13660 task=41 stage2_pipeline=kw_nmc repeat=42 exit=0 elapsed=35s
