========================================
Hierarchical CV - Job 1 of 200
Stage 1:  kw_rf k=5 (fixed)
Stage 2:  kw_nmc
Repeat:   1 / 50
Config:   /data/cbotos/TB-Project/results/2026-04-22_server_run_flat_nested_CV/config_snapshot_hierarchical.yaml
Run:      server_run_flat_nested_CV
Node:     node1
CPUs:     1
Memory:   4096MB
Work dir: /data/cbotos/TB-Project
Start:    2026-04-23 07:13:05
========================================
Running: python3 /data/cbotos/TB-Project/code/hierarchical_nested_cv_2x2_runner.py --pipeline kw_nmc --repeat 1 --config /data/cbotos/TB-Project/results/2026-04-22_server_run_flat_nested_CV/config_snapshot_hierarchical.yaml --name server_run_flat_nested_CV
INFO     Run: 2026-04-22_server_run_flat_nested_CV                              
INFO     Config:                                                                
         /data/cbotos/TB-Project/results/2026-04-22_server_run_flat_nested_CV/co
         nfig_snapshot_hierarchical.yaml                                        
INFO     Stage 1: kw_rf (fixed, binary HER2+ vs rest)                           
INFO     Stage 2: kw_nmc (HR+ vs Triple Neg)                                    
INFO     Repeat seed: 1                                                         
INFO     Stage 1: fixed KW+RF k=5 (no grid search)                              
INFO     Stage 2 grid size: 8 combinations                                      
INFO     Loading data...                                                        
INFO     Loaded 100 samples, 273 features.                                      
INFO     Classes: ['HER2+', 'HR+', 'Triple Neg']                                
INFO       HER2+: 32 samples                                                    
INFO       HR+: 36 samples                                                      
INFO       Triple Neg: 32 samples                                               
INFO       Fold 1: s1=1.0000  s2=0.8452  combined=0.8968  auroc=0.9924  s1_k=5  
         s2_k=30  routed=13/20  (8.0s)                                          
INFO       Fold 2: s1=1.0000  s2=0.7619  combined=0.8413  auroc=0.9692  s1_k=5  
         s2_k=30  routed=13/20  (7.0s)                                          
INFO       Fold 3: s1=1.0000  s2=0.6875  combined=0.7917  auroc=0.9216  s1_k=5  
         s2_k=20  routed=14/20  (7.0s)                                          
INFO       Fold 4: s1=1.0000  s2=0.7857  combined=0.8571  auroc=0.9707  s1_k=5  
         s2_k=75  routed=14/20  (7.0s)                                          
INFO       Fold 5: s1=1.0000  s2=0.7857  combined=0.8571  auroc=0.9414  s1_k=5  
         s2_k=15  routed=14/20  (7.1s)                                          
  hier_kw_nmc r1 ━━━━━━━━━━━━━━━━━━━━━━━━━━━━━━━━━━━━━━━━ 100% 0:00:36
INFO                                                                            
INFO     Summary for hier_kw_nmc repeat 1:                                      
INFO       Stage 1 (HER2+ vs rest):  1.0000 (+/- 0.0000)                        
INFO       Stage 2 (HR+ vs TN):      0.7732 (+/- 0.0509)                        
INFO       Combined (3-class):       0.8488 (+/- 0.0340)                        
INFO       Combined fold scores: [0.8968, 0.8413, 0.7917, 0.8571, 0.8571]       
INFO       Total time: 36.1s                                                    
INFO     Fold results saved to                                                  
         /data/cbotos/TB-Project/results/2026-04-22_server_run_flat_nested_CV/hi
         erarchical_nested_cv_2x2/data/fold_results_kw_nmc_r1.csv               
INFO     Checkpoint removed (job complete).                                     
========================================
Finished: 2026-04-23 07:13:45
Elapsed:  0h 0m 40s
Exit:     0
========================================
[HIER-NCV-TASK-DONE] array=13660 task=0 stage2_pipeline=kw_nmc repeat=1 exit=0 elapsed=40s
