========================================
Hierarchical CV - Job 146 of 200
Stage 1:  kw_rf k=5 (fixed)
Stage 2:  en_nmc
Repeat:   46 / 50
Config:   /data/cbotos/TB-Project/results/2026-04-22_server_run_flat_nested_CV/config_snapshot_hierarchical.yaml
Run:      server_run_flat_nested_CV
Node:     node1
CPUs:     1
Memory:   4096MB
Work dir: /data/cbotos/TB-Project
Start:    2026-04-23 07:22:34
========================================
Running: python3 /data/cbotos/TB-Project/code/hierarchical_nested_cv_2x2_runner.py --pipeline en_nmc --repeat 46 --config /data/cbotos/TB-Project/results/2026-04-22_server_run_flat_nested_CV/config_snapshot_hierarchical.yaml --name server_run_flat_nested_CV
INFO     Run: 2026-04-22_server_run_flat_nested_CV                              
INFO     Config:                                                                
         /data/cbotos/TB-Project/results/2026-04-22_server_run_flat_nested_CV/co
         nfig_snapshot_hierarchical.yaml                                        
INFO     Stage 1: kw_rf (fixed, binary HER2+ vs rest)                           
INFO     Stage 2: en_nmc (HR+ vs Triple Neg)                                    
INFO     Repeat seed: 46                                                        
INFO     Stage 1: fixed KW+RF k=5 (no grid search)                              
INFO     Stage 2 grid size: 200 combinations                                    
INFO     Loading data...                                                        
INFO     Loaded 100 samples, 273 features.                                      
INFO     Classes: ['HER2+', 'HR+', 'Triple Neg']                                
INFO       HER2+: 32 samples                                                    
INFO       HR+: 36 samples                                                      
INFO       Triple Neg: 32 samples                                               
INFO       Fold 1: s1=1.0000  s2=0.7500  combined=0.8333  auroc=0.9811  s1_k=5  
         s2_k=20  routed=13/20  (204.2s)                                        
INFO       Fold 2: s1=1.0000  s2=0.6667  combined=0.7778  auroc=0.9771  s1_k=5  
         s2_k=20  routed=13/20  (215.1s)                                        
INFO       Fold 3: s1=1.0000  s2=0.8542  combined=0.9028  auroc=0.9702  s1_k=5  
         s2_k=50  routed=14/20  (212.1s)                                        
INFO       Fold 4: s1=1.0000  s2=0.6429  combined=0.7619  auroc=0.8755  s1_k=5  
         s2_k=10  routed=14/20  (215.4s)                                        
INFO       Fold 5: s1=1.0000  s2=0.7857  combined=0.8571  auroc=0.9194  s1_k=5  
         s2_k=50  routed=14/20  (206.6s)                                        
  hier_en_nmc r46 ━━━━━━━━━━━━━━━━━━━━━━━━━━━━━━━━━━━━━━━━ 100% 0:17:33
INFO                                                                            
INFO     Summary for hier_en_nmc repeat 46:                                     
INFO       Stage 1 (HER2+ vs rest):  1.0000 (+/- 0.0000)                        
INFO       Stage 2 (HR+ vs TN):      0.7399 (+/- 0.0775)                        
INFO       Combined (3-class):       0.8266 (+/- 0.0517)                        
INFO       Combined fold scores: [0.8333, 0.7778, 0.9028, 0.7619, 0.8571]       
INFO       Total time: 1053.4s                                                  
INFO     Fold results saved to                                                  
         /data/cbotos/TB-Project/results/2026-04-22_server_run_flat_nested_CV/hi
         erarchical_nested_cv_2x2/data/fold_results_en_nmc_r46.csv              
INFO     Checkpoint removed (job complete).                                     
========================================
Finished: 2026-04-23 07:40:09
Elapsed:  0h 17m 35s
Exit:     0
========================================
[HIER-NCV-TASK-DONE] array=13660 task=145 stage2_pipeline=en_nmc repeat=46 exit=0 elapsed=1055s
