========================================
Hierarchical CV - Job 143 of 200
Stage 1:  kw_rf k=5 (fixed)
Stage 2:  en_nmc
Repeat:   43 / 50
Config:   /data/cbotos/TB-Project/results/2026-04-22_server_run_flat_nested_CV/config_snapshot_hierarchical.yaml
Run:      server_run_flat_nested_CV
Node:     node1
CPUs:     1
Memory:   4096MB
Work dir: /data/cbotos/TB-Project
Start:    2026-04-23 07:22:21
========================================
Running: python3 /data/cbotos/TB-Project/code/hierarchical_nested_cv_2x2_runner.py --pipeline en_nmc --repeat 43 --config /data/cbotos/TB-Project/results/2026-04-22_server_run_flat_nested_CV/config_snapshot_hierarchical.yaml --name server_run_flat_nested_CV
INFO     Run: 2026-04-22_server_run_flat_nested_CV                              
INFO     Config:                                                                
         /data/cbotos/TB-Project/results/2026-04-22_server_run_flat_nested_CV/co
         nfig_snapshot_hierarchical.yaml                                        
INFO     Stage 1: kw_rf (fixed, binary HER2+ vs rest)                           
INFO     Stage 2: en_nmc (HR+ vs Triple Neg)                                    
INFO     Repeat seed: 43                                                        
INFO     Stage 1: fixed KW+RF k=5 (no grid search)                              
INFO     Stage 2 grid size: 200 combinations                                    
INFO     Loading data...                                                        
INFO     Loaded 100 samples, 273 features.                                      
INFO     Classes: ['HER2+', 'HR+', 'Triple Neg']                                
INFO       HER2+: 32 samples                                                    
INFO       HR+: 36 samples                                                      
INFO       Triple Neg: 32 samples                                               
INFO       Fold 1: s1=1.0000  s2=0.5238  combined=0.6825  auroc=0.8666  s1_k=5  
         s2_k=50  routed=13/20  (219.2s)                                        
INFO       Fold 2: s1=1.0000  s2=0.6190  combined=0.7460  auroc=0.9542  s1_k=5  
         s2_k=50  routed=13/20  (207.3s)                                        
INFO       Fold 3: s1=1.0000  s2=0.7083  combined=0.8056  auroc=0.9375  s1_k=5  
         s2_k=10  routed=14/20  (218.4s)                                        
INFO       Fold 4: s1=1.0000  s2=0.7143  combined=0.8095  auroc=0.9377  s1_k=5  
         s2_k=20  routed=14/20  (210.7s)                                        
INFO       Fold 5: s1=1.0000  s2=0.7143  combined=0.8095  auroc=0.9011  s1_k=5  
         s2_k=10  routed=14/20  (202.2s)                                        
  hier_en_nmc r43 ━━━━━━━━━━━━━━━━━━━━━━━━━━━━━━━━━━━━━━━━ 100% 0:17:37
INFO                                                                            
INFO     Summary for hier_en_nmc repeat 43:                                     
INFO       Stage 1 (HER2+ vs rest):  1.0000 (+/- 0.0000)                        
INFO       Stage 2 (HR+ vs TN):      0.6560 (+/- 0.0753)                        
INFO       Combined (3-class):       0.7706 (+/- 0.0502)                        
INFO       Combined fold scores: [0.6825, 0.746, 0.8056, 0.8095, 0.8095]        
INFO       Total time: 1057.9s                                                  
INFO     Fold results saved to                                                  
         /data/cbotos/TB-Project/results/2026-04-22_server_run_flat_nested_CV/hi
         erarchical_nested_cv_2x2/data/fold_results_en_nmc_r43.csv              
INFO     Checkpoint removed (job complete).                                     
========================================
Finished: 2026-04-23 07:40:01
Elapsed:  0h 17m 40s
Exit:     0
========================================
[HIER-NCV-TASK-DONE] array=13660 task=142 stage2_pipeline=en_nmc repeat=43 exit=0 elapsed=1060s
