========================================
Hierarchical CV - Job 150 of 200
Stage 1:  kw_rf k=5 (fixed)
Stage 2:  en_nmc
Repeat:   50 / 50
Config:   /data/cbotos/TB-Project/results/2026-04-22_server_run_flat_nested_CV/config_snapshot_hierarchical.yaml
Run:      server_run_flat_nested_CV
Node:     node1
CPUs:     1
Memory:   4096MB
Work dir: /data/cbotos/TB-Project
Start:    2026-04-23 07:23:10
========================================
Running: python3 /data/cbotos/TB-Project/code/hierarchical_nested_cv_2x2_runner.py --pipeline en_nmc --repeat 50 --config /data/cbotos/TB-Project/results/2026-04-22_server_run_flat_nested_CV/config_snapshot_hierarchical.yaml --name server_run_flat_nested_CV
INFO     Run: 2026-04-22_server_run_flat_nested_CV                              
INFO     Config:                                                                
         /data/cbotos/TB-Project/results/2026-04-22_server_run_flat_nested_CV/co
         nfig_snapshot_hierarchical.yaml                                        
INFO     Stage 1: kw_rf (fixed, binary HER2+ vs rest)                           
INFO     Stage 2: en_nmc (HR+ vs Triple Neg)                                    
INFO     Repeat seed: 50                                                        
INFO     Stage 1: fixed KW+RF k=5 (no grid search)                              
INFO     Stage 2 grid size: 200 combinations                                    
INFO     Loading data...                                                        
INFO     Loaded 100 samples, 273 features.                                      
INFO     Classes: ['HER2+', 'HR+', 'Triple Neg']                                
INFO       HER2+: 32 samples                                                    
INFO       HR+: 36 samples                                                      
INFO       Triple Neg: 32 samples                                               
INFO       Fold 1: s1=1.0000  s2=0.6786  combined=0.7857  auroc=0.9313  s1_k=5  
         s2_k=50  routed=13/20  (208.0s)                                        
INFO       Fold 2: s1=1.0000  s2=0.7857  combined=0.8571  auroc=0.9502  s1_k=5  
         s2_k=50  routed=13/20  (211.3s)                                        
INFO       Fold 3: s1=1.0000  s2=0.5417  combined=0.6944  auroc=0.8958  s1_k=5  
         s2_k=20  routed=14/20  (210.8s)                                        
INFO       Fold 4: s1=1.0000  s2=1.0000  combined=1.0000  auroc=1.0000  s1_k=5  
         s2_k=20  routed=14/20  (208.6s)                                        
INFO       Fold 5: s1=1.0000  s2=0.6429  combined=0.7619  auroc=0.9304  s1_k=5  
         s2_k=20  routed=14/20  (223.9s)                                        
  hier_en_nmc r50 ━━━━━━━━━━━━━━━━━━━━━━━━━━━━━━━━━━━━━━━━ 100% 0:17:42
INFO                                                                            
INFO     Summary for hier_en_nmc repeat 50:                                     
INFO       Stage 1 (HER2+ vs rest):  1.0000 (+/- 0.0000)                        
INFO       Stage 2 (HR+ vs TN):      0.7298 (+/- 0.1560)                        
INFO       Combined (3-class):       0.8198 (+/- 0.1040)                        
INFO       Combined fold scores: [0.7857, 0.8571, 0.6944, 1.0, 0.7619]          
INFO       Total time: 1062.5s                                                  
INFO     Fold results saved to                                                  
         /data/cbotos/TB-Project/results/2026-04-22_server_run_flat_nested_CV/hi
         erarchical_nested_cv_2x2/data/fold_results_en_nmc_r50.csv              
INFO     Checkpoint removed (job complete).                                     
========================================
Finished: 2026-04-23 07:40:55
Elapsed:  0h 17m 45s
Exit:     0
========================================
[HIER-NCV-TASK-DONE] array=13660 task=149 stage2_pipeline=en_nmc repeat=50 exit=0 elapsed=1065s
