========================================
Hierarchical CV - Job 46 of 200
Stage 1:  kw_rf k=5 (fixed)
Stage 2:  kw_nmc
Repeat:   46 / 50
Config:   /data/cbotos/TB-Project/results/2026-04-22_server_run_flat_nested_CV/config_snapshot_hierarchical.yaml
Run:      server_run_flat_nested_CV
Node:     node3
CPUs:     1
Memory:   4096MB
Work dir: /data/cbotos/TB-Project
Start:    2026-04-23 07:13:05
========================================
Running: python3 /data/cbotos/TB-Project/code/hierarchical_nested_cv_2x2_runner.py --pipeline kw_nmc --repeat 46 --config /data/cbotos/TB-Project/results/2026-04-22_server_run_flat_nested_CV/config_snapshot_hierarchical.yaml --name server_run_flat_nested_CV
INFO     Run: 2026-04-22_server_run_flat_nested_CV                              
INFO     Config:                                                                
         /data/cbotos/TB-Project/results/2026-04-22_server_run_flat_nested_CV/co
         nfig_snapshot_hierarchical.yaml                                        
INFO     Stage 1: kw_rf (fixed, binary HER2+ vs rest)                           
INFO     Stage 2: kw_nmc (HR+ vs Triple Neg)                                    
INFO     Repeat seed: 46                                                        
INFO     Stage 1: fixed KW+RF k=5 (no grid search)                              
INFO     Stage 2 grid size: 8 combinations                                      
INFO     Loading data...                                                        
INFO     Loaded 100 samples, 273 features.                                      
INFO     Classes: ['HER2+', 'HR+', 'Triple Neg']                                
INFO       HER2+: 32 samples                                                    
INFO       HR+: 36 samples                                                      
INFO       Triple Neg: 32 samples                                               
INFO       Fold 1: s1=1.0000  s2=0.8452  combined=0.8968  auroc=0.9924  s1_k=5  
         s2_k=50  routed=13/20  (7.4s)                                          
INFO       Fold 2: s1=1.0000  s2=0.5119  combined=0.6746  auroc=0.9542  s1_k=5  
         s2_k=10  routed=13/20  (5.0s)                                          
INFO       Fold 3: s1=1.0000  s2=0.4792  combined=0.6528  auroc=0.8418  s1_k=5  
         s2_k=5  routed=14/20  (5.0s)                                           
INFO       Fold 4: s1=1.0000  s2=0.3571  combined=0.5714  auroc=0.8242  s1_k=5  
         s2_k=15  routed=14/20  (5.1s)                                          
INFO       Fold 5: s1=1.0000  s2=0.7857  combined=0.8571  auroc=0.9414  s1_k=5  
         s2_k=30  routed=14/20  (5.1s)                                          
  hier_kw_nmc r46 ━━━━━━━━━━━━━━━━━━━━━━━━━━━━━━━━━━━━━━━━ 100% 0:00:27
INFO                                                                            
INFO     Summary for hier_kw_nmc repeat 46:                                     
INFO       Stage 1 (HER2+ vs rest):  1.0000 (+/- 0.0000)                        
INFO       Stage 2 (HR+ vs TN):      0.5958 (+/- 0.1876)                        
INFO       Combined (3-class):       0.7306 (+/- 0.1250)                        
INFO       Combined fold scores: [0.8968, 0.6746, 0.6528, 0.5714, 0.8571]       
INFO       Total time: 27.6s                                                    
INFO     Fold results saved to                                                  
         /data/cbotos/TB-Project/results/2026-04-22_server_run_flat_nested_CV/hi
         erarchical_nested_cv_2x2/data/fold_results_kw_nmc_r46.csv              
INFO     Checkpoint removed (job complete).                                     
========================================
Finished: 2026-04-23 07:13:36
Elapsed:  0h 0m 31s
Exit:     0
========================================
[HIER-NCV-TASK-DONE] array=13660 task=45 stage2_pipeline=kw_nmc repeat=46 exit=0 elapsed=31s
