========================================
Hierarchical CV - Job 137 of 200
Stage 1:  kw_rf k=5 (fixed)
Stage 2:  en_nmc
Repeat:   37 / 50
Config:   /data/cbotos/TB-Project/results/2026-04-22_server_run_flat_nested_CV/config_snapshot_hierarchical.yaml
Run:      server_run_flat_nested_CV
Node:     node3
CPUs:     1
Memory:   4096MB
Work dir: /data/cbotos/TB-Project
Start:    2026-04-23 07:22:17
========================================
Running: python3 /data/cbotos/TB-Project/code/hierarchical_nested_cv_2x2_runner.py --pipeline en_nmc --repeat 37 --config /data/cbotos/TB-Project/results/2026-04-22_server_run_flat_nested_CV/config_snapshot_hierarchical.yaml --name server_run_flat_nested_CV
INFO     Run: 2026-04-22_server_run_flat_nested_CV                              
INFO     Config:                                                                
         /data/cbotos/TB-Project/results/2026-04-22_server_run_flat_nested_CV/co
         nfig_snapshot_hierarchical.yaml                                        
INFO     Stage 1: kw_rf (fixed, binary HER2+ vs rest)                           
INFO     Stage 2: en_nmc (HR+ vs Triple Neg)                                    
INFO     Repeat seed: 37                                                        
INFO     Stage 1: fixed KW+RF k=5 (no grid search)                              
INFO     Stage 2 grid size: 200 combinations                                    
INFO     Loading data...                                                        
INFO     Loaded 100 samples, 273 features.                                      
INFO     Classes: ['HER2+', 'HR+', 'Triple Neg']                                
INFO       HER2+: 32 samples                                                    
INFO       HR+: 36 samples                                                      
INFO       Triple Neg: 32 samples                                               
INFO       Fold 1: s1=1.0000  s2=0.6905  combined=0.7937  auroc=0.9275  s1_k=5  
         s2_k=5  routed=13/20  (202.5s)                                         
INFO       Fold 2: s1=1.0000  s2=0.4524  combined=0.6349  auroc=0.8700  s1_k=5  
         s2_k=50  routed=13/20  (221.9s)                                        
INFO       Fold 3: s1=1.0000  s2=0.8333  combined=0.8889  auroc=0.9732  s1_k=5  
         s2_k=10  routed=14/20  (215.3s)                                        
INFO       Fold 4: s1=1.0000  s2=0.7143  combined=0.8095  auroc=0.9139  s1_k=5  
         s2_k=5  routed=14/20  (210.7s)                                         
INFO       Fold 5: s1=1.0000  s2=0.6429  combined=0.7619  auroc=0.8608  s1_k=5  
         s2_k=5  routed=14/20  (207.1s)                                         
  hier_en_nmc r37 ━━━━━━━━━━━━━━━━━━━━━━━━━━━━━━━━━━━━━━━━ 100% 0:17:37
INFO                                                                            
INFO     Summary for hier_en_nmc repeat 37:                                     
INFO       Stage 1 (HER2+ vs rest):  1.0000 (+/- 0.0000)                        
INFO       Stage 2 (HR+ vs TN):      0.6667 (+/- 0.1242)                        
INFO       Combined (3-class):       0.7778 (+/- 0.0828)                        
INFO       Combined fold scores: [0.7937, 0.6349, 0.8889, 0.8095, 0.7619]       
INFO       Total time: 1057.6s                                                  
INFO     Fold results saved to                                                  
         /data/cbotos/TB-Project/results/2026-04-22_server_run_flat_nested_CV/hi
         erarchical_nested_cv_2x2/data/fold_results_en_nmc_r37.csv              
INFO     Checkpoint removed (job complete).                                     
========================================
Finished: 2026-04-23 07:39:56
Elapsed:  0h 17m 39s
Exit:     0
========================================
[HIER-NCV-TASK-DONE] array=13660 task=136 stage2_pipeline=en_nmc repeat=37 exit=0 elapsed=1059s
