========================================
Hierarchical CV - Job 105 of 200
Stage 1:  kw_rf k=5 (fixed)
Stage 2:  en_nmc
Repeat:   5 / 50
Config:   /data/cbotos/TB-Project/results/2026-04-22_server_run_flat_nested_CV/config_snapshot_hierarchical.yaml
Run:      server_run_flat_nested_CV
Node:     node2
CPUs:     1
Memory:   4096MB
Work dir: /data/cbotos/TB-Project
Start:    2026-04-23 07:20:56
========================================
Running: python3 /data/cbotos/TB-Project/code/hierarchical_nested_cv_2x2_runner.py --pipeline en_nmc --repeat 5 --config /data/cbotos/TB-Project/results/2026-04-22_server_run_flat_nested_CV/config_snapshot_hierarchical.yaml --name server_run_flat_nested_CV
INFO     Run: 2026-04-22_server_run_flat_nested_CV                              
INFO     Config:                                                                
         /data/cbotos/TB-Project/results/2026-04-22_server_run_flat_nested_CV/co
         nfig_snapshot_hierarchical.yaml                                        
INFO     Stage 1: kw_rf (fixed, binary HER2+ vs rest)                           
INFO     Stage 2: en_nmc (HR+ vs Triple Neg)                                    
INFO     Repeat seed: 5                                                         
INFO     Stage 1: fixed KW+RF k=5 (no grid search)                              
INFO     Stage 2 grid size: 200 combinations                                    
INFO     Loading data...                                                        
INFO     Loaded 100 samples, 273 features.                                      
INFO     Classes: ['HER2+', 'HR+', 'Triple Neg']                                
INFO       HER2+: 32 samples                                                    
INFO       HR+: 36 samples                                                      
INFO       Triple Neg: 32 samples                                               
INFO       Fold 1: s1=1.0000  s2=0.6905  combined=0.7937  auroc=0.9200  s1_k=5  
         s2_k=50  routed=13/20  (187.1s)                                        
INFO       Fold 2: s1=1.0000  s2=0.7024  combined=0.8016  auroc=0.9695  s1_k=5  
         s2_k=20  routed=13/20  (173.8s)                                        
INFO       Fold 3: s1=1.0000  s2=0.7917  combined=0.8611  auroc=0.9593  s1_k=5  
         s2_k=10  routed=14/20  (174.6s)                                        
INFO       Fold 4: s1=1.0000  s2=0.6429  combined=0.7619  auroc=0.9121  s1_k=5  
         s2_k=50  routed=14/20  (173.0s)                                        
INFO       Fold 5: s1=1.0000  s2=0.6429  combined=0.7619  auroc=0.9487  s1_k=5  
         s2_k=20  routed=14/20  (178.5s)                                        
  hier_en_nmc r5 ━━━━━━━━━━━━━━━━━━━━━━━━━━━━━━━━━━━━━━━━ 100% 0:14:46
INFO                                                                            
INFO     Summary for hier_en_nmc repeat 5:                                      
INFO       Stage 1 (HER2+ vs rest):  1.0000 (+/- 0.0000)                        
INFO       Stage 2 (HR+ vs TN):      0.6940 (+/- 0.0545)                        
INFO       Combined (3-class):       0.7960 (+/- 0.0363)                        
INFO       Combined fold scores: [0.7937, 0.8016, 0.8611, 0.7619, 0.7619]       
INFO       Total time: 886.9s                                                   
INFO     Fold results saved to                                                  
         /data/cbotos/TB-Project/results/2026-04-22_server_run_flat_nested_CV/hi
         erarchical_nested_cv_2x2/data/fold_results_en_nmc_r5.csv               
INFO     Checkpoint removed (job complete).                                     
========================================
Finished: 2026-04-23 07:35:45
Elapsed:  0h 14m 49s
Exit:     0
========================================
[HIER-NCV-TASK-DONE] array=13660 task=104 stage2_pipeline=en_nmc repeat=5 exit=0 elapsed=889s
