========================================
Hierarchical CV - Job 53 of 200
Stage 1:  kw_rf k=5 (fixed)
Stage 2:  kw_rf
Repeat:   3 / 50
Config:   /data/cbotos/TB-Project/results/2026-04-22_server_run_flat_nested_CV/config_snapshot_hierarchical.yaml
Run:      server_run_flat_nested_CV
Node:     node3
CPUs:     1
Memory:   4096MB
Work dir: /data/cbotos/TB-Project
Start:    2026-04-23 07:13:38
========================================
Running: python3 /data/cbotos/TB-Project/code/hierarchical_nested_cv_2x2_runner.py --pipeline kw_rf --repeat 3 --config /data/cbotos/TB-Project/results/2026-04-22_server_run_flat_nested_CV/config_snapshot_hierarchical.yaml --name server_run_flat_nested_CV
INFO     Run: 2026-04-22_server_run_flat_nested_CV                              
INFO     Config:                                                                
         /data/cbotos/TB-Project/results/2026-04-22_server_run_flat_nested_CV/co
         nfig_snapshot_hierarchical.yaml                                        
INFO     Stage 1: kw_rf (fixed, binary HER2+ vs rest)                           
INFO     Stage 2: kw_rf (HR+ vs Triple Neg)                                     
INFO     Repeat seed: 3                                                         
INFO     Stage 1: fixed KW+RF k=5 (no grid search)                              
INFO     Stage 2 grid size: 32 combinations                                     
INFO     Loading data...                                                        
INFO     Loaded 100 samples, 273 features.                                      
INFO     Classes: ['HER2+', 'HR+', 'Triple Neg']                                
INFO       HER2+: 32 samples                                                    
INFO       HR+: 36 samples                                                      
INFO       Triple Neg: 32 samples                                               
INFO       Fold 1: s1=1.0000  s2=0.9286  combined=0.9524  auroc=0.9924  s1_k=5  
         s2_k=75  routed=13/20  (103.4s)                                        
INFO       Fold 2: s1=1.0000  s2=0.5119  combined=0.6746  auroc=0.8614  s1_k=5  
         s2_k=5  routed=13/20  (85.4s)                                          
INFO       Fold 3: s1=1.0000  s2=0.8333  combined=0.8889  auroc=0.9663  s1_k=5  
         s2_k=15  routed=14/20  (102.2s)                                        
INFO       Fold 4: s1=1.0000  s2=0.6429  combined=0.7619  auroc=0.9267  s1_k=5  
         s2_k=100  routed=14/20  (102.1s)                                       
INFO       Fold 5: s1=1.0000  s2=0.6429  combined=0.7619  auroc=0.8864  s1_k=5  
         s2_k=30  routed=14/20  (102.0s)                                        
  hier_kw_rf r3 ━━━━━━━━━━━━━━━━━━━━━━━━━━━━━━━━━━━━━━━━ 100% 0:08:15
INFO                                                                            
INFO     Summary for hier_kw_rf repeat 3:                                       
INFO       Stage 1 (HER2+ vs rest):  1.0000 (+/- 0.0000)                        
INFO       Stage 2 (HR+ vs TN):      0.7119 (+/- 0.1491)                        
INFO       Combined (3-class):       0.8079 (+/- 0.0994)                        
INFO       Combined fold scores: [0.9524, 0.6746, 0.8889, 0.7619, 0.7619]       
INFO       Total time: 495.2s                                                   
INFO     Fold results saved to                                                  
         /data/cbotos/TB-Project/results/2026-04-22_server_run_flat_nested_CV/hi
         erarchical_nested_cv_2x2/data/fold_results_kw_rf_r3.csv                
INFO     Checkpoint removed (job complete).                                     
========================================
Finished: 2026-04-23 07:21:54
Elapsed:  0h 8m 16s
Exit:     0
========================================
[HIER-NCV-TASK-DONE] array=13660 task=52 stage2_pipeline=kw_rf repeat=3 exit=0 elapsed=496s
