========================================
Hierarchical CV - Job 99 of 200
Stage 1:  kw_rf k=5 (fixed)
Stage 2:  kw_rf
Repeat:   49 / 50
Config:   /data/cbotos/TB-Project/results/2026-04-22_server_run_flat_nested_CV/config_snapshot_hierarchical.yaml
Run:      server_run_flat_nested_CV
Node:     node1
CPUs:     1
Memory:   4096MB
Work dir: /data/cbotos/TB-Project
Start:    2026-04-23 07:13:47
========================================
Running: python3 /data/cbotos/TB-Project/code/hierarchical_nested_cv_2x2_runner.py --pipeline kw_rf --repeat 49 --config /data/cbotos/TB-Project/results/2026-04-22_server_run_flat_nested_CV/config_snapshot_hierarchical.yaml --name server_run_flat_nested_CV
INFO     Run: 2026-04-22_server_run_flat_nested_CV                              
INFO     Config:                                                                
         /data/cbotos/TB-Project/results/2026-04-22_server_run_flat_nested_CV/co
         nfig_snapshot_hierarchical.yaml                                        
INFO     Stage 1: kw_rf (fixed, binary HER2+ vs rest)                           
INFO     Stage 2: kw_rf (HR+ vs Triple Neg)                                     
INFO     Repeat seed: 49                                                        
INFO     Stage 1: fixed KW+RF k=5 (no grid search)                              
INFO     Stage 2 grid size: 32 combinations                                     
INFO     Loading data...                                                        
INFO     Loaded 100 samples, 273 features.                                      
INFO     Classes: ['HER2+', 'HR+', 'Triple Neg']                                
INFO       HER2+: 32 samples                                                    
INFO       HR+: 36 samples                                                      
INFO       Triple Neg: 32 samples                                               
INFO       Fold 1: s1=1.0000  s2=0.7738  combined=0.8492  auroc=0.9426  s1_k=5  
         s2_k=30  routed=13/20  (114.2s)                                        
INFO       Fold 2: s1=1.0000  s2=0.7857  combined=0.8571  auroc=0.9389  s1_k=5  
         s2_k=15  routed=13/20  (111.7s)                                        
INFO       Fold 3: s1=1.0000  s2=0.5625  combined=0.7083  auroc=0.9072  s1_k=5  
         s2_k=30  routed=14/20  (112.1s)                                        
INFO       Fold 4: s1=1.0000  s2=0.7857  combined=0.8571  auroc=0.9267  s1_k=5  
         s2_k=5  routed=14/20  (94.3s)                                          
INFO       Fold 5: s1=1.0000  s2=0.6429  combined=0.7619  auroc=0.8608  s1_k=5  
         s2_k=100  routed=14/20  (112.1s)                                       
  hier_kw_rf r49 ━━━━━━━━━━━━━━━━━━━━━━━━━━━━━━━━━━━━━━━━ 100% 0:09:04
INFO                                                                            
INFO     Summary for hier_kw_rf repeat 49:                                      
INFO       Stage 1 (HER2+ vs rest):  1.0000 (+/- 0.0000)                        
INFO       Stage 2 (HR+ vs TN):      0.7101 (+/- 0.0914)                        
INFO       Combined (3-class):       0.8067 (+/- 0.0610)                        
INFO       Combined fold scores: [0.8492, 0.8571, 0.7083, 0.8571, 0.7619]       
INFO       Total time: 544.4s                                                   
INFO     Fold results saved to                                                  
         /data/cbotos/TB-Project/results/2026-04-22_server_run_flat_nested_CV/hi
         erarchical_nested_cv_2x2/data/fold_results_kw_rf_r49.csv               
INFO     Checkpoint removed (job complete).                                     
========================================
Finished: 2026-04-23 07:22:53
Elapsed:  0h 9m 6s
Exit:     0
========================================
[HIER-NCV-TASK-DONE] array=13660 task=98 stage2_pipeline=kw_rf repeat=49 exit=0 elapsed=546s
