========================================
Hierarchical CV - Job 184 of 200
Stage 1:  kw_rf k=5 (fixed)
Stage 2:  en_rf
Repeat:   34 / 50
Config:   /data/cbotos/TB-Project/results/2026-04-22_server_run_flat_nested_CV/config_snapshot_hierarchical.yaml
Run:      server_run_flat_nested_CV
Node:     node3
CPUs:     1
Memory:   4096MB
Work dir: /data/cbotos/TB-Project
Start:    2026-04-23 07:40:06
========================================
Running: python3 /data/cbotos/TB-Project/code/hierarchical_nested_cv_2x2_runner.py --pipeline en_rf --repeat 34 --config /data/cbotos/TB-Project/results/2026-04-22_server_run_flat_nested_CV/config_snapshot_hierarchical.yaml --name server_run_flat_nested_CV
INFO     Run: 2026-04-22_server_run_flat_nested_CV                              
INFO     Config:                                                                
         /data/cbotos/TB-Project/results/2026-04-22_server_run_flat_nested_CV/co
         nfig_snapshot_hierarchical.yaml                                        
INFO     Stage 1: kw_rf (fixed, binary HER2+ vs rest)                           
INFO     Stage 2: en_rf (HR+ vs Triple Neg)                                     
INFO     Repeat seed: 34                                                        
INFO     Stage 1: fixed KW+RF k=5 (no grid search)                              
INFO     Stage 2 grid size: 800 combinations                                    
INFO     Loading data...                                                        
INFO     Loaded 100 samples, 273 features.                                      
INFO     Classes: ['HER2+', 'HR+', 'Triple Neg']                                
INFO       HER2+: 32 samples                                                    
INFO       HR+: 36 samples                                                      
INFO       Triple Neg: 32 samples                                               
INFO       Fold 1: s1=1.0000  s2=0.7738  combined=0.8492  auroc=0.9313  s1_k=5  
         s2_k=20  routed=13/20  (2873.9s)                                       
INFO       Fold 2: s1=1.0000  s2=0.7024  combined=0.8016  auroc=0.9844  s1_k=5  
         s2_k=50  routed=13/20  (2863.9s)                                       
INFO       Fold 3: s1=1.0000  s2=0.7292  combined=0.8194  auroc=0.9405  s1_k=5  
         s2_k=20  routed=14/20  (2830.5s)                                       
INFO       Fold 4: s1=1.0000  s2=0.6429  combined=0.7619  auroc=0.8535  s1_k=5  
         s2_k=50  routed=14/20  (2891.3s)                                       
INFO       Fold 5: s1=1.0000  s2=0.6429  combined=0.7619  auroc=0.9084  s1_k=5  
         s2_k=50  routed=14/20  (2843.2s)                                       
  hier_en_rf r34 ━━━━━━━━━━━━━━━━━━━━━━━━━━━━━━━━━━━━━━━━ 100% 3:58:22
INFO                                                                            
INFO     Summary for hier_en_rf repeat 34:                                      
INFO       Stage 1 (HER2+ vs rest):  1.0000 (+/- 0.0000)                        
INFO       Stage 2 (HR+ vs TN):      0.6982 (+/- 0.0506)                        
INFO       Combined (3-class):       0.7988 (+/- 0.0338)                        
INFO       Combined fold scores: [0.8492, 0.8016, 0.8194, 0.7619, 0.7619]       
INFO       Total time: 14302.8s                                                 
INFO     Fold results saved to                                                  
         /data/cbotos/TB-Project/results/2026-04-22_server_run_flat_nested_CV/hi
         erarchical_nested_cv_2x2/data/fold_results_en_rf_r34.csv               
INFO     Checkpoint removed (job complete).                                     
========================================
Finished: 2026-04-23 11:38:30
Elapsed:  3h 58m 24s
Exit:     0
========================================
[HIER-NCV-TASK-DONE] array=13660 task=183 stage2_pipeline=en_rf repeat=34 exit=0 elapsed=14304s
